2021-03-21T18:11:08.690+0100 [INFO] [org.gradle.internal.nativeintegration.services.NativeServices] Initialized native services in: C:\Users\troyvs\.gradle\native
2021-03-21T18:11:08.804+0100 [LIFECYCLE] [org.gradle.launcher.cli.DebugLoggerWarningAction] 
#############################################################################
   WARNING WARNING WARNING WARNING WARNING WARNING WARNING WARNING WARNING

   Debug level logging will leak security sensitive information!

   https://docs.gradle.org/6.8.1/userguide/logging.html#sec:debug_security
#############################################################################

2021-03-21T18:11:08.847+0100 [DEBUG] [org.gradle.internal.nativeintegration.services.NativeServices] Native-platform posix files integration is not available. Continuing with fallback.
2021-03-21T18:11:09.097+0100 [LIFECYCLE] [org.gradle.launcher.daemon.client.SingleUseDaemonClient] To honour the JVM settings for this build a single-use Daemon process will be forked. See https://docs.gradle.org/6.8.1/userguide/gradle_daemon.html#sec:disabling_the_daemon.
2021-03-21T18:11:10.093+0100 [DEBUG] [org.gradle.launcher.daemon.client.DefaultDaemonStarter] Using daemon args: [C:\Program Files\Java\jdk1.8.0_281\bin\java.exe, -Xmx3G, -Dfile.encoding=windows-1252, -Duser.country=US, -Duser.language=en, -Duser.variant, -cp, C:\Users\troyvs\.gradle\wrapper\dists\gradle-6.8.1-all\923to48kq3drqywuppfjkcokx\gradle-6.8.1\lib\gradle-launcher-6.8.1.jar]
2021-03-21T18:11:10.111+0100 [DEBUG] [org.gradle.launcher.daemon.client.DefaultDaemonStarter] Starting daemon process: workingDir = C:\Users\troyvs\.gradle\daemon\6.8.1, daemonArgs: [C:\Program Files\Java\jdk1.8.0_281\bin\java.exe, -Xmx3G, -Dfile.encoding=windows-1252, -Duser.country=US, -Duser.language=en, -Duser.variant, -cp, C:\Users\troyvs\.gradle\wrapper\dists\gradle-6.8.1-all\923to48kq3drqywuppfjkcokx\gradle-6.8.1\lib\gradle-launcher-6.8.1.jar, org.gradle.launcher.daemon.bootstrap.GradleDaemon, 6.8.1]
2021-03-21T18:11:10.167+0100 [INFO] [org.gradle.process.internal.DefaultExecHandle] Starting process 'Gradle build daemon'. Working directory: C:\Users\troyvs\.gradle\daemon\6.8.1 Command: C:\Program Files\Java\jdk1.8.0_281\bin\java.exe -Xmx3G -Dfile.encoding=windows-1252 -Duser.country=US -Duser.language=en -Duser.variant -cp C:\Users\troyvs\.gradle\wrapper\dists\gradle-6.8.1-all\923to48kq3drqywuppfjkcokx\gradle-6.8.1\lib\gradle-launcher-6.8.1.jar org.gradle.launcher.daemon.bootstrap.GradleDaemon 6.8.1
2021-03-21T18:11:10.167+0100 [DEBUG] [org.gradle.process.internal.DefaultExecHandle] Changing state to: STARTING
2021-03-21T18:11:10.169+0100 [DEBUG] [org.gradle.process.internal.DefaultExecHandle] Waiting until process started: Gradle build daemon.
2021-03-21T18:11:10.185+0100 [DEBUG] [org.gradle.process.internal.DefaultExecHandle] Changing state to: STARTED
2021-03-21T18:11:10.185+0100 [INFO] [org.gradle.process.internal.DefaultExecHandle] Successfully started process 'Gradle build daemon'
2021-03-21T18:11:10.185+0100 [DEBUG] [org.gradle.launcher.daemon.client.DefaultDaemonStarter] Gradle daemon process is starting. Waiting for the daemon to detach...
2021-03-21T18:11:10.189+0100 [DEBUG] [org.gradle.process.internal.ExecHandleRunner] waiting until streams are handled...
2021-03-21T18:11:10.189+0100 [DEBUG] [org.gradle.launcher.daemon.bootstrap.DaemonOutputConsumer] Starting consuming the daemon process output.
2021-03-21T18:11:13.995+0100 [DEBUG] [org.gradle.launcher.daemon.bootstrap.DaemonOutputConsumer] daemon out: Daemon started. About to close the streams. Daemon details: 0100053130333030002462316666636338382d643865642d343238622d613031622d623265626363376666353862f9c31922d98c46659d2eb3d6e69f611f0000ebfb00000001000000047f0000010039433a5c55736572735c74726f7976735c2e677261646c655c6461656d6f6e5c362e382e315c6461656d6f6e2d31303330302e6f75742e6c6f67
2021-03-21T18:11:13.996+0100 [DEBUG] [org.gradle.process.internal.DefaultExecHandle] Changing state to: DETACHED
2021-03-21T18:11:13.996+0100 [DEBUG] [org.gradle.process.internal.DefaultExecHandle] Process 'Gradle build daemon' finished with exit value 0 (state: DETACHED)
2021-03-21T18:11:13.996+0100 [DEBUG] [org.gradle.launcher.daemon.client.DefaultDaemonStarter] Gradle daemon process is now detached.
2021-03-21T18:11:13.999+0100 [INFO] [org.gradle.launcher.daemon.client.DefaultDaemonStarter] An attempt to start the daemon took 3.886 secs.
2021-03-21T18:11:14.000+0100 [DEBUG] [org.gradle.launcher.daemon.client.DefaultDaemonConnector] Started Gradle daemon DaemonStartupInfo{pid=10300, uid=b1ffcc88-d8ed-428b-a01b-b2ebcc7ff58b, address=[f9c31922-d98c-4665-9d2e-b3d6e69f611f port:60411, addresses:[/127.0.0.1]], diagnostics={pid=10300, daemonLog=C:\Users\troyvs\.gradle\daemon\6.8.1\daemon-10300.out.log}}
2021-03-21T18:11:14.710+0100 [DEBUG] [org.gradle.internal.remote.internal.inet.InetAddresses] Adding IP addresses for network interface Software Loopback Interface 1
2021-03-21T18:11:14.714+0100 [DEBUG] [org.gradle.internal.remote.internal.inet.InetAddresses] Is this a loopback interface? true
2021-03-21T18:11:14.717+0100 [DEBUG] [org.gradle.internal.remote.internal.inet.InetAddresses] Adding loopback address /127.0.0.1
2021-03-21T18:11:14.718+0100 [DEBUG] [org.gradle.internal.remote.internal.inet.InetAddresses] Adding loopback address /0:0:0:0:0:0:0:1
2021-03-21T18:11:14.718+0100 [DEBUG] [org.gradle.internal.remote.internal.inet.InetAddresses] Adding IP addresses for network interface VirtualBox Host-Only Ethernet Adapter
2021-03-21T18:11:14.722+0100 [DEBUG] [org.gradle.internal.remote.internal.inet.InetAddresses] Is this a loopback interface? false
2021-03-21T18:11:14.722+0100 [DEBUG] [org.gradle.internal.remote.internal.inet.InetAddresses] Adding IP addresses for network interface WAN Miniport (L2TP)
2021-03-21T18:11:14.727+0100 [DEBUG] [org.gradle.internal.remote.internal.inet.InetAddresses] Is this a loopback interface? false
2021-03-21T18:11:14.727+0100 [DEBUG] [org.gradle.internal.remote.internal.inet.InetAddresses] Adding IP addresses for network interface WAN Miniport (PPPOE)
2021-03-21T18:11:14.732+0100 [DEBUG] [org.gradle.internal.remote.internal.inet.InetAddresses] Is this a loopback interface? false
2021-03-21T18:11:14.732+0100 [DEBUG] [org.gradle.internal.remote.internal.inet.InetAddresses] Adding IP addresses for network interface Microsoft 6to4 Adapter
2021-03-21T18:11:14.737+0100 [DEBUG] [org.gradle.internal.remote.internal.inet.InetAddresses] Is this a loopback interface? false
2021-03-21T18:11:14.737+0100 [DEBUG] [org.gradle.internal.remote.internal.inet.InetAddresses] Adding IP addresses for network interface WAN Miniport (IKEv2)
2021-03-21T18:11:14.741+0100 [DEBUG] [org.gradle.internal.remote.internal.inet.InetAddresses] Is this a loopback interface? false
2021-03-21T18:11:14.741+0100 [DEBUG] [org.gradle.internal.remote.internal.inet.InetAddresses] Adding IP addresses for network interface WAN Miniport (IPv6)
2021-03-21T18:11:14.746+0100 [DEBUG] [org.gradle.internal.remote.internal.inet.InetAddresses] Is this a loopback interface? false
2021-03-21T18:11:14.746+0100 [DEBUG] [org.gradle.internal.remote.internal.inet.InetAddresses] Adding IP addresses for network interface Microsoft IP-HTTPS Platform Adapter
2021-03-21T18:11:14.751+0100 [DEBUG] [org.gradle.internal.remote.internal.inet.InetAddresses] Is this a loopback interface? false
2021-03-21T18:11:14.751+0100 [DEBUG] [org.gradle.internal.remote.internal.inet.InetAddresses] Adding IP addresses for network interface TAP-ProtonVPN Windows Adapter V9
2021-03-21T18:11:14.755+0100 [DEBUG] [org.gradle.internal.remote.internal.inet.InetAddresses] Is this a loopback interface? false
2021-03-21T18:11:14.755+0100 [DEBUG] [org.gradle.internal.remote.internal.inet.InetAddresses] Adding IP addresses for network interface Microsoft Wi-Fi Direct Virtual Adapter #2
2021-03-21T18:11:14.761+0100 [DEBUG] [org.gradle.internal.remote.internal.inet.InetAddresses] Is this a loopback interface? false
2021-03-21T18:11:14.762+0100 [DEBUG] [org.gradle.internal.remote.internal.inet.InetAddresses] Adding remote address /fe80:0:0:0:e092:855c:1ea3:7295%wlan0
2021-03-21T18:11:14.762+0100 [DEBUG] [org.gradle.internal.remote.internal.inet.InetAddresses] Adding IP addresses for network interface Microsoft Wi-Fi Direct Virtual Adapter
2021-03-21T18:11:14.766+0100 [DEBUG] [org.gradle.internal.remote.internal.inet.InetAddresses] Is this a loopback interface? false
2021-03-21T18:11:14.766+0100 [DEBUG] [org.gradle.internal.remote.internal.inet.InetAddresses] Adding remote address /fe80:0:0:0:2860:4ed7:fd99:ff3d%wlan1
2021-03-21T18:11:14.766+0100 [DEBUG] [org.gradle.internal.remote.internal.inet.InetAddresses] Adding IP addresses for network interface Wintun Userspace Tunnel
2021-03-21T18:11:14.771+0100 [DEBUG] [org.gradle.internal.remote.internal.inet.InetAddresses] Is this a loopback interface? false
2021-03-21T18:11:14.771+0100 [DEBUG] [org.gradle.internal.remote.internal.inet.InetAddresses] Adding remote address /fe80:0:0:0:218c:26bc:8e7e:552b%net5
2021-03-21T18:11:14.771+0100 [DEBUG] [org.gradle.internal.remote.internal.inet.InetAddresses] Adding IP addresses for network interface WAN Miniport (Network Monitor)
2021-03-21T18:11:14.777+0100 [DEBUG] [org.gradle.internal.remote.internal.inet.InetAddresses] Is this a loopback interface? false
2021-03-21T18:11:14.777+0100 [DEBUG] [org.gradle.internal.remote.internal.inet.InetAddresses] Adding IP addresses for network interface Intel(R) I211 Gigabit Network Connection
2021-03-21T18:11:14.780+0100 [DEBUG] [org.gradle.internal.remote.internal.inet.InetAddresses] Is this a loopback interface? false
2021-03-21T18:11:14.780+0100 [DEBUG] [org.gradle.internal.remote.internal.inet.InetAddresses] Adding remote address /192.168.0.21
2021-03-21T18:11:14.780+0100 [DEBUG] [org.gradle.internal.remote.internal.inet.InetAddresses] Adding remote address /2001:1c03:5409:7cf0:98e6:1131:cf87:81f7
2021-03-21T18:11:14.780+0100 [DEBUG] [org.gradle.internal.remote.internal.inet.InetAddresses] Adding remote address /2001:1c03:5409:7cf0:b985:9e58:badf:10f5
2021-03-21T18:11:14.780+0100 [DEBUG] [org.gradle.internal.remote.internal.inet.InetAddresses] Adding remote address /fe80:0:0:0:98e6:1131:cf87:81f7%eth3
2021-03-21T18:11:14.780+0100 [DEBUG] [org.gradle.internal.remote.internal.inet.InetAddresses] Adding IP addresses for network interface Npcap Loopback Adapter
2021-03-21T18:11:14.784+0100 [DEBUG] [org.gradle.internal.remote.internal.inet.InetAddresses] Is this a loopback interface? false
2021-03-21T18:11:14.784+0100 [DEBUG] [org.gradle.internal.remote.internal.inet.InetAddresses] Adding IP addresses for network interface WAN Miniport (SSTP)
2021-03-21T18:11:14.789+0100 [DEBUG] [org.gradle.internal.remote.internal.inet.InetAddresses] Is this a loopback interface? false
2021-03-21T18:11:14.789+0100 [DEBUG] [org.gradle.internal.remote.internal.inet.InetAddresses] Adding IP addresses for network interface Bluetooth Device (Personal Area Network)
2021-03-21T18:11:14.793+0100 [DEBUG] [org.gradle.internal.remote.internal.inet.InetAddresses] Is this a loopback interface? false
2021-03-21T18:11:14.793+0100 [DEBUG] [org.gradle.internal.remote.internal.inet.InetAddresses] Adding remote address /fe80:0:0:0:acaf:a809:3d26:a77d%eth5
2021-03-21T18:11:14.793+0100 [DEBUG] [org.gradle.internal.remote.internal.inet.InetAddresses] Adding IP addresses for network interface TAP-Windows Adapter V9
2021-03-21T18:11:14.797+0100 [DEBUG] [org.gradle.internal.remote.internal.inet.InetAddresses] Is this a loopback interface? false
2021-03-21T18:11:14.797+0100 [DEBUG] [org.gradle.internal.remote.internal.inet.InetAddresses] Adding IP addresses for network interface VPN Client Adapter - VPN
2021-03-21T18:11:14.802+0100 [DEBUG] [org.gradle.internal.remote.internal.inet.InetAddresses] Is this a loopback interface? false
2021-03-21T18:11:14.802+0100 [DEBUG] [org.gradle.internal.remote.internal.inet.InetAddresses] Adding remote address /fe80:0:0:0:154c:8d36:512d:66d1%net7
2021-03-21T18:11:14.802+0100 [DEBUG] [org.gradle.internal.remote.internal.inet.InetAddresses] Adding IP addresses for network interface WAN Miniport (IP)
2021-03-21T18:11:14.806+0100 [DEBUG] [org.gradle.internal.remote.internal.inet.InetAddresses] Is this a loopback interface? false
2021-03-21T18:11:14.818+0100 [DEBUG] [org.gradle.internal.remote.internal.inet.InetAddresses] Adding IP addresses for network interface Microsoft Kernel Debug Network Adapter
2021-03-21T18:11:14.822+0100 [DEBUG] [org.gradle.internal.remote.internal.inet.InetAddresses] Is this a loopback interface? false
2021-03-21T18:11:14.822+0100 [DEBUG] [org.gradle.internal.remote.internal.inet.InetAddresses] Adding IP addresses for network interface Microsoft Teredo Tunneling Adapter
2021-03-21T18:11:14.828+0100 [DEBUG] [org.gradle.internal.remote.internal.inet.InetAddresses] Is this a loopback interface? false
2021-03-21T18:11:14.828+0100 [DEBUG] [org.gradle.internal.remote.internal.inet.InetAddresses] Adding IP addresses for network interface LogMeIn Hamachi Virtual Ethernet Adapter
2021-03-21T18:11:14.832+0100 [DEBUG] [org.gradle.internal.remote.internal.inet.InetAddresses] Is this a loopback interface? false
2021-03-21T18:11:14.832+0100 [DEBUG] [org.gradle.internal.remote.internal.inet.InetAddresses] Adding IP addresses for network interface TAP-Windows Adapter V9 for OpenVPN Connect
2021-03-21T18:11:14.835+0100 [DEBUG] [org.gradle.internal.remote.internal.inet.InetAddresses] Is this a loopback interface? false
2021-03-21T18:11:14.835+0100 [DEBUG] [org.gradle.internal.remote.internal.inet.InetAddresses] Adding remote address /fe80:0:0:0:94e4:ab9:7c3c:390a%net9
2021-03-21T18:11:14.835+0100 [DEBUG] [org.gradle.internal.remote.internal.inet.InetAddresses] Adding IP addresses for network interface Intel(R) Wireless-AC 9260 160MHz
2021-03-21T18:11:14.839+0100 [DEBUG] [org.gradle.internal.remote.internal.inet.InetAddresses] Is this a loopback interface? false
2021-03-21T18:11:14.839+0100 [DEBUG] [org.gradle.internal.remote.internal.inet.InetAddresses] Adding remote address /fe80:0:0:0:207a:2fbe:c766:d239%wlan2
2021-03-21T18:11:14.839+0100 [DEBUG] [org.gradle.internal.remote.internal.inet.InetAddresses] Adding IP addresses for network interface VirtualBox Host-Only Ethernet Adapter
2021-03-21T18:11:14.843+0100 [DEBUG] [org.gradle.internal.remote.internal.inet.InetAddresses] Is this a loopback interface? false
2021-03-21T18:11:14.843+0100 [DEBUG] [org.gradle.internal.remote.internal.inet.InetAddresses] Adding IP addresses for network interface WAN Miniport (PPTP)
2021-03-21T18:11:14.848+0100 [DEBUG] [org.gradle.internal.remote.internal.inet.InetAddresses] Is this a loopback interface? false
2021-03-21T18:11:14.848+0100 [DEBUG] [org.gradle.internal.remote.internal.inet.InetAddresses] Adding IP addresses for network interface VPN Client Adapter - VPN-WFP Native MAC Layer LightWeight Filter-0000
2021-03-21T18:11:14.852+0100 [DEBUG] [org.gradle.internal.remote.internal.inet.InetAddresses] Is this a loopback interface? false
2021-03-21T18:11:14.853+0100 [DEBUG] [org.gradle.internal.remote.internal.inet.InetAddresses] Adding IP addresses for network interface VPN Client Adapter - VPN-cFosSpeed for faster Internet with Traffic Shaping-0000
2021-03-21T18:11:14.856+0100 [DEBUG] [org.gradle.internal.remote.internal.inet.InetAddresses] Is this a loopback interface? false
2021-03-21T18:11:14.856+0100 [DEBUG] [org.gradle.internal.remote.internal.inet.InetAddresses] Adding IP addresses for network interface VPN Client Adapter - VPN-Npcap Packet Driver (NPCAP)-0000
2021-03-21T18:11:14.860+0100 [DEBUG] [org.gradle.internal.remote.internal.inet.InetAddresses] Is this a loopback interface? false
2021-03-21T18:11:14.860+0100 [DEBUG] [org.gradle.internal.remote.internal.inet.InetAddresses] Adding IP addresses for network interface VPN Client Adapter - VPN-VirtualBox NDIS Light-Weight Filter-0000
2021-03-21T18:11:14.864+0100 [DEBUG] [org.gradle.internal.remote.internal.inet.InetAddresses] Is this a loopback interface? false
2021-03-21T18:11:14.864+0100 [DEBUG] [org.gradle.internal.remote.internal.inet.InetAddresses] Adding IP addresses for network interface VPN Client Adapter - VPN-QoS Packet Scheduler-0000
2021-03-21T18:11:14.868+0100 [DEBUG] [org.gradle.internal.remote.internal.inet.InetAddresses] Is this a loopback interface? false
2021-03-21T18:11:14.868+0100 [DEBUG] [org.gradle.internal.remote.internal.inet.InetAddresses] Adding IP addresses for network interface VPN Client Adapter - VPN-WFP 802.3 MAC Layer LightWeight Filter-0000
2021-03-21T18:11:14.871+0100 [DEBUG] [org.gradle.internal.remote.internal.inet.InetAddresses] Is this a loopback interface? false
2021-03-21T18:11:14.872+0100 [DEBUG] [org.gradle.internal.remote.internal.inet.InetAddresses] Adding IP addresses for network interface TAP-Windows Adapter V9 for OpenVPN Connect-WFP Native MAC Layer LightWeight Filter-0000
2021-03-21T18:11:14.876+0100 [DEBUG] [org.gradle.internal.remote.internal.inet.InetAddresses] Is this a loopback interface? false
2021-03-21T18:11:14.877+0100 [DEBUG] [org.gradle.internal.remote.internal.inet.InetAddresses] Adding IP addresses for network interface TAP-Windows Adapter V9 for OpenVPN Connect-cFosSpeed for faster Internet with Traffic Shaping-0000
2021-03-21T18:11:14.880+0100 [DEBUG] [org.gradle.internal.remote.internal.inet.InetAddresses] Is this a loopback interface? false
2021-03-21T18:11:14.880+0100 [DEBUG] [org.gradle.internal.remote.internal.inet.InetAddresses] Adding IP addresses for network interface TAP-Windows Adapter V9 for OpenVPN Connect-Npcap Packet Driver (NPCAP)-0000
2021-03-21T18:11:14.885+0100 [DEBUG] [org.gradle.internal.remote.internal.inet.InetAddresses] Is this a loopback interface? false
2021-03-21T18:11:14.885+0100 [DEBUG] [org.gradle.internal.remote.internal.inet.InetAddresses] Adding IP addresses for network interface TAP-Windows Adapter V9 for OpenVPN Connect-VirtualBox NDIS Light-Weight Filter-0000
2021-03-21T18:11:14.889+0100 [DEBUG] [org.gradle.internal.remote.internal.inet.InetAddresses] Is this a loopback interface? false
2021-03-21T18:11:14.889+0100 [DEBUG] [org.gradle.internal.remote.internal.inet.InetAddresses] Adding IP addresses for network interface TAP-Windows Adapter V9 for OpenVPN Connect-QoS Packet Scheduler-0000
2021-03-21T18:11:14.893+0100 [DEBUG] [org.gradle.internal.remote.internal.inet.InetAddresses] Is this a loopback interface? false
2021-03-21T18:11:14.893+0100 [DEBUG] [org.gradle.internal.remote.internal.inet.InetAddresses] Adding IP addresses for network interface TAP-Windows Adapter V9 for OpenVPN Connect-WFP 802.3 MAC Layer LightWeight Filter-0000
2021-03-21T18:11:14.897+0100 [DEBUG] [org.gradle.internal.remote.internal.inet.InetAddresses] Is this a loopback interface? false
2021-03-21T18:11:14.897+0100 [DEBUG] [org.gradle.internal.remote.internal.inet.InetAddresses] Adding IP addresses for network interface Intel(R) I211 Gigabit Network Connection-WFP Native MAC Layer LightWeight Filter-0000
2021-03-21T18:11:14.902+0100 [DEBUG] [org.gradle.internal.remote.internal.inet.InetAddresses] Is this a loopback interface? false
2021-03-21T18:11:14.902+0100 [DEBUG] [org.gradle.internal.remote.internal.inet.InetAddresses] Adding IP addresses for network interface Intel(R) I211 Gigabit Network Connection-cFosSpeed for faster Internet with Traffic Shaping-0000
2021-03-21T18:11:14.905+0100 [DEBUG] [org.gradle.internal.remote.internal.inet.InetAddresses] Is this a loopback interface? false
2021-03-21T18:11:14.912+0100 [DEBUG] [org.gradle.internal.remote.internal.inet.InetAddresses] Adding IP addresses for network interface Intel(R) I211 Gigabit Network Connection-Npcap Packet Driver (NPCAP)-0000
2021-03-21T18:11:14.916+0100 [DEBUG] [org.gradle.internal.remote.internal.inet.InetAddresses] Is this a loopback interface? false
2021-03-21T18:11:14.916+0100 [DEBUG] [org.gradle.internal.remote.internal.inet.InetAddresses] Adding IP addresses for network interface Intel(R) I211 Gigabit Network Connection-VirtualBox NDIS Light-Weight Filter-0000
2021-03-21T18:11:14.920+0100 [DEBUG] [org.gradle.internal.remote.internal.inet.InetAddresses] Is this a loopback interface? false
2021-03-21T18:11:14.920+0100 [DEBUG] [org.gradle.internal.remote.internal.inet.InetAddresses] Adding IP addresses for network interface Intel(R) I211 Gigabit Network Connection-QoS Packet Scheduler-0000
2021-03-21T18:11:14.924+0100 [DEBUG] [org.gradle.internal.remote.internal.inet.InetAddresses] Is this a loopback interface? false
2021-03-21T18:11:14.924+0100 [DEBUG] [org.gradle.internal.remote.internal.inet.InetAddresses] Adding IP addresses for network interface Intel(R) I211 Gigabit Network Connection-WFP 802.3 MAC Layer LightWeight Filter-0000
2021-03-21T18:11:14.928+0100 [DEBUG] [org.gradle.internal.remote.internal.inet.InetAddresses] Is this a loopback interface? false
2021-03-21T18:11:14.929+0100 [DEBUG] [org.gradle.internal.remote.internal.inet.InetAddresses] Adding IP addresses for network interface Bluetooth Device (Personal Area Network)-Npcap Packet Driver (NPCAP)-0000
2021-03-21T18:11:14.933+0100 [DEBUG] [org.gradle.internal.remote.internal.inet.InetAddresses] Is this a loopback interface? false
2021-03-21T18:11:14.933+0100 [DEBUG] [org.gradle.internal.remote.internal.inet.InetAddresses] Adding IP addresses for network interface Intel(R) Wireless-AC 9260 160MHz-WFP Native MAC Layer LightWeight Filter-0000
2021-03-21T18:11:14.937+0100 [DEBUG] [org.gradle.internal.remote.internal.inet.InetAddresses] Is this a loopback interface? false
2021-03-21T18:11:14.937+0100 [DEBUG] [org.gradle.internal.remote.internal.inet.InetAddresses] Adding IP addresses for network interface Intel(R) Wireless-AC 9260 160MHz-Npcap Packet Driver (NPCAP) (WiFi version)-0000
2021-03-21T18:11:14.942+0100 [DEBUG] [org.gradle.internal.remote.internal.inet.InetAddresses] Is this a loopback interface? false
2021-03-21T18:11:14.942+0100 [DEBUG] [org.gradle.internal.remote.internal.inet.InetAddresses] Adding IP addresses for network interface Intel(R) Wireless-AC 9260 160MHz-Virtual WiFi Filter Driver-0000
2021-03-21T18:11:14.946+0100 [DEBUG] [org.gradle.internal.remote.internal.inet.InetAddresses] Is this a loopback interface? false
2021-03-21T18:11:14.946+0100 [DEBUG] [org.gradle.internal.remote.internal.inet.InetAddresses] Adding IP addresses for network interface Intel(R) Wireless-AC 9260 160MHz-Native WiFi Filter Driver-0000
2021-03-21T18:11:14.950+0100 [DEBUG] [org.gradle.internal.remote.internal.inet.InetAddresses] Is this a loopback interface? false
2021-03-21T18:11:14.950+0100 [DEBUG] [org.gradle.internal.remote.internal.inet.InetAddresses] Adding IP addresses for network interface Intel(R) Wireless-AC 9260 160MHz-cFosSpeed for faster Internet with Traffic Shaping-0000
2021-03-21T18:11:14.954+0100 [DEBUG] [org.gradle.internal.remote.internal.inet.InetAddresses] Is this a loopback interface? false
2021-03-21T18:11:14.954+0100 [DEBUG] [org.gradle.internal.remote.internal.inet.InetAddresses] Adding IP addresses for network interface Intel(R) Wireless-AC 9260 160MHz-Npcap Packet Driver (NPCAP)-0000
2021-03-21T18:11:14.960+0100 [DEBUG] [org.gradle.internal.remote.internal.inet.InetAddresses] Is this a loopback interface? false
2021-03-21T18:11:14.960+0100 [DEBUG] [org.gradle.internal.remote.internal.inet.InetAddresses] Adding IP addresses for network interface Intel(R) Wireless-AC 9260 160MHz-VirtualBox NDIS Light-Weight Filter-0000
2021-03-21T18:11:14.965+0100 [DEBUG] [org.gradle.internal.remote.internal.inet.InetAddresses] Is this a loopback interface? false
2021-03-21T18:11:14.965+0100 [DEBUG] [org.gradle.internal.remote.internal.inet.InetAddresses] Adding IP addresses for network interface Intel(R) Wireless-AC 9260 160MHz-QoS Packet Scheduler-0000
2021-03-21T18:11:14.969+0100 [DEBUG] [org.gradle.internal.remote.internal.inet.InetAddresses] Is this a loopback interface? false
2021-03-21T18:11:14.969+0100 [DEBUG] [org.gradle.internal.remote.internal.inet.InetAddresses] Adding IP addresses for network interface Intel(R) Wireless-AC 9260 160MHz-WFP 802.3 MAC Layer LightWeight Filter-0000
2021-03-21T18:11:14.973+0100 [DEBUG] [org.gradle.internal.remote.internal.inet.InetAddresses] Is this a loopback interface? false
2021-03-21T18:11:14.973+0100 [DEBUG] [org.gradle.internal.remote.internal.inet.InetAddresses] Adding IP addresses for network interface Microsoft Wi-Fi Direct Virtual Adapter-WFP Native MAC Layer LightWeight Filter-0000
2021-03-21T18:11:14.977+0100 [DEBUG] [org.gradle.internal.remote.internal.inet.InetAddresses] Is this a loopback interface? false
2021-03-21T18:11:14.977+0100 [DEBUG] [org.gradle.internal.remote.internal.inet.InetAddresses] Adding IP addresses for network interface Microsoft Wi-Fi Direct Virtual Adapter-Npcap Packet Driver (NPCAP) (WiFi version)-0000
2021-03-21T18:11:14.982+0100 [DEBUG] [org.gradle.internal.remote.internal.inet.InetAddresses] Is this a loopback interface? false
2021-03-21T18:11:14.982+0100 [DEBUG] [org.gradle.internal.remote.internal.inet.InetAddresses] Adding IP addresses for network interface Microsoft Wi-Fi Direct Virtual Adapter-Native WiFi Filter Driver-0000
2021-03-21T18:11:14.987+0100 [DEBUG] [org.gradle.internal.remote.internal.inet.InetAddresses] Is this a loopback interface? false
2021-03-21T18:11:14.987+0100 [DEBUG] [org.gradle.internal.remote.internal.inet.InetAddresses] Adding IP addresses for network interface Microsoft Wi-Fi Direct Virtual Adapter-cFosSpeed for faster Internet with Traffic Shaping-0000
2021-03-21T18:11:14.992+0100 [DEBUG] [org.gradle.internal.remote.internal.inet.InetAddresses] Is this a loopback interface? false
2021-03-21T18:11:14.992+0100 [DEBUG] [org.gradle.internal.remote.internal.inet.InetAddresses] Adding IP addresses for network interface Microsoft Wi-Fi Direct Virtual Adapter-Npcap Packet Driver (NPCAP)-0000
2021-03-21T18:11:14.996+0100 [DEBUG] [org.gradle.internal.remote.internal.inet.InetAddresses] Is this a loopback interface? false
2021-03-21T18:11:14.996+0100 [DEBUG] [org.gradle.internal.remote.internal.inet.InetAddresses] Adding IP addresses for network interface Microsoft Wi-Fi Direct Virtual Adapter-VirtualBox NDIS Light-Weight Filter-0000
2021-03-21T18:11:15.000+0100 [DEBUG] [org.gradle.internal.remote.internal.inet.InetAddresses] Is this a loopback interface? false
2021-03-21T18:11:15.000+0100 [DEBUG] [org.gradle.internal.remote.internal.inet.InetAddresses] Adding IP addresses for network interface Microsoft Wi-Fi Direct Virtual Adapter-QoS Packet Scheduler-0000
2021-03-21T18:11:15.004+0100 [DEBUG] [org.gradle.internal.remote.internal.inet.InetAddresses] Is this a loopback interface? false
2021-03-21T18:11:15.004+0100 [DEBUG] [org.gradle.internal.remote.internal.inet.InetAddresses] Adding IP addresses for network interface Microsoft Wi-Fi Direct Virtual Adapter-WFP 802.3 MAC Layer LightWeight Filter-0000
2021-03-21T18:11:15.011+0100 [DEBUG] [org.gradle.internal.remote.internal.inet.InetAddresses] Is this a loopback interface? false
2021-03-21T18:11:15.012+0100 [DEBUG] [org.gradle.internal.remote.internal.inet.InetAddresses] Adding IP addresses for network interface WAN Miniport (IP)-WFP Native MAC Layer LightWeight Filter-0000
2021-03-21T18:11:15.016+0100 [DEBUG] [org.gradle.internal.remote.internal.inet.InetAddresses] Is this a loopback interface? false
2021-03-21T18:11:15.016+0100 [DEBUG] [org.gradle.internal.remote.internal.inet.InetAddresses] Adding IP addresses for network interface WAN Miniport (IP)-cFosSpeed for faster Internet with Traffic Shaping-0000
2021-03-21T18:11:15.021+0100 [DEBUG] [org.gradle.internal.remote.internal.inet.InetAddresses] Is this a loopback interface? false
2021-03-21T18:11:15.021+0100 [DEBUG] [org.gradle.internal.remote.internal.inet.InetAddresses] Adding IP addresses for network interface WAN Miniport (IP)-Npcap Packet Driver (NPCAP)-0000
2021-03-21T18:11:15.025+0100 [DEBUG] [org.gradle.internal.remote.internal.inet.InetAddresses] Is this a loopback interface? false
2021-03-21T18:11:15.025+0100 [DEBUG] [org.gradle.internal.remote.internal.inet.InetAddresses] Adding IP addresses for network interface WAN Miniport (IP)-QoS Packet Scheduler-0000
2021-03-21T18:11:15.028+0100 [DEBUG] [org.gradle.internal.remote.internal.inet.InetAddresses] Is this a loopback interface? false
2021-03-21T18:11:15.029+0100 [DEBUG] [org.gradle.internal.remote.internal.inet.InetAddresses] Adding IP addresses for network interface WAN Miniport (IPv6)-WFP Native MAC Layer LightWeight Filter-0000
2021-03-21T18:11:15.032+0100 [DEBUG] [org.gradle.internal.remote.internal.inet.InetAddresses] Is this a loopback interface? false
2021-03-21T18:11:15.032+0100 [DEBUG] [org.gradle.internal.remote.internal.inet.InetAddresses] Adding IP addresses for network interface WAN Miniport (IPv6)-cFosSpeed for faster Internet with Traffic Shaping-0000
2021-03-21T18:11:15.036+0100 [DEBUG] [org.gradle.internal.remote.internal.inet.InetAddresses] Is this a loopback interface? false
2021-03-21T18:11:15.036+0100 [DEBUG] [org.gradle.internal.remote.internal.inet.InetAddresses] Adding IP addresses for network interface WAN Miniport (IPv6)-Npcap Packet Driver (NPCAP)-0000
2021-03-21T18:11:15.040+0100 [DEBUG] [org.gradle.internal.remote.internal.inet.InetAddresses] Is this a loopback interface? false
2021-03-21T18:11:15.040+0100 [DEBUG] [org.gradle.internal.remote.internal.inet.InetAddresses] Adding IP addresses for network interface WAN Miniport (IPv6)-QoS Packet Scheduler-0000
2021-03-21T18:11:15.044+0100 [DEBUG] [org.gradle.internal.remote.internal.inet.InetAddresses] Is this a loopback interface? false
2021-03-21T18:11:15.044+0100 [DEBUG] [org.gradle.internal.remote.internal.inet.InetAddresses] Adding IP addresses for network interface WAN Miniport (Network Monitor)-WFP Native MAC Layer LightWeight Filter-0000
2021-03-21T18:11:15.048+0100 [DEBUG] [org.gradle.internal.remote.internal.inet.InetAddresses] Is this a loopback interface? false
2021-03-21T18:11:15.048+0100 [DEBUG] [org.gradle.internal.remote.internal.inet.InetAddresses] Adding IP addresses for network interface WAN Miniport (Network Monitor)-cFosSpeed for faster Internet with Traffic Shaping-0000
2021-03-21T18:11:15.052+0100 [DEBUG] [org.gradle.internal.remote.internal.inet.InetAddresses] Is this a loopback interface? false
2021-03-21T18:11:15.052+0100 [DEBUG] [org.gradle.internal.remote.internal.inet.InetAddresses] Adding IP addresses for network interface WAN Miniport (Network Monitor)-Npcap Packet Driver (NPCAP)-0000
2021-03-21T18:11:15.055+0100 [DEBUG] [org.gradle.internal.remote.internal.inet.InetAddresses] Is this a loopback interface? false
2021-03-21T18:11:15.055+0100 [DEBUG] [org.gradle.internal.remote.internal.inet.InetAddresses] Adding IP addresses for network interface WAN Miniport (Network Monitor)-QoS Packet Scheduler-0000
2021-03-21T18:11:15.059+0100 [DEBUG] [org.gradle.internal.remote.internal.inet.InetAddresses] Is this a loopback interface? false
2021-03-21T18:11:15.059+0100 [DEBUG] [org.gradle.internal.remote.internal.inet.InetAddresses] Adding IP addresses for network interface Microsoft Wi-Fi Direct Virtual Adapter #2-WFP Native MAC Layer LightWeight Filter-0000
2021-03-21T18:11:15.064+0100 [DEBUG] [org.gradle.internal.remote.internal.inet.InetAddresses] Is this a loopback interface? false
2021-03-21T18:11:15.064+0100 [DEBUG] [org.gradle.internal.remote.internal.inet.InetAddresses] Adding IP addresses for network interface Microsoft Wi-Fi Direct Virtual Adapter #2-Npcap Packet Driver (NPCAP) (WiFi version)-0000
2021-03-21T18:11:15.069+0100 [DEBUG] [org.gradle.internal.remote.internal.inet.InetAddresses] Is this a loopback interface? false
2021-03-21T18:11:15.069+0100 [DEBUG] [org.gradle.internal.remote.internal.inet.InetAddresses] Adding IP addresses for network interface Microsoft Wi-Fi Direct Virtual Adapter #2-Native WiFi Filter Driver-0000
2021-03-21T18:11:15.073+0100 [DEBUG] [org.gradle.internal.remote.internal.inet.InetAddresses] Is this a loopback interface? false
2021-03-21T18:11:15.073+0100 [DEBUG] [org.gradle.internal.remote.internal.inet.InetAddresses] Adding IP addresses for network interface Microsoft Wi-Fi Direct Virtual Adapter #2-cFosSpeed for faster Internet with Traffic Shaping-0000
2021-03-21T18:11:15.077+0100 [DEBUG] [org.gradle.internal.remote.internal.inet.InetAddresses] Is this a loopback interface? false
2021-03-21T18:11:15.077+0100 [DEBUG] [org.gradle.internal.remote.internal.inet.InetAddresses] Adding IP addresses for network interface Microsoft Wi-Fi Direct Virtual Adapter #2-Npcap Packet Driver (NPCAP)-0000
2021-03-21T18:11:15.081+0100 [DEBUG] [org.gradle.internal.remote.internal.inet.InetAddresses] Is this a loopback interface? false
2021-03-21T18:11:15.081+0100 [DEBUG] [org.gradle.internal.remote.internal.inet.InetAddresses] Adding IP addresses for network interface Microsoft Wi-Fi Direct Virtual Adapter #2-VirtualBox NDIS Light-Weight Filter-0000
2021-03-21T18:11:15.084+0100 [DEBUG] [org.gradle.internal.remote.internal.inet.InetAddresses] Is this a loopback interface? false
2021-03-21T18:11:15.084+0100 [DEBUG] [org.gradle.internal.remote.internal.inet.InetAddresses] Adding IP addresses for network interface Microsoft Wi-Fi Direct Virtual Adapter #2-QoS Packet Scheduler-0000
2021-03-21T18:11:15.088+0100 [DEBUG] [org.gradle.internal.remote.internal.inet.InetAddresses] Is this a loopback interface? false
2021-03-21T18:11:15.089+0100 [DEBUG] [org.gradle.internal.remote.internal.inet.InetAddresses] Adding IP addresses for network interface Microsoft Wi-Fi Direct Virtual Adapter #2-WFP 802.3 MAC Layer LightWeight Filter-0000
2021-03-21T18:11:15.093+0100 [DEBUG] [org.gradle.internal.remote.internal.inet.InetAddresses] Is this a loopback interface? false
2021-03-21T18:11:15.103+0100 [DEBUG] [org.gradle.cache.internal.DefaultFileLockManager] Waiting to acquire shared lock on daemon addresses registry.
2021-03-21T18:11:15.106+0100 [DEBUG] [org.gradle.cache.internal.DefaultFileLockManager] Lock acquired on daemon addresses registry.
2021-03-21T18:11:15.112+0100 [DEBUG] [org.gradle.cache.internal.DefaultFileLockManager] Releasing lock on daemon addresses registry.
2021-03-21T18:11:15.113+0100 [DEBUG] [org.gradle.internal.remote.internal.inet.TcpOutgoingConnector] Attempting to connect to [f9c31922-d98c-4665-9d2e-b3d6e69f611f port:60411, addresses:[/127.0.0.1]].
2021-03-21T18:11:15.113+0100 [DEBUG] [org.gradle.internal.remote.internal.inet.TcpOutgoingConnector] Trying to connect to address /127.0.0.1.
2021-03-21T18:11:15.118+0100 [DEBUG] [org.gradle.internal.remote.internal.inet.TcpOutgoingConnector] Connected to address /127.0.0.1:60411.
2021-03-21T18:11:15.137+0100 [DEBUG] [org.gradle.launcher.daemon.client.DaemonClient] Connected to daemon DaemonInfo{pid=10300, address=[f9c31922-d98c-4665-9d2e-b3d6e69f611f port:60411, addresses:[/127.0.0.1]], state=Busy, lastBusy=1616346673986, context=DefaultDaemonContext[uid=b1ffcc88-d8ed-428b-a01b-b2ebcc7ff58b,javaHome=C:\Program Files\Java\jdk1.8.0_281,daemonRegistryDir=C:\Users\troyvs\.gradle\daemon,pid=10300,idleTimeout=120000,priority=NORMAL,daemonOpts=-Xmx3G,-Dfile.encoding=windows-1252,-Duser.country=US,-Duser.language=en,-Duser.variant]}. Dispatching request Build{id=84021f30-551e-4f0b-8267-d6b7b4368f3c, currentDir=D:\troy\Downloads\forge-1.16.5-36.1.0-mdk}.
2021-03-21T18:11:15.137+0100 [DEBUG] [org.gradle.launcher.daemon.client.DaemonClientConnection] thread 1: dispatching class org.gradle.launcher.daemon.protocol.Build
2021-03-21T18:11:15.161+0100 [DEBUG] [org.gradle.launcher.daemon.client.DaemonClient] Received result org.gradle.launcher.daemon.protocol.BuildStarted@663c9e7a from daemon DaemonInfo{pid=10300, address=[f9c31922-d98c-4665-9d2e-b3d6e69f611f port:60411, addresses:[/127.0.0.1]], state=Busy, lastBusy=1616346673986, context=DefaultDaemonContext[uid=b1ffcc88-d8ed-428b-a01b-b2ebcc7ff58b,javaHome=C:\Program Files\Java\jdk1.8.0_281,daemonRegistryDir=C:\Users\troyvs\.gradle\daemon,pid=10300,idleTimeout=120000,priority=NORMAL,daemonOpts=-Xmx3G,-Dfile.encoding=windows-1252,-Duser.country=US,-Duser.language=en,-Duser.variant]} (build should be starting).
2021-03-21T18:11:15.168+0100 [INFO] [org.gradle.launcher.daemon.server.exec.LogToClient] The client will now receive all logging from the daemon (pid: 10300). The daemon log file: C:\Users\troyvs\.gradle\daemon\6.8.1\daemon-10300.out.log
2021-03-21T18:11:15.171+0100 [DEBUG] [org.gradle.launcher.daemon.server.exec.RequestStopIfSingleUsedDaemon] Requesting daemon stop after processing Build{id=84021f30-551e-4f0b-8267-d6b7b4368f3c, currentDir=D:\troy\Downloads\forge-1.16.5-36.1.0-mdk}
2021-03-21T18:11:15.171+0100 [LIFECYCLE] [org.gradle.launcher.daemon.server.DaemonStateCoordinator] Daemon will be stopped at the end of the build 
2021-03-21T18:11:15.172+0100 [DEBUG] [org.gradle.launcher.daemon.server.DaemonStateCoordinator] Stop as soon as idle requested. The daemon is busy: true
2021-03-21T18:11:15.172+0100 [DEBUG] [org.gradle.launcher.daemon.server.DaemonStateCoordinator] daemon stop has been requested. Sleeping until state changes.
2021-03-21T18:11:15.180+0100 [DEBUG] [org.gradle.launcher.daemon.server.exec.ExecuteBuild] The daemon has started executing the build.
2021-03-21T18:11:15.180+0100 [DEBUG] [org.gradle.launcher.daemon.server.exec.ExecuteBuild] Executing build with daemon context: DefaultDaemonContext[uid=b1ffcc88-d8ed-428b-a01b-b2ebcc7ff58b,javaHome=C:\Program Files\Java\jdk1.8.0_281,daemonRegistryDir=C:\Users\troyvs\.gradle\daemon,pid=10300,idleTimeout=120000,priority=NORMAL,daemonOpts=-Xmx3G,-Dfile.encoding=windows-1252,-Duser.country=US,-Duser.language=en,-Duser.variant]
2021-03-21T18:11:15.321+0100 [INFO] [org.gradle.internal.work.DefaultWorkerLeaseService] Using 12 worker leases.
2021-03-21T18:11:15.511+0100 [DEBUG] [org.gradle.cache.internal.DefaultCacheAccess] Creating new cache for resourceHashesCache, path C:\Users\troyvs\.gradle\caches\6.8.1\fileHashes\resourceHashesCache.bin, access org.gradle.cache.internal.DefaultCacheAccess@1daa50c1
2021-03-21T18:11:15.527+0100 [DEBUG] [org.gradle.cache.internal.DefaultInMemoryCacheDecoratorFactory] Creating in-memory store for cache C:\Users\troyvs\.gradle\caches\6.8.1\fileHashes\resourceHashesCache.bin (max size: 1358400)
2021-03-21T18:11:15.533+0100 [DEBUG] [org.gradle.cache.internal.LockOnDemandCrossProcessCacheAccess] Acquiring file lock for file hash cache (C:\Users\troyvs\.gradle\caches\6.8.1\fileHashes)
2021-03-21T18:11:15.536+0100 [DEBUG] [org.gradle.cache.internal.DefaultFileLockManager] Waiting to acquire exclusive lock on file hash cache (C:\Users\troyvs\.gradle\caches\6.8.1\fileHashes).
2021-03-21T18:11:15.536+0100 [DEBUG] [org.gradle.cache.internal.locklistener.DefaultFileLockContentionHandler] Starting file lock listener thread.
2021-03-21T18:11:15.536+0100 [DEBUG] [org.gradle.cache.internal.DefaultFileLockManager] Lock acquired on file hash cache (C:\Users\troyvs\.gradle\caches\6.8.1\fileHashes).
2021-03-21T18:11:15.557+0100 [DEBUG] [org.gradle.cache.internal.DefaultCacheAccess] Creating new cache for fileHashes, path C:\Users\troyvs\.gradle\caches\6.8.1\fileHashes\fileHashes.bin, access org.gradle.cache.internal.DefaultCacheAccess@1daa50c1
2021-03-21T18:11:15.558+0100 [DEBUG] [org.gradle.cache.internal.DefaultInMemoryCacheDecoratorFactory] Creating in-memory store for cache C:\Users\troyvs\.gradle\caches\6.8.1\fileHashes\fileHashes.bin (max size: 1358400)
2021-03-21T18:11:15.698+0100 [DEBUG] [org.gradle.cache.internal.DefaultCacheAccess] Creating new cache for file-access, path C:\Users\troyvs\.gradle\caches\journal-1\file-access.bin, access org.gradle.cache.internal.DefaultCacheAccess@4ccd0558
2021-03-21T18:11:15.698+0100 [DEBUG] [org.gradle.cache.internal.DefaultInMemoryCacheDecoratorFactory] Creating in-memory store for cache C:\Users\troyvs\.gradle\caches\journal-1\file-access.bin (max size: 3300)
2021-03-21T18:11:15.699+0100 [DEBUG] [org.gradle.cache.internal.LockOnDemandCrossProcessCacheAccess] Acquiring file lock for journal cache (C:\Users\troyvs\.gradle\caches\journal-1)
2021-03-21T18:11:15.703+0100 [DEBUG] [org.gradle.cache.internal.DefaultFileLockManager] Waiting to acquire exclusive lock on journal cache (C:\Users\troyvs\.gradle\caches\journal-1).
2021-03-21T18:11:15.705+0100 [DEBUG] [org.gradle.cache.internal.DefaultFileLockManager] Lock acquired on journal cache (C:\Users\troyvs\.gradle\caches\journal-1).
2021-03-21T18:11:16.290+0100 [DEBUG] [org.gradle.cache.internal.DefaultCacheAccess] Creating new cache for fileHashes, path D:\troy\Downloads\forge-1.16.5-36.1.0-mdk\.gradle\6.8.1\fileHashes\fileHashes.bin, access org.gradle.cache.internal.DefaultCacheAccess@6a96215b
2021-03-21T18:11:16.291+0100 [DEBUG] [org.gradle.cache.internal.DefaultInMemoryCacheDecoratorFactory] Creating in-memory store for cache D:\troy\Downloads\forge-1.16.5-36.1.0-mdk\.gradle\6.8.1\fileHashes\fileHashes.bin (max size: 1358400)
2021-03-21T18:11:16.292+0100 [DEBUG] [org.gradle.cache.internal.LockOnDemandCrossProcessCacheAccess] Acquiring file lock for file hash cache (D:\troy\Downloads\forge-1.16.5-36.1.0-mdk\.gradle\6.8.1\fileHashes)
2021-03-21T18:11:16.293+0100 [DEBUG] [org.gradle.cache.internal.DefaultFileLockManager] Waiting to acquire exclusive lock on file hash cache (D:\troy\Downloads\forge-1.16.5-36.1.0-mdk\.gradle\6.8.1\fileHashes).
2021-03-21T18:11:16.294+0100 [DEBUG] [org.gradle.cache.internal.DefaultFileLockManager] Lock acquired on file hash cache (D:\troy\Downloads\forge-1.16.5-36.1.0-mdk\.gradle\6.8.1\fileHashes).
2021-03-21T18:11:16.301+0100 [DEBUG] [org.gradle.cache.internal.DefaultCacheAccess] Creating new cache for resourceHashesCache, path D:\troy\Downloads\forge-1.16.5-36.1.0-mdk\.gradle\6.8.1\fileHashes\resourceHashesCache.bin, access org.gradle.cache.internal.DefaultCacheAccess@6a96215b
2021-03-21T18:11:16.302+0100 [DEBUG] [org.gradle.cache.internal.DefaultInMemoryCacheDecoratorFactory] Creating in-memory store for cache D:\troy\Downloads\forge-1.16.5-36.1.0-mdk\.gradle\6.8.1\fileHashes\resourceHashesCache.bin (max size: 2716800)
2021-03-21T18:11:16.355+0100 [DEBUG] [org.gradle.internal.operations.DefaultBuildOperationRunner] Build operation 'Run build' started
2021-03-21T18:11:16.362+0100 [INFO] [org.gradle.tooling.internal.provider.FileSystemWatchingBuildActionRunner] Watching the file system is disabled
2021-03-21T18:11:16.366+0100 [DEBUG] [org.gradle.internal.operations.DefaultBuildOperationRunner] Build operation 'Build started for file system watching' started
2021-03-21T18:11:16.368+0100 [DEBUG] [org.gradle.internal.operations.DefaultBuildOperationRunner] Completing Build operation 'Build started for file system watching'
2021-03-21T18:11:16.369+0100 [DEBUG] [org.gradle.internal.operations.DefaultBuildOperationRunner] Build operation 'Build started for file system watching' completed
2021-03-21T18:11:16.378+0100 [DEBUG] [org.gradle.internal.work.DefaultWorkerLeaseService] Worker lease root.1 started (1 worker(s) in use).
2021-03-21T18:11:16.378+0100 [DEBUG] [org.gradle.internal.resources.AbstractTrackedResourceLock] Daemon worker: acquired lock on root.1
2021-03-21T18:11:16.379+0100 [INFO] [org.gradle.internal.buildevents.BuildLogger] Starting Build
2021-03-21T18:11:16.379+0100 [DEBUG] [org.gradle.internal.buildevents.BuildLogger] Gradle user home: C:\Users\troyvs\.gradle
2021-03-21T18:11:16.380+0100 [DEBUG] [org.gradle.internal.buildevents.BuildLogger] Current dir: D:\troy\Downloads\forge-1.16.5-36.1.0-mdk
2021-03-21T18:11:16.380+0100 [DEBUG] [org.gradle.internal.buildevents.BuildLogger] Settings file: null
2021-03-21T18:11:16.380+0100 [DEBUG] [org.gradle.internal.buildevents.BuildLogger] Build file: null
2021-03-21T18:11:16.382+0100 [DEBUG] [org.gradle.internal.operations.DefaultBuildOperationRunner] Build operation 'Load build' started
2021-03-21T18:11:16.389+0100 [DEBUG] [org.gradle.initialization.DefaultGradlePropertiesLoader] Found env project properties: []
2021-03-21T18:11:16.389+0100 [DEBUG] [org.gradle.initialization.DefaultGradlePropertiesLoader] Found system project properties: []
2021-03-21T18:11:16.393+0100 [DEBUG] [org.gradle.internal.operations.DefaultBuildOperationRunner] Build operation 'Evaluate settings' started
2021-03-21T18:11:16.522+0100 [DEBUG] [org.gradle.cache.internal.DefaultCacheAccess] Creating new cache for workingDirs, path D:\troy\Downloads\forge-1.16.5-36.1.0-mdk\.gradle\6.8.1\vcsMetadata-1\workingDirs.bin, access org.gradle.cache.internal.DefaultCacheAccess@4eed217e
2021-03-21T18:11:16.549+0100 [DEBUG] [org.gradle.cache.internal.DefaultCacheAccess] Creating new cache for md5-checksums, path D:\troy\Downloads\forge-1.16.5-36.1.0-mdk\.gradle\checksums\md5-checksums.bin, access org.gradle.cache.internal.DefaultCacheAccess@4fe2eb44
2021-03-21T18:11:16.550+0100 [DEBUG] [org.gradle.cache.internal.DefaultInMemoryCacheDecoratorFactory] Creating in-memory store for cache D:\troy\Downloads\forge-1.16.5-36.1.0-mdk\.gradle\checksums\md5-checksums.bin (max size: 3300)
2021-03-21T18:11:16.550+0100 [DEBUG] [org.gradle.cache.internal.LockOnDemandCrossProcessCacheAccess] Acquiring file lock for checksums cache (D:\troy\Downloads\forge-1.16.5-36.1.0-mdk\.gradle\checksums)
2021-03-21T18:11:16.550+0100 [DEBUG] [org.gradle.cache.internal.DefaultFileLockManager] Waiting to acquire exclusive lock on checksums cache (D:\troy\Downloads\forge-1.16.5-36.1.0-mdk\.gradle\checksums).
2021-03-21T18:11:16.551+0100 [DEBUG] [org.gradle.cache.internal.DefaultFileLockManager] Lock acquired on checksums cache (D:\troy\Downloads\forge-1.16.5-36.1.0-mdk\.gradle\checksums).
2021-03-21T18:11:16.551+0100 [DEBUG] [org.gradle.cache.internal.DefaultCacheAccess] Creating new cache for sha1-checksums, path D:\troy\Downloads\forge-1.16.5-36.1.0-mdk\.gradle\checksums\sha1-checksums.bin, access org.gradle.cache.internal.DefaultCacheAccess@4fe2eb44
2021-03-21T18:11:16.551+0100 [DEBUG] [org.gradle.cache.internal.DefaultInMemoryCacheDecoratorFactory] Creating in-memory store for cache D:\troy\Downloads\forge-1.16.5-36.1.0-mdk\.gradle\checksums\sha1-checksums.bin (max size: 3300)
2021-03-21T18:11:16.551+0100 [DEBUG] [org.gradle.cache.internal.DefaultCacheAccess] Creating new cache for sha256-checksums, path D:\troy\Downloads\forge-1.16.5-36.1.0-mdk\.gradle\checksums\sha256-checksums.bin, access org.gradle.cache.internal.DefaultCacheAccess@4fe2eb44
2021-03-21T18:11:16.551+0100 [DEBUG] [org.gradle.cache.internal.DefaultInMemoryCacheDecoratorFactory] Creating in-memory store for cache D:\troy\Downloads\forge-1.16.5-36.1.0-mdk\.gradle\checksums\sha256-checksums.bin (max size: 3300)
2021-03-21T18:11:16.551+0100 [DEBUG] [org.gradle.cache.internal.DefaultCacheAccess] Creating new cache for sha512-checksums, path D:\troy\Downloads\forge-1.16.5-36.1.0-mdk\.gradle\checksums\sha512-checksums.bin, access org.gradle.cache.internal.DefaultCacheAccess@4fe2eb44
2021-03-21T18:11:16.551+0100 [DEBUG] [org.gradle.cache.internal.DefaultInMemoryCacheDecoratorFactory] Creating in-memory store for cache D:\troy\Downloads\forge-1.16.5-36.1.0-mdk\.gradle\checksums\sha512-checksums.bin (max size: 3300)
2021-03-21T18:11:16.610+0100 [DEBUG] [org.gradle.cache.internal.DefaultCacheAccess] Creating new cache for md-supplier, path C:\Users\troyvs\.gradle\caches\6.8.1\md-supplier\md-supplier.bin, access org.gradle.cache.internal.DefaultCacheAccess@6ecda41
2021-03-21T18:11:16.610+0100 [DEBUG] [org.gradle.cache.internal.DefaultInMemoryCacheDecoratorFactory] Creating in-memory store for cache C:\Users\troyvs\.gradle\caches\6.8.1\md-supplier\md-supplier.bin (max size: 6700)
2021-03-21T18:11:16.610+0100 [DEBUG] [org.gradle.cache.internal.LockOnDemandCrossProcessCacheAccess] Acquiring file lock for cache directory md-supplier (C:\Users\troyvs\.gradle\caches\6.8.1\md-supplier)
2021-03-21T18:11:16.611+0100 [DEBUG] [org.gradle.cache.internal.DefaultFileLockManager] Waiting to acquire exclusive lock on cache directory md-supplier (C:\Users\troyvs\.gradle\caches\6.8.1\md-supplier).
2021-03-21T18:11:16.611+0100 [DEBUG] [org.gradle.cache.internal.DefaultFileLockManager] Lock acquired on cache directory md-supplier (C:\Users\troyvs\.gradle\caches\6.8.1\md-supplier).
2021-03-21T18:11:16.631+0100 [DEBUG] [org.gradle.api.internal.artifacts.mvnsettings.DefaultLocalMavenRepositoryLocator] No local repository in Settings file defined. Using default path: C:\Users\troyvs\.m2\repository
2021-03-21T18:11:16.723+0100 [DEBUG] [org.gradle.cache.internal.DefaultCacheAccess] Creating new cache for md-rule, path C:\Users\troyvs\.gradle\caches\6.8.1\md-rule\md-rule.bin, access org.gradle.cache.internal.DefaultCacheAccess@64776ef0
2021-03-21T18:11:16.723+0100 [DEBUG] [org.gradle.cache.internal.DefaultInMemoryCacheDecoratorFactory] Creating in-memory store for cache C:\Users\troyvs\.gradle\caches\6.8.1\md-rule\md-rule.bin (max size: 6700)
2021-03-21T18:11:16.723+0100 [DEBUG] [org.gradle.cache.internal.LockOnDemandCrossProcessCacheAccess] Acquiring file lock for cache directory md-rule (C:\Users\troyvs\.gradle\caches\6.8.1\md-rule)
2021-03-21T18:11:16.724+0100 [DEBUG] [org.gradle.cache.internal.DefaultFileLockManager] Waiting to acquire exclusive lock on cache directory md-rule (C:\Users\troyvs\.gradle\caches\6.8.1\md-rule).
2021-03-21T18:11:16.724+0100 [DEBUG] [org.gradle.cache.internal.DefaultFileLockManager] Lock acquired on cache directory md-rule (C:\Users\troyvs\.gradle\caches\6.8.1\md-rule).
2021-03-21T18:11:16.842+0100 [DEBUG] [org.gradle.cache.internal.DefaultCacheAccess] Creating new cache for executionHistory, path C:\Users\troyvs\.gradle\caches\6.8.1\executionHistory\executionHistory.bin, access org.gradle.cache.internal.DefaultCacheAccess@6c3c3dba
2021-03-21T18:11:16.843+0100 [DEBUG] [org.gradle.cache.internal.DefaultInMemoryCacheDecoratorFactory] Creating cache C:\Users\troyvs\.gradle\caches\6.8.1\executionHistory\executionHistory.bin without in-memory store.
2021-03-21T18:11:16.844+0100 [DEBUG] [org.gradle.cache.internal.LockOnDemandCrossProcessCacheAccess] Acquiring file lock for execution history cache (C:\Users\troyvs\.gradle\caches\6.8.1\executionHistory)
2021-03-21T18:11:16.845+0100 [DEBUG] [org.gradle.cache.internal.DefaultFileLockManager] Waiting to acquire exclusive lock on execution history cache (C:\Users\troyvs\.gradle\caches\6.8.1\executionHistory).
2021-03-21T18:11:16.847+0100 [DEBUG] [org.gradle.cache.internal.DefaultFileLockManager] Lock acquired on execution history cache (C:\Users\troyvs\.gradle\caches\6.8.1\executionHistory).
2021-03-21T18:11:16.942+0100 [DEBUG] [org.gradle.internal.locking.LockFileReaderWriter] Lockfiles root: D:\troy\Downloads\forge-1.16.5-36.1.0-mdk\gradle\dependency-locks
2021-03-21T18:11:17.512+0100 [DEBUG] [org.gradle.internal.locking.LockFileReaderWriter] Lockfiles root: D:\troy\Downloads\forge-1.16.5-36.1.0-mdk\gradle\dependency-locks
2021-03-21T18:11:17.523+0100 [DEBUG] [org.gradle.internal.operations.DefaultBuildOperationRunner] Build operation 'Resolve dependencies of detachedConfiguration1' started
2021-03-21T18:11:17.580+0100 [DEBUG] [org.gradle.api.internal.artifacts.ivyservice.resolveengine.DefaultArtifactDependencyResolver] Resolving configuration 'detachedConfiguration1'
2021-03-21T18:11:17.653+0100 [DEBUG] [org.gradle.api.internal.artifacts.ivyservice.modulecache.ResolvedArtifactCaches] Creating new in-memory cache for repo 'Gradle Central Plugin Repository' [671a8ecc284f9e9f4d35b614eb5de66e].
2021-03-21T18:11:17.720+0100 [DEBUG] [org.gradle.api.internal.artifacts.ivyservice.resolveengine.graph.builder.DependencyGraphBuilder] Visiting configuration unspecified:unspecified:unspecified(detachedConfiguration1).
2021-03-21T18:11:17.757+0100 [DEBUG] [org.gradle.cache.internal.DefaultCacheAccess] Creating new cache for metadata-2.97/module-metadata, path C:\Users\troyvs\.gradle\caches\modules-2\metadata-2.97\module-metadata.bin, access org.gradle.cache.internal.DefaultCacheAccess@b19ed2e
2021-03-21T18:11:17.761+0100 [DEBUG] [org.gradle.cache.internal.LockOnDemandCrossProcessCacheAccess] Acquiring file lock for artifact cache (C:\Users\troyvs\.gradle\caches\modules-2)
2021-03-21T18:11:17.762+0100 [DEBUG] [org.gradle.cache.internal.DefaultFileLockManager] Waiting to acquire exclusive lock on artifact cache (C:\Users\troyvs\.gradle\caches\modules-2).
2021-03-21T18:11:17.762+0100 [DEBUG] [org.gradle.cache.internal.DefaultFileLockManager] Lock acquired on artifact cache (C:\Users\troyvs\.gradle\caches\modules-2).
2021-03-21T18:11:17.770+0100 [DEBUG] [org.gradle.cache.internal.btree.BTreePersistentIndexedCache] Opening cache module-metadata.bin (C:\Users\troyvs\.gradle\caches\modules-2\metadata-2.97\module-metadata.bin)
2021-03-21T18:11:17.802+0100 [DEBUG] [org.gradle.api.internal.artifacts.ivyservice.ivyresolve.RepositoryChainComponentMetaDataResolver] Attempting to resolve component for com.gradle:gradle-enterprise-gradle-plugin:3.5 using repositories [Gradle Central Plugin Repository]
2021-03-21T18:11:17.808+0100 [DEBUG] [org.gradle.api.internal.artifacts.ivyservice.ivyresolve.CachingModuleComponentRepository] Using cached module metadata for module 'com.gradle:gradle-enterprise-gradle-plugin:3.5' in 'Gradle Central Plugin Repository'
2021-03-21T18:11:17.813+0100 [DEBUG] [org.gradle.api.internal.artifacts.ivyservice.ivyresolve.RepositoryChainComponentMetaDataResolver] Using com.gradle:gradle-enterprise-gradle-plugin:3.5 from Maven repository 'Gradle Central Plugin Repository'
2021-03-21T18:11:17.837+0100 [DEBUG] [org.gradle.internal.component.model.ComponentAttributeMatcher] Selected matches [com.gradle:gradle-enterprise-gradle-plugin:3.5 configuration runtime] from candidates [com.gradle:gradle-enterprise-gradle-plugin:3.5 configuration compile, com.gradle:gradle-enterprise-gradle-plugin:3.5 configuration runtime, com.gradle:gradle-enterprise-gradle-plugin:3.5 configuration platform-compile, com.gradle:gradle-enterprise-gradle-plugin:3.5 configuration platform-runtime, com.gradle:gradle-enterprise-gradle-plugin:3.5 configuration enforced-platform-compile, com.gradle:gradle-enterprise-gradle-plugin:3.5 configuration enforced-platform-runtime] for {}
2021-03-21T18:11:17.839+0100 [DEBUG] [org.gradle.api.internal.artifacts.ivyservice.resolveengine.graph.builder.DependencyGraphBuilder] Visiting configuration com.gradle:gradle-enterprise-gradle-plugin:3.5(runtime).
2021-03-21T18:11:17.839+0100 [DEBUG] [org.gradle.api.internal.artifacts.ivyservice.resolveengine.graph.builder.NodeState] com.gradle:gradle-enterprise-gradle-plugin:3.5(runtime) has no transitive incoming edges. ignoring outgoing edges.
2021-03-21T18:11:17.866+0100 [DEBUG] [org.gradle.api.internal.artifacts.ivyservice.resolveengine.oldresult.TransientConfigurationResultsBuilder] Flushing resolved configuration data in Binary store in C:\Users\troyvs\AppData\Local\Temp\gradle4123745963310854540.bin. Wrote root 2.
2021-03-21T18:11:17.878+0100 [DEBUG] [org.gradle.internal.operations.DefaultBuildOperationRunner] Completing Build operation 'Resolve dependencies of detachedConfiguration1'
2021-03-21T18:11:17.878+0100 [DEBUG] [org.gradle.internal.operations.DefaultBuildOperationRunner] Build operation 'Resolve dependencies of detachedConfiguration1' completed
2021-03-21T18:11:17.909+0100 [DEBUG] [org.gradle.internal.operations.DefaultBuildOperationRunner] Build operation 'Resolve dependencies of classpath' started
2021-03-21T18:11:17.909+0100 [DEBUG] [org.gradle.api.internal.artifacts.ivyservice.resolveengine.DefaultArtifactDependencyResolver] Resolving configuration 'classpath'
2021-03-21T18:11:17.911+0100 [DEBUG] [org.gradle.api.internal.artifacts.ivyservice.modulecache.ResolvedArtifactCaches] Reusing in-memory cache for repo 'Gradle Central Plugin Repository' [671a8ecc284f9e9f4d35b614eb5de66e].
2021-03-21T18:11:17.921+0100 [DEBUG] [org.gradle.api.internal.artifacts.ivyservice.resolveengine.graph.builder.DependencyGraphBuilder] Visiting configuration unspecified:unspecified:unspecified(classpath).
2021-03-21T18:11:17.921+0100 [DEBUG] [org.gradle.api.internal.artifacts.ivyservice.ivyresolve.RepositoryChainComponentMetaDataResolver] Attempting to resolve component for com.gradle:gradle-enterprise-gradle-plugin:3.5 using repositories [Gradle Central Plugin Repository]
2021-03-21T18:11:17.921+0100 [DEBUG] [org.gradle.api.internal.artifacts.ivyservice.ivyresolve.CachingModuleComponentRepository] Using cached module metadata for module 'com.gradle:gradle-enterprise-gradle-plugin:3.5' in 'Gradle Central Plugin Repository'
2021-03-21T18:11:17.922+0100 [DEBUG] [org.gradle.api.internal.artifacts.ivyservice.ivyresolve.RepositoryChainComponentMetaDataResolver] Using com.gradle:gradle-enterprise-gradle-plugin:3.5 from Maven repository 'Gradle Central Plugin Repository'
2021-03-21T18:11:17.923+0100 [DEBUG] [org.gradle.internal.component.model.LoggingAttributeMatchingExplanationBuilder] Candidate com.gradle:gradle-enterprise-gradle-plugin:3.5 configuration compile attribute org.gradle.usage value {org.gradle.status=release, org.gradle.usage=java-api} doesn't requested value java-runtime
2021-03-21T18:11:17.924+0100 [DEBUG] [org.gradle.internal.component.model.LoggingAttributeMatchingExplanationBuilder] Candidate com.gradle:gradle-enterprise-gradle-plugin:3.5 configuration runtime doesn't have attribute org.gradle.dependency.bundling
2021-03-21T18:11:17.924+0100 [DEBUG] [org.gradle.internal.component.model.LoggingAttributeMatchingExplanationBuilder] Candidate com.gradle:gradle-enterprise-gradle-plugin:3.5 configuration runtime doesn't have attribute org.gradle.jvm.version
2021-03-21T18:11:17.924+0100 [DEBUG] [org.gradle.internal.component.model.LoggingAttributeMatchingExplanationBuilder] Candidate com.gradle:gradle-enterprise-gradle-plugin:3.5 configuration platform-compile attribute org.gradle.usage value {org.gradle.status=release, org.gradle.usage=java-api} doesn't requested value java-runtime
2021-03-21T18:11:17.924+0100 [DEBUG] [org.gradle.internal.component.model.LoggingAttributeMatchingExplanationBuilder] Candidate com.gradle:gradle-enterprise-gradle-plugin:3.5 configuration platform-runtime attribute org.gradle.category value {org.gradle.category=platform, org.gradle.status=release, org.gradle.usage=java-runtime} doesn't requested value library
2021-03-21T18:11:17.925+0100 [DEBUG] [org.gradle.internal.component.model.LoggingAttributeMatchingExplanationBuilder] Candidate com.gradle:gradle-enterprise-gradle-plugin:3.5 configuration enforced-platform-compile attribute org.gradle.usage value {org.gradle.status=release, org.gradle.usage=java-api} doesn't requested value java-runtime
2021-03-21T18:11:17.925+0100 [DEBUG] [org.gradle.internal.component.model.LoggingAttributeMatchingExplanationBuilder] Candidate com.gradle:gradle-enterprise-gradle-plugin:3.5 configuration enforced-platform-runtime attribute org.gradle.category value {org.gradle.category=enforced-platform, org.gradle.status=release, org.gradle.usage=java-runtime} doesn't requested value library
2021-03-21T18:11:17.925+0100 [DEBUG] [org.gradle.internal.component.model.ComponentAttributeMatcher] Selected matches [com.gradle:gradle-enterprise-gradle-plugin:3.5 configuration runtime] from candidates [com.gradle:gradle-enterprise-gradle-plugin:3.5 configuration compile, com.gradle:gradle-enterprise-gradle-plugin:3.5 configuration runtime, com.gradle:gradle-enterprise-gradle-plugin:3.5 configuration platform-compile, com.gradle:gradle-enterprise-gradle-plugin:3.5 configuration platform-runtime, com.gradle:gradle-enterprise-gradle-plugin:3.5 configuration enforced-platform-compile, com.gradle:gradle-enterprise-gradle-plugin:3.5 configuration enforced-platform-runtime] for {org.gradle.category=library, org.gradle.dependency.bundling=external, org.gradle.jvm.version=8, org.gradle.libraryelements=jar, org.gradle.usage=java-runtime}
2021-03-21T18:11:17.926+0100 [DEBUG] [org.gradle.api.internal.artifacts.ivyservice.resolveengine.graph.builder.DependencyGraphBuilder] Visiting configuration com.gradle:gradle-enterprise-gradle-plugin:3.5(runtime).
2021-03-21T18:11:17.929+0100 [DEBUG] [org.gradle.api.internal.artifacts.ivyservice.resolveengine.oldresult.TransientConfigurationResultsBuilder] Flushing resolved configuration data in Binary store in C:\Users\troyvs\AppData\Local\Temp\gradle4123745963310854540.bin. Wrote root 2.
2021-03-21T18:11:17.930+0100 [DEBUG] [org.gradle.internal.operations.DefaultBuildOperationRunner] Completing Build operation 'Resolve dependencies of classpath'
2021-03-21T18:11:17.930+0100 [DEBUG] [org.gradle.internal.operations.DefaultBuildOperationRunner] Build operation 'Resolve dependencies of classpath' completed
2021-03-21T18:11:17.933+0100 [DEBUG] [org.gradle.internal.component.model.LoggingAttributeMatchingExplanationBuilder] Selected match com.gradle:gradle-enterprise-gradle-plugin:3.5 configuration runtime from candidates [com.gradle:gradle-enterprise-gradle-plugin:3.5 configuration runtime] for {org.gradle.category=library, org.gradle.dependency.bundling=external, org.gradle.jvm.version=8, org.gradle.libraryelements=jar, org.gradle.usage=java-runtime}
2021-03-21T18:11:17.935+0100 [DEBUG] [org.gradle.internal.operations.DefaultBuildOperationRunner] Build operation 'Resolve files of classpath' started
2021-03-21T18:11:17.943+0100 [DEBUG] [org.gradle.internal.work.DefaultWorkerLeaseService] Worker lease root.1.2.3 started (1 worker(s) in use).
2021-03-21T18:11:17.943+0100 [DEBUG] [org.gradle.internal.resources.AbstractTrackedResourceLock] Daemon worker: acquired lock on root.1.2.3
2021-03-21T18:11:17.945+0100 [DEBUG] [org.gradle.internal.operations.DefaultBuildOperationRunner] Build operation 'Resolve gradle-enterprise-gradle-plugin-3.5.jar (com.gradle:gradle-enterprise-gradle-plugin:3.5)' started
2021-03-21T18:11:17.948+0100 [DEBUG] [org.gradle.cache.internal.DefaultCacheAccess] Creating new cache for metadata-2.97/module-artifact, path C:\Users\troyvs\.gradle\caches\modules-2\metadata-2.97\module-artifact.bin, access org.gradle.cache.internal.DefaultCacheAccess@b19ed2e
2021-03-21T18:11:17.949+0100 [DEBUG] [org.gradle.cache.internal.btree.BTreePersistentIndexedCache] Opening cache module-artifact.bin (C:\Users\troyvs\.gradle\caches\modules-2\metadata-2.97\module-artifact.bin)
2021-03-21T18:11:17.962+0100 [DEBUG] [org.gradle.cache.internal.btree.BTreePersistentIndexedCache] Opening cache file-access.bin (C:\Users\troyvs\.gradle\caches\journal-1\file-access.bin)
2021-03-21T18:11:17.963+0100 [DEBUG] [org.gradle.api.internal.artifacts.ivyservice.ivyresolve.CachingModuleComponentRepository] Found artifact 'gradle-enterprise-gradle-plugin-3.5.jar (com.gradle:gradle-enterprise-gradle-plugin:3.5)' in resolver cache: C:\Users\troyvs\.gradle\caches\modules-2\files-2.1\com.gradle\gradle-enterprise-gradle-plugin\3.5\85dcd16f792b4e5ca6a145b669030ab805b66446\gradle-enterprise-gradle-plugin-3.5.jar
2021-03-21T18:11:17.967+0100 [DEBUG] [org.gradle.internal.operations.DefaultBuildOperationRunner] Completing Build operation 'Resolve gradle-enterprise-gradle-plugin-3.5.jar (com.gradle:gradle-enterprise-gradle-plugin:3.5)'
2021-03-21T18:11:17.968+0100 [DEBUG] [org.gradle.internal.operations.DefaultBuildOperationRunner] Build operation 'Resolve gradle-enterprise-gradle-plugin-3.5.jar (com.gradle:gradle-enterprise-gradle-plugin:3.5)' completed
2021-03-21T18:11:17.968+0100 [DEBUG] [org.gradle.internal.work.DefaultWorkerLeaseService] Worker lease root.1.2.3 completed (1 worker(s) in use)
2021-03-21T18:11:17.968+0100 [DEBUG] [org.gradle.internal.resources.AbstractTrackedResourceLock] Daemon worker: released lock on root.1.2.3
2021-03-21T18:11:17.970+0100 [DEBUG] [org.gradle.internal.operations.DefaultBuildOperationRunner] Completing Build operation 'Resolve files of classpath'
2021-03-21T18:11:17.970+0100 [DEBUG] [org.gradle.internal.operations.DefaultBuildOperationRunner] Build operation 'Resolve files of classpath' completed
2021-03-21T18:11:17.979+0100 [DEBUG] [org.gradle.internal.component.model.LoggingAttributeMatchingExplanationBuilder] Selected match com.gradle:gradle-enterprise-gradle-plugin:3.5 configuration runtime from candidates [com.gradle:gradle-enterprise-gradle-plugin:3.5 configuration runtime] for {org.gradle.category=library, org.gradle.dependency.bundling=external, org.gradle.jvm.version=8, org.gradle.libraryelements=jar, org.gradle.usage=java-runtime}
2021-03-21T18:11:17.979+0100 [DEBUG] [org.gradle.internal.operations.DefaultBuildOperationRunner] Build operation 'Resolve files of classpath' started
2021-03-21T18:11:17.980+0100 [DEBUG] [org.gradle.internal.operations.DefaultBuildOperationRunner] Completing Build operation 'Resolve files of classpath'
2021-03-21T18:11:17.980+0100 [DEBUG] [org.gradle.internal.operations.DefaultBuildOperationRunner] Build operation 'Resolve files of classpath' completed
2021-03-21T18:11:17.984+0100 [DEBUG] [org.gradle.cache.internal.LockOnDemandCrossProcessCacheAccess] Acquiring file lock for jars (C:\Users\troyvs\.gradle\caches\jars-8)
2021-03-21T18:11:17.986+0100 [DEBUG] [org.gradle.cache.internal.DefaultFileLockManager] Waiting to acquire exclusive lock on jars (C:\Users\troyvs\.gradle\caches\jars-8).
2021-03-21T18:11:17.987+0100 [DEBUG] [org.gradle.cache.internal.DefaultFileLockManager] Lock acquired on jars (C:\Users\troyvs\.gradle\caches\jars-8).
2021-03-21T18:11:17.999+0100 [DEBUG] [org.gradle.cache.internal.btree.BTreePersistentIndexedCache] Opening cache fileHashes.bin (C:\Users\troyvs\.gradle\caches\6.8.1\fileHashes\fileHashes.bin)
2021-03-21T18:11:18.033+0100 [DEBUG] [org.gradle.cache.internal.btree.BTreePersistentIndexedCache] Opening cache resourceHashesCache.bin (C:\Users\troyvs\.gradle\caches\6.8.1\fileHashes\resourceHashesCache.bin)
2021-03-21T18:11:18.063+0100 [DEBUG] [org.gradle.internal.operations.DefaultBuildOperationRunner] Build operation 'Apply plugin com.gradle.enterprise to settings 'forge-1.16.5-36.1.0-mdk'' started
2021-03-21T18:11:18.100+0100 [DEBUG] [org.gradle.cache.internal.DefaultFileLockManager] Waiting to acquire exclusive lock on Workspace ID.
2021-03-21T18:11:18.101+0100 [DEBUG] [org.gradle.cache.internal.DefaultFileLockManager] Lock acquired on Workspace ID.
2021-03-21T18:11:18.101+0100 [DEBUG] [org.gradle.cache.internal.DefaultFileLockManager] Releasing lock on Workspace ID.
2021-03-21T18:11:18.102+0100 [DEBUG] [org.gradle.cache.internal.DefaultFileLockManager] Waiting to acquire exclusive lock on User ID.
2021-03-21T18:11:18.103+0100 [DEBUG] [org.gradle.cache.internal.DefaultFileLockManager] Lock acquired on User ID.
2021-03-21T18:11:18.103+0100 [DEBUG] [org.gradle.cache.internal.DefaultFileLockManager] Releasing lock on User ID.
2021-03-21T18:11:18.921+0100 [DEBUG] [org.gradle.cache.internal.DefaultFileLockManager] Waiting to acquire shared lock on daemon addresses registry.
2021-03-21T18:11:18.922+0100 [DEBUG] [org.gradle.cache.internal.DefaultFileLockManager] Lock acquired on daemon addresses registry.
2021-03-21T18:11:18.922+0100 [DEBUG] [org.gradle.cache.internal.DefaultFileLockManager] Releasing lock on daemon addresses registry.
2021-03-21T18:11:19.123+0100 [DEBUG] [org.gradle.internal.operations.DefaultBuildOperationRunner] Completing Build operation 'Apply plugin com.gradle.enterprise to settings 'forge-1.16.5-36.1.0-mdk''
2021-03-21T18:11:19.123+0100 [DEBUG] [org.gradle.internal.operations.DefaultBuildOperationRunner] Build operation 'Apply plugin com.gradle.enterprise to settings 'forge-1.16.5-36.1.0-mdk'' completed
2021-03-21T18:11:19.131+0100 [DEBUG] [org.gradle.initialization.ScriptEvaluatingSettingsProcessor] Timing: Processing settings took: 2.736 secs
2021-03-21T18:11:19.131+0100 [INFO] [org.gradle.internal.buildevents.BuildLogger] Settings evaluated using settings file 'D:\troy\Downloads\forge-1.16.5-36.1.0-mdk\settings.gradle'.
2021-03-21T18:11:19.137+0100 [DEBUG] [org.gradle.caching.configuration.internal.DefaultBuildCacheConfiguration] Found class org.gradle.caching.local.internal.DirectoryBuildCacheServiceFactory registered for class org.gradle.caching.local.DirectoryBuildCache
2021-03-21T18:11:19.143+0100 [DEBUG] [org.gradle.internal.operations.DefaultBuildOperationRunner] Build operation 'Finalize build cache configuration' started
2021-03-21T18:11:19.145+0100 [DEBUG] [org.gradle.internal.operations.DefaultBuildOperationRunner] Completing Build operation 'Finalize build cache configuration'
2021-03-21T18:11:19.145+0100 [DEBUG] [org.gradle.internal.operations.DefaultBuildOperationRunner] Build operation 'Finalize build cache configuration' completed
2021-03-21T18:11:19.146+0100 [DEBUG] [org.gradle.internal.operations.DefaultBuildOperationRunner] Completing Build operation 'Evaluate settings'
2021-03-21T18:11:19.146+0100 [DEBUG] [org.gradle.internal.operations.DefaultBuildOperationRunner] Build operation 'Evaluate settings' completed
2021-03-21T18:11:19.151+0100 [DEBUG] [org.gradle.internal.operations.DefaultBuildOperationRunner] Completing Build operation 'Load build'
2021-03-21T18:11:19.151+0100 [DEBUG] [org.gradle.internal.operations.DefaultBuildOperationRunner] Build operation 'Load build' completed
2021-03-21T18:11:19.152+0100 [DEBUG] [org.gradle.internal.operations.DefaultBuildOperationRunner] Build operation 'Configure build' started
2021-03-21T18:11:19.154+0100 [DEBUG] [org.gradle.internal.operations.DefaultBuildOperationRunner] Build operation 'Load projects' started
2021-03-21T18:11:19.251+0100 [DEBUG] [org.gradle.initialization.ProjectPropertySettingBuildLoader] Looking for project properties from: D:\troy\Downloads\forge-1.16.5-36.1.0-mdk\gradle.properties
2021-03-21T18:11:19.252+0100 [DEBUG] [org.gradle.initialization.ProjectPropertySettingBuildLoader] Adding project properties (if not overwritten by user properties): [org.gradle.jvmargs, org.gradle.daemon]
2021-03-21T18:11:19.262+0100 [DEBUG] [org.gradle.internal.operations.DefaultBuildOperationRunner] Completing Build operation 'Load projects'
2021-03-21T18:11:19.262+0100 [DEBUG] [org.gradle.internal.operations.DefaultBuildOperationRunner] Build operation 'Load projects' completed
2021-03-21T18:11:19.263+0100 [DEBUG] [org.gradle.internal.operations.DefaultBuildOperationRunner] Build operation 'Notify projectsLoaded listeners' started
2021-03-21T18:11:19.263+0100 [INFO] [org.gradle.internal.buildevents.BuildLogger] Projects loaded. Root project using build file 'D:\troy\Downloads\forge-1.16.5-36.1.0-mdk\build.gradle'.
2021-03-21T18:11:19.264+0100 [INFO] [org.gradle.internal.buildevents.BuildLogger] Included projects: [root project 'forge-1.16.5-36.1.0-mdk']
2021-03-21T18:11:19.265+0100 [DEBUG] [org.gradle.internal.operations.DefaultBuildOperationRunner] Build operation 'Execute 'rootProject {}' action' started
2021-03-21T18:11:19.267+0100 [DEBUG] [org.gradle.internal.resources.AbstractTrackedResourceLock] Daemon worker: acquired lock on :
2021-03-21T18:11:19.268+0100 [DEBUG] [org.gradle.internal.operations.DefaultBuildOperationRunner] Build operation 'Cross-configure project :' started
2021-03-21T18:11:19.270+0100 [DEBUG] [org.gradle.internal.operations.DefaultBuildOperationRunner] Build operation 'Execute Gradle.rootProject listener' started
2021-03-21T18:11:19.347+0100 [DEBUG] [org.gradle.model.internal.registry.DefaultModelRegistry] Project : - Transitioning model element '<root>' from state Registered to Created
2021-03-21T18:11:19.354+0100 [DEBUG] [org.gradle.model.internal.registry.DefaultModelRegistry] Project : - Transitioning model element '<root>' to state Discovered.
2021-03-21T18:11:19.357+0100 [DEBUG] [org.gradle.model.internal.registry.DefaultModelRegistry] Project : - Transitioning model element '<root>' to state Created.
2021-03-21T18:11:19.358+0100 [DEBUG] [org.gradle.internal.operations.DefaultBuildOperationRunner] Build operation 'Register task :provisionGradleEnterpriseAccessKey' started
2021-03-21T18:11:19.369+0100 [DEBUG] [org.gradle.internal.operations.DefaultBuildOperationRunner] Completing Build operation 'Register task :provisionGradleEnterpriseAccessKey'
2021-03-21T18:11:19.369+0100 [DEBUG] [org.gradle.internal.operations.DefaultBuildOperationRunner] Build operation 'Register task :provisionGradleEnterpriseAccessKey' completed
2021-03-21T18:11:19.370+0100 [DEBUG] [org.gradle.internal.operations.DefaultBuildOperationRunner] Build operation 'Register task :buildScanPublishPrevious' started
2021-03-21T18:11:19.370+0100 [DEBUG] [org.gradle.internal.operations.DefaultBuildOperationRunner] Completing Build operation 'Register task :buildScanPublishPrevious'
2021-03-21T18:11:19.370+0100 [DEBUG] [org.gradle.internal.operations.DefaultBuildOperationRunner] Build operation 'Register task :buildScanPublishPrevious' completed
2021-03-21T18:11:19.371+0100 [DEBUG] [org.gradle.internal.operations.DefaultBuildOperationRunner] Completing Build operation 'Execute Gradle.rootProject listener'
2021-03-21T18:11:19.371+0100 [DEBUG] [org.gradle.internal.operations.DefaultBuildOperationRunner] Build operation 'Execute Gradle.rootProject listener' completed
2021-03-21T18:11:19.371+0100 [DEBUG] [org.gradle.internal.operations.DefaultBuildOperationRunner] Completing Build operation 'Cross-configure project :'
2021-03-21T18:11:19.371+0100 [DEBUG] [org.gradle.internal.operations.DefaultBuildOperationRunner] Build operation 'Cross-configure project :' completed
2021-03-21T18:11:19.371+0100 [DEBUG] [org.gradle.internal.resources.AbstractTrackedResourceLock] Daemon worker: released lock on :
2021-03-21T18:11:19.371+0100 [DEBUG] [org.gradle.internal.operations.DefaultBuildOperationRunner] Completing Build operation 'Execute 'rootProject {}' action'
2021-03-21T18:11:19.372+0100 [DEBUG] [org.gradle.internal.operations.DefaultBuildOperationRunner] Build operation 'Execute 'rootProject {}' action' completed
2021-03-21T18:11:19.372+0100 [DEBUG] [org.gradle.internal.operations.DefaultBuildOperationRunner] Completing Build operation 'Notify projectsLoaded listeners'
2021-03-21T18:11:19.372+0100 [DEBUG] [org.gradle.internal.operations.DefaultBuildOperationRunner] Build operation 'Notify projectsLoaded listeners' completed
2021-03-21T18:11:19.372+0100 [DEBUG] [org.gradle.initialization.buildsrc.BuildSourceBuilder] Gradle source dir does not exist. We leave.
2021-03-21T18:11:19.382+0100 [DEBUG] [org.gradle.internal.operations.DefaultBuildOperationRunner] Build operation 'Configure project :' started
2021-03-21T18:11:19.384+0100 [DEBUG] [org.gradle.internal.operations.DefaultBuildOperationRunner] Build operation 'Notify beforeEvaluate listeners of :' started
2021-03-21T18:11:19.385+0100 [DEBUG] [org.gradle.internal.operations.DefaultBuildOperationRunner] Completing Build operation 'Notify beforeEvaluate listeners of :'
2021-03-21T18:11:19.392+0100 [DEBUG] [org.gradle.internal.operations.DefaultBuildOperationRunner] Build operation 'Apply plugin org.gradle.help-tasks to root project 'forge-1.16.5-36.1.0-mdk'' started
2021-03-21T18:11:19.395+0100 [DEBUG] [org.gradle.internal.operations.DefaultBuildOperationRunner] Build operation 'Register task :help' started
2021-03-21T18:11:19.395+0100 [DEBUG] [org.gradle.internal.operations.DefaultBuildOperationRunner] Completing Build operation 'Register task :help'
2021-03-21T18:11:19.398+0100 [DEBUG] [org.gradle.internal.operations.DefaultBuildOperationRunner] Build operation 'Register task :projects' started
2021-03-21T18:11:19.398+0100 [DEBUG] [org.gradle.internal.operations.DefaultBuildOperationRunner] Completing Build operation 'Register task :projects'
2021-03-21T18:11:19.400+0100 [DEBUG] [org.gradle.internal.operations.DefaultBuildOperationRunner] Build operation 'Register task :tasks' started
2021-03-21T18:11:19.400+0100 [DEBUG] [org.gradle.internal.operations.DefaultBuildOperationRunner] Completing Build operation 'Register task :tasks'
2021-03-21T18:11:19.401+0100 [DEBUG] [org.gradle.internal.operations.DefaultBuildOperationRunner] Build operation 'Register task :properties' started
2021-03-21T18:11:19.401+0100 [DEBUG] [org.gradle.internal.operations.DefaultBuildOperationRunner] Completing Build operation 'Register task :properties'
2021-03-21T18:11:19.423+0100 [DEBUG] [org.gradle.internal.operations.DefaultBuildOperationRunner] Build operation 'Register task :dependencyInsight' started
2021-03-21T18:11:19.423+0100 [DEBUG] [org.gradle.internal.operations.DefaultBuildOperationRunner] Completing Build operation 'Register task :dependencyInsight'
2021-03-21T18:11:19.424+0100 [DEBUG] [org.gradle.internal.operations.DefaultBuildOperationRunner] Build operation 'Register task :dependencies' started
2021-03-21T18:11:19.424+0100 [DEBUG] [org.gradle.internal.operations.DefaultBuildOperationRunner] Completing Build operation 'Register task :dependencies'
2021-03-21T18:11:19.425+0100 [DEBUG] [org.gradle.internal.operations.DefaultBuildOperationRunner] Build operation 'Register task :buildEnvironment' started
2021-03-21T18:11:19.425+0100 [DEBUG] [org.gradle.internal.operations.DefaultBuildOperationRunner] Completing Build operation 'Register task :buildEnvironment'
2021-03-21T18:11:19.426+0100 [DEBUG] [org.gradle.internal.operations.DefaultBuildOperationRunner] Build operation 'Register task :components' started
2021-03-21T18:11:19.426+0100 [DEBUG] [org.gradle.internal.operations.DefaultBuildOperationRunner] Completing Build operation 'Register task :components'
2021-03-21T18:11:19.428+0100 [DEBUG] [org.gradle.internal.operations.DefaultBuildOperationRunner] Build operation 'Register task :model' started
2021-03-21T18:11:19.428+0100 [DEBUG] [org.gradle.internal.operations.DefaultBuildOperationRunner] Completing Build operation 'Register task :model'
2021-03-21T18:11:19.430+0100 [DEBUG] [org.gradle.internal.operations.DefaultBuildOperationRunner] Build operation 'Register task :dependentComponents' started
2021-03-21T18:11:19.430+0100 [DEBUG] [org.gradle.internal.operations.DefaultBuildOperationRunner] Completing Build operation 'Register task :dependentComponents'
2021-03-21T18:11:19.430+0100 [DEBUG] [org.gradle.internal.operations.DefaultBuildOperationRunner] Build operation 'Register task :outgoingVariants' started
2021-03-21T18:11:19.430+0100 [DEBUG] [org.gradle.internal.operations.DefaultBuildOperationRunner] Completing Build operation 'Register task :outgoingVariants'
2021-03-21T18:11:19.431+0100 [DEBUG] [org.gradle.internal.operations.DefaultBuildOperationRunner] Completing Build operation 'Apply plugin org.gradle.help-tasks to root project 'forge-1.16.5-36.1.0-mdk''
2021-03-21T18:11:19.432+0100 [DEBUG] [org.gradle.internal.operations.DefaultBuildOperationRunner] Build operation 'Register task :javaToolchains' started
2021-03-21T18:11:19.432+0100 [DEBUG] [org.gradle.internal.operations.DefaultBuildOperationRunner] Completing Build operation 'Register task :javaToolchains'
2021-03-21T18:11:19.500+0100 [DEBUG] [org.gradle.internal.operations.DefaultBuildOperationRunner] Build operation 'Register task :prepareKotlinBuildScriptModel' started
2021-03-21T18:11:19.500+0100 [DEBUG] [org.gradle.internal.operations.DefaultBuildOperationRunner] Completing Build operation 'Register task :prepareKotlinBuildScriptModel'
2021-03-21T18:11:19.503+0100 [DEBUG] [org.gradle.internal.operations.DefaultBuildOperationRunner] Build operation 'Apply plugin org.gradle.build-init to root project 'forge-1.16.5-36.1.0-mdk'' started
2021-03-21T18:11:19.508+0100 [DEBUG] [org.gradle.internal.operations.DefaultBuildOperationRunner] Build operation 'Register task :init' started
2021-03-21T18:11:19.510+0100 [DEBUG] [org.gradle.internal.operations.DefaultBuildOperationRunner] Completing Build operation 'Register task :init'
2021-03-21T18:11:19.510+0100 [DEBUG] [org.gradle.internal.operations.DefaultBuildOperationRunner] Completing Build operation 'Apply plugin org.gradle.build-init to root project 'forge-1.16.5-36.1.0-mdk''
2021-03-21T18:11:19.512+0100 [DEBUG] [org.gradle.internal.operations.DefaultBuildOperationRunner] Build operation 'Apply plugin org.gradle.wrapper to root project 'forge-1.16.5-36.1.0-mdk'' started
2021-03-21T18:11:19.515+0100 [DEBUG] [org.gradle.internal.operations.DefaultBuildOperationRunner] Build operation 'Register task :wrapper' started
2021-03-21T18:11:19.515+0100 [DEBUG] [org.gradle.internal.operations.DefaultBuildOperationRunner] Completing Build operation 'Register task :wrapper'
2021-03-21T18:11:19.515+0100 [DEBUG] [org.gradle.internal.operations.DefaultBuildOperationRunner] Completing Build operation 'Apply plugin org.gradle.wrapper to root project 'forge-1.16.5-36.1.0-mdk''
2021-03-21T18:11:19.523+0100 [DEBUG] [org.gradle.internal.operations.DefaultBuildOperationRunner] Build operation 'Apply build file 'build.gradle' to root project 'forge-1.16.5-36.1.0-mdk'' started
2021-03-21T18:11:19.932+0100 [DEBUG] [org.gradle.internal.operations.DefaultBuildOperationRunner] Build operation 'Resolve dependencies of :classpath' started
2021-03-21T18:11:20.190+0100 [DEBUG] [org.gradle.internal.operations.DefaultBuildOperationRunner] Completing Build operation 'Resolve dependencies of :classpath'
2021-03-21T18:11:20.198+0100 [DEBUG] [org.gradle.internal.operations.DefaultBuildOperationRunner] Build operation 'Resolve files of :classpath' started
2021-03-21T18:11:20.202+0100 [DEBUG] [org.gradle.internal.work.DefaultWorkerLeaseService] Worker lease root.1.5.6 started (1 worker(s) in use).
2021-03-21T18:11:20.202+0100 [DEBUG] [org.gradle.internal.resources.AbstractTrackedResourceLock] Build operations Thread 12: acquired lock on root.1.5.6
2021-03-21T18:11:20.202+0100 [DEBUG] [org.gradle.internal.work.DefaultWorkerLeaseService] Worker lease root.1.5.9 started (2 worker(s) in use).
2021-03-21T18:11:20.202+0100 [DEBUG] [org.gradle.internal.operations.DefaultBuildOperationRunner] Build operation 'Resolve commons-io-2.8.0.jar (commons-io:commons-io:2.8.0)' started
2021-03-21T18:11:20.202+0100 [DEBUG] [org.gradle.internal.resources.AbstractTrackedResourceLock] Build operations Thread 11: acquired lock on root.1.5.9
2021-03-21T18:11:20.203+0100 [DEBUG] [org.gradle.internal.operations.DefaultBuildOperationRunner] Build operation 'Resolve srgutils-0.4.1.jar (net.minecraftforge:srgutils:0.4.1)' started
2021-03-21T18:11:20.203+0100 [DEBUG] [org.gradle.internal.work.DefaultWorkerLeaseService] Worker lease root.1.5.8 started (3 worker(s) in use).
2021-03-21T18:11:20.204+0100 [DEBUG] [org.gradle.internal.resources.AbstractTrackedResourceLock] Build operations: acquired lock on root.1.5.8
2021-03-21T18:11:20.204+0100 [DEBUG] [org.gradle.internal.work.DefaultWorkerLeaseService] Worker lease root.1.5.18 started (4 worker(s) in use).
2021-03-21T18:11:20.204+0100 [DEBUG] [org.gradle.internal.resources.AbstractTrackedResourceLock] Build operations Thread 2: acquired lock on root.1.5.18
2021-03-21T18:11:20.204+0100 [DEBUG] [org.gradle.internal.operations.DefaultBuildOperationRunner] Build operation 'Resolve ForgeGradle-4.1.3.jar (net.minecraftforge.gradle:ForgeGradle:4.1.3)' started
2021-03-21T18:11:20.204+0100 [DEBUG] [org.gradle.internal.operations.DefaultBuildOperationRunner] Build operation 'Resolve DiffPatch-2.0.2-all.jar (net.minecraftforge:DiffPatch:2.0.2)' started
2021-03-21T18:11:20.204+0100 [DEBUG] [org.gradle.internal.work.DefaultWorkerLeaseService] Worker lease root.1.5.17 started (5 worker(s) in use).
2021-03-21T18:11:20.205+0100 [DEBUG] [org.gradle.internal.resources.AbstractTrackedResourceLock] Build operations Thread 3: acquired lock on root.1.5.17
2021-03-21T18:11:20.205+0100 [DEBUG] [org.gradle.internal.operations.DefaultBuildOperationRunner] Build operation 'Resolve lzma-java-1.3.jar (com.github.jponge:lzma-java:1.3)' started
2021-03-21T18:11:20.206+0100 [DEBUG] [org.gradle.internal.operations.DefaultBuildOperationRunner] Completing Build operation 'Resolve ForgeGradle-4.1.3.jar (net.minecraftforge.gradle:ForgeGradle:4.1.3)'
2021-03-21T18:11:20.206+0100 [DEBUG] [org.gradle.internal.operations.DefaultBuildOperationRunner] Build operation 'Resolve ForgeGradle-4.1.3.jar (net.minecraftforge.gradle:ForgeGradle:4.1.3)' completed
2021-03-21T18:11:20.206+0100 [DEBUG] [org.gradle.internal.operations.DefaultBuildOperationRunner] Build operation 'Resolve failureaccess-1.0.1.jar (com.google.guava:failureaccess:1.0.1)' started
2021-03-21T18:11:20.206+0100 [DEBUG] [org.gradle.internal.operations.DefaultBuildOperationRunner] Completing Build operation 'Resolve commons-io-2.8.0.jar (commons-io:commons-io:2.8.0)'
2021-03-21T18:11:20.206+0100 [DEBUG] [org.gradle.internal.operations.DefaultBuildOperationRunner] Build operation 'Resolve commons-io-2.8.0.jar (commons-io:commons-io:2.8.0)' completed
2021-03-21T18:11:20.206+0100 [DEBUG] [org.gradle.internal.operations.DefaultBuildOperationRunner] Build operation 'Resolve listenablefuture-9999.0-empty-to-avoid-conflict-with-guava.jar (com.google.guava:listenablefuture:9999.0-empty-to-avoid-conflict-with-guava)' started
2021-03-21T18:11:20.207+0100 [DEBUG] [org.gradle.internal.operations.DefaultBuildOperationRunner] Completing Build operation 'Resolve failureaccess-1.0.1.jar (com.google.guava:failureaccess:1.0.1)'
2021-03-21T18:11:20.207+0100 [DEBUG] [org.gradle.internal.operations.DefaultBuildOperationRunner] Build operation 'Resolve failureaccess-1.0.1.jar (com.google.guava:failureaccess:1.0.1)' completed
2021-03-21T18:11:20.207+0100 [DEBUG] [org.gradle.internal.operations.DefaultBuildOperationRunner] Build operation 'Resolve jsr305-3.0.2.jar (com.google.code.findbugs:jsr305:3.0.2)' started
2021-03-21T18:11:20.208+0100 [DEBUG] [org.gradle.internal.operations.DefaultBuildOperationRunner] Completing Build operation 'Resolve listenablefuture-9999.0-empty-to-avoid-conflict-with-guava.jar (com.google.guava:listenablefuture:9999.0-empty-to-avoid-conflict-with-guava)'
2021-03-21T18:11:20.208+0100 [DEBUG] [org.gradle.internal.operations.DefaultBuildOperationRunner] Build operation 'Resolve listenablefuture-9999.0-empty-to-avoid-conflict-with-guava.jar (com.google.guava:listenablefuture:9999.0-empty-to-avoid-conflict-with-guava)' completed
2021-03-21T18:11:20.205+0100 [DEBUG] [org.gradle.internal.work.DefaultWorkerLeaseService] Worker lease root.1.5.16 started (6 worker(s) in use).
2021-03-21T18:11:20.208+0100 [DEBUG] [org.gradle.internal.resources.AbstractTrackedResourceLock] Build operations Thread 5: acquired lock on root.1.5.16
2021-03-21T18:11:20.209+0100 [DEBUG] [org.gradle.internal.operations.DefaultBuildOperationRunner] Build operation 'Resolve gson-2.8.6.jar (com.google.code.gson:gson:2.8.6)' started
2021-03-21T18:11:20.209+0100 [DEBUG] [org.gradle.internal.work.DefaultWorkerLeaseService] Worker lease root.1.5.15 started (8 worker(s) in use).
2021-03-21T18:11:20.208+0100 [DEBUG] [org.gradle.internal.operations.DefaultBuildOperationRunner] Build operation 'Resolve checker-qual-3.5.0.jar (org.checkerframework:checker-qual:3.5.0)' started
2021-03-21T18:11:20.210+0100 [DEBUG] [org.gradle.internal.operations.DefaultBuildOperationRunner] Completing Build operation 'Resolve lzma-java-1.3.jar (com.github.jponge:lzma-java:1.3)'
2021-03-21T18:11:20.210+0100 [DEBUG] [org.gradle.internal.operations.DefaultBuildOperationRunner] Build operation 'Resolve lzma-java-1.3.jar (com.github.jponge:lzma-java:1.3)' completed
2021-03-21T18:11:20.210+0100 [DEBUG] [org.gradle.internal.operations.DefaultBuildOperationRunner] Build operation 'Resolve error_prone_annotations-2.3.4.jar (com.google.errorprone:error_prone_annotations:2.3.4)' started
2021-03-21T18:11:20.210+0100 [DEBUG] [org.gradle.internal.operations.DefaultBuildOperationRunner] Completing Build operation 'Resolve DiffPatch-2.0.2-all.jar (net.minecraftforge:DiffPatch:2.0.2)'
2021-03-21T18:11:20.210+0100 [DEBUG] [org.gradle.internal.operations.DefaultBuildOperationRunner] Build operation 'Resolve DiffPatch-2.0.2-all.jar (net.minecraftforge:DiffPatch:2.0.2)' completed
2021-03-21T18:11:20.210+0100 [DEBUG] [org.gradle.internal.operations.DefaultBuildOperationRunner] Build operation 'Resolve j2objc-annotations-1.3.jar (com.google.j2objc:j2objc-annotations:1.3)' started
2021-03-21T18:11:20.211+0100 [DEBUG] [org.gradle.internal.operations.DefaultBuildOperationRunner] Completing Build operation 'Resolve jsr305-3.0.2.jar (com.google.code.findbugs:jsr305:3.0.2)'
2021-03-21T18:11:20.211+0100 [DEBUG] [org.gradle.internal.operations.DefaultBuildOperationRunner] Build operation 'Resolve jsr305-3.0.2.jar (com.google.code.findbugs:jsr305:3.0.2)' completed
2021-03-21T18:11:20.211+0100 [DEBUG] [org.gradle.internal.operations.DefaultBuildOperationRunner] Build operation 'Resolve plexus-utils-3.2.1.jar (org.codehaus.plexus:plexus-utils:3.2.1)' started
2021-03-21T18:11:20.209+0100 [DEBUG] [org.gradle.internal.resources.AbstractTrackedResourceLock] Build operations Thread 4: acquired lock on root.1.5.15
2021-03-21T18:11:20.212+0100 [DEBUG] [org.gradle.internal.operations.DefaultBuildOperationRunner] Completing Build operation 'Resolve checker-qual-3.5.0.jar (org.checkerframework:checker-qual:3.5.0)'
2021-03-21T18:11:20.212+0100 [DEBUG] [org.gradle.internal.operations.DefaultBuildOperationRunner] Build operation 'Resolve checker-qual-3.5.0.jar (org.checkerframework:checker-qual:3.5.0)' completed
2021-03-21T18:11:20.209+0100 [DEBUG] [org.gradle.internal.operations.DefaultBuildOperationRunner] Build operation 'Resolve trove-1.0.2.jar (trove:trove:1.0.2)' started
2021-03-21T18:11:20.213+0100 [DEBUG] [org.gradle.internal.operations.DefaultBuildOperationRunner] Completing Build operation 'Resolve plexus-utils-3.2.1.jar (org.codehaus.plexus:plexus-utils:3.2.1)'
2021-03-21T18:11:20.213+0100 [DEBUG] [org.gradle.internal.operations.DefaultBuildOperationRunner] Build operation 'Resolve plexus-utils-3.2.1.jar (org.codehaus.plexus:plexus-utils:3.2.1)' completed
2021-03-21T18:11:20.213+0100 [DEBUG] [org.gradle.internal.operations.DefaultBuildOperationRunner] Build operation 'Resolve httpcore-4.4.13.jar (org.apache.httpcomponents:httpcore:4.4.13)' started
2021-03-21T18:11:20.209+0100 [DEBUG] [org.gradle.internal.operations.DefaultBuildOperationRunner] Completing Build operation 'Resolve srgutils-0.4.1.jar (net.minecraftforge:srgutils:0.4.1)'
2021-03-21T18:11:20.213+0100 [DEBUG] [org.gradle.internal.operations.DefaultBuildOperationRunner] Build operation 'Resolve srgutils-0.4.1.jar (net.minecraftforge:srgutils:0.4.1)' completed
2021-03-21T18:11:20.212+0100 [DEBUG] [org.gradle.internal.operations.DefaultBuildOperationRunner] Build operation 'Resolve commons-lang3-3.9.jar (org.apache.commons:commons-lang3:3.9)' started
2021-03-21T18:11:20.214+0100 [DEBUG] [org.gradle.internal.operations.DefaultBuildOperationRunner] Completing Build operation 'Resolve httpcore-4.4.13.jar (org.apache.httpcomponents:httpcore:4.4.13)'
2021-03-21T18:11:20.212+0100 [DEBUG] [org.gradle.internal.work.DefaultWorkerLeaseService] Worker lease root.1.5.14 started (9 worker(s) in use).
2021-03-21T18:11:20.211+0100 [DEBUG] [org.gradle.internal.operations.DefaultBuildOperationRunner] Build operation 'Resolve javaxdelta-2.0.1.jar (com.nothome:javaxdelta:2.0.1)' started
2021-03-21T18:11:20.214+0100 [DEBUG] [org.gradle.internal.operations.DefaultBuildOperationRunner] Completing Build operation 'Resolve gson-2.8.6.jar (com.google.code.gson:gson:2.8.6)'
2021-03-21T18:11:20.214+0100 [DEBUG] [org.gradle.internal.operations.DefaultBuildOperationRunner] Build operation 'Resolve gson-2.8.6.jar (com.google.code.gson:gson:2.8.6)' completed
2021-03-21T18:11:20.214+0100 [DEBUG] [org.gradle.internal.operations.DefaultBuildOperationRunner] Completing Build operation 'Resolve error_prone_annotations-2.3.4.jar (com.google.errorprone:error_prone_annotations:2.3.4)'
2021-03-21T18:11:20.214+0100 [DEBUG] [org.gradle.internal.resources.AbstractTrackedResourceLock] Build operations Thread 6: acquired lock on root.1.5.14
2021-03-21T18:11:20.214+0100 [DEBUG] [org.gradle.internal.operations.DefaultBuildOperationRunner] Build operation 'Resolve httpcore-4.4.13.jar (org.apache.httpcomponents:httpcore:4.4.13)' completed
2021-03-21T18:11:20.215+0100 [DEBUG] [org.gradle.internal.operations.DefaultBuildOperationRunner] Completing Build operation 'Resolve javaxdelta-2.0.1.jar (com.nothome:javaxdelta:2.0.1)'
2021-03-21T18:11:20.216+0100 [DEBUG] [org.gradle.internal.operations.DefaultBuildOperationRunner] Completing Build operation 'Resolve trove-1.0.2.jar (trove:trove:1.0.2)'
2021-03-21T18:11:20.216+0100 [DEBUG] [org.gradle.internal.operations.DefaultBuildOperationRunner] Build operation 'Resolve commons-compress-1.18.jar (org.apache.commons:commons-compress:1.18)' started
2021-03-21T18:11:20.213+0100 [DEBUG] [org.gradle.internal.operations.DefaultBuildOperationRunner] Build operation 'Resolve commons-logging-1.2.jar (commons-logging:commons-logging:1.2)' started
2021-03-21T18:11:20.217+0100 [DEBUG] [org.gradle.internal.operations.DefaultBuildOperationRunner] Completing Build operation 'Resolve commons-lang3-3.9.jar (org.apache.commons:commons-lang3:3.9)'
2021-03-21T18:11:20.217+0100 [DEBUG] [org.gradle.internal.operations.DefaultBuildOperationRunner] Build operation 'Resolve commons-lang3-3.9.jar (org.apache.commons:commons-lang3:3.9)' completed
2021-03-21T18:11:20.218+0100 [DEBUG] [org.gradle.internal.operations.DefaultBuildOperationRunner] Build operation 'Resolve xz-1.8.jar (org.tukaani:xz:1.8)' started
2021-03-21T18:11:20.215+0100 [DEBUG] [org.gradle.internal.operations.DefaultBuildOperationRunner] Build operation 'Resolve javaxdelta-2.0.1.jar (com.nothome:javaxdelta:2.0.1)' completed
2021-03-21T18:11:20.218+0100 [DEBUG] [org.gradle.internal.operations.DefaultBuildOperationRunner] Build operation 'Resolve jopt-simple-5.0.4.jar (net.sf.jopt-simple:jopt-simple:5.0.4)' started
2021-03-21T18:11:20.219+0100 [DEBUG] [org.gradle.internal.operations.DefaultBuildOperationRunner] Completing Build operation 'Resolve commons-logging-1.2.jar (commons-logging:commons-logging:1.2)'
2021-03-21T18:11:20.219+0100 [DEBUG] [org.gradle.internal.operations.DefaultBuildOperationRunner] Build operation 'Resolve commons-logging-1.2.jar (commons-logging:commons-logging:1.2)' completed
2021-03-21T18:11:20.219+0100 [DEBUG] [org.gradle.internal.operations.DefaultBuildOperationRunner] Completing Build operation 'Resolve xz-1.8.jar (org.tukaani:xz:1.8)'
2021-03-21T18:11:20.220+0100 [DEBUG] [org.gradle.internal.operations.DefaultBuildOperationRunner] Build operation 'Resolve xz-1.8.jar (org.tukaani:xz:1.8)' completed
2021-03-21T18:11:20.215+0100 [DEBUG] [org.gradle.internal.operations.DefaultBuildOperationRunner] Build operation 'Resolve fastutil-8.3.1.jar (it.unimi.dsi:fastutil:8.3.1)' started
2021-03-21T18:11:20.215+0100 [DEBUG] [org.gradle.internal.work.DefaultWorkerLeaseService] Worker lease root.1.5.13 started (10 worker(s) in use).
2021-03-21T18:11:20.222+0100 [DEBUG] [org.gradle.internal.resources.AbstractTrackedResourceLock] Build operations Thread 7: acquired lock on root.1.5.13
2021-03-21T18:11:20.222+0100 [DEBUG] [org.gradle.internal.operations.DefaultBuildOperationRunner] Build operation 'Resolve guava-30.1-jre.jar (com.google.guava:guava:30.1-jre)' started
2021-03-21T18:11:20.215+0100 [DEBUG] [org.gradle.internal.operations.DefaultBuildOperationRunner] Build operation 'Resolve artifactural-2.0.3.jar (net.minecraftforge:artifactural:2.0.3)' started
2021-03-21T18:11:20.215+0100 [DEBUG] [org.gradle.internal.operations.DefaultBuildOperationRunner] Build operation 'Resolve error_prone_annotations-2.3.4.jar (com.google.errorprone:error_prone_annotations:2.3.4)' completed
2021-03-21T18:11:20.214+0100 [DEBUG] [org.gradle.internal.operations.DefaultBuildOperationRunner] Build operation 'Resolve commons-codec-1.11.jar (commons-codec:commons-codec:1.11)' started
2021-03-21T18:11:20.222+0100 [DEBUG] [org.gradle.internal.work.DefaultWorkerLeaseService] Worker lease root.1.5.11 started (11 worker(s) in use).
2021-03-21T18:11:20.224+0100 [DEBUG] [org.gradle.internal.operations.DefaultBuildOperationRunner] Completing Build operation 'Resolve artifactural-2.0.3.jar (net.minecraftforge:artifactural:2.0.3)'
2021-03-21T18:11:20.225+0100 [DEBUG] [org.gradle.internal.operations.DefaultBuildOperationRunner] Build operation 'Resolve artifactural-2.0.3.jar (net.minecraftforge:artifactural:2.0.3)' completed
2021-03-21T18:11:20.229+0100 [DEBUG] [org.gradle.internal.operations.DefaultBuildOperationRunner] Completing Build operation 'Resolve commons-compress-1.18.jar (org.apache.commons:commons-compress:1.18)'
2021-03-21T18:11:20.221+0100 [DEBUG] [org.gradle.internal.operations.DefaultBuildOperationRunner] Completing Build operation 'Resolve j2objc-annotations-1.3.jar (com.google.j2objc:j2objc-annotations:1.3)'
2021-03-21T18:11:20.230+0100 [DEBUG] [org.gradle.internal.operations.DefaultBuildOperationRunner] Build operation 'Resolve j2objc-annotations-1.3.jar (com.google.j2objc:j2objc-annotations:1.3)' completed
2021-03-21T18:11:20.232+0100 [DEBUG] [org.gradle.internal.operations.DefaultBuildOperationRunner] Completing Build operation 'Resolve fastutil-8.3.1.jar (it.unimi.dsi:fastutil:8.3.1)'
2021-03-21T18:11:20.232+0100 [DEBUG] [org.gradle.internal.operations.DefaultBuildOperationRunner] Build operation 'Resolve fastutil-8.3.1.jar (it.unimi.dsi:fastutil:8.3.1)' completed
2021-03-21T18:11:20.232+0100 [DEBUG] [org.gradle.internal.operations.DefaultBuildOperationRunner] Completing Build operation 'Resolve commons-codec-1.11.jar (commons-codec:commons-codec:1.11)'
2021-03-21T18:11:20.232+0100 [DEBUG] [org.gradle.internal.operations.DefaultBuildOperationRunner] Build operation 'Resolve commons-codec-1.11.jar (commons-codec:commons-codec:1.11)' completed
2021-03-21T18:11:20.233+0100 [DEBUG] [org.gradle.internal.operations.DefaultBuildOperationRunner] Completing Build operation 'Resolve guava-30.1-jre.jar (com.google.guava:guava:30.1-jre)'
2021-03-21T18:11:20.224+0100 [DEBUG] [org.gradle.internal.resources.AbstractTrackedResourceLock] Build operations Thread 9: acquired lock on root.1.5.11
2021-03-21T18:11:20.233+0100 [DEBUG] [org.gradle.internal.operations.DefaultBuildOperationRunner] Build operation 'Resolve guava-30.1-jre.jar (com.google.guava:guava:30.1-jre)' completed
2021-03-21T18:11:20.233+0100 [DEBUG] [org.gradle.internal.operations.DefaultBuildOperationRunner] Build operation 'Resolve maven-artifact-3.6.3.jar (org.apache.maven:maven-artifact:3.6.3)' started
2021-03-21T18:11:20.234+0100 [DEBUG] [org.gradle.internal.operations.DefaultBuildOperationRunner] Completing Build operation 'Resolve jopt-simple-5.0.4.jar (net.sf.jopt-simple:jopt-simple:5.0.4)'
2021-03-21T18:11:20.234+0100 [DEBUG] [org.gradle.internal.work.DefaultWorkerLeaseService] Worker lease root.1.5.10 started (12 worker(s) in use).
2021-03-21T18:11:20.234+0100 [DEBUG] [org.gradle.internal.resources.AbstractTrackedResourceLock] Build operations Thread 10: acquired lock on root.1.5.10
2021-03-21T18:11:20.234+0100 [DEBUG] [org.gradle.internal.operations.DefaultBuildOperationRunner] Build operation 'Resolve jopt-simple-5.0.4.jar (net.sf.jopt-simple:jopt-simple:5.0.4)' completed
2021-03-21T18:11:20.235+0100 [DEBUG] [org.gradle.internal.operations.DefaultBuildOperationRunner] Completing Build operation 'Resolve maven-artifact-3.6.3.jar (org.apache.maven:maven-artifact:3.6.3)'
2021-03-21T18:11:20.235+0100 [DEBUG] [org.gradle.internal.operations.DefaultBuildOperationRunner] Build operation 'Resolve maven-artifact-3.6.3.jar (org.apache.maven:maven-artifact:3.6.3)' completed
2021-03-21T18:11:20.234+0100 [DEBUG] [org.gradle.internal.work.DefaultWorkerLeaseService] Worker lease root.1.5.13 completed (11 worker(s) in use)
2021-03-21T18:11:20.235+0100 [DEBUG] [org.gradle.internal.resources.AbstractTrackedResourceLock] Build operations Thread 7: released lock on root.1.5.13
2021-03-21T18:11:20.234+0100 [DEBUG] [org.gradle.internal.operations.DefaultBuildOperationRunner] Build operation 'Resolve httpclient-4.5.13.jar (org.apache.httpcomponents:httpclient:4.5.13)' started
2021-03-21T18:11:20.237+0100 [DEBUG] [org.gradle.internal.work.DefaultWorkerLeaseService] Worker lease root.1.5.16 completed (10 worker(s) in use)
2021-03-21T18:11:20.237+0100 [DEBUG] [org.gradle.internal.resources.AbstractTrackedResourceLock] Build operations Thread 5: released lock on root.1.5.16
2021-03-21T18:11:20.238+0100 [DEBUG] [org.gradle.internal.operations.DefaultBuildOperationRunner] Completing Build operation 'Resolve httpclient-4.5.13.jar (org.apache.httpcomponents:httpclient:4.5.13)'
2021-03-21T18:11:20.238+0100 [DEBUG] [org.gradle.internal.operations.DefaultBuildOperationRunner] Build operation 'Resolve httpclient-4.5.13.jar (org.apache.httpcomponents:httpclient:4.5.13)' completed
2021-03-21T18:11:20.238+0100 [DEBUG] [org.gradle.internal.work.DefaultWorkerLeaseService] Worker lease root.1.5.10 completed (9 worker(s) in use)
2021-03-21T18:11:20.238+0100 [DEBUG] [org.gradle.internal.resources.AbstractTrackedResourceLock] Build operations Thread 10: released lock on root.1.5.10
2021-03-21T18:11:20.238+0100 [DEBUG] [org.gradle.internal.work.DefaultWorkerLeaseService] Worker lease root.1.5.18 completed (8 worker(s) in use)
2021-03-21T18:11:20.238+0100 [DEBUG] [org.gradle.internal.resources.AbstractTrackedResourceLock] Build operations Thread 2: released lock on root.1.5.18
2021-03-21T18:11:20.238+0100 [DEBUG] [org.gradle.internal.work.DefaultWorkerLeaseService] Worker lease root.1.5.8 completed (7 worker(s) in use)
2021-03-21T18:11:20.239+0100 [DEBUG] [org.gradle.internal.resources.AbstractTrackedResourceLock] Build operations: released lock on root.1.5.8
2021-03-21T18:11:20.239+0100 [DEBUG] [org.gradle.internal.work.DefaultWorkerLeaseService] Worker lease root.1.5.14 completed (5 worker(s) in use)
2021-03-21T18:11:20.239+0100 [DEBUG] [org.gradle.internal.resources.AbstractTrackedResourceLock] Build operations Thread 6: released lock on root.1.5.14
2021-03-21T18:11:20.239+0100 [DEBUG] [org.gradle.internal.work.DefaultWorkerLeaseService] Worker lease root.1.5.17 completed (4 worker(s) in use)
2021-03-21T18:11:20.240+0100 [DEBUG] [org.gradle.internal.resources.AbstractTrackedResourceLock] Build operations Thread 3: released lock on root.1.5.17
2021-03-21T18:11:20.240+0100 [DEBUG] [org.gradle.internal.work.DefaultWorkerLeaseService] Worker lease root.1.5.6 completed (3 worker(s) in use)
2021-03-21T18:11:20.240+0100 [DEBUG] [org.gradle.internal.resources.AbstractTrackedResourceLock] Build operations Thread 12: released lock on root.1.5.6
2021-03-21T18:11:20.240+0100 [DEBUG] [org.gradle.internal.work.DefaultWorkerLeaseService] Worker lease root.1.5.9 completed (2 worker(s) in use)
2021-03-21T18:11:20.240+0100 [DEBUG] [org.gradle.internal.resources.AbstractTrackedResourceLock] Build operations Thread 11: released lock on root.1.5.9
2021-03-21T18:11:20.240+0100 [DEBUG] [org.gradle.internal.work.DefaultWorkerLeaseService] Worker lease root.1.5.12 started (3 worker(s) in use).
2021-03-21T18:11:20.240+0100 [DEBUG] [org.gradle.internal.resources.AbstractTrackedResourceLock] Build operations Thread 8: acquired lock on root.1.5.12
2021-03-21T18:11:20.240+0100 [DEBUG] [org.gradle.internal.work.DefaultWorkerLeaseService] Worker lease root.1.5.11 completed (2 worker(s) in use)
2021-03-21T18:11:20.241+0100 [DEBUG] [org.gradle.internal.resources.AbstractTrackedResourceLock] Build operations Thread 9: released lock on root.1.5.11
2021-03-21T18:11:20.240+0100 [DEBUG] [org.gradle.internal.operations.DefaultBuildOperationRunner] Build operation 'Resolve fastcsv-2.0.0.jar (de.siegmar:fastcsv:2.0.0)' started
2021-03-21T18:11:20.241+0100 [DEBUG] [org.gradle.internal.work.DefaultWorkerLeaseService] Worker lease root.1.5.15 completed (1 worker(s) in use)
2021-03-21T18:11:20.241+0100 [DEBUG] [org.gradle.internal.resources.AbstractTrackedResourceLock] Build operations Thread 4: released lock on root.1.5.15
2021-03-21T18:11:20.242+0100 [DEBUG] [org.gradle.internal.operations.DefaultBuildOperationRunner] Completing Build operation 'Resolve fastcsv-2.0.0.jar (de.siegmar:fastcsv:2.0.0)'
2021-03-21T18:11:20.242+0100 [DEBUG] [org.gradle.internal.operations.DefaultBuildOperationRunner] Build operation 'Resolve fastcsv-2.0.0.jar (de.siegmar:fastcsv:2.0.0)' completed
2021-03-21T18:11:20.243+0100 [DEBUG] [org.gradle.internal.work.DefaultWorkerLeaseService] Worker lease root.1.5.12 completed (1 worker(s) in use)
2021-03-21T18:11:20.243+0100 [DEBUG] [org.gradle.internal.resources.AbstractTrackedResourceLock] Build operations Thread 8: released lock on root.1.5.12
2021-03-21T18:11:20.244+0100 [DEBUG] [org.gradle.internal.operations.DefaultBuildOperationRunner] Completing Build operation 'Resolve files of :classpath'
2021-03-21T18:11:20.249+0100 [DEBUG] [org.gradle.internal.operations.DefaultBuildOperationRunner] Build operation 'Resolve files of :classpath' started
2021-03-21T18:11:20.250+0100 [DEBUG] [org.gradle.internal.operations.DefaultBuildOperationRunner] Completing Build operation 'Resolve files of :classpath'
2021-03-21T18:11:20.254+0100 [DEBUG] [org.gradle.api.internal.artifacts.ivyservice.resolveengine.result.StreamingResolutionResultBuilder$RootFactory] Loaded resolution results (0.05 secs) from Binary store in C:\Users\troyvs\AppData\Local\Temp\gradle6198089817091677431.bin offset 1069 exists? true
2021-03-21T18:11:20.407+0100 [DEBUG] [org.gradle.internal.operations.DefaultBuildOperationRunner] Build operation 'Apply plugin net.minecraftforge.gradle to root project 'forge-1.16.5-36.1.0-mdk'' started
2021-03-21T18:11:19.382+0100 [LIFECYCLE] [org.gradle.internal.logging.progress.ProgressLoggerFactory] 
2021-03-21T18:11:19.382+0100 [LIFECYCLE] [org.gradle.internal.logging.progress.ProgressLoggerFactory] > Configure project :
2021-03-21T18:11:19.383+0100 [DEBUG] [org.gradle.internal.resources.AbstractTrackedResourceLock] Daemon worker: acquired lock on :
2021-03-21T18:11:19.385+0100 [DEBUG] [org.gradle.internal.operations.DefaultBuildOperationRunner] Build operation 'Notify beforeEvaluate listeners of :' completed
2021-03-21T18:11:19.395+0100 [DEBUG] [org.gradle.internal.operations.DefaultBuildOperationRunner] Build operation 'Register task :help' completed
2021-03-21T18:11:19.398+0100 [DEBUG] [org.gradle.internal.operations.DefaultBuildOperationRunner] Build operation 'Register task :projects' completed
2021-03-21T18:11:19.400+0100 [DEBUG] [org.gradle.internal.operations.DefaultBuildOperationRunner] Build operation 'Register task :tasks' completed
2021-03-21T18:11:19.401+0100 [DEBUG] [org.gradle.internal.operations.DefaultBuildOperationRunner] Build operation 'Register task :properties' completed
2021-03-21T18:11:19.423+0100 [DEBUG] [org.gradle.internal.operations.DefaultBuildOperationRunner] Build operation 'Register task :dependencyInsight' completed
2021-03-21T18:11:19.424+0100 [DEBUG] [org.gradle.internal.operations.DefaultBuildOperationRunner] Build operation 'Register task :dependencies' completed
2021-03-21T18:11:19.425+0100 [DEBUG] [org.gradle.internal.operations.DefaultBuildOperationRunner] Build operation 'Register task :buildEnvironment' completed
2021-03-21T18:11:19.427+0100 [DEBUG] [org.gradle.internal.operations.DefaultBuildOperationRunner] Build operation 'Register task :components' completed
2021-03-21T18:11:19.428+0100 [DEBUG] [org.gradle.internal.operations.DefaultBuildOperationRunner] Build operation 'Register task :model' completed
2021-03-21T18:11:19.430+0100 [DEBUG] [org.gradle.internal.operations.DefaultBuildOperationRunner] Build operation 'Register task :dependentComponents' completed
2021-03-21T18:11:19.430+0100 [DEBUG] [org.gradle.internal.operations.DefaultBuildOperationRunner] Build operation 'Register task :outgoingVariants' completed
2021-03-21T18:11:19.431+0100 [DEBUG] [org.gradle.internal.operations.DefaultBuildOperationRunner] Build operation 'Apply plugin org.gradle.help-tasks to root project 'forge-1.16.5-36.1.0-mdk'' completed
2021-03-21T18:11:19.432+0100 [DEBUG] [org.gradle.internal.operations.DefaultBuildOperationRunner] Build operation 'Register task :javaToolchains' completed
2021-03-21T18:11:19.500+0100 [DEBUG] [org.gradle.internal.operations.DefaultBuildOperationRunner] Build operation 'Register task :prepareKotlinBuildScriptModel' completed
2021-03-21T18:11:19.510+0100 [DEBUG] [org.gradle.internal.operations.DefaultBuildOperationRunner] Build operation 'Register task :init' completed
2021-03-21T18:11:19.510+0100 [DEBUG] [org.gradle.internal.operations.DefaultBuildOperationRunner] Build operation 'Apply plugin org.gradle.build-init to root project 'forge-1.16.5-36.1.0-mdk'' completed
2021-03-21T18:11:19.515+0100 [DEBUG] [org.gradle.internal.operations.DefaultBuildOperationRunner] Build operation 'Register task :wrapper' completed
2021-03-21T18:11:19.515+0100 [DEBUG] [org.gradle.internal.operations.DefaultBuildOperationRunner] Build operation 'Apply plugin org.gradle.wrapper to root project 'forge-1.16.5-36.1.0-mdk'' completed
2021-03-21T18:11:19.515+0100 [INFO] [org.gradle.configuration.project.BuildScriptProcessor] Evaluating root project 'forge-1.16.5-36.1.0-mdk' using build file 'D:\troy\Downloads\forge-1.16.5-36.1.0-mdk\build.gradle'.
2021-03-21T18:11:19.519+0100 [DEBUG] [org.gradle.internal.locking.LockFileReaderWriter] Lockfiles root: D:\troy\Downloads\forge-1.16.5-36.1.0-mdk\gradle\dependency-locks
2021-03-21T18:11:19.535+0100 [DEBUG] [org.gradle.cache.internal.DefaultFileLockManager] Waiting to acquire shared lock on cp_proj generic class cache for build file 'D:\troy\Downloads\forge-1.16.5-36.1.0-mdk\build.gradle' (C:\Users\troyvs\.gradle\caches\6.8.1\scripts\bk8qpwwvos4j1t04gwfmolfkc).
2021-03-21T18:11:19.535+0100 [DEBUG] [org.gradle.cache.internal.DefaultFileLockManager] Lock acquired on cp_proj generic class cache for build file 'D:\troy\Downloads\forge-1.16.5-36.1.0-mdk\build.gradle' (C:\Users\troyvs\.gradle\caches\6.8.1\scripts\bk8qpwwvos4j1t04gwfmolfkc).
2021-03-21T18:11:19.554+0100 [DEBUG] [org.gradle.cache.internal.DefaultFileLockManager] Releasing lock on cp_proj generic class cache for build file 'D:\troy\Downloads\forge-1.16.5-36.1.0-mdk\build.gradle' (C:\Users\troyvs\.gradle\caches\6.8.1\scripts\bk8qpwwvos4j1t04gwfmolfkc).
2021-03-21T18:11:19.615+0100 [DEBUG] [org.gradle.cache.internal.DefaultCacheAccess] Creating new cache for java-modules, path C:\Users\troyvs\.gradle\caches\6.8.1\fileContent\java-modules.bin, access org.gradle.cache.internal.DefaultCacheAccess@654b198f
2021-03-21T18:11:19.615+0100 [DEBUG] [org.gradle.cache.internal.DefaultInMemoryCacheDecoratorFactory] Creating in-memory store for cache C:\Users\troyvs\.gradle\caches\6.8.1\fileContent\java-modules.bin (max size: 67900)
2021-03-21T18:11:19.615+0100 [DEBUG] [org.gradle.cache.internal.LockOnDemandCrossProcessCacheAccess] Acquiring file lock for file content cache (C:\Users\troyvs\.gradle\caches\6.8.1\fileContent)
2021-03-21T18:11:19.616+0100 [DEBUG] [org.gradle.cache.internal.DefaultFileLockManager] Waiting to acquire exclusive lock on file content cache (C:\Users\troyvs\.gradle\caches\6.8.1\fileContent).
2021-03-21T18:11:19.617+0100 [DEBUG] [org.gradle.cache.internal.DefaultFileLockManager] Lock acquired on file content cache (C:\Users\troyvs\.gradle\caches\6.8.1\fileContent).
2021-03-21T18:11:19.933+0100 [DEBUG] [org.gradle.api.internal.artifacts.ivyservice.resolveengine.DefaultArtifactDependencyResolver] Resolving configuration ':classpath'
2021-03-21T18:11:19.933+0100 [DEBUG] [org.gradle.api.internal.artifacts.ivyservice.modulecache.ResolvedArtifactCaches] Creating new in-memory cache for repo 'maven' [87e8792f34759d2d4356c790fb00ff71].
2021-03-21T18:11:19.934+0100 [DEBUG] [org.gradle.api.internal.artifacts.ivyservice.modulecache.ResolvedArtifactCaches] Creating new in-memory cache for repo 'MavenRepo' [a8be1fe3b3911d3d3425fe720cf42835].
2021-03-21T18:11:19.955+0100 [DEBUG] [org.gradle.cache.internal.DefaultCacheAccess] Creating new cache for outputFiles, path D:\troy\Downloads\forge-1.16.5-36.1.0-mdk\.gradle\buildOutputCleanup\outputFiles.bin, access org.gradle.cache.internal.DefaultCacheAccess@225cf072
2021-03-21T18:11:19.955+0100 [DEBUG] [org.gradle.cache.internal.DefaultInMemoryCacheDecoratorFactory] Creating in-memory store for cache D:\troy\Downloads\forge-1.16.5-36.1.0-mdk\.gradle\buildOutputCleanup\outputFiles.bin (max size: 339600)
2021-03-21T18:11:19.956+0100 [DEBUG] [org.gradle.cache.internal.LockOnDemandCrossProcessCacheAccess] Acquiring file lock for Build Output Cleanup Cache (D:\troy\Downloads\forge-1.16.5-36.1.0-mdk\.gradle\buildOutputCleanup)
2021-03-21T18:11:19.956+0100 [DEBUG] [org.gradle.cache.internal.DefaultFileLockManager] Waiting to acquire exclusive lock on Build Output Cleanup Cache (D:\troy\Downloads\forge-1.16.5-36.1.0-mdk\.gradle\buildOutputCleanup).
2021-03-21T18:11:19.957+0100 [DEBUG] [org.gradle.cache.internal.DefaultFileLockManager] Lock acquired on Build Output Cleanup Cache (D:\troy\Downloads\forge-1.16.5-36.1.0-mdk\.gradle\buildOutputCleanup).
2021-03-21T18:11:19.986+0100 [DEBUG] [org.gradle.internal.locking.LockFileReaderWriter] Lockfiles root: D:\troy\Downloads\forge-1.16.5-36.1.0-mdk\gradle\dependency-locks
2021-03-21T18:11:19.988+0100 [DEBUG] [org.gradle.api.internal.artifacts.ivyservice.resolveengine.graph.builder.DependencyGraphBuilder] Visiting configuration :forge-1.16.5-36.1.0-mdk:unspecified(classpath).
2021-03-21T18:11:19.992+0100 [DEBUG] [org.gradle.api.internal.artifacts.ivyservice.ivyresolve.DynamicVersionResolver] Attempting to resolve version for net.minecraftforge.gradle:ForgeGradle:4.1.+ using repositories [maven, MavenRepo]
2021-03-21T18:11:20.006+0100 [DEBUG] [org.gradle.cache.internal.DefaultCacheAccess] Creating new cache for metadata-2.97/module-versions, path C:\Users\troyvs\.gradle\caches\modules-2\metadata-2.97\module-versions.bin, access org.gradle.cache.internal.DefaultCacheAccess@b19ed2e
2021-03-21T18:11:20.006+0100 [DEBUG] [org.gradle.cache.internal.btree.BTreePersistentIndexedCache] Opening cache module-versions.bin (C:\Users\troyvs\.gradle\caches\modules-2\metadata-2.97\module-versions.bin)
2021-03-21T18:11:20.047+0100 [DEBUG] [org.gradle.api.internal.artifacts.ivyservice.ivyresolve.CachingModuleComponentRepository] Found cached version of changing module 'net.minecraftforge.gradle:ForgeGradle:4.1.3' in 'maven'
2021-03-21T18:11:20.047+0100 [DEBUG] [org.gradle.api.internal.artifacts.ivyservice.ivyresolve.CachingModuleComponentRepository] Using cached module metadata for module 'net.minecraftforge.gradle:ForgeGradle:4.1.3' in 'maven'
2021-03-21T18:11:20.048+0100 [DEBUG] [org.gradle.api.internal.artifacts.ivyservice.ivyresolve.DynamicVersionResolver] Using net.minecraftforge.gradle:ForgeGradle:4.1.3 from Maven repository 'maven'
2021-03-21T18:11:20.054+0100 [DEBUG] [org.gradle.internal.component.model.LoggingAttributeMatchingExplanationBuilder] Candidate net.minecraftforge.gradle:ForgeGradle:4.1.3 variant apiElements attribute org.gradle.usage value {org.gradle.category=library, org.gradle.dependency.bundling=external, org.gradle.jvm.version=8, org.gradle.libraryelements=jar, org.gradle.usage=java-api} doesn't requested value java-runtime
2021-03-21T18:11:20.055+0100 [DEBUG] [org.gradle.internal.component.model.ComponentAttributeMatcher] Selected matches [net.minecraftforge.gradle:ForgeGradle:4.1.3 variant runtimeElements] from candidates [net.minecraftforge.gradle:ForgeGradle:4.1.3 variant apiElements, net.minecraftforge.gradle:ForgeGradle:4.1.3 variant runtimeElements] for {org.gradle.category=library, org.gradle.dependency.bundling=external, org.gradle.jvm.version=8, org.gradle.libraryelements=jar, org.gradle.usage=java-runtime}
2021-03-21T18:11:20.055+0100 [DEBUG] [org.gradle.api.internal.artifacts.ivyservice.resolveengine.graph.builder.DependencyGraphBuilder] Visiting configuration net.minecraftforge.gradle:ForgeGradle:4.1.3(runtimeElements).
2021-03-21T18:11:20.084+0100 [DEBUG] [org.gradle.api.internal.artifacts.ivyservice.ivyresolve.RepositoryChainComponentMetaDataResolver] Attempting to resolve component for commons-io:commons-io:2.8.0 using repositories [maven, MavenRepo]
2021-03-21T18:11:20.085+0100 [DEBUG] [org.gradle.api.internal.artifacts.ivyservice.ivyresolve.CachingModuleComponentRepository] Detected non-existence of module 'commons-io:commons-io:2.8.0' in resolver cache 'maven'
2021-03-21T18:11:20.085+0100 [DEBUG] [org.gradle.api.internal.artifacts.ivyservice.ivyresolve.CachingModuleComponentRepository] Using cached module metadata for module 'commons-io:commons-io:2.8.0' in 'MavenRepo'
2021-03-21T18:11:20.085+0100 [DEBUG] [org.gradle.api.internal.artifacts.ivyservice.ivyresolve.RepositoryChainComponentMetaDataResolver] Using commons-io:commons-io:2.8.0 from Maven repository 'MavenRepo'
2021-03-21T18:11:20.085+0100 [DEBUG] [org.gradle.internal.component.model.LoggingAttributeMatchingExplanationBuilder] Candidate commons-io:commons-io:2.8.0 configuration compile attribute org.gradle.usage value {org.gradle.status=release, org.gradle.usage=java-api} doesn't requested value java-runtime
2021-03-21T18:11:20.085+0100 [DEBUG] [org.gradle.internal.component.model.LoggingAttributeMatchingExplanationBuilder] Candidate commons-io:commons-io:2.8.0 configuration runtime doesn't have attribute org.gradle.dependency.bundling
2021-03-21T18:11:20.086+0100 [DEBUG] [org.gradle.internal.component.model.LoggingAttributeMatchingExplanationBuilder] Candidate commons-io:commons-io:2.8.0 configuration runtime doesn't have attribute org.gradle.jvm.version
2021-03-21T18:11:20.086+0100 [DEBUG] [org.gradle.internal.component.model.LoggingAttributeMatchingExplanationBuilder] Candidate commons-io:commons-io:2.8.0 configuration platform-compile attribute org.gradle.usage value {org.gradle.status=release, org.gradle.usage=java-api} doesn't requested value java-runtime
2021-03-21T18:11:20.086+0100 [DEBUG] [org.gradle.internal.component.model.LoggingAttributeMatchingExplanationBuilder] Candidate commons-io:commons-io:2.8.0 configuration platform-runtime attribute org.gradle.category value {org.gradle.category=platform, org.gradle.status=release, org.gradle.usage=java-runtime} doesn't requested value library
2021-03-21T18:11:20.086+0100 [DEBUG] [org.gradle.internal.component.model.LoggingAttributeMatchingExplanationBuilder] Candidate commons-io:commons-io:2.8.0 configuration enforced-platform-compile attribute org.gradle.usage value {org.gradle.status=release, org.gradle.usage=java-api} doesn't requested value java-runtime
2021-03-21T18:11:20.086+0100 [DEBUG] [org.gradle.internal.component.model.LoggingAttributeMatchingExplanationBuilder] Candidate commons-io:commons-io:2.8.0 configuration enforced-platform-runtime attribute org.gradle.category value {org.gradle.category=enforced-platform, org.gradle.status=release, org.gradle.usage=java-runtime} doesn't requested value library
2021-03-21T18:11:20.086+0100 [DEBUG] [org.gradle.internal.component.model.ComponentAttributeMatcher] Selected matches [commons-io:commons-io:2.8.0 configuration runtime] from candidates [commons-io:commons-io:2.8.0 configuration compile, commons-io:commons-io:2.8.0 configuration runtime, commons-io:commons-io:2.8.0 configuration platform-compile, commons-io:commons-io:2.8.0 configuration platform-runtime, commons-io:commons-io:2.8.0 configuration enforced-platform-compile, commons-io:commons-io:2.8.0 configuration enforced-platform-runtime] for {org.gradle.category=library, org.gradle.dependency.bundling=external, org.gradle.jvm.version=8, org.gradle.libraryelements=jar, org.gradle.usage=java-runtime}
2021-03-21T18:11:20.087+0100 [DEBUG] [org.gradle.api.internal.artifacts.ivyservice.ivyresolve.RepositoryChainComponentMetaDataResolver] Attempting to resolve component for com.github.jponge:lzma-java:1.3 using repositories [maven, MavenRepo]
2021-03-21T18:11:20.087+0100 [DEBUG] [org.gradle.api.internal.artifacts.ivyservice.ivyresolve.CachingModuleComponentRepository] Detected non-existence of module 'com.github.jponge:lzma-java:1.3' in resolver cache 'maven'
2021-03-21T18:11:20.087+0100 [DEBUG] [org.gradle.api.internal.artifacts.ivyservice.ivyresolve.CachingModuleComponentRepository] Using cached module metadata for module 'com.github.jponge:lzma-java:1.3' in 'MavenRepo'
2021-03-21T18:11:20.087+0100 [DEBUG] [org.gradle.api.internal.artifacts.ivyservice.ivyresolve.RepositoryChainComponentMetaDataResolver] Using com.github.jponge:lzma-java:1.3 from Maven repository 'MavenRepo'
2021-03-21T18:11:20.088+0100 [DEBUG] [org.gradle.api.internal.artifacts.ivyservice.ivyresolve.RepositoryChainComponentMetaDataResolver] Attempting to resolve component for com.nothome:javaxdelta:2.0.1 using repositories [maven, MavenRepo]
2021-03-21T18:11:20.088+0100 [DEBUG] [org.gradle.api.internal.artifacts.ivyservice.ivyresolve.CachingModuleComponentRepository] Detected non-existence of module 'com.nothome:javaxdelta:2.0.1' in resolver cache 'maven'
2021-03-21T18:11:20.088+0100 [DEBUG] [org.gradle.api.internal.artifacts.ivyservice.ivyresolve.CachingModuleComponentRepository] Using cached module metadata for module 'com.nothome:javaxdelta:2.0.1' in 'MavenRepo'
2021-03-21T18:11:20.088+0100 [DEBUG] [org.gradle.api.internal.artifacts.ivyservice.ivyresolve.RepositoryChainComponentMetaDataResolver] Using com.nothome:javaxdelta:2.0.1 from Maven repository 'MavenRepo'
2021-03-21T18:11:20.088+0100 [DEBUG] [org.gradle.api.internal.artifacts.ivyservice.ivyresolve.RepositoryChainComponentMetaDataResolver] Attempting to resolve component for com.google.code.gson:gson:2.8.6 using repositories [maven, MavenRepo]
2021-03-21T18:11:20.088+0100 [DEBUG] [org.gradle.api.internal.artifacts.ivyservice.ivyresolve.CachingModuleComponentRepository] Detected non-existence of module 'com.google.code.gson:gson:2.8.6' in resolver cache 'maven'
2021-03-21T18:11:20.089+0100 [DEBUG] [org.gradle.api.internal.artifacts.ivyservice.ivyresolve.CachingModuleComponentRepository] Using cached module metadata for module 'com.google.code.gson:gson:2.8.6' in 'MavenRepo'
2021-03-21T18:11:20.089+0100 [DEBUG] [org.gradle.api.internal.artifacts.ivyservice.ivyresolve.RepositoryChainComponentMetaDataResolver] Using com.google.code.gson:gson:2.8.6 from Maven repository 'MavenRepo'
2021-03-21T18:11:20.090+0100 [DEBUG] [org.gradle.api.internal.artifacts.ivyservice.ivyresolve.RepositoryChainComponentMetaDataResolver] Attempting to resolve component for com.google.guava:guava:30.1-jre using repositories [maven, MavenRepo]
2021-03-21T18:11:20.090+0100 [DEBUG] [org.gradle.api.internal.artifacts.ivyservice.ivyresolve.CachingModuleComponentRepository] Detected non-existence of module 'com.google.guava:guava:30.1-jre' in resolver cache 'maven'
2021-03-21T18:11:20.090+0100 [DEBUG] [org.gradle.api.internal.artifacts.ivyservice.ivyresolve.CachingModuleComponentRepository] Using cached module metadata for module 'com.google.guava:guava:30.1-jre' in 'MavenRepo'
2021-03-21T18:11:20.090+0100 [DEBUG] [org.gradle.api.internal.artifacts.ivyservice.ivyresolve.RepositoryChainComponentMetaDataResolver] Using com.google.guava:guava:30.1-jre from Maven repository 'MavenRepo'
2021-03-21T18:11:20.091+0100 [DEBUG] [org.gradle.api.internal.artifacts.ivyservice.ivyresolve.RepositoryChainComponentMetaDataResolver] Attempting to resolve component for de.siegmar:fastcsv:2.0.0 using repositories [maven, MavenRepo]
2021-03-21T18:11:20.091+0100 [DEBUG] [org.gradle.api.internal.artifacts.ivyservice.ivyresolve.CachingModuleComponentRepository] Detected non-existence of module 'de.siegmar:fastcsv:2.0.0' in resolver cache 'maven'
2021-03-21T18:11:20.091+0100 [DEBUG] [org.gradle.api.internal.artifacts.ivyservice.ivyresolve.CachingModuleComponentRepository] Using cached module metadata for module 'de.siegmar:fastcsv:2.0.0' in 'MavenRepo'
2021-03-21T18:11:20.091+0100 [DEBUG] [org.gradle.api.internal.artifacts.ivyservice.ivyresolve.RepositoryChainComponentMetaDataResolver] Using de.siegmar:fastcsv:2.0.0 from Maven repository 'MavenRepo'
2021-03-21T18:11:20.092+0100 [DEBUG] [org.gradle.internal.component.model.LoggingAttributeMatchingExplanationBuilder] Candidate de.siegmar:fastcsv:2.0.0 variant apiElements attribute org.gradle.usage value {org.gradle.category=library, org.gradle.dependency.bundling=external, org.gradle.jvm.version=8, org.gradle.libraryelements=jar, org.gradle.usage=java-api} doesn't requested value java-runtime
2021-03-21T18:11:20.092+0100 [DEBUG] [org.gradle.internal.component.model.LoggingAttributeMatchingExplanationBuilder] Candidate de.siegmar:fastcsv:2.0.0 variant javadocElements attribute org.gradle.category value {org.gradle.category=documentation} doesn't requested value library
2021-03-21T18:11:20.092+0100 [DEBUG] [org.gradle.internal.component.model.LoggingAttributeMatchingExplanationBuilder] Candidate de.siegmar:fastcsv:2.0.0 variant sourcesElements attribute org.gradle.category value {org.gradle.category=documentation} doesn't requested value library
2021-03-21T18:11:20.093+0100 [DEBUG] [org.gradle.internal.component.model.ComponentAttributeMatcher] Selected matches [de.siegmar:fastcsv:2.0.0 variant runtimeElements] from candidates [de.siegmar:fastcsv:2.0.0 variant apiElements, de.siegmar:fastcsv:2.0.0 variant runtimeElements, de.siegmar:fastcsv:2.0.0 variant javadocElements, de.siegmar:fastcsv:2.0.0 variant sourcesElements] for {org.gradle.category=library, org.gradle.dependency.bundling=external, org.gradle.jvm.version=8, org.gradle.libraryelements=jar, org.gradle.usage=java-runtime}
2021-03-21T18:11:20.093+0100 [DEBUG] [org.gradle.api.internal.artifacts.ivyservice.ivyresolve.RepositoryChainComponentMetaDataResolver] Attempting to resolve component for net.minecraftforge:artifactural:2.0.3 using repositories [maven, MavenRepo]
2021-03-21T18:11:20.096+0100 [DEBUG] [org.gradle.api.internal.artifacts.ivyservice.ivyresolve.CachingModuleComponentRepository] Using cached module metadata for module 'net.minecraftforge:artifactural:2.0.3' in 'maven'
2021-03-21T18:11:20.096+0100 [DEBUG] [org.gradle.api.internal.artifacts.ivyservice.ivyresolve.RepositoryChainComponentMetaDataResolver] Using net.minecraftforge:artifactural:2.0.3 from Maven repository 'maven'
2021-03-21T18:11:20.097+0100 [DEBUG] [org.gradle.api.internal.artifacts.ivyservice.ivyresolve.RepositoryChainComponentMetaDataResolver] Attempting to resolve component for org.apache.maven:maven-artifact:3.6.3 using repositories [maven, MavenRepo]
2021-03-21T18:11:20.097+0100 [DEBUG] [org.gradle.api.internal.artifacts.ivyservice.ivyresolve.CachingModuleComponentRepository] Detected non-existence of module 'org.apache.maven:maven-artifact:3.6.3' in resolver cache 'maven'
2021-03-21T18:11:20.099+0100 [DEBUG] [org.gradle.api.internal.artifacts.ivyservice.ivyresolve.CachingModuleComponentRepository] Using cached module metadata for module 'org.apache.maven:maven-artifact:3.6.3' in 'MavenRepo'
2021-03-21T18:11:20.099+0100 [DEBUG] [org.gradle.api.internal.artifacts.ivyservice.ivyresolve.RepositoryChainComponentMetaDataResolver] Using org.apache.maven:maven-artifact:3.6.3 from Maven repository 'MavenRepo'
2021-03-21T18:11:20.101+0100 [DEBUG] [org.gradle.api.internal.artifacts.ivyservice.ivyresolve.RepositoryChainComponentMetaDataResolver] Attempting to resolve component for org.apache.httpcomponents:httpclient:4.5.13 using repositories [maven, MavenRepo]
2021-03-21T18:11:20.102+0100 [DEBUG] [org.gradle.api.internal.artifacts.ivyservice.ivyresolve.CachingModuleComponentRepository] Detected non-existence of module 'org.apache.httpcomponents:httpclient:4.5.13' in resolver cache 'maven'
2021-03-21T18:11:20.102+0100 [DEBUG] [org.gradle.api.internal.artifacts.ivyservice.ivyresolve.CachingModuleComponentRepository] Using cached module metadata for module 'org.apache.httpcomponents:httpclient:4.5.13' in 'MavenRepo'
2021-03-21T18:11:20.103+0100 [DEBUG] [org.gradle.api.internal.artifacts.ivyservice.ivyresolve.RepositoryChainComponentMetaDataResolver] Using org.apache.httpcomponents:httpclient:4.5.13 from Maven repository 'MavenRepo'
2021-03-21T18:11:20.104+0100 [DEBUG] [org.gradle.api.internal.artifacts.ivyservice.ivyresolve.RepositoryChainComponentMetaDataResolver] Attempting to resolve component for net.minecraftforge:srgutils:0.4.1 using repositories [maven, MavenRepo]
2021-03-21T18:11:20.104+0100 [DEBUG] [org.gradle.api.internal.artifacts.ivyservice.ivyresolve.CachingModuleComponentRepository] Using cached module metadata for module 'net.minecraftforge:srgutils:0.4.1' in 'maven'
2021-03-21T18:11:20.104+0100 [DEBUG] [org.gradle.api.internal.artifacts.ivyservice.ivyresolve.RepositoryChainComponentMetaDataResolver] Using net.minecraftforge:srgutils:0.4.1 from Maven repository 'maven'
2021-03-21T18:11:20.105+0100 [DEBUG] [org.gradle.api.internal.artifacts.ivyservice.ivyresolve.RepositoryChainComponentMetaDataResolver] Attempting to resolve component for net.minecraftforge:DiffPatch:2.0.2 using repositories [maven, MavenRepo]
2021-03-21T18:11:20.105+0100 [DEBUG] [org.gradle.api.internal.artifacts.ivyservice.ivyresolve.CachingModuleComponentRepository] Using cached module metadata for module 'net.minecraftforge:DiffPatch:2.0.2' in 'maven'
2021-03-21T18:11:20.105+0100 [DEBUG] [org.gradle.api.internal.artifacts.ivyservice.ivyresolve.RepositoryChainComponentMetaDataResolver] Using net.minecraftforge:DiffPatch:2.0.2 from Maven repository 'maven'
2021-03-21T18:11:20.106+0100 [DEBUG] [org.gradle.api.internal.artifacts.ivyservice.resolveengine.graph.builder.DependencyGraphBuilder] Visiting configuration commons-io:commons-io:2.8.0(runtime).
2021-03-21T18:11:20.112+0100 [DEBUG] [org.gradle.api.internal.artifacts.ivyservice.resolveengine.graph.builder.DependencyGraphBuilder] Visiting configuration com.github.jponge:lzma-java:1.3(runtime).
2021-03-21T18:11:20.113+0100 [DEBUG] [org.gradle.api.internal.artifacts.ivyservice.resolveengine.graph.builder.DependencyGraphBuilder] Visiting configuration com.nothome:javaxdelta:2.0.1(runtime).
2021-03-21T18:11:20.117+0100 [DEBUG] [org.gradle.api.internal.artifacts.ivyservice.ivyresolve.RepositoryChainComponentMetaDataResolver] Attempting to resolve component for trove:trove:1.0.2 using repositories [maven, MavenRepo]
2021-03-21T18:11:20.117+0100 [DEBUG] [org.gradle.api.internal.artifacts.ivyservice.ivyresolve.CachingModuleComponentRepository] Detected non-existence of module 'trove:trove:1.0.2' in resolver cache 'maven'
2021-03-21T18:11:20.118+0100 [DEBUG] [org.gradle.api.internal.artifacts.ivyservice.ivyresolve.CachingModuleComponentRepository] Using cached module metadata for module 'trove:trove:1.0.2' in 'MavenRepo'
2021-03-21T18:11:20.118+0100 [DEBUG] [org.gradle.api.internal.artifacts.ivyservice.ivyresolve.RepositoryChainComponentMetaDataResolver] Using trove:trove:1.0.2 from Maven repository 'MavenRepo'
2021-03-21T18:11:20.118+0100 [DEBUG] [org.gradle.api.internal.artifacts.ivyservice.resolveengine.graph.builder.DependencyGraphBuilder] Visiting configuration com.google.code.gson:gson:2.8.6(runtime).
2021-03-21T18:11:20.119+0100 [DEBUG] [org.gradle.api.internal.artifacts.ivyservice.resolveengine.graph.builder.DependencyGraphBuilder] Visiting configuration com.google.guava:guava:30.1-jre(runtime).
2021-03-21T18:11:20.128+0100 [DEBUG] [org.gradle.api.internal.artifacts.ivyservice.ivyresolve.RepositoryChainComponentMetaDataResolver] Attempting to resolve component for com.google.guava:failureaccess:1.0.1 using repositories [maven, MavenRepo]
2021-03-21T18:11:20.128+0100 [DEBUG] [org.gradle.api.internal.artifacts.ivyservice.ivyresolve.CachingModuleComponentRepository] Detected non-existence of module 'com.google.guava:failureaccess:1.0.1' in resolver cache 'maven'
2021-03-21T18:11:20.128+0100 [DEBUG] [org.gradle.api.internal.artifacts.ivyservice.ivyresolve.CachingModuleComponentRepository] Using cached module metadata for module 'com.google.guava:failureaccess:1.0.1' in 'MavenRepo'
2021-03-21T18:11:20.129+0100 [DEBUG] [org.gradle.api.internal.artifacts.ivyservice.ivyresolve.RepositoryChainComponentMetaDataResolver] Using com.google.guava:failureaccess:1.0.1 from Maven repository 'MavenRepo'
2021-03-21T18:11:20.130+0100 [DEBUG] [org.gradle.api.internal.artifacts.ivyservice.ivyresolve.RepositoryChainComponentMetaDataResolver] Attempting to resolve component for com.google.guava:listenablefuture:9999.0-empty-to-avoid-conflict-with-guava using repositories [maven, MavenRepo]
2021-03-21T18:11:20.130+0100 [DEBUG] [org.gradle.api.internal.artifacts.ivyservice.ivyresolve.CachingModuleComponentRepository] Detected non-existence of module 'com.google.guava:listenablefuture:9999.0-empty-to-avoid-conflict-with-guava' in resolver cache 'maven'
2021-03-21T18:11:20.130+0100 [DEBUG] [org.gradle.api.internal.artifacts.ivyservice.ivyresolve.CachingModuleComponentRepository] Using cached module metadata for module 'com.google.guava:listenablefuture:9999.0-empty-to-avoid-conflict-with-guava' in 'MavenRepo'
2021-03-21T18:11:20.130+0100 [DEBUG] [org.gradle.api.internal.artifacts.ivyservice.ivyresolve.RepositoryChainComponentMetaDataResolver] Using com.google.guava:listenablefuture:9999.0-empty-to-avoid-conflict-with-guava from Maven repository 'MavenRepo'
2021-03-21T18:11:20.131+0100 [DEBUG] [org.gradle.api.internal.artifacts.ivyservice.ivyresolve.RepositoryChainComponentMetaDataResolver] Attempting to resolve component for com.google.code.findbugs:jsr305:3.0.2 using repositories [maven, MavenRepo]
2021-03-21T18:11:20.131+0100 [DEBUG] [org.gradle.api.internal.artifacts.ivyservice.ivyresolve.CachingModuleComponentRepository] Detected non-existence of module 'com.google.code.findbugs:jsr305:3.0.2' in resolver cache 'maven'
2021-03-21T18:11:20.132+0100 [DEBUG] [org.gradle.api.internal.artifacts.ivyservice.ivyresolve.CachingModuleComponentRepository] Using cached module metadata for module 'com.google.code.findbugs:jsr305:3.0.2' in 'MavenRepo'
2021-03-21T18:11:20.132+0100 [DEBUG] [org.gradle.api.internal.artifacts.ivyservice.ivyresolve.RepositoryChainComponentMetaDataResolver] Using com.google.code.findbugs:jsr305:3.0.2 from Maven repository 'MavenRepo'
2021-03-21T18:11:20.132+0100 [DEBUG] [org.gradle.api.internal.artifacts.ivyservice.ivyresolve.RepositoryChainComponentMetaDataResolver] Attempting to resolve component for org.checkerframework:checker-qual:3.5.0 using repositories [maven, MavenRepo]
2021-03-21T18:11:20.132+0100 [DEBUG] [org.gradle.api.internal.artifacts.ivyservice.ivyresolve.CachingModuleComponentRepository] Detected non-existence of module 'org.checkerframework:checker-qual:3.5.0' in resolver cache 'maven'
2021-03-21T18:11:20.132+0100 [DEBUG] [org.gradle.api.internal.artifacts.ivyservice.ivyresolve.CachingModuleComponentRepository] Using cached module metadata for module 'org.checkerframework:checker-qual:3.5.0' in 'MavenRepo'
2021-03-21T18:11:20.133+0100 [DEBUG] [org.gradle.api.internal.artifacts.ivyservice.ivyresolve.RepositoryChainComponentMetaDataResolver] Using org.checkerframework:checker-qual:3.5.0 from Maven repository 'MavenRepo'
2021-03-21T18:11:20.133+0100 [DEBUG] [org.gradle.api.internal.artifacts.ivyservice.ivyresolve.RepositoryChainComponentMetaDataResolver] Attempting to resolve component for com.google.errorprone:error_prone_annotations:2.3.4 using repositories [maven, MavenRepo]
2021-03-21T18:11:20.133+0100 [DEBUG] [org.gradle.api.internal.artifacts.ivyservice.ivyresolve.CachingModuleComponentRepository] Detected non-existence of module 'com.google.errorprone:error_prone_annotations:2.3.4' in resolver cache 'maven'
2021-03-21T18:11:20.133+0100 [DEBUG] [org.gradle.api.internal.artifacts.ivyservice.ivyresolve.CachingModuleComponentRepository] Using cached module metadata for module 'com.google.errorprone:error_prone_annotations:2.3.4' in 'MavenRepo'
2021-03-21T18:11:20.133+0100 [DEBUG] [org.gradle.api.internal.artifacts.ivyservice.ivyresolve.RepositoryChainComponentMetaDataResolver] Using com.google.errorprone:error_prone_annotations:2.3.4 from Maven repository 'MavenRepo'
2021-03-21T18:11:20.133+0100 [DEBUG] [org.gradle.api.internal.artifacts.ivyservice.ivyresolve.RepositoryChainComponentMetaDataResolver] Attempting to resolve component for com.google.j2objc:j2objc-annotations:1.3 using repositories [maven, MavenRepo]
2021-03-21T18:11:20.134+0100 [DEBUG] [org.gradle.api.internal.artifacts.ivyservice.ivyresolve.CachingModuleComponentRepository] Detected non-existence of module 'com.google.j2objc:j2objc-annotations:1.3' in resolver cache 'maven'
2021-03-21T18:11:20.134+0100 [DEBUG] [org.gradle.api.internal.artifacts.ivyservice.ivyresolve.CachingModuleComponentRepository] Using cached module metadata for module 'com.google.j2objc:j2objc-annotations:1.3' in 'MavenRepo'
2021-03-21T18:11:20.134+0100 [DEBUG] [org.gradle.api.internal.artifacts.ivyservice.ivyresolve.RepositoryChainComponentMetaDataResolver] Using com.google.j2objc:j2objc-annotations:1.3 from Maven repository 'MavenRepo'
2021-03-21T18:11:20.134+0100 [DEBUG] [org.gradle.api.internal.artifacts.ivyservice.resolveengine.graph.builder.DependencyGraphBuilder] Visiting configuration de.siegmar:fastcsv:2.0.0(runtimeElements).
2021-03-21T18:11:20.134+0100 [DEBUG] [org.gradle.api.internal.artifacts.ivyservice.resolveengine.graph.builder.DependencyGraphBuilder] Visiting configuration net.minecraftforge:artifactural:2.0.3(runtimeElements).
2021-03-21T18:11:20.135+0100 [DEBUG] [org.gradle.api.internal.artifacts.ivyservice.resolveengine.graph.builder.DependencyGraphBuilder] Visiting configuration org.apache.maven:maven-artifact:3.6.3(runtime).
2021-03-21T18:11:20.138+0100 [DEBUG] [org.gradle.api.internal.artifacts.ivyservice.ivyresolve.RepositoryChainComponentMetaDataResolver] Attempting to resolve component for org.codehaus.plexus:plexus-utils:3.2.1 using repositories [maven, MavenRepo]
2021-03-21T18:11:20.138+0100 [DEBUG] [org.gradle.api.internal.artifacts.ivyservice.ivyresolve.CachingModuleComponentRepository] Detected non-existence of module 'org.codehaus.plexus:plexus-utils:3.2.1' in resolver cache 'maven'
2021-03-21T18:11:20.138+0100 [DEBUG] [org.gradle.api.internal.artifacts.ivyservice.ivyresolve.CachingModuleComponentRepository] Using cached module metadata for module 'org.codehaus.plexus:plexus-utils:3.2.1' in 'MavenRepo'
2021-03-21T18:11:20.138+0100 [DEBUG] [org.gradle.api.internal.artifacts.ivyservice.ivyresolve.RepositoryChainComponentMetaDataResolver] Using org.codehaus.plexus:plexus-utils:3.2.1 from Maven repository 'MavenRepo'
2021-03-21T18:11:20.140+0100 [DEBUG] [org.gradle.api.internal.artifacts.ivyservice.ivyresolve.RepositoryChainComponentMetaDataResolver] Attempting to resolve component for org.apache.commons:commons-lang3:3.8.1 using repositories [maven, MavenRepo]
2021-03-21T18:11:20.141+0100 [DEBUG] [org.gradle.api.internal.artifacts.ivyservice.ivyresolve.CachingModuleComponentRepository] Detected non-existence of module 'org.apache.commons:commons-lang3:3.8.1' in resolver cache 'maven'
2021-03-21T18:11:20.141+0100 [DEBUG] [org.gradle.api.internal.artifacts.ivyservice.ivyresolve.CachingModuleComponentRepository] Using cached module metadata for module 'org.apache.commons:commons-lang3:3.8.1' in 'MavenRepo'
2021-03-21T18:11:20.142+0100 [DEBUG] [org.gradle.api.internal.artifacts.ivyservice.ivyresolve.RepositoryChainComponentMetaDataResolver] Using org.apache.commons:commons-lang3:3.8.1 from Maven repository 'MavenRepo'
2021-03-21T18:11:20.142+0100 [DEBUG] [org.gradle.api.internal.artifacts.ivyservice.resolveengine.graph.builder.DependencyGraphBuilder] Visiting configuration org.apache.httpcomponents:httpclient:4.5.13(runtime).
2021-03-21T18:11:20.150+0100 [DEBUG] [org.gradle.api.internal.artifacts.ivyservice.ivyresolve.RepositoryChainComponentMetaDataResolver] Attempting to resolve component for org.apache.httpcomponents:httpcore:4.4.13 using repositories [maven, MavenRepo]
2021-03-21T18:11:20.150+0100 [DEBUG] [org.gradle.api.internal.artifacts.ivyservice.ivyresolve.CachingModuleComponentRepository] Detected non-existence of module 'org.apache.httpcomponents:httpcore:4.4.13' in resolver cache 'maven'
2021-03-21T18:11:20.150+0100 [DEBUG] [org.gradle.api.internal.artifacts.ivyservice.ivyresolve.CachingModuleComponentRepository] Using cached module metadata for module 'org.apache.httpcomponents:httpcore:4.4.13' in 'MavenRepo'
2021-03-21T18:11:20.150+0100 [DEBUG] [org.gradle.api.internal.artifacts.ivyservice.ivyresolve.RepositoryChainComponentMetaDataResolver] Using org.apache.httpcomponents:httpcore:4.4.13 from Maven repository 'MavenRepo'
2021-03-21T18:11:20.151+0100 [DEBUG] [org.gradle.api.internal.artifacts.ivyservice.ivyresolve.RepositoryChainComponentMetaDataResolver] Attempting to resolve component for commons-logging:commons-logging:1.2 using repositories [maven, MavenRepo]
2021-03-21T18:11:20.151+0100 [DEBUG] [org.gradle.api.internal.artifacts.ivyservice.ivyresolve.CachingModuleComponentRepository] Detected non-existence of module 'commons-logging:commons-logging:1.2' in resolver cache 'maven'
2021-03-21T18:11:20.151+0100 [DEBUG] [org.gradle.api.internal.artifacts.ivyservice.ivyresolve.CachingModuleComponentRepository] Using cached module metadata for module 'commons-logging:commons-logging:1.2' in 'MavenRepo'
2021-03-21T18:11:20.151+0100 [DEBUG] [org.gradle.api.internal.artifacts.ivyservice.ivyresolve.RepositoryChainComponentMetaDataResolver] Using commons-logging:commons-logging:1.2 from Maven repository 'MavenRepo'
2021-03-21T18:11:20.152+0100 [DEBUG] [org.gradle.api.internal.artifacts.ivyservice.ivyresolve.RepositoryChainComponentMetaDataResolver] Attempting to resolve component for commons-codec:commons-codec:1.11 using repositories [maven, MavenRepo]
2021-03-21T18:11:20.152+0100 [DEBUG] [org.gradle.api.internal.artifacts.ivyservice.ivyresolve.CachingModuleComponentRepository] Detected non-existence of module 'commons-codec:commons-codec:1.11' in resolver cache 'maven'
2021-03-21T18:11:20.152+0100 [DEBUG] [org.gradle.api.internal.artifacts.ivyservice.ivyresolve.CachingModuleComponentRepository] Using cached module metadata for module 'commons-codec:commons-codec:1.11' in 'MavenRepo'
2021-03-21T18:11:20.153+0100 [DEBUG] [org.gradle.api.internal.artifacts.ivyservice.ivyresolve.RepositoryChainComponentMetaDataResolver] Using commons-codec:commons-codec:1.11 from Maven repository 'MavenRepo'
2021-03-21T18:11:20.153+0100 [DEBUG] [org.gradle.api.internal.artifacts.ivyservice.resolveengine.graph.builder.DependencyGraphBuilder] Visiting configuration net.minecraftforge:srgutils:0.4.1(runtime).
2021-03-21T18:11:20.154+0100 [DEBUG] [org.gradle.api.internal.artifacts.ivyservice.resolveengine.graph.builder.DependencyGraphBuilder] Visiting configuration net.minecraftforge:DiffPatch:2.0.2(runtimeElements).
2021-03-21T18:11:20.159+0100 [DEBUG] [org.gradle.api.internal.artifacts.ivyservice.ivyresolve.RepositoryChainComponentMetaDataResolver] Attempting to resolve component for org.apache.commons:commons-lang3:3.9 using repositories [maven, MavenRepo]
2021-03-21T18:11:20.160+0100 [DEBUG] [org.gradle.api.internal.artifacts.ivyservice.ivyresolve.CachingModuleComponentRepository] Detected non-existence of module 'org.apache.commons:commons-lang3:3.9' in resolver cache 'maven'
2021-03-21T18:11:20.161+0100 [DEBUG] [org.gradle.api.internal.artifacts.ivyservice.ivyresolve.CachingModuleComponentRepository] Using cached module metadata for module 'org.apache.commons:commons-lang3:3.9' in 'MavenRepo'
2021-03-21T18:11:20.161+0100 [DEBUG] [org.gradle.api.internal.artifacts.ivyservice.ivyresolve.RepositoryChainComponentMetaDataResolver] Using org.apache.commons:commons-lang3:3.9 from Maven repository 'MavenRepo'
2021-03-21T18:11:20.166+0100 [DEBUG] [org.gradle.api.internal.artifacts.ivyservice.ivyresolve.RepositoryChainComponentMetaDataResolver] Attempting to resolve component for it.unimi.dsi:fastutil:8.3.1 using repositories [maven, MavenRepo]
2021-03-21T18:11:20.166+0100 [DEBUG] [org.gradle.api.internal.artifacts.ivyservice.ivyresolve.CachingModuleComponentRepository] Detected non-existence of module 'it.unimi.dsi:fastutil:8.3.1' in resolver cache 'maven'
2021-03-21T18:11:20.167+0100 [DEBUG] [org.gradle.api.internal.artifacts.ivyservice.ivyresolve.CachingModuleComponentRepository] Using cached module metadata for module 'it.unimi.dsi:fastutil:8.3.1' in 'MavenRepo'
2021-03-21T18:11:20.167+0100 [DEBUG] [org.gradle.api.internal.artifacts.ivyservice.ivyresolve.RepositoryChainComponentMetaDataResolver] Using it.unimi.dsi:fastutil:8.3.1 from Maven repository 'MavenRepo'
2021-03-21T18:11:20.167+0100 [DEBUG] [org.gradle.api.internal.artifacts.ivyservice.ivyresolve.RepositoryChainComponentMetaDataResolver] Attempting to resolve component for org.apache.commons:commons-compress:1.18 using repositories [maven, MavenRepo]
2021-03-21T18:11:20.167+0100 [DEBUG] [org.gradle.api.internal.artifacts.ivyservice.ivyresolve.CachingModuleComponentRepository] Detected non-existence of module 'org.apache.commons:commons-compress:1.18' in resolver cache 'maven'
2021-03-21T18:11:20.167+0100 [DEBUG] [org.gradle.api.internal.artifacts.ivyservice.ivyresolve.CachingModuleComponentRepository] Using cached module metadata for module 'org.apache.commons:commons-compress:1.18' in 'MavenRepo'
2021-03-21T18:11:20.167+0100 [DEBUG] [org.gradle.api.internal.artifacts.ivyservice.ivyresolve.RepositoryChainComponentMetaDataResolver] Using org.apache.commons:commons-compress:1.18 from Maven repository 'MavenRepo'
2021-03-21T18:11:20.168+0100 [DEBUG] [org.gradle.api.internal.artifacts.ivyservice.ivyresolve.RepositoryChainComponentMetaDataResolver] Attempting to resolve component for org.tukaani:xz:1.8 using repositories [maven, MavenRepo]
2021-03-21T18:11:20.168+0100 [DEBUG] [org.gradle.api.internal.artifacts.ivyservice.ivyresolve.CachingModuleComponentRepository] Detected non-existence of module 'org.tukaani:xz:1.8' in resolver cache 'maven'
2021-03-21T18:11:20.168+0100 [DEBUG] [org.gradle.api.internal.artifacts.ivyservice.ivyresolve.CachingModuleComponentRepository] Using cached module metadata for module 'org.tukaani:xz:1.8' in 'MavenRepo'
2021-03-21T18:11:20.168+0100 [DEBUG] [org.gradle.api.internal.artifacts.ivyservice.ivyresolve.RepositoryChainComponentMetaDataResolver] Using org.tukaani:xz:1.8 from Maven repository 'MavenRepo'
2021-03-21T18:11:20.168+0100 [DEBUG] [org.gradle.api.internal.artifacts.ivyservice.ivyresolve.RepositoryChainComponentMetaDataResolver] Attempting to resolve component for net.sf.jopt-simple:jopt-simple:5.0.4 using repositories [maven, MavenRepo]
2021-03-21T18:11:20.168+0100 [DEBUG] [org.gradle.api.internal.artifacts.ivyservice.ivyresolve.CachingModuleComponentRepository] Detected non-existence of module 'net.sf.jopt-simple:jopt-simple:5.0.4' in resolver cache 'maven'
2021-03-21T18:11:20.169+0100 [DEBUG] [org.gradle.api.internal.artifacts.ivyservice.ivyresolve.CachingModuleComponentRepository] Using cached module metadata for module 'net.sf.jopt-simple:jopt-simple:5.0.4' in 'MavenRepo'
2021-03-21T18:11:20.169+0100 [DEBUG] [org.gradle.api.internal.artifacts.ivyservice.ivyresolve.RepositoryChainComponentMetaDataResolver] Using net.sf.jopt-simple:jopt-simple:5.0.4 from Maven repository 'MavenRepo'
2021-03-21T18:11:20.169+0100 [DEBUG] [org.gradle.api.internal.artifacts.ivyservice.resolveengine.graph.builder.DependencyGraphBuilder] Visiting configuration trove:trove:1.0.2(runtime).
2021-03-21T18:11:20.169+0100 [DEBUG] [org.gradle.api.internal.artifacts.ivyservice.resolveengine.graph.builder.DependencyGraphBuilder] Visiting configuration com.google.guava:failureaccess:1.0.1(runtime).
2021-03-21T18:11:20.169+0100 [DEBUG] [org.gradle.api.internal.artifacts.ivyservice.resolveengine.graph.builder.DependencyGraphBuilder] Visiting configuration com.google.guava:listenablefuture:9999.0-empty-to-avoid-conflict-with-guava(runtime).
2021-03-21T18:11:20.170+0100 [DEBUG] [org.gradle.api.internal.artifacts.ivyservice.resolveengine.graph.builder.DependencyGraphBuilder] Visiting configuration com.google.code.findbugs:jsr305:3.0.2(runtime).
2021-03-21T18:11:20.170+0100 [DEBUG] [org.gradle.api.internal.artifacts.ivyservice.resolveengine.graph.builder.DependencyGraphBuilder] Visiting configuration org.checkerframework:checker-qual:3.5.0(runtime).
2021-03-21T18:11:20.170+0100 [DEBUG] [org.gradle.api.internal.artifacts.ivyservice.resolveengine.graph.builder.DependencyGraphBuilder] Visiting configuration com.google.errorprone:error_prone_annotations:2.3.4(runtime).
2021-03-21T18:11:20.170+0100 [DEBUG] [org.gradle.api.internal.artifacts.ivyservice.resolveengine.graph.builder.DependencyGraphBuilder] Visiting configuration com.google.j2objc:j2objc-annotations:1.3(runtime).
2021-03-21T18:11:20.170+0100 [DEBUG] [org.gradle.api.internal.artifacts.ivyservice.resolveengine.graph.builder.DependencyGraphBuilder] Visiting configuration com.google.guava:guava:30.1-jre(runtime).
2021-03-21T18:11:20.170+0100 [DEBUG] [org.gradle.api.internal.artifacts.ivyservice.resolveengine.graph.builder.NodeState] Changed edges for com.google.guava:guava:30.1-jre(runtime) selects same versions as previous traversal. ignoring
2021-03-21T18:11:20.170+0100 [DEBUG] [org.gradle.api.internal.artifacts.ivyservice.resolveengine.graph.builder.DependencyGraphBuilder] Visiting configuration org.codehaus.plexus:plexus-utils:3.2.1(runtime).
2021-03-21T18:11:20.170+0100 [DEBUG] [org.gradle.api.internal.artifacts.ivyservice.resolveengine.graph.builder.DependencyGraphBuilder] Visiting configuration org.apache.commons:commons-lang3:3.8.1(runtime).
2021-03-21T18:11:20.170+0100 [DEBUG] [org.gradle.api.internal.artifacts.ivyservice.resolveengine.graph.builder.NodeState] version for org.apache.commons:commons-lang3:3.8.1(runtime) is not selected. ignoring.
2021-03-21T18:11:20.171+0100 [DEBUG] [org.gradle.api.internal.artifacts.ivyservice.resolveengine.graph.builder.DependencyGraphBuilder] Visiting configuration org.apache.httpcomponents:httpcore:4.4.13(runtime).
2021-03-21T18:11:20.171+0100 [DEBUG] [org.gradle.api.internal.artifacts.ivyservice.resolveengine.graph.builder.DependencyGraphBuilder] Visiting configuration commons-logging:commons-logging:1.2(runtime).
2021-03-21T18:11:20.171+0100 [DEBUG] [org.gradle.api.internal.artifacts.ivyservice.resolveengine.graph.builder.DependencyGraphBuilder] Visiting configuration commons-codec:commons-codec:1.11(runtime).
2021-03-21T18:11:20.171+0100 [DEBUG] [org.gradle.api.internal.artifacts.ivyservice.resolveengine.graph.builder.DependencyGraphBuilder] Visiting configuration org.apache.commons:commons-lang3:3.9(runtime).
2021-03-21T18:11:20.171+0100 [DEBUG] [org.gradle.api.internal.artifacts.ivyservice.resolveengine.graph.builder.DependencyGraphBuilder] Visiting configuration it.unimi.dsi:fastutil:8.3.1(runtime).
2021-03-21T18:11:20.172+0100 [DEBUG] [org.gradle.api.internal.artifacts.ivyservice.resolveengine.graph.builder.DependencyGraphBuilder] Visiting configuration org.apache.commons:commons-compress:1.18(runtime).
2021-03-21T18:11:20.172+0100 [DEBUG] [org.gradle.api.internal.artifacts.ivyservice.resolveengine.graph.builder.DependencyGraphBuilder] Visiting configuration org.tukaani:xz:1.8(runtime).
2021-03-21T18:11:20.172+0100 [DEBUG] [org.gradle.api.internal.artifacts.ivyservice.resolveengine.graph.builder.DependencyGraphBuilder] Visiting configuration net.sf.jopt-simple:jopt-simple:5.0.4(runtime).
2021-03-21T18:11:20.188+0100 [DEBUG] [org.gradle.api.internal.artifacts.ivyservice.resolveengine.oldresult.TransientConfigurationResultsBuilder] Flushing resolved configuration data in Binary store in C:\Users\troyvs\AppData\Local\Temp\gradle4123745963310854540.bin. Wrote root 2.
2021-03-21T18:11:20.190+0100 [DEBUG] [org.gradle.internal.operations.DefaultBuildOperationRunner] Build operation 'Resolve dependencies of :classpath' completed
2021-03-21T18:11:20.190+0100 [DEBUG] [org.gradle.internal.component.model.LoggingAttributeMatchingExplanationBuilder] Selected match net.minecraftforge.gradle:ForgeGradle:4.1.3 variant runtimeElements from candidates [net.minecraftforge.gradle:ForgeGradle:4.1.3 variant runtimeElements] for {org.gradle.category=library, org.gradle.dependency.bundling=external, org.gradle.jvm.version=8, org.gradle.libraryelements=jar, org.gradle.usage=java-runtime}
2021-03-21T18:11:20.191+0100 [DEBUG] [org.gradle.internal.component.model.LoggingAttributeMatchingExplanationBuilder] Selected match commons-io:commons-io:2.8.0 configuration runtime from candidates [commons-io:commons-io:2.8.0 configuration runtime] for {org.gradle.category=library, org.gradle.dependency.bundling=external, org.gradle.jvm.version=8, org.gradle.libraryelements=jar, org.gradle.usage=java-runtime}
2021-03-21T18:11:20.191+0100 [DEBUG] [org.gradle.internal.component.model.LoggingAttributeMatchingExplanationBuilder] Selected match com.github.jponge:lzma-java:1.3 configuration runtime from candidates [com.github.jponge:lzma-java:1.3 configuration runtime] for {org.gradle.category=library, org.gradle.dependency.bundling=external, org.gradle.jvm.version=8, org.gradle.libraryelements=jar, org.gradle.usage=java-runtime}
2021-03-21T18:11:20.191+0100 [DEBUG] [org.gradle.internal.component.model.LoggingAttributeMatchingExplanationBuilder] Selected match com.nothome:javaxdelta:2.0.1 configuration runtime from candidates [com.nothome:javaxdelta:2.0.1 configuration runtime] for {org.gradle.category=library, org.gradle.dependency.bundling=external, org.gradle.jvm.version=8, org.gradle.libraryelements=jar, org.gradle.usage=java-runtime}
2021-03-21T18:11:20.191+0100 [DEBUG] [org.gradle.internal.component.model.LoggingAttributeMatchingExplanationBuilder] Selected match com.google.code.gson:gson:2.8.6 configuration runtime from candidates [com.google.code.gson:gson:2.8.6 configuration runtime] for {org.gradle.category=library, org.gradle.dependency.bundling=external, org.gradle.jvm.version=8, org.gradle.libraryelements=jar, org.gradle.usage=java-runtime}
2021-03-21T18:11:20.192+0100 [DEBUG] [org.gradle.internal.component.model.LoggingAttributeMatchingExplanationBuilder] Selected match net.minecraftforge:artifactural:2.0.3 variant runtimeElements from candidates [net.minecraftforge:artifactural:2.0.3 variant runtimeElements] for {org.gradle.category=library, org.gradle.dependency.bundling=external, org.gradle.jvm.version=8, org.gradle.libraryelements=jar, org.gradle.usage=java-runtime}
2021-03-21T18:11:20.192+0100 [DEBUG] [org.gradle.internal.component.model.LoggingAttributeMatchingExplanationBuilder] Selected match com.google.guava:guava:30.1-jre configuration runtime from candidates [com.google.guava:guava:30.1-jre configuration runtime] for {org.gradle.category=library, org.gradle.dependency.bundling=external, org.gradle.jvm.version=8, org.gradle.libraryelements=jar, org.gradle.usage=java-runtime}
2021-03-21T18:11:20.192+0100 [DEBUG] [org.gradle.internal.component.model.LoggingAttributeMatchingExplanationBuilder] Selected match de.siegmar:fastcsv:2.0.0 variant runtimeElements from candidates [de.siegmar:fastcsv:2.0.0 variant runtimeElements] for {org.gradle.category=library, org.gradle.dependency.bundling=external, org.gradle.jvm.version=8, org.gradle.libraryelements=jar, org.gradle.usage=java-runtime}
2021-03-21T18:11:20.192+0100 [DEBUG] [org.gradle.internal.component.model.LoggingAttributeMatchingExplanationBuilder] Selected match org.apache.maven:maven-artifact:3.6.3 configuration runtime from candidates [org.apache.maven:maven-artifact:3.6.3 configuration runtime] for {org.gradle.category=library, org.gradle.dependency.bundling=external, org.gradle.jvm.version=8, org.gradle.libraryelements=jar, org.gradle.usage=java-runtime}
2021-03-21T18:11:20.192+0100 [DEBUG] [org.gradle.internal.component.model.LoggingAttributeMatchingExplanationBuilder] Selected match org.apache.httpcomponents:httpclient:4.5.13 configuration runtime from candidates [org.apache.httpcomponents:httpclient:4.5.13 configuration runtime] for {org.gradle.category=library, org.gradle.dependency.bundling=external, org.gradle.jvm.version=8, org.gradle.libraryelements=jar, org.gradle.usage=java-runtime}
2021-03-21T18:11:20.193+0100 [DEBUG] [org.gradle.internal.component.model.LoggingAttributeMatchingExplanationBuilder] Selected match net.minecraftforge:srgutils:0.4.1 configuration runtime from candidates [net.minecraftforge:srgutils:0.4.1 configuration runtime] for {org.gradle.category=library, org.gradle.dependency.bundling=external, org.gradle.jvm.version=8, org.gradle.libraryelements=jar, org.gradle.usage=java-runtime}
2021-03-21T18:11:20.193+0100 [DEBUG] [org.gradle.internal.component.model.LoggingAttributeMatchingExplanationBuilder] Selected match net.minecraftforge:DiffPatch:2.0.2 from candidates [net.minecraftforge:DiffPatch:2.0.2] for {org.gradle.category=library, org.gradle.dependency.bundling=external, org.gradle.jvm.version=8, org.gradle.libraryelements=jar, org.gradle.usage=java-runtime}
2021-03-21T18:11:20.193+0100 [DEBUG] [org.gradle.internal.component.model.LoggingAttributeMatchingExplanationBuilder] Selected match trove:trove:1.0.2 configuration runtime from candidates [trove:trove:1.0.2 configuration runtime] for {org.gradle.category=library, org.gradle.dependency.bundling=external, org.gradle.jvm.version=8, org.gradle.libraryelements=jar, org.gradle.usage=java-runtime}
2021-03-21T18:11:20.193+0100 [DEBUG] [org.gradle.internal.component.model.LoggingAttributeMatchingExplanationBuilder] Selected match com.google.guava:failureaccess:1.0.1 configuration runtime from candidates [com.google.guava:failureaccess:1.0.1 configuration runtime] for {org.gradle.category=library, org.gradle.dependency.bundling=external, org.gradle.jvm.version=8, org.gradle.libraryelements=jar, org.gradle.usage=java-runtime}
2021-03-21T18:11:20.193+0100 [DEBUG] [org.gradle.internal.component.model.LoggingAttributeMatchingExplanationBuilder] Selected match com.google.guava:listenablefuture:9999.0-empty-to-avoid-conflict-with-guava configuration runtime from candidates [com.google.guava:listenablefuture:9999.0-empty-to-avoid-conflict-with-guava configuration runtime] for {org.gradle.category=library, org.gradle.dependency.bundling=external, org.gradle.jvm.version=8, org.gradle.libraryelements=jar, org.gradle.usage=java-runtime}
2021-03-21T18:11:20.194+0100 [DEBUG] [org.gradle.internal.component.model.LoggingAttributeMatchingExplanationBuilder] Selected match com.google.code.findbugs:jsr305:3.0.2 configuration runtime from candidates [com.google.code.findbugs:jsr305:3.0.2 configuration runtime] for {org.gradle.category=library, org.gradle.dependency.bundling=external, org.gradle.jvm.version=8, org.gradle.libraryelements=jar, org.gradle.usage=java-runtime}
2021-03-21T18:11:20.195+0100 [DEBUG] [org.gradle.internal.component.model.LoggingAttributeMatchingExplanationBuilder] Selected match org.checkerframework:checker-qual:3.5.0 configuration runtime from candidates [org.checkerframework:checker-qual:3.5.0 configuration runtime] for {org.gradle.category=library, org.gradle.dependency.bundling=external, org.gradle.jvm.version=8, org.gradle.libraryelements=jar, org.gradle.usage=java-runtime}
2021-03-21T18:11:20.196+0100 [DEBUG] [org.gradle.internal.component.model.LoggingAttributeMatchingExplanationBuilder] Selected match com.google.errorprone:error_prone_annotations:2.3.4 configuration runtime from candidates [com.google.errorprone:error_prone_annotations:2.3.4 configuration runtime] for {org.gradle.category=library, org.gradle.dependency.bundling=external, org.gradle.jvm.version=8, org.gradle.libraryelements=jar, org.gradle.usage=java-runtime}
2021-03-21T18:11:20.196+0100 [DEBUG] [org.gradle.internal.component.model.LoggingAttributeMatchingExplanationBuilder] Selected match com.google.j2objc:j2objc-annotations:1.3 configuration runtime from candidates [com.google.j2objc:j2objc-annotations:1.3 configuration runtime] for {org.gradle.category=library, org.gradle.dependency.bundling=external, org.gradle.jvm.version=8, org.gradle.libraryelements=jar, org.gradle.usage=java-runtime}
2021-03-21T18:11:20.196+0100 [DEBUG] [org.gradle.internal.component.model.LoggingAttributeMatchingExplanationBuilder] Selected match org.codehaus.plexus:plexus-utils:3.2.1 configuration runtime from candidates [org.codehaus.plexus:plexus-utils:3.2.1 configuration runtime] for {org.gradle.category=library, org.gradle.dependency.bundling=external, org.gradle.jvm.version=8, org.gradle.libraryelements=jar, org.gradle.usage=java-runtime}
2021-03-21T18:11:20.196+0100 [DEBUG] [org.gradle.internal.component.model.LoggingAttributeMatchingExplanationBuilder] Selected match org.apache.commons:commons-lang3:3.9 configuration runtime from candidates [org.apache.commons:commons-lang3:3.9 configuration runtime] for {org.gradle.category=library, org.gradle.dependency.bundling=external, org.gradle.jvm.version=8, org.gradle.libraryelements=jar, org.gradle.usage=java-runtime}
2021-03-21T18:11:20.196+0100 [DEBUG] [org.gradle.internal.component.model.LoggingAttributeMatchingExplanationBuilder] Selected match org.apache.httpcomponents:httpcore:4.4.13 configuration runtime from candidates [org.apache.httpcomponents:httpcore:4.4.13 configuration runtime] for {org.gradle.category=library, org.gradle.dependency.bundling=external, org.gradle.jvm.version=8, org.gradle.libraryelements=jar, org.gradle.usage=java-runtime}
2021-03-21T18:11:20.196+0100 [DEBUG] [org.gradle.internal.component.model.LoggingAttributeMatchingExplanationBuilder] Selected match commons-logging:commons-logging:1.2 configuration runtime from candidates [commons-logging:commons-logging:1.2 configuration runtime] for {org.gradle.category=library, org.gradle.dependency.bundling=external, org.gradle.jvm.version=8, org.gradle.libraryelements=jar, org.gradle.usage=java-runtime}
2021-03-21T18:11:20.197+0100 [DEBUG] [org.gradle.internal.component.model.LoggingAttributeMatchingExplanationBuilder] Selected match commons-codec:commons-codec:1.11 configuration runtime from candidates [commons-codec:commons-codec:1.11 configuration runtime] for {org.gradle.category=library, org.gradle.dependency.bundling=external, org.gradle.jvm.version=8, org.gradle.libraryelements=jar, org.gradle.usage=java-runtime}
2021-03-21T18:11:20.197+0100 [DEBUG] [org.gradle.internal.component.model.LoggingAttributeMatchingExplanationBuilder] Selected match it.unimi.dsi:fastutil:8.3.1 configuration runtime from candidates [it.unimi.dsi:fastutil:8.3.1 configuration runtime] for {org.gradle.category=library, org.gradle.dependency.bundling=external, org.gradle.jvm.version=8, org.gradle.libraryelements=jar, org.gradle.usage=java-runtime}
2021-03-21T18:11:20.197+0100 [DEBUG] [org.gradle.internal.component.model.LoggingAttributeMatchingExplanationBuilder] Selected match org.apache.commons:commons-compress:1.18 configuration runtime from candidates [org.apache.commons:commons-compress:1.18 configuration runtime] for {org.gradle.category=library, org.gradle.dependency.bundling=external, org.gradle.jvm.version=8, org.gradle.libraryelements=jar, org.gradle.usage=java-runtime}
2021-03-21T18:11:20.197+0100 [DEBUG] [org.gradle.internal.component.model.LoggingAttributeMatchingExplanationBuilder] Selected match org.tukaani:xz:1.8 configuration runtime from candidates [org.tukaani:xz:1.8 configuration runtime] for {org.gradle.category=library, org.gradle.dependency.bundling=external, org.gradle.jvm.version=8, org.gradle.libraryelements=jar, org.gradle.usage=java-runtime}
2021-03-21T18:11:20.197+0100 [DEBUG] [org.gradle.internal.component.model.LoggingAttributeMatchingExplanationBuilder] Selected match net.sf.jopt-simple:jopt-simple:5.0.4 configuration runtime from candidates [net.sf.jopt-simple:jopt-simple:5.0.4 configuration runtime] for {org.gradle.category=library, org.gradle.dependency.bundling=external, org.gradle.jvm.version=8, org.gradle.libraryelements=jar, org.gradle.usage=java-runtime}
2021-03-21T18:11:20.204+0100 [DEBUG] [org.gradle.api.internal.artifacts.ivyservice.ivyresolve.CachingModuleComponentRepository] Found artifact 'commons-io-2.8.0.jar (commons-io:commons-io:2.8.0)' in resolver cache: C:\Users\troyvs\.gradle\caches\modules-2\files-2.1\commons-io\commons-io\2.8.0\92999e26e6534606b5678014e66948286298a35c\commons-io-2.8.0.jar
2021-03-21T18:11:20.205+0100 [DEBUG] [org.gradle.api.internal.artifacts.ivyservice.ivyresolve.CachingModuleComponentRepository] Found artifact 'org.gradle.internal.component.external.model.UrlBackedArtifactMetadata@2824d58b' in resolver cache: C:\Users\troyvs\.gradle\caches\modules-2\files-2.1\net.minecraftforge.gradle\ForgeGradle\4.1.3\d565afa8f7fb37903cc5cb6cecb23b195b12e580\ForgeGradle-4.1.3.jar
2021-03-21T18:11:20.207+0100 [DEBUG] [org.gradle.api.internal.artifacts.ivyservice.ivyresolve.CachingModuleComponentRepository] Found artifact 'failureaccess-1.0.1.jar (com.google.guava:failureaccess:1.0.1)' in resolver cache: C:\Users\troyvs\.gradle\caches\modules-2\files-2.1\com.google.guava\failureaccess\1.0.1\1dcf1de382a0bf95a3d8b0849546c88bac1292c9\failureaccess-1.0.1.jar
2021-03-21T18:11:20.208+0100 [DEBUG] [org.gradle.api.internal.artifacts.ivyservice.ivyresolve.CachingModuleComponentRepository] Found artifact 'listenablefuture-9999.0-empty-to-avoid-conflict-with-guava.jar (com.google.guava:listenablefuture:9999.0-empty-to-avoid-conflict-with-guava)' in resolver cache: C:\Users\troyvs\.gradle\caches\modules-2\files-2.1\com.google.guava\listenablefuture\9999.0-empty-to-avoid-conflict-with-guava\b421526c5f297295adef1c886e5246c39d4ac629\listenablefuture-9999.0-empty-to-avoid-conflict-with-guava.jar
2021-03-21T18:11:20.205+0100 [DEBUG] [org.gradle.api.internal.artifacts.ivyservice.ivyresolve.CachingModuleComponentRepository] Found artifact 'srgutils-0.4.1.jar (net.minecraftforge:srgutils:0.4.1)' in resolver cache: C:\Users\troyvs\.gradle\caches\modules-2\files-2.1\net.minecraftforge\srgutils\0.4.1\7074831848661cee921d30340b06ba35264c754f\srgutils-0.4.1.jar
2021-03-21T18:11:20.209+0100 [DEBUG] [org.gradle.internal.work.DefaultWorkerLeaseService] Worker lease root.1.5.7 started (7 worker(s) in use).
2021-03-21T18:11:20.209+0100 [DEBUG] [org.gradle.internal.resources.AbstractTrackedResourceLock] Daemon worker: acquired lock on root.1.5.7
2021-03-21T18:11:20.208+0100 [DEBUG] [org.gradle.api.internal.artifacts.ivyservice.ivyresolve.CachingModuleComponentRepository] Found artifact 'jsr305-3.0.2.jar (com.google.code.findbugs:jsr305:3.0.2)' in resolver cache: C:\Users\troyvs\.gradle\caches\modules-2\files-2.1\com.google.code.findbugs\jsr305\3.0.2\25ea2e8b0c338a877313bd4672d3fe056ea78f0d\jsr305-3.0.2.jar
2021-03-21T18:11:20.206+0100 [DEBUG] [org.gradle.api.internal.artifacts.ivyservice.ivyresolve.CachingModuleComponentRepository] Found artifact 'lzma-java-1.3.jar (com.github.jponge:lzma-java:1.3)' in resolver cache: C:\Users\troyvs\.gradle\caches\modules-2\files-2.1\com.github.jponge\lzma-java\1.3\a25db9d4d385ccda4825ae1b47a7a61d86e595af\lzma-java-1.3.jar
2021-03-21T18:11:20.210+0100 [DEBUG] [org.gradle.api.internal.artifacts.ivyservice.ivyresolve.CachingModuleComponentRepository] Found artifact 'DiffPatch-2.0.2-all.jar (net.minecraftforge:DiffPatch:2.0.2)' in resolver cache: C:\Users\troyvs\.gradle\caches\modules-2\files-2.1\net.minecraftforge\DiffPatch\2.0.2\662c66777701d2b3ed8dbca1c1a2e67d8ad54894\DiffPatch-2.0.2-all.jar
2021-03-21T18:11:20.211+0100 [DEBUG] [org.gradle.api.internal.artifacts.ivyservice.ivyresolve.CachingModuleComponentRepository] Found artifact 'checker-qual-3.5.0.jar (org.checkerframework:checker-qual:3.5.0)' in resolver cache: C:\Users\troyvs\.gradle\caches\modules-2\files-2.1\org.checkerframework\checker-qual\3.5.0\2f50520c8abea66fbd8d26e481d3aef5c673b510\checker-qual-3.5.0.jar
2021-03-21T18:11:20.212+0100 [DEBUG] [org.gradle.api.internal.artifacts.ivyservice.ivyresolve.CachingModuleComponentRepository] Found artifact 'plexus-utils-3.2.1.jar (org.codehaus.plexus:plexus-utils:3.2.1)' in resolver cache: C:\Users\troyvs\.gradle\caches\modules-2\files-2.1\org.codehaus.plexus\plexus-utils\3.2.1\13b015768e0d04849d2794e4c47eb02d01a0de32\plexus-utils-3.2.1.jar
2021-03-21T18:11:20.213+0100 [DEBUG] [org.gradle.api.internal.artifacts.ivyservice.ivyresolve.CachingModuleComponentRepository] Found artifact 'httpcore-4.4.13.jar (org.apache.httpcomponents:httpcore:4.4.13)' in resolver cache: C:\Users\troyvs\.gradle\caches\modules-2\files-2.1\org.apache.httpcomponents\httpcore\4.4.13\853b96d3afbb7bf8cc303fe27ee96836a10c1834\httpcore-4.4.13.jar
2021-03-21T18:11:20.212+0100 [DEBUG] [org.gradle.api.internal.artifacts.ivyservice.ivyresolve.CachingModuleComponentRepository] Found artifact 'error_prone_annotations-2.3.4.jar (com.google.errorprone:error_prone_annotations:2.3.4)' in resolver cache: C:\Users\troyvs\.gradle\caches\modules-2\files-2.1\com.google.errorprone\error_prone_annotations\2.3.4\dac170e4594de319655ffb62f41cbd6dbb5e601e\error_prone_annotations-2.3.4.jar
2021-03-21T18:11:20.210+0100 [DEBUG] [org.gradle.api.internal.artifacts.ivyservice.ivyresolve.CachingModuleComponentRepository] Found artifact 'gson-2.8.6.jar (com.google.code.gson:gson:2.8.6)' in resolver cache: C:\Users\troyvs\.gradle\caches\modules-2\files-2.1\com.google.code.gson\gson\2.8.6\9180733b7df8542621dc12e21e87557e8c99b8cb\gson-2.8.6.jar
2021-03-21T18:11:20.214+0100 [DEBUG] [org.gradle.api.internal.artifacts.ivyservice.ivyresolve.CachingModuleComponentRepository] Found artifact 'j2objc-annotations-1.3.jar (com.google.j2objc:j2objc-annotations:1.3)' in resolver cache: C:\Users\troyvs\.gradle\caches\modules-2\files-2.1\com.google.j2objc\j2objc-annotations\1.3\ba035118bc8bac37d7eff77700720999acd9986d\j2objc-annotations-1.3.jar
2021-03-21T18:11:20.215+0100 [DEBUG] [org.gradle.api.internal.artifacts.ivyservice.ivyresolve.CachingModuleComponentRepository] Found artifact 'javaxdelta-2.0.1.jar (com.nothome:javaxdelta:2.0.1)' in resolver cache: C:\Users\troyvs\.gradle\caches\modules-2\files-2.1\com.nothome\javaxdelta\2.0.1\d4f5d077f1b15c6f67595015d69572303ad3f66d\javaxdelta-2.0.1.jar
2021-03-21T18:11:20.213+0100 [DEBUG] [org.gradle.api.internal.artifacts.ivyservice.ivyresolve.CachingModuleComponentRepository] Found artifact 'trove-1.0.2.jar (trove:trove:1.0.2)' in resolver cache: C:\Users\troyvs\.gradle\caches\modules-2\files-2.1\trove\trove\1.0.2\112b40581ab9a4d3de4636d49985a7f686d181c8\trove-1.0.2.jar
2021-03-21T18:11:20.216+0100 [DEBUG] [org.gradle.internal.operations.DefaultBuildOperationRunner] Build operation 'Resolve trove-1.0.2.jar (trove:trove:1.0.2)' completed
2021-03-21T18:11:20.217+0100 [DEBUG] [org.gradle.api.internal.artifacts.ivyservice.ivyresolve.CachingModuleComponentRepository] Found artifact 'commons-lang3-3.9.jar (org.apache.commons:commons-lang3:3.9)' in resolver cache: C:\Users\troyvs\.gradle\caches\modules-2\files-2.1\org.apache.commons\commons-lang3\3.9\122c7cee69b53ed4a7681c03d4ee4c0e2765da5\commons-lang3-3.9.jar
2021-03-21T18:11:20.219+0100 [DEBUG] [org.gradle.api.internal.artifacts.ivyservice.ivyresolve.CachingModuleComponentRepository] Found artifact 'commons-logging-1.2.jar (commons-logging:commons-logging:1.2)' in resolver cache: C:\Users\troyvs\.gradle\caches\modules-2\files-2.1\commons-logging\commons-logging\1.2\4bfc12adfe4842bf07b657f0369c4cb522955686\commons-logging-1.2.jar
2021-03-21T18:11:20.219+0100 [DEBUG] [org.gradle.api.internal.artifacts.ivyservice.ivyresolve.CachingModuleComponentRepository] Found artifact 'xz-1.8.jar (org.tukaani:xz:1.8)' in resolver cache: C:\Users\troyvs\.gradle\caches\modules-2\files-2.1\org.tukaani\xz\1.8\c4f7d054303948eb6a4066194253886c8af07128\xz-1.8.jar
2021-03-21T18:11:20.221+0100 [DEBUG] [org.gradle.api.internal.artifacts.ivyservice.ivyresolve.CachingModuleComponentRepository] Found artifact 'commons-compress-1.18.jar (org.apache.commons:commons-compress:1.18)' in resolver cache: C:\Users\troyvs\.gradle\caches\modules-2\files-2.1\org.apache.commons\commons-compress\1.18\1191f9f2bc0c47a8cce69193feb1ff0a8bcb37d5\commons-compress-1.18.jar
2021-03-21T18:11:20.224+0100 [DEBUG] [org.gradle.api.internal.artifacts.ivyservice.ivyresolve.CachingModuleComponentRepository] Found artifact 'org.gradle.internal.component.external.model.UrlBackedArtifactMetadata@34273aaa' in resolver cache: C:\Users\troyvs\.gradle\caches\modules-2\files-2.1\net.minecraftforge\artifactural\2.0.3\fe8c3c841417df13db9e1e657250e380cba0edd0\artifactural-2.0.3.jar
2021-03-21T18:11:20.229+0100 [DEBUG] [org.gradle.internal.operations.DefaultBuildOperationRunner] Build operation 'Resolve commons-compress-1.18.jar (org.apache.commons:commons-compress:1.18)' completed
2021-03-21T18:11:20.219+0100 [DEBUG] [org.gradle.api.internal.artifacts.ivyservice.ivyresolve.CachingModuleComponentRepository] Found artifact 'jopt-simple-5.0.4.jar (net.sf.jopt-simple:jopt-simple:5.0.4)' in resolver cache: C:\Users\troyvs\.gradle\caches\modules-2\files-2.1\net.sf.jopt-simple\jopt-simple\5.0.4\4fdac2fbe92dfad86aa6e9301736f6b4342a3f5c\jopt-simple-5.0.4.jar
2021-03-21T18:11:20.230+0100 [DEBUG] [org.gradle.api.internal.artifacts.ivyservice.ivyresolve.CachingModuleComponentRepository] Found artifact 'fastutil-8.3.1.jar (it.unimi.dsi:fastutil:8.3.1)' in resolver cache: C:\Users\troyvs\.gradle\caches\modules-2\files-2.1\it.unimi.dsi\fastutil\8.3.1\ff33b340d60b81f4c1015fa8008bb30ff0a0d53b\fastutil-8.3.1.jar
2021-03-21T18:11:20.230+0100 [DEBUG] [org.gradle.api.internal.artifacts.ivyservice.ivyresolve.CachingModuleComponentRepository] Found artifact 'commons-codec-1.11.jar (commons-codec:commons-codec:1.11)' in resolver cache: C:\Users\troyvs\.gradle\caches\modules-2\files-2.1\commons-codec\commons-codec\1.11\3acb4705652e16236558f0f4f2192cc33c3bd189\commons-codec-1.11.jar
2021-03-21T18:11:20.229+0100 [DEBUG] [org.gradle.api.internal.artifacts.ivyservice.ivyresolve.CachingModuleComponentRepository] Found artifact 'guava-30.1-jre.jar (com.google.guava:guava:30.1-jre)' in resolver cache: C:\Users\troyvs\.gradle\caches\modules-2\files-2.1\com.google.guava\guava\30.1-jre\d0c3ce2311c9e36e73228da25a6e99b2ab826f\guava-30.1-jre.jar
2021-03-21T18:11:20.234+0100 [DEBUG] [org.gradle.api.internal.artifacts.ivyservice.ivyresolve.CachingModuleComponentRepository] Found artifact 'maven-artifact-3.6.3.jar (org.apache.maven:maven-artifact:3.6.3)' in resolver cache: C:\Users\troyvs\.gradle\caches\modules-2\files-2.1\org.apache.maven\maven-artifact\3.6.3\f8ff8032903882376e8d000c51e3e16d20fc7df7\maven-artifact-3.6.3.jar
2021-03-21T18:11:20.237+0100 [DEBUG] [org.gradle.api.internal.artifacts.ivyservice.ivyresolve.CachingModuleComponentRepository] Found artifact 'httpclient-4.5.13.jar (org.apache.httpcomponents:httpclient:4.5.13)' in resolver cache: C:\Users\troyvs\.gradle\caches\modules-2\files-2.1\org.apache.httpcomponents\httpclient\4.5.13\e5f6cae5ca7ecaac1ec2827a9e2d65ae2869cada\httpclient-4.5.13.jar
2021-03-21T18:11:20.239+0100 [DEBUG] [org.gradle.internal.work.DefaultWorkerLeaseService] Worker lease root.1.5.7 completed (6 worker(s) in use)
2021-03-21T18:11:20.239+0100 [DEBUG] [org.gradle.internal.resources.AbstractTrackedResourceLock] Daemon worker: released lock on root.1.5.7
2021-03-21T18:11:20.242+0100 [DEBUG] [org.gradle.api.internal.artifacts.ivyservice.ivyresolve.CachingModuleComponentRepository] Found artifact 'org.gradle.internal.component.external.model.UrlBackedArtifactMetadata@422ea666' in resolver cache: C:\Users\troyvs\.gradle\caches\modules-2\files-2.1\de.siegmar\fastcsv\2.0.0\b615f26c03edeac966618b93b9ee4f4eed50aae1\fastcsv-2.0.0.jar
2021-03-21T18:11:20.244+0100 [DEBUG] [org.gradle.internal.operations.DefaultBuildOperationRunner] Build operation 'Resolve files of :classpath' completed
2021-03-21T18:11:20.244+0100 [DEBUG] [org.gradle.internal.component.model.LoggingAttributeMatchingExplanationBuilder] Selected match net.minecraftforge.gradle:ForgeGradle:4.1.3 variant runtimeElements from candidates [net.minecraftforge.gradle:ForgeGradle:4.1.3 variant runtimeElements] for {org.gradle.category=library, org.gradle.dependency.bundling=external, org.gradle.jvm.version=8, org.gradle.libraryelements=jar, org.gradle.usage=java-runtime}
2021-03-21T18:11:20.245+0100 [DEBUG] [org.gradle.internal.component.model.LoggingAttributeMatchingExplanationBuilder] Selected match commons-io:commons-io:2.8.0 configuration runtime from candidates [commons-io:commons-io:2.8.0 configuration runtime] for {org.gradle.category=library, org.gradle.dependency.bundling=external, org.gradle.jvm.version=8, org.gradle.libraryelements=jar, org.gradle.usage=java-runtime}
2021-03-21T18:11:20.245+0100 [DEBUG] [org.gradle.internal.component.model.LoggingAttributeMatchingExplanationBuilder] Selected match com.github.jponge:lzma-java:1.3 configuration runtime from candidates [com.github.jponge:lzma-java:1.3 configuration runtime] for {org.gradle.category=library, org.gradle.dependency.bundling=external, org.gradle.jvm.version=8, org.gradle.libraryelements=jar, org.gradle.usage=java-runtime}
2021-03-21T18:11:20.245+0100 [DEBUG] [org.gradle.internal.component.model.LoggingAttributeMatchingExplanationBuilder] Selected match com.nothome:javaxdelta:2.0.1 configuration runtime from candidates [com.nothome:javaxdelta:2.0.1 configuration runtime] for {org.gradle.category=library, org.gradle.dependency.bundling=external, org.gradle.jvm.version=8, org.gradle.libraryelements=jar, org.gradle.usage=java-runtime}
2021-03-21T18:11:20.245+0100 [DEBUG] [org.gradle.internal.component.model.LoggingAttributeMatchingExplanationBuilder] Selected match com.google.code.gson:gson:2.8.6 configuration runtime from candidates [com.google.code.gson:gson:2.8.6 configuration runtime] for {org.gradle.category=library, org.gradle.dependency.bundling=external, org.gradle.jvm.version=8, org.gradle.libraryelements=jar, org.gradle.usage=java-runtime}
2021-03-21T18:11:20.245+0100 [DEBUG] [org.gradle.internal.component.model.LoggingAttributeMatchingExplanationBuilder] Selected match net.minecraftforge:artifactural:2.0.3 variant runtimeElements from candidates [net.minecraftforge:artifactural:2.0.3 variant runtimeElements] for {org.gradle.category=library, org.gradle.dependency.bundling=external, org.gradle.jvm.version=8, org.gradle.libraryelements=jar, org.gradle.usage=java-runtime}
2021-03-21T18:11:20.246+0100 [DEBUG] [org.gradle.internal.component.model.LoggingAttributeMatchingExplanationBuilder] Selected match com.google.guava:guava:30.1-jre configuration runtime from candidates [com.google.guava:guava:30.1-jre configuration runtime] for {org.gradle.category=library, org.gradle.dependency.bundling=external, org.gradle.jvm.version=8, org.gradle.libraryelements=jar, org.gradle.usage=java-runtime}
2021-03-21T18:11:20.246+0100 [DEBUG] [org.gradle.internal.component.model.LoggingAttributeMatchingExplanationBuilder] Selected match de.siegmar:fastcsv:2.0.0 variant runtimeElements from candidates [de.siegmar:fastcsv:2.0.0 variant runtimeElements] for {org.gradle.category=library, org.gradle.dependency.bundling=external, org.gradle.jvm.version=8, org.gradle.libraryelements=jar, org.gradle.usage=java-runtime}
2021-03-21T18:11:20.246+0100 [DEBUG] [org.gradle.internal.component.model.LoggingAttributeMatchingExplanationBuilder] Selected match org.apache.maven:maven-artifact:3.6.3 configuration runtime from candidates [org.apache.maven:maven-artifact:3.6.3 configuration runtime] for {org.gradle.category=library, org.gradle.dependency.bundling=external, org.gradle.jvm.version=8, org.gradle.libraryelements=jar, org.gradle.usage=java-runtime}
2021-03-21T18:11:20.246+0100 [DEBUG] [org.gradle.internal.component.model.LoggingAttributeMatchingExplanationBuilder] Selected match org.apache.httpcomponents:httpclient:4.5.13 configuration runtime from candidates [org.apache.httpcomponents:httpclient:4.5.13 configuration runtime] for {org.gradle.category=library, org.gradle.dependency.bundling=external, org.gradle.jvm.version=8, org.gradle.libraryelements=jar, org.gradle.usage=java-runtime}
2021-03-21T18:11:20.246+0100 [DEBUG] [org.gradle.internal.component.model.LoggingAttributeMatchingExplanationBuilder] Selected match net.minecraftforge:srgutils:0.4.1 configuration runtime from candidates [net.minecraftforge:srgutils:0.4.1 configuration runtime] for {org.gradle.category=library, org.gradle.dependency.bundling=external, org.gradle.jvm.version=8, org.gradle.libraryelements=jar, org.gradle.usage=java-runtime}
2021-03-21T18:11:20.246+0100 [DEBUG] [org.gradle.internal.component.model.LoggingAttributeMatchingExplanationBuilder] Selected match net.minecraftforge:DiffPatch:2.0.2 from candidates [net.minecraftforge:DiffPatch:2.0.2] for {org.gradle.category=library, org.gradle.dependency.bundling=external, org.gradle.jvm.version=8, org.gradle.libraryelements=jar, org.gradle.usage=java-runtime}
2021-03-21T18:11:20.246+0100 [DEBUG] [org.gradle.internal.component.model.LoggingAttributeMatchingExplanationBuilder] Selected match trove:trove:1.0.2 configuration runtime from candidates [trove:trove:1.0.2 configuration runtime] for {org.gradle.category=library, org.gradle.dependency.bundling=external, org.gradle.jvm.version=8, org.gradle.libraryelements=jar, org.gradle.usage=java-runtime}
2021-03-21T18:11:20.246+0100 [DEBUG] [org.gradle.internal.component.model.LoggingAttributeMatchingExplanationBuilder] Selected match com.google.guava:failureaccess:1.0.1 configuration runtime from candidates [com.google.guava:failureaccess:1.0.1 configuration runtime] for {org.gradle.category=library, org.gradle.dependency.bundling=external, org.gradle.jvm.version=8, org.gradle.libraryelements=jar, org.gradle.usage=java-runtime}
2021-03-21T18:11:20.247+0100 [DEBUG] [org.gradle.internal.component.model.LoggingAttributeMatchingExplanationBuilder] Selected match com.google.guava:listenablefuture:9999.0-empty-to-avoid-conflict-with-guava configuration runtime from candidates [com.google.guava:listenablefuture:9999.0-empty-to-avoid-conflict-with-guava configuration runtime] for {org.gradle.category=library, org.gradle.dependency.bundling=external, org.gradle.jvm.version=8, org.gradle.libraryelements=jar, org.gradle.usage=java-runtime}
2021-03-21T18:11:20.247+0100 [DEBUG] [org.gradle.internal.component.model.LoggingAttributeMatchingExplanationBuilder] Selected match com.google.code.findbugs:jsr305:3.0.2 configuration runtime from candidates [com.google.code.findbugs:jsr305:3.0.2 configuration runtime] for {org.gradle.category=library, org.gradle.dependency.bundling=external, org.gradle.jvm.version=8, org.gradle.libraryelements=jar, org.gradle.usage=java-runtime}
2021-03-21T18:11:20.247+0100 [DEBUG] [org.gradle.internal.component.model.LoggingAttributeMatchingExplanationBuilder] Selected match org.checkerframework:checker-qual:3.5.0 configuration runtime from candidates [org.checkerframework:checker-qual:3.5.0 configuration runtime] for {org.gradle.category=library, org.gradle.dependency.bundling=external, org.gradle.jvm.version=8, org.gradle.libraryelements=jar, org.gradle.usage=java-runtime}
2021-03-21T18:11:20.247+0100 [DEBUG] [org.gradle.internal.component.model.LoggingAttributeMatchingExplanationBuilder] Selected match com.google.errorprone:error_prone_annotations:2.3.4 configuration runtime from candidates [com.google.errorprone:error_prone_annotations:2.3.4 configuration runtime] for {org.gradle.category=library, org.gradle.dependency.bundling=external, org.gradle.jvm.version=8, org.gradle.libraryelements=jar, org.gradle.usage=java-runtime}
2021-03-21T18:11:20.247+0100 [DEBUG] [org.gradle.internal.component.model.LoggingAttributeMatchingExplanationBuilder] Selected match com.google.j2objc:j2objc-annotations:1.3 configuration runtime from candidates [com.google.j2objc:j2objc-annotations:1.3 configuration runtime] for {org.gradle.category=library, org.gradle.dependency.bundling=external, org.gradle.jvm.version=8, org.gradle.libraryelements=jar, org.gradle.usage=java-runtime}
2021-03-21T18:11:20.248+0100 [DEBUG] [org.gradle.internal.component.model.LoggingAttributeMatchingExplanationBuilder] Selected match org.codehaus.plexus:plexus-utils:3.2.1 configuration runtime from candidates [org.codehaus.plexus:plexus-utils:3.2.1 configuration runtime] for {org.gradle.category=library, org.gradle.dependency.bundling=external, org.gradle.jvm.version=8, org.gradle.libraryelements=jar, org.gradle.usage=java-runtime}
2021-03-21T18:11:20.248+0100 [DEBUG] [org.gradle.internal.component.model.LoggingAttributeMatchingExplanationBuilder] Selected match org.apache.commons:commons-lang3:3.9 configuration runtime from candidates [org.apache.commons:commons-lang3:3.9 configuration runtime] for {org.gradle.category=library, org.gradle.dependency.bundling=external, org.gradle.jvm.version=8, org.gradle.libraryelements=jar, org.gradle.usage=java-runtime}
2021-03-21T18:11:20.248+0100 [DEBUG] [org.gradle.internal.component.model.LoggingAttributeMatchingExplanationBuilder] Selected match org.apache.httpcomponents:httpcore:4.4.13 configuration runtime from candidates [org.apache.httpcomponents:httpcore:4.4.13 configuration runtime] for {org.gradle.category=library, org.gradle.dependency.bundling=external, org.gradle.jvm.version=8, org.gradle.libraryelements=jar, org.gradle.usage=java-runtime}
2021-03-21T18:11:20.248+0100 [DEBUG] [org.gradle.internal.component.model.LoggingAttributeMatchingExplanationBuilder] Selected match commons-logging:commons-logging:1.2 configuration runtime from candidates [commons-logging:commons-logging:1.2 configuration runtime] for {org.gradle.category=library, org.gradle.dependency.bundling=external, org.gradle.jvm.version=8, org.gradle.libraryelements=jar, org.gradle.usage=java-runtime}
2021-03-21T18:11:20.248+0100 [DEBUG] [org.gradle.internal.component.model.LoggingAttributeMatchingExplanationBuilder] Selected match commons-codec:commons-codec:1.11 configuration runtime from candidates [commons-codec:commons-codec:1.11 configuration runtime] for {org.gradle.category=library, org.gradle.dependency.bundling=external, org.gradle.jvm.version=8, org.gradle.libraryelements=jar, org.gradle.usage=java-runtime}
2021-03-21T18:11:20.248+0100 [DEBUG] [org.gradle.internal.component.model.LoggingAttributeMatchingExplanationBuilder] Selected match it.unimi.dsi:fastutil:8.3.1 configuration runtime from candidates [it.unimi.dsi:fastutil:8.3.1 configuration runtime] for {org.gradle.category=library, org.gradle.dependency.bundling=external, org.gradle.jvm.version=8, org.gradle.libraryelements=jar, org.gradle.usage=java-runtime}
2021-03-21T18:11:20.249+0100 [DEBUG] [org.gradle.internal.component.model.LoggingAttributeMatchingExplanationBuilder] Selected match org.apache.commons:commons-compress:1.18 configuration runtime from candidates [org.apache.commons:commons-compress:1.18 configuration runtime] for {org.gradle.category=library, org.gradle.dependency.bundling=external, org.gradle.jvm.version=8, org.gradle.libraryelements=jar, org.gradle.usage=java-runtime}
2021-03-21T18:11:20.249+0100 [DEBUG] [org.gradle.internal.component.model.LoggingAttributeMatchingExplanationBuilder] Selected match org.tukaani:xz:1.8 configuration runtime from candidates [org.tukaani:xz:1.8 configuration runtime] for {org.gradle.category=library, org.gradle.dependency.bundling=external, org.gradle.jvm.version=8, org.gradle.libraryelements=jar, org.gradle.usage=java-runtime}
2021-03-21T18:11:20.249+0100 [DEBUG] [org.gradle.internal.component.model.LoggingAttributeMatchingExplanationBuilder] Selected match net.sf.jopt-simple:jopt-simple:5.0.4 configuration runtime from candidates [net.sf.jopt-simple:jopt-simple:5.0.4 configuration runtime] for {org.gradle.category=library, org.gradle.dependency.bundling=external, org.gradle.jvm.version=8, org.gradle.libraryelements=jar, org.gradle.usage=java-runtime}
2021-03-21T18:11:20.250+0100 [DEBUG] [org.gradle.internal.operations.DefaultBuildOperationRunner] Build operation 'Resolve files of :classpath' completed
2021-03-21T18:11:20.359+0100 [DEBUG] [org.gradle.cache.internal.DefaultFileLockManager] Waiting to acquire shared lock on proj generic class cache for build file 'D:\troy\Downloads\forge-1.16.5-36.1.0-mdk\build.gradle' (C:\Users\troyvs\.gradle\caches\6.8.1\scripts\1r8pskdrtqrj0rzlbgsp8ptvz).
2021-03-21T18:11:20.359+0100 [DEBUG] [org.gradle.cache.internal.DefaultFileLockManager] Lock acquired on proj generic class cache for build file 'D:\troy\Downloads\forge-1.16.5-36.1.0-mdk\build.gradle' (C:\Users\troyvs\.gradle\caches\6.8.1\scripts\1r8pskdrtqrj0rzlbgsp8ptvz).
2021-03-21T18:11:20.367+0100 [DEBUG] [org.gradle.cache.internal.DefaultFileLockManager] Releasing lock on proj generic class cache for build file 'D:\troy\Downloads\forge-1.16.5-36.1.0-mdk\build.gradle' (C:\Users\troyvs\.gradle\caches\6.8.1\scripts\1r8pskdrtqrj0rzlbgsp8ptvz).
2021-03-21T18:11:20.606+0100 [DEBUG] [jdk.event.security] X509Certificate: Alg:SHA1withDSA, Serial:10, Subject:CN=JCE Code Signing CA, OU=Java Software Code Signing, O=Sun Microsystems Inc, L=Palo Alto, ST=CA, C=US, Issuer:CN=JCE Code Signing CA, OU=Java Software Code Signing, O=Sun Microsystems Inc, L=Palo Alto, ST=CA, C=US, Key type:DSA, Length:1024, Cert Id:1776909028, Valid from:Wed Apr 25 09:00:00 CEST 2001, Valid until:Sat Apr 25 09:00:00 CEST 2020
2021-03-21T18:11:20.608+0100 [DEBUG] [jdk.event.security] X509Certificate: Alg:SHA1withDSA, Serial:40216811, Subject:CN=JCE Code Signing CA, OU=IBM Code Signing, O=IBM Corporation, C=US, Issuer:CN=JCE Code Signing CA, OU=IBM Code Signing, O=IBM Corporation, C=US, Key type:DSA, Length:1024, Cert Id:-1826632887, Valid from:Wed Feb 04 22:45:53 CET 2004, Valid until:Tue May 26 22:45:53 CEST 2020
2021-03-21T18:11:21.614+0100 [DEBUG] [jdk.event.security] X509Certificate: Alg:SHA1withDSA, Serial:37f939e5, Subject:CN=JCE Development, OU=Java Software, O=Sun Microsystems, L=Cupertino, ST=CA, C=US, Issuer:CN=JCE Development, OU=Java Software, O=Sun Microsystems, L=Cupertino, ST=CA, C=US, Key type:DSA, Length:1024, Cert Id:437846785, Valid from:Tue Oct 05 01:36:05 CEST 1999, Valid until:Wed Oct 04 01:36:05 CEST 2000
2021-03-21T18:11:21.616+0100 [DEBUG] [jdk.event.security] X509Certificate: Alg:MD5withRSA, Serial:1, Subject:CN=JCE Development, OU=Java Software, O=Sun Microsystems, L=Cupertino, ST=CA, C=US, Issuer:CN=JCE Development, OU=Java Software, O=Sun Microsystems, L=Cupertino, ST=CA, C=US, Key type:RSA, Length:512, Cert Id:-349125968, Valid from:Thu Oct 31 16:27:44 CET 2002, Valid until:Wed Oct 31 16:27:44 CET 2007
2021-03-21T18:11:21.617+0100 [DEBUG] [jdk.event.security] X509Certificate: Alg:MD5withRSA, Serial:2, Subject:CN=JCE Development, OU=Java Software, O=Sun Microsystems, L=Cupertino, ST=CA, C=US, Issuer:CN=JCE Development, OU=Java Software, O=Sun Microsystems, L=Cupertino, ST=CA, C=US, Key type:RSA, Length:512, Cert Id:1200127482, Valid from:Thu Oct 31 16:27:44 CET 2002, Valid until:Wed Oct 31 16:27:44 CET 2007
2021-03-21T18:11:21.772+0100 [DEBUG] [jdk.event.security] X509Certificate: Alg:SHA256withECDSA, Serial:75e6dfcbc1685ba8, Subject:CN=SSL.com Root Certification Authority ECC, O=SSL Corporation, L=Houston, ST=Texas, C=US, Issuer:CN=SSL.com Root Certification Authority ECC, O=SSL Corporation, L=Houston, ST=Texas, C=US, Key type:EC, Length:384, Cert Id:-1368293613, Valid from:Fri Feb 12 19:14:03 CET 2016, Valid until:Tue Feb 12 19:14:03 CET 2041
2021-03-21T18:11:21.774+0100 [DEBUG] [jdk.event.security] X509Certificate: Alg:SHA1withRSA, Serial:b92f60cc889fa17a4609b85b706c8aaf, Subject:OU=VeriSign Trust Network, OU="(c) 1998 VeriSign, Inc. - For authorized use only", OU=Class 2 Public Primary Certification Authority - G2, O="VeriSign, Inc.", C=US, Issuer:OU=VeriSign Trust Network, OU="(c) 1998 VeriSign, Inc. - For authorized use only", OU=Class 2 Public Primary Certification Authority - G2, O="VeriSign, Inc.", C=US, Key type:RSA, Length:1024, Cert Id:-1971861053, Valid from:Mon May 18 02:00:00 CEST 1998, Valid until:Wed Aug 02 01:59:59 CEST 2028
2021-03-21T18:11:21.775+0100 [DEBUG] [jdk.event.security] X509Certificate: Alg:SHA384withECDSA, Serial:ba15afa1ddfa0b54944afcd24a06cec, Subject:CN=DigiCert Assured ID Root G3, OU=www.digicert.com, O=DigiCert Inc, C=US, Issuer:CN=DigiCert Assured ID Root G3, OU=www.digicert.com, O=DigiCert Inc, C=US, Key type:EC, Length:384, Cert Id:-645537245, Valid from:Thu Aug 01 14:00:00 CEST 2013, Valid until:Fri Jan 15 13:00:00 CET 2038
2021-03-21T18:11:21.777+0100 [DEBUG] [jdk.event.security] X509Certificate: Alg:SHA256withRSA, Serial:401ac46421b31321030ebbe4121ac51d, Subject:CN=VeriSign Universal Root Certification Authority, OU="(c) 2008 VeriSign, Inc. - For authorized use only", OU=VeriSign Trust Network, O="VeriSign, Inc.", C=US, Issuer:CN=VeriSign Universal Root Certification Authority, OU="(c) 2008 VeriSign, Inc. - For authorized use only", OU=VeriSign Trust Network, O="VeriSign, Inc.", C=US, Key type:RSA, Length:2048, Cert Id:-1976681486, Valid from:Wed Apr 02 02:00:00 CEST 2008, Valid until:Wed Dec 02 00:59:59 CET 2037
2021-03-21T18:11:21.779+0100 [DEBUG] [jdk.event.security] X509Certificate: Alg:SHA384withRSA, Serial:59b1b579e8e2132e23907bda777755c, Subject:CN=DigiCert Trusted Root G4, OU=www.digicert.com, O=DigiCert Inc, C=US, Issuer:CN=DigiCert Trusted Root G4, OU=www.digicert.com, O=DigiCert Inc, C=US, Key type:RSA, Length:4096, Cert Id:1057369358, Valid from:Thu Aug 01 14:00:00 CEST 2013, Valid until:Fri Jan 15 13:00:00 CET 2038
2021-03-21T18:11:21.782+0100 [DEBUG] [jdk.event.security] X509Certificate: Alg:SHA256withRSA, Serial:a7ea6df4b449eda6a24859ee6b815d3167fbbb1, Subject:CN=LuxTrust Global Root 2, O=LuxTrust S.A., C=LU, Issuer:CN=LuxTrust Global Root 2, O=LuxTrust S.A., C=LU, Key type:RSA, Length:4096, Cert Id:-1239330694, Valid from:Thu Mar 05 14:21:57 CET 2015, Valid until:Mon Mar 05 14:21:57 CET 2035
2021-03-21T18:11:21.783+0100 [DEBUG] [jdk.event.security] X509Certificate: Alg:SHA256withRSA, Serial:a0142800000014523cf467c00000002, Subject:CN=IdenTrust Public Sector Root CA 1, O=IdenTrust, C=US, Issuer:CN=IdenTrust Public Sector Root CA 1, O=IdenTrust, C=US, Key type:RSA, Length:4096, Cert Id:2123370772, Valid from:Thu Jan 16 18:53:32 CET 2014, Valid until:Mon Jan 16 18:53:32 CET 2034
2021-03-21T18:11:21.786+0100 [DEBUG] [jdk.event.security] X509Certificate: Alg:SHA1withRSA, Serial:44be0c8b500024b411d3362de0b35f1b, Subject:CN=UTN-USERFirst-Object, OU=http://www.usertrust.com, O=The USERTRUST Network, L=Salt Lake City, ST=UT, C=US, Issuer:CN=UTN-USERFirst-Object, OU=http://www.usertrust.com, O=The USERTRUST Network, L=Salt Lake City, ST=UT, C=US, Key type:RSA, Length:2048, Cert Id:-297053428, Valid from:Fri Jul 09 20:31:20 CEST 1999, Valid until:Tue Jul 09 20:40:36 CEST 2019
2021-03-21T18:11:21.787+0100 [DEBUG] [jdk.event.security] X509Certificate: Alg:SHA1withRSA, Serial:1, Subject:CN=GeoTrust Universal CA, O=GeoTrust Inc., C=US, Issuer:CN=GeoTrust Universal CA, O=GeoTrust Inc., C=US, Key type:RSA, Length:4096, Cert Id:313566089, Valid from:Thu Mar 04 06:00:00 CET 2004, Valid until:Sun Mar 04 06:00:00 CET 2029
2021-03-21T18:11:21.790+0100 [DEBUG] [jdk.event.security] X509Certificate: Alg:SHA384withECDSA, Serial:55556bcf25ea43535c3a40fd5ab4572, Subject:CN=DigiCert Global Root G3, OU=www.digicert.com, O=DigiCert Inc, C=US, Issuer:CN=DigiCert Global Root G3, OU=www.digicert.com, O=DigiCert Inc, C=US, Key type:EC, Length:384, Cert Id:-795968543, Valid from:Thu Aug 01 14:00:00 CEST 2013, Valid until:Fri Jan 15 13:00:00 CET 2038
2021-03-21T18:11:21.791+0100 [DEBUG] [jdk.event.security] X509Certificate: Alg:SHA384withECDSA, Serial:a68b79290000000050d091f9, Subject:CN=Entrust Root Certification Authority - EC1, OU="(c) 2012 Entrust, Inc. - for authorized use only", OU=See www.entrust.net/legal-terms, O="Entrust, Inc.", C=US, Issuer:CN=Entrust Root Certification Authority - EC1, OU="(c) 2012 Entrust, Inc. - for authorized use only", OU=See www.entrust.net/legal-terms, O="Entrust, Inc.", C=US, Key type:EC, Length:384, Cert Id:924514073, Valid from:Tue Dec 18 16:25:36 CET 2012, Valid until:Fri Dec 18 16:55:36 CET 2037
2021-03-21T18:11:21.793+0100 [DEBUG] [jdk.event.security] X509Certificate: Alg:SHA1withRSA, Serial:0, Subject:OU=Security Communication RootCA1, O=SECOM Trust.net, C=JP, Issuer:OU=Security Communication RootCA1, O=SECOM Trust.net, C=JP, Key type:RSA, Length:2048, Cert Id:1802358121, Valid from:Tue Sep 30 06:20:49 CEST 2003, Valid until:Sat Sep 30 06:20:49 CEST 2023
2021-03-21T18:11:21.794+0100 [DEBUG] [jdk.event.security] X509Certificate: Alg:SHA1withRSA, Serial:400000000010f8626e60d, Subject:CN=GlobalSign, O=GlobalSign, OU=GlobalSign Root CA - R2, Issuer:CN=GlobalSign, O=GlobalSign, OU=GlobalSign Root CA - R2, Key type:RSA, Length:2048, Cert Id:7087067, Valid from:Fri Dec 15 09:00:00 CET 2006, Valid until:Wed Dec 15 09:00:00 CET 2021
2021-03-21T18:11:21.796+0100 [DEBUG] [jdk.event.security] X509Certificate: Alg:SHA1withRSA, Serial:44afb080d6a327ba893039862ef8406b, Subject:CN=DST Root CA X3, O=Digital Signature Trust Co., Issuer:CN=DST Root CA X3, O=Digital Signature Trust Co., Key type:RSA, Length:2048, Cert Id:1007302312, Valid from:Sat Sep 30 23:12:19 CEST 2000, Valid until:Thu Sep 30 16:01:15 CEST 2021
2021-03-21T18:11:21.798+0100 [DEBUG] [jdk.event.security] X509Certificate: Alg:SHA384withECDSA, Serial:1f47afaa62007050544c019e9b63992a, Subject:CN=COMODO ECC Certification Authority, O=COMODO CA Limited, L=Salford, ST=Greater Manchester, C=GB, Issuer:CN=COMODO ECC Certification Authority, O=COMODO CA Limited, L=Salford, ST=Greater Manchester, C=GB, Key type:EC, Length:384, Cert Id:1146488932, Valid from:Thu Mar 06 01:00:00 CET 2008, Valid until:Tue Jan 19 00:59:59 CET 2038
2021-03-21T18:11:21.799+0100 [DEBUG] [jdk.event.security] X509Certificate: Alg:SHA384withRSA, Serial:45e6bb038333c3856548e6ff4551, Subject:CN=GlobalSign, O=GlobalSign, OU=GlobalSign Root CA - R6, Issuer:CN=GlobalSign, O=GlobalSign, OU=GlobalSign Root CA - R6, Key type:RSA, Length:4096, Cert Id:-506627753, Valid from:Wed Dec 10 01:00:00 CET 2014, Valid until:Sun Dec 10 01:00:00 CET 2034
2021-03-21T18:11:21.801+0100 [DEBUG] [jdk.event.security] X509Certificate: Alg:SHA1withRSA, Serial:3863def8, Subject:CN=Entrust.net Certification Authority (2048), OU=(c) 1999 Entrust.net Limited, OU=www.entrust.net/CPS_2048 incorp. by ref. (limits liab.), O=Entrust.net, Issuer:CN=Entrust.net Certification Authority (2048), OU=(c) 1999 Entrust.net Limited, OU=www.entrust.net/CPS_2048 incorp. by ref. (limits liab.), O=Entrust.net, Key type:RSA, Length:2048, Cert Id:-328536082, Valid from:Fri Dec 24 18:50:51 CET 1999, Valid until:Tue Jul 24 16:15:12 CEST 2029
2021-03-21T18:11:21.802+0100 [DEBUG] [jdk.event.security] X509Certificate: Alg:SHA1withRSA, Serial:1, Subject:CN=AddTrust External CA Root, OU=AddTrust External TTP Network, O=AddTrust AB, C=SE, Issuer:CN=AddTrust External CA Root, OU=AddTrust External TTP Network, O=AddTrust AB, C=SE, Key type:RSA, Length:2048, Cert Id:-326352672, Valid from:Tue May 30 12:48:38 CEST 2000, Valid until:Sat May 30 12:48:38 CEST 2020
2021-03-21T18:11:21.803+0100 [DEBUG] [jdk.event.security] X509Certificate: Alg:SHA256withECDSA, Serial:2a38a41c960a04de42b228a50be8349802, Subject:CN=GlobalSign, O=GlobalSign, OU=GlobalSign ECC Root CA - R4, Issuer:CN=GlobalSign, O=GlobalSign, OU=GlobalSign ECC Root CA - R4, Key type:EC, Length:256, Cert Id:-1923273545, Valid from:Tue Nov 13 01:00:00 CET 2012, Valid until:Tue Jan 19 04:14:07 CET 2038
2021-03-21T18:11:21.803+0100 [DEBUG] [jdk.event.security] X509Certificate: Alg:SHA384withRSA, Serial:1fd6d30fca3ca51a81bbc640e35032d, Subject:CN=USERTrust RSA Certification Authority, O=The USERTRUST Network, L=Jersey City, ST=New Jersey, C=US, Issuer:CN=USERTrust RSA Certification Authority, O=The USERTRUST Network, L=Jersey City, ST=New Jersey, C=US, Key type:RSA, Length:4096, Cert Id:-347365895, Valid from:Mon Feb 01 01:00:00 CET 2010, Valid until:Tue Jan 19 00:59:59 CET 2038
2021-03-21T18:11:21.804+0100 [DEBUG] [jdk.event.security] X509Certificate: Alg:SHA1withRSA, Serial:ce7e0e517d846fe8fe560fc1bf03039, Subject:CN=DigiCert Assured ID Root CA, OU=www.digicert.com, O=DigiCert Inc, C=US, Issuer:CN=DigiCert Assured ID Root CA, OU=www.digicert.com, O=DigiCert Inc, C=US, Key type:RSA, Length:2048, Cert Id:-860404528, Valid from:Fri Nov 10 01:00:00 CET 2006, Valid until:Mon Nov 10 01:00:00 CET 2031
2021-03-21T18:11:21.805+0100 [DEBUG] [jdk.event.security] X509Certificate: Alg:SHA256withRSA, Serial:33af1e6a711a9a0bb2864b11d09fae5, Subject:CN=DigiCert Global Root G2, OU=www.digicert.com, O=DigiCert Inc, C=US, Issuer:CN=DigiCert Global Root G2, OU=www.digicert.com, O=DigiCert Inc, C=US, Key type:RSA, Length:2048, Cert Id:1136084297, Valid from:Thu Aug 01 14:00:00 CEST 2013, Valid until:Fri Jan 15 13:00:00 CET 2038
2021-03-21T18:11:21.811+0100 [DEBUG] [jdk.event.security] X509Certificate: Alg:SHA256withRSA, Serial:570a119742c4e3cc, Subject:CN=Actalis Authentication Root CA, O=Actalis S.p.A./03358520967, L=Milan, C=IT, Issuer:CN=Actalis Authentication Root CA, O=Actalis S.p.A./03358520967, L=Milan, C=IT, Key type:RSA, Length:4096, Cert Id:1729119956, Valid from:Thu Sep 22 13:22:02 CEST 2011, Valid until:Sun Sep 22 13:22:02 CEST 2030
2021-03-21T18:11:21.812+0100 [DEBUG] [jdk.event.security] X509Certificate: Alg:SHA256withRSA, Serial:b931c3ad63967ea6723bfc3af9af44b, Subject:CN=DigiCert Assured ID Root G2, OU=www.digicert.com, O=DigiCert Inc, C=US, Issuer:CN=DigiCert Assured ID Root G2, OU=www.digicert.com, O=DigiCert Inc, C=US, Key type:RSA, Length:2048, Cert Id:-385398383, Valid from:Thu Aug 01 14:00:00 CEST 2013, Valid until:Fri Jan 15 13:00:00 CET 2038
2021-03-21T18:11:21.814+0100 [DEBUG] [jdk.event.security] X509Certificate: Alg:SHA384withECDSA, Serial:66c9fd7c1bb104c2943e5717b7b2cc81ac10e, Subject:CN=Amazon Root CA 4, O=Amazon, C=US, Issuer:CN=Amazon Root CA 4, O=Amazon, C=US, Key type:EC, Length:384, Cert Id:-1654272513, Valid from:Tue May 26 02:00:00 CEST 2015, Valid until:Sat May 26 02:00:00 CEST 2040
2021-03-21T18:11:21.815+0100 [DEBUG] [jdk.event.security] X509Certificate: Alg:SHA1withRSA, Serial:bb401c43f55e4fb0, Subject:CN=SwissSign Gold CA - G2, O=SwissSign AG, C=CH, Issuer:CN=SwissSign Gold CA - G2, O=SwissSign AG, C=CH, Key type:RSA, Length:4096, Cert Id:1516221943, Valid from:Wed Oct 25 10:30:35 CEST 2006, Valid until:Sat Oct 25 10:30:35 CEST 2036
2021-03-21T18:11:21.816+0100 [DEBUG] [jdk.event.security] X509Certificate: Alg:SHA256withRSA, Serial:4a538c28, Subject:CN=Entrust Root Certification Authority - G2, OU="(c) 2009 Entrust, Inc. - for authorized use only", OU=See www.entrust.net/legal-terms, O="Entrust, Inc.", C=US, Issuer:CN=Entrust Root Certification Authority - G2, OU="(c) 2009 Entrust, Inc. - for authorized use only", OU=See www.entrust.net/legal-terms, O="Entrust, Inc.", C=US, Key type:RSA, Length:2048, Cert Id:1936920337, Valid from:Tue Jul 07 19:25:54 CEST 2009, Valid until:Sat Dec 07 18:55:54 CET 2030
2021-03-21T18:11:21.817+0100 [DEBUG] [jdk.event.security] X509Certificate: Alg:SHA256withRSA, Serial:445734245b81899b35f2ceb82b3b5ba726f07528, Subject:CN=QuoVadis Root CA 2 G3, O=QuoVadis Limited, C=BM, Issuer:CN=QuoVadis Root CA 2 G3, O=QuoVadis Limited, C=BM, Key type:RSA, Length:4096, Cert Id:696763521, Valid from:Thu Jan 12 19:59:32 CET 2012, Valid until:Sun Jan 12 19:59:32 CET 2042
2021-03-21T18:11:21.818+0100 [DEBUG] [jdk.event.security] X509Certificate: Alg:SHA1withRSA, Serial:cf08e5c0816a5ad427ff0eb271859d0, Subject:CN=SecureTrust CA, O=SecureTrust Corporation, C=US, Issuer:CN=SecureTrust CA, O=SecureTrust Corporation, C=US, Key type:RSA, Length:2048, Cert Id:2034155325, Valid from:Tue Nov 07 20:31:18 CET 2006, Valid until:Mon Dec 31 20:40:55 CET 2029
2021-03-21T18:11:21.819+0100 [DEBUG] [jdk.event.security] X509Certificate: Alg:SHA1withRSA, Serial:a3da427ea4b1aeda, Subject:CN=Chambers of Commerce Root - 2008, O=AC Camerfirma S.A., SERIALNUMBER=A82743287, L=Madrid (see current address at www.camerfirma.com/address), C=EU, Issuer:CN=Chambers of Commerce Root - 2008, O=AC Camerfirma S.A., SERIALNUMBER=A82743287, L=Madrid (see current address at www.camerfirma.com/address), C=EU, Key type:RSA, Length:4096, Cert Id:-28263924, Valid from:Fri Aug 01 14:29:50 CEST 2008, Valid until:Sat Jul 31 14:29:50 CEST 2038
2021-03-21T18:11:21.820+0100 [DEBUG] [jdk.event.security] X509Certificate: Alg:SHA1withRSA, Serial:18acb56afd69b6153a636cafdafac4a1, Subject:CN=GeoTrust Primary Certification Authority, O=GeoTrust Inc., C=US, Issuer:CN=GeoTrust Primary Certification Authority, O=GeoTrust Inc., C=US, Key type:RSA, Length:2048, Cert Id:-965345157, Valid from:Mon Nov 27 01:00:00 CET 2006, Valid until:Thu Jul 17 01:59:59 CEST 2036
2021-03-21T18:11:21.820+0100 [DEBUG] [jdk.event.security] X509Certificate: Alg:SHA256withRSA, Serial:a0142800000014523c844b500000002, Subject:CN=IdenTrust Commercial Root CA 1, O=IdenTrust, C=US, Issuer:CN=IdenTrust Commercial Root CA 1, O=IdenTrust, C=US, Key type:RSA, Length:4096, Cert Id:1232565210, Valid from:Thu Jan 16 19:12:23 CET 2014, Valid until:Mon Jan 16 19:12:23 CET 2034
2021-03-21T18:11:21.821+0100 [DEBUG] [jdk.event.security] X509Certificate: Alg:SHA256withRSA, Serial:600197b746a7eab4b49ad64b2ff790fb, Subject:CN=thawte Primary Root CA - G3, OU="(c) 2008 thawte, Inc. - For authorized use only", OU=Certification Services Division, O="thawte, Inc.", C=US, Issuer:CN=thawte Primary Root CA - G3, OU="(c) 2008 thawte, Inc. - For authorized use only", OU=Certification Services Division, O="thawte, Inc.", C=US, Key type:RSA, Length:2048, Cert Id:1032730720, Valid from:Wed Apr 02 02:00:00 CEST 2008, Valid until:Wed Dec 02 00:59:59 CET 2037
2021-03-21T18:11:21.821+0100 [DEBUG] [jdk.event.security] X509Certificate: Alg:SHA256withRSA, Serial:2, Subject:CN=Buypass Class 3 Root CA, O=Buypass AS-983163327, C=NO, Issuer:CN=Buypass Class 3 Root CA, O=Buypass AS-983163327, C=NO, Key type:RSA, Length:4096, Cert Id:1264269967, Valid from:Tue Oct 26 10:28:58 CEST 2010, Valid until:Fri Oct 26 10:28:58 CEST 2040
2021-03-21T18:11:21.822+0100 [DEBUG] [jdk.event.security] X509Certificate: Alg:SHA1withRSA, Serial:67c8e1e8e3be1cbdfc913b8ea6238749, Subject:CN=Thawte Timestamping CA, OU=Thawte Certification, O=Thawte, L=Durbanville, ST=Western Cape, C=ZA, Issuer:CN=Thawte Timestamping CA, OU=Thawte Certification, O=Thawte, L=Durbanville, ST=Western Cape, C=ZA, Key type:RSA, Length:1024, Cert Id:-1032800436, Valid from:Wed Jan 01 01:00:00 CET 1997, Valid until:Sat Jan 02 00:59:59 CET 2021
2021-03-21T18:11:21.823+0100 [DEBUG] [jdk.event.security] X509Certificate: Alg:SHA384withECDSA, Serial:2f80fe238c0e220f486712289187acb3, Subject:CN=VeriSign Class 3 Public Primary Certification Authority - G4, OU="(c) 2007 VeriSign, Inc. - For authorized use only", OU=VeriSign Trust Network, O="VeriSign, Inc.", C=US, Issuer:CN=VeriSign Class 3 Public Primary Certification Authority - G4, OU="(c) 2007 VeriSign, Inc. - For authorized use only", OU=VeriSign Trust Network, O="VeriSign, Inc.", C=US, Key type:EC, Length:384, Cert Id:-131493977, Valid from:Mon Nov 05 01:00:00 CET 2007, Valid until:Tue Jan 19 00:59:59 CET 2038
2021-03-21T18:11:21.823+0100 [DEBUG] [jdk.event.security] X509Certificate: Alg:SHA1withRSA, Serial:20000b9, Subject:CN=Baltimore CyberTrust Root, OU=CyberTrust, O=Baltimore, C=IE, Issuer:CN=Baltimore CyberTrust Root, OU=CyberTrust, O=Baltimore, C=IE, Key type:RSA, Length:2048, Cert Id:1425294543, Valid from:Fri May 12 20:46:00 CEST 2000, Valid until:Tue May 13 01:59:00 CEST 2025
2021-03-21T18:11:21.824+0100 [DEBUG] [jdk.event.security] X509Certificate: Alg:MD5withRSA, Serial:1a5, Subject:CN=GTE CyberTrust Global Root, OU="GTE CyberTrust Solutions, Inc.", O=GTE Corporation, C=US, Issuer:CN=GTE CyberTrust Global Root, OU="GTE CyberTrust Solutions, Inc.", O=GTE Corporation, C=US, Key type:RSA, Length:1024, Cert Id:830711155, Valid from:Thu Aug 13 02:29:00 CEST 1998, Valid until:Tue Aug 14 01:59:00 CEST 2018
2021-03-21T18:11:21.824+0100 [DEBUG] [jdk.event.security] X509Certificate: Alg:SHA256withRSA, Serial:56b629cd34bc78f6, Subject:CN=SSL.com EV Root Certification Authority RSA R2, O=SSL Corporation, L=Houston, ST=Texas, C=US, Issuer:CN=SSL.com EV Root Certification Authority RSA R2, O=SSL Corporation, L=Houston, ST=Texas, C=US, Key type:RSA, Length:4096, Cert Id:1381862403, Valid from:Wed May 31 20:14:37 CEST 2017, Valid until:Fri May 30 20:14:37 CEST 2042
2021-03-21T18:11:21.826+0100 [DEBUG] [jdk.event.security] X509Certificate: Alg:SHA256withRSA, Serial:bb8, Subject:CN=LuxTrust Global Root, O=LuxTrust s.a., C=LU, Issuer:CN=LuxTrust Global Root, O=LuxTrust s.a., C=LU, Key type:RSA, Length:2048, Cert Id:1714819687, Valid from:Thu Mar 17 10:51:37 CET 2011, Valid until:Wed Mar 17 10:51:37 CET 2021
2021-03-21T18:11:21.827+0100 [DEBUG] [jdk.event.security] X509Certificate: Alg:SHA1withRSA, Serial:7dd9fe07cfa81eb7107967fba78934c6, Subject:OU=VeriSign Trust Network, OU="(c) 1998 VeriSign, Inc. - For authorized use only", OU=Class 3 Public Primary Certification Authority - G2, O="VeriSign, Inc.", C=US, Issuer:OU=VeriSign Trust Network, OU="(c) 1998 VeriSign, Inc. - For authorized use only", OU=Class 3 Public Primary Certification Authority - G2, O="VeriSign, Inc.", C=US, Key type:RSA, Length:1024, Cert Id:-11071679, Valid from:Mon May 18 02:00:00 CEST 1998, Valid until:Wed Aug 02 01:59:59 CEST 2028
2021-03-21T18:11:21.831+0100 [DEBUG] [jdk.event.security] X509Certificate: Alg:SHA1withRSA, Serial:0, Subject:CN=Chambers of Commerce Root, OU=http://www.chambersign.org, O=AC Camerfirma SA CIF A82743287, C=EU, Issuer:CN=Chambers of Commerce Root, OU=http://www.chambersign.org, O=AC Camerfirma SA CIF A82743287, C=EU, Key type:RSA, Length:2048, Cert Id:1827306452, Valid from:Tue Sep 30 18:13:43 CEST 2003, Valid until:Wed Sep 30 18:13:44 CEST 2037
2021-03-21T18:11:21.832+0100 [DEBUG] [jdk.event.security] X509Certificate: Alg:SHA1withRSA, Serial:1d, Subject:CN=Sonera Class2 CA, O=Sonera, C=FI, Issuer:CN=Sonera Class2 CA, O=Sonera, C=FI, Key type:RSA, Length:2048, Cert Id:-572101437, Valid from:Fri Apr 06 09:29:40 CEST 2001, Valid until:Tue Apr 06 09:29:40 CEST 2021
2021-03-21T18:11:21.833+0100 [DEBUG] [jdk.event.security] X509Certificate: Alg:SHA1withRSA, Serial:7c4f04391cd4992d, Subject:CN=AffirmTrust Networking, O=AffirmTrust, C=US, Issuer:CN=AffirmTrust Networking, O=AffirmTrust, C=US, Key type:RSA, Length:2048, Cert Id:651670175, Valid from:Fri Jan 29 15:08:24 CET 2010, Valid until:Tue Dec 31 15:08:24 CET 2030
2021-03-21T18:11:21.837+0100 [DEBUG] [jdk.event.security] X509Certificate: Alg:SHA256withRSA, Serial:1, Subject:CN=T-TeleSec GlobalRoot Class 3, OU=T-Systems Trust Center, O=T-Systems Enterprise Services GmbH, C=DE, Issuer:CN=T-TeleSec GlobalRoot Class 3, OU=T-Systems Trust Center, O=T-Systems Enterprise Services GmbH, C=DE, Key type:RSA, Length:2048, Cert Id:1894096264, Valid from:Wed Oct 01 12:29:56 CEST 2008, Valid until:Sun Oct 02 01:59:59 CEST 2033
2021-03-21T18:11:21.839+0100 [DEBUG] [jdk.event.security] X509Certificate: Alg:SHA1withRSA, Serial:50946cec18ead59c4dd597ef758fa0ad, Subject:CN=XRamp Global Certification Authority, O=XRamp Security Services Inc, OU=www.xrampsecurity.com, C=US, Issuer:CN=XRamp Global Certification Authority, O=XRamp Security Services Inc, OU=www.xrampsecurity.com, C=US, Key type:RSA, Length:2048, Cert Id:-952474086, Valid from:Mon Nov 01 18:14:04 CET 2004, Valid until:Mon Jan 01 06:37:19 CET 2035
2021-03-21T18:11:21.840+0100 [DEBUG] [jdk.event.security] X509Certificate: Alg:SHA256withRSA, Serial:15ac6e9419b2794b41f627a9c3180f1f, Subject:CN=GeoTrust Primary Certification Authority - G3, OU=(c) 2008 GeoTrust Inc. - For authorized use only, O=GeoTrust Inc., C=US, Issuer:CN=GeoTrust Primary Certification Authority - G3, OU=(c) 2008 GeoTrust Inc. - For authorized use only, O=GeoTrust Inc., C=US, Key type:RSA, Length:2048, Cert Id:-1330153758, Valid from:Wed Apr 02 02:00:00 CEST 2008, Valid until:Wed Dec 02 00:59:59 CET 2037
2021-03-21T18:11:21.842+0100 [DEBUG] [jdk.event.security] X509Certificate: Alg:SHA1withRSA, Serial:c9cdd3e9d57d23ce, Subject:CN=Global Chambersign Root - 2008, O=AC Camerfirma S.A., SERIALNUMBER=A82743287, L=Madrid (see current address at www.camerfirma.com/address), C=EU, Issuer:CN=Global Chambersign Root - 2008, O=AC Camerfirma S.A., SERIALNUMBER=A82743287, L=Madrid (see current address at www.camerfirma.com/address), C=EU, Key type:RSA, Length:4096, Cert Id:1271252776, Valid from:Fri Aug 01 14:31:40 CEST 2008, Valid until:Sat Jul 31 14:31:40 CEST 2038
2021-03-21T18:11:21.843+0100 [DEBUG] [jdk.event.security] X509Certificate: Alg:SHA384withECDSA, Serial:35fc265cd9844fc93d263d579baed756, Subject:CN=thawte Primary Root CA - G2, OU="(c) 2007 thawte, Inc. - For authorized use only", O="thawte, Inc.", C=US, Issuer:CN=thawte Primary Root CA - G2, OU="(c) 2007 thawte, Inc. - For authorized use only", O="thawte, Inc.", C=US, Key type:EC, Length:384, Cert Id:2068083090, Valid from:Mon Nov 05 01:00:00 CET 2007, Valid until:Tue Jan 19 00:59:59 CET 2038
2021-03-21T18:11:21.844+0100 [DEBUG] [jdk.event.security] X509Certificate: Alg:SHA256withECDSA, Serial:66c9fd5749736663f3b0b9ad9e89e7603f24a, Subject:CN=Amazon Root CA 3, O=Amazon, C=US, Issuer:CN=Amazon Root CA 3, O=Amazon, C=US, Key type:EC, Length:256, Cert Id:-1562287523, Valid from:Tue May 26 02:00:00 CEST 2015, Valid until:Sat May 26 02:00:00 CEST 2040
2021-03-21T18:11:21.845+0100 [DEBUG] [jdk.event.security] X509Certificate: Alg:SHA384withECDSA, Serial:5c8b99c55a94c5d27156decd8980cc26, Subject:CN=USERTrust ECC Certification Authority, O=The USERTRUST Network, L=Jersey City, ST=New Jersey, C=US, Issuer:CN=USERTrust ECC Certification Authority, O=The USERTRUST Network, L=Jersey City, ST=New Jersey, C=US, Key type:EC, Length:384, Cert Id:-965679910, Valid from:Mon Feb 01 01:00:00 CET 2010, Valid until:Tue Jan 19 00:59:59 CET 2038
2021-03-21T18:11:21.846+0100 [DEBUG] [jdk.event.security] X509Certificate: Alg:SHA1withRSA, Serial:4f1bd42f54bb2f4b, Subject:CN=SwissSign Silver CA - G2, O=SwissSign AG, C=CH, Issuer:CN=SwissSign Silver CA - G2, O=SwissSign AG, C=CH, Key type:RSA, Length:4096, Cert Id:126726124, Valid from:Wed Oct 25 10:32:46 CEST 2006, Valid until:Sat Oct 25 10:32:46 CEST 2036
2021-03-21T18:11:21.847+0100 [DEBUG] [jdk.event.security] X509Certificate: Alg:SHA384withRSA, Serial:6d8c1446b1a60aee, Subject:CN=AffirmTrust Premium, O=AffirmTrust, C=US, Issuer:CN=AffirmTrust Premium, O=AffirmTrust, C=US, Key type:RSA, Length:4096, Cert Id:-2130283955, Valid from:Fri Jan 29 15:10:36 CET 2010, Valid until:Mon Dec 31 15:10:36 CET 2040
2021-03-21T18:11:21.847+0100 [DEBUG] [jdk.event.security] X509Certificate: Alg:SHA1withRSA, Serial:40000000001154b5ac394, Subject:CN=GlobalSign Root CA, OU=Root CA, O=GlobalSign nv-sa, C=BE, Issuer:CN=GlobalSign Root CA, OU=Root CA, O=GlobalSign nv-sa, C=BE, Key type:RSA, Length:2048, Cert Id:536948034, Valid from:Tue Sep 01 14:00:00 CEST 1998, Valid until:Fri Jan 28 13:00:00 CET 2028
2021-03-21T18:11:21.848+0100 [DEBUG] [jdk.event.security] X509Certificate: Alg:SHA256withRSA, Serial:983f3, Subject:CN=D-TRUST Root Class 3 CA 2 2009, O=D-Trust GmbH, C=DE, Issuer:CN=D-TRUST Root Class 3 CA 2 2009, O=D-Trust GmbH, C=DE, Key type:RSA, Length:2048, Cert Id:1430153102, Valid from:Thu Nov 05 09:35:58 CET 2009, Valid until:Mon Nov 05 09:35:58 CET 2029
2021-03-21T18:11:21.848+0100 [DEBUG] [jdk.event.security] X509Certificate: Alg:SHA256withRSA, Serial:7777062726a9b17c, Subject:CN=AffirmTrust Commercial, O=AffirmTrust, C=US, Issuer:CN=AffirmTrust Commercial, O=AffirmTrust, C=US, Key type:RSA, Length:2048, Cert Id:630485644, Valid from:Fri Jan 29 15:06:06 CET 2010, Valid until:Tue Dec 31 15:06:06 CET 2030
2021-03-21T18:11:21.850+0100 [DEBUG] [jdk.event.security] X509Certificate: Alg:SHA256withRSA, Serial:8210cfb0d240e3594463e0bb63828b00, Subject:CN=ISRG Root X1, O=Internet Security Research Group, C=US, Issuer:CN=ISRG Root X1, O=Internet Security Research Group, C=US, Key type:RSA, Length:4096, Cert Id:1521974916, Valid from:Thu Jun 04 13:04:38 CEST 2015, Valid until:Mon Jun 04 13:04:38 CEST 2035
2021-03-21T18:11:21.850+0100 [DEBUG] [jdk.event.security] X509Certificate: Alg:SHA1withRSA, Serial:36122296c5e338a520a1d25f4cd70954, Subject:EMAILADDRESS=premium-server@thawte.com, CN=Thawte Premium Server CA, OU=Certification Services Division, O=Thawte Consulting cc, L=Cape Town, ST=Western Cape, C=ZA, Issuer:EMAILADDRESS=premium-server@thawte.com, CN=Thawte Premium Server CA, OU=Certification Services Division, O=Thawte Consulting cc, L=Cape Town, ST=Western Cape, C=ZA, Key type:RSA, Length:1024, Cert Id:857909202, Valid from:Thu Aug 01 02:00:00 CEST 1996, Valid until:Sat Jan 02 00:59:59 CET 2021
2021-03-21T18:11:21.851+0100 [DEBUG] [jdk.event.security] X509Certificate: Alg:SHA1withRSA, Serial:1, Subject:CN=AAA Certificate Services, O=Comodo CA Limited, L=Salford, ST=Greater Manchester, C=GB, Issuer:CN=AAA Certificate Services, O=Comodo CA Limited, L=Salford, ST=Greater Manchester, C=GB, Key type:RSA, Length:2048, Cert Id:-1197580894, Valid from:Thu Jan 01 01:00:00 CET 2004, Valid until:Mon Jan 01 00:59:59 CET 2029
2021-03-21T18:11:21.852+0100 [DEBUG] [jdk.event.security] X509Certificate: Alg:SHA384withECDSA, Serial:3cb2f4480a00e2feeb243b5e603ec36b, Subject:CN=GeoTrust Primary Certification Authority - G2, OU=(c) 2007 GeoTrust Inc. - For authorized use only, O=GeoTrust Inc., C=US, Issuer:CN=GeoTrust Primary Certification Authority - G2, OU=(c) 2007 GeoTrust Inc. - For authorized use only, O=GeoTrust Inc., C=US, Key type:EC, Length:384, Cert Id:-1114303822, Valid from:Mon Nov 05 01:00:00 CET 2007, Valid until:Tue Jan 19 00:59:59 CET 2038
2021-03-21T18:11:21.854+0100 [DEBUG] [jdk.event.security] X509Certificate: Alg:SHA256withRSA, Serial:4000000000121585308a2, Subject:CN=GlobalSign, O=GlobalSign, OU=GlobalSign Root CA - R3, Issuer:CN=GlobalSign, O=GlobalSign, OU=GlobalSign Root CA - R3, Key type:RSA, Length:2048, Cert Id:733875591, Valid from:Wed Mar 18 11:00:00 CET 2009, Valid until:Sun Mar 18 11:00:00 CET 2029
2021-03-21T18:11:21.855+0100 [DEBUG] [jdk.event.security] X509Certificate: Alg:SHA1withRSA, Serial:344ed55720d5edec49f42fce37db2b6d, Subject:CN=thawte Primary Root CA, OU="(c) 2006 thawte, Inc. - For authorized use only", OU=Certification Services Division, O="thawte, Inc.", C=US, Issuer:CN=thawte Primary Root CA, OU="(c) 2006 thawte, Inc. - For authorized use only", OU=Certification Services Division, O="thawte, Inc.", C=US, Key type:RSA, Length:2048, Cert Id:643000026, Valid from:Fri Nov 17 01:00:00 CET 2006, Valid until:Thu Jul 17 01:59:59 CEST 2036
2021-03-21T18:11:21.861+0100 [DEBUG] [jdk.event.security] X509Certificate: Alg:SHA1withRSA, Serial:5c6, Subject:CN=QuoVadis Root CA 3, O=QuoVadis Limited, C=BM, Issuer:CN=QuoVadis Root CA 3, O=QuoVadis Limited, C=BM, Key type:RSA, Length:4096, Cert Id:1470392860, Valid from:Fri Nov 24 20:11:23 CET 2006, Valid until:Mon Nov 24 20:06:44 CET 2031
2021-03-21T18:11:21.862+0100 [DEBUG] [jdk.event.security] X509Certificate: Alg:SHA384withRSA, Serial:66c9fd29635869f0a0fe58678f85b26bb8a37, Subject:CN=Amazon Root CA 2, O=Amazon, C=US, Issuer:CN=Amazon Root CA 2, O=Amazon, C=US, Key type:RSA, Length:4096, Cert Id:-1766132388, Valid from:Tue May 26 02:00:00 CEST 2015, Valid until:Sat May 26 02:00:00 CEST 2040
2021-03-21T18:11:21.864+0100 [DEBUG] [jdk.event.security] X509Certificate: Alg:SHA1withRSA, Serial:0, Subject:OU=Starfield Class 2 Certification Authority, O="Starfield Technologies, Inc.", C=US, Issuer:OU=Starfield Class 2 Certification Authority, O="Starfield Technologies, Inc.", C=US, Key type:RSA, Length:2048, Cert Id:1825617644, Valid from:Tue Jun 29 19:39:16 CEST 2004, Valid until:Thu Jun 29 19:39:16 CEST 2034
2021-03-21T18:11:21.864+0100 [DEBUG] [jdk.event.security] X509Certificate: Alg:SHA256withRSA, Serial:0, Subject:CN=Starfield Root Certificate Authority - G2, O="Starfield Technologies, Inc.", L=Scottsdale, ST=Arizona, C=US, Issuer:CN=Starfield Root Certificate Authority - G2, O="Starfield Technologies, Inc.", L=Scottsdale, ST=Arizona, C=US, Key type:RSA, Length:2048, Cert Id:-1026641587, Valid from:Tue Sep 01 02:00:00 CEST 2009, Valid until:Fri Jan 01 00:59:59 CET 2038
2021-03-21T18:11:21.864+0100 [DEBUG] [jdk.event.security] X509Certificate: Alg:SHA1withRSA, Serial:3c9131cb1ff6d01b0e9ab8d044bf12be, Subject:OU=Class 3 Public Primary Certification Authority, O="VeriSign, Inc.", C=US, Issuer:OU=Class 3 Public Primary Certification Authority, O="VeriSign, Inc.", C=US, Key type:RSA, Length:1024, Cert Id:118031811, Valid from:Mon Jan 29 01:00:00 CET 1996, Valid until:Thu Aug 03 01:59:59 CEST 2028
2021-03-21T18:11:21.865+0100 [DEBUG] [jdk.event.security] X509Certificate: Alg:SHA384withECDSA, Serial:7497258ac73f7a54, Subject:CN=AffirmTrust Premium ECC, O=AffirmTrust, C=US, Issuer:CN=AffirmTrust Premium ECC, O=AffirmTrust, C=US, Key type:EC, Length:384, Cert Id:-2080363786, Valid from:Fri Jan 29 15:20:24 CET 2010, Valid until:Mon Dec 31 15:20:24 CET 2040
2021-03-21T18:11:21.865+0100 [DEBUG] [jdk.event.security] X509Certificate: Alg:SHA1withRSA, Serial:23456, Subject:CN=GeoTrust Global CA, O=GeoTrust Inc., C=US, Issuer:CN=GeoTrust Global CA, O=GeoTrust Inc., C=US, Key type:RSA, Length:2048, Cert Id:-2028617374, Valid from:Tue May 21 06:00:00 CEST 2002, Valid until:Sat May 21 06:00:00 CEST 2022
2021-03-21T18:11:21.866+0100 [DEBUG] [jdk.event.security] X509Certificate: Alg:SHA256withRSA, Serial:7b2c9bd316803299, Subject:CN=SSL.com Root Certification Authority RSA, O=SSL Corporation, L=Houston, ST=Texas, C=US, Issuer:CN=SSL.com Root Certification Authority RSA, O=SSL Corporation, L=Houston, ST=Texas, C=US, Key type:RSA, Length:4096, Cert Id:156725711, Valid from:Fri Feb 12 18:39:39 CET 2016, Valid until:Tue Feb 12 18:39:39 CET 2041
2021-03-21T18:11:21.867+0100 [DEBUG] [jdk.event.security] X509Certificate: Alg:SHA256withRSA, Serial:1e9e28e848f2e5efc37c4a1e5a1867b6, Subject:CN=Swisscom Root CA 2, OU=Digital Certificate Services, O=Swisscom, C=ch, Issuer:CN=Swisscom Root CA 2, OU=Digital Certificate Services, O=Swisscom, C=ch, Key type:RSA, Length:4096, Cert Id:965750831, Valid from:Fri Jun 24 10:38:14 CEST 2011, Valid until:Wed Jun 25 09:38:14 CEST 2031
2021-03-21T18:11:21.868+0100 [DEBUG] [jdk.event.security] X509Certificate: Alg:SHA256withRSA, Serial:0, Subject:CN=Go Daddy Root Certificate Authority - G2, O="GoDaddy.com, Inc.", L=Scottsdale, ST=Arizona, C=US, Issuer:CN=Go Daddy Root Certificate Authority - G2, O="GoDaddy.com, Inc.", L=Scottsdale, ST=Arizona, C=US, Key type:RSA, Length:2048, Cert Id:439600313, Valid from:Tue Sep 01 02:00:00 CEST 2009, Valid until:Fri Jan 01 00:59:59 CET 2038
2021-03-21T18:11:21.869+0100 [DEBUG] [jdk.event.security] X509Certificate: Alg:SHA1withRSA, Serial:0, Subject:OU=Go Daddy Class 2 Certification Authority, O="The Go Daddy Group, Inc.", C=US, Issuer:OU=Go Daddy Class 2 Certification Authority, O="The Go Daddy Group, Inc.", C=US, Key type:RSA, Length:2048, Cert Id:-271444299, Valid from:Tue Jun 29 19:06:20 CEST 2004, Valid until:Thu Jun 29 19:06:20 CEST 2034
2021-03-21T18:11:21.869+0100 [DEBUG] [jdk.event.security] X509Certificate: Alg:SHA1withRSA, Serial:18dad19e267de8bb4a2158cdcc6b3b4a, Subject:CN=VeriSign Class 3 Public Primary Certification Authority - G5, OU="(c) 2006 VeriSign, Inc. - For authorized use only", OU=VeriSign Trust Network, O="VeriSign, Inc.", C=US, Issuer:CN=VeriSign Class 3 Public Primary Certification Authority - G5, OU="(c) 2006 VeriSign, Inc. - For authorized use only", OU=VeriSign Trust Network, O="VeriSign, Inc.", C=US, Key type:RSA, Length:2048, Cert Id:303010488, Valid from:Wed Nov 08 01:00:00 CET 2006, Valid until:Thu Jul 17 01:59:59 CEST 2036
2021-03-21T18:11:21.870+0100 [DEBUG] [jdk.event.security] X509Certificate: Alg:SHA1withRSA, Serial:509, Subject:CN=QuoVadis Root CA 2, O=QuoVadis Limited, C=BM, Issuer:CN=QuoVadis Root CA 2, O=QuoVadis Limited, C=BM, Key type:RSA, Length:4096, Cert Id:338250116, Valid from:Fri Nov 24 19:27:00 CET 2006, Valid until:Mon Nov 24 19:23:33 CET 2031
2021-03-21T18:11:21.870+0100 [DEBUG] [jdk.event.security] X509Certificate: Alg:SHA1withRSA, Serial:10020, Subject:CN=Certum CA, O=Unizeto Sp. z o.o., C=PL, Issuer:CN=Certum CA, O=Unizeto Sp. z o.o., C=PL, Key type:RSA, Length:2048, Cert Id:-744451266, Valid from:Tue Jun 11 12:46:39 CEST 2002, Valid until:Fri Jun 11 12:46:39 CEST 2027
2021-03-21T18:11:21.871+0100 [DEBUG] [jdk.event.security] X509Certificate: Alg:SHA256withRSA, Serial:66c9fcf99bf8c0a39e2f0788a43e696365bca, Subject:CN=Amazon Root CA 1, O=Amazon, C=US, Issuer:CN=Amazon Root CA 1, O=Amazon, C=US, Key type:RSA, Length:2048, Cert Id:-1472444962, Valid from:Tue May 26 02:00:00 CEST 2015, Valid until:Sun Jan 17 01:00:00 CET 2038
2021-03-21T18:11:21.871+0100 [DEBUG] [jdk.event.security] X509Certificate: Alg:SHA1withRSA, Serial:4eb200670c035d4f, Subject:CN=SwissSign Platinum CA - G2, O=SwissSign AG, C=CH, Issuer:CN=SwissSign Platinum CA - G2, O=SwissSign AG, C=CH, Key type:RSA, Length:4096, Cert Id:771312514, Valid from:Wed Oct 25 10:36:00 CEST 2006, Valid until:Sat Oct 25 10:36:00 CEST 2036
2021-03-21T18:11:21.872+0100 [DEBUG] [jdk.event.security] X509Certificate: Alg:SHA1withRSA, Serial:15c8bd65475cafb897005ee406d2bc9d, Subject:OU=ePKI Root Certification Authority, O="Chunghwa Telecom Co., Ltd.", C=TW, Issuer:OU=ePKI Root Certification Authority, O="Chunghwa Telecom Co., Ltd.", C=TW, Key type:RSA, Length:4096, Cert Id:-662636137, Valid from:Mon Dec 20 03:31:27 CET 2004, Valid until:Wed Dec 20 03:31:27 CET 2034
2021-03-21T18:11:21.872+0100 [DEBUG] [jdk.event.security] X509Certificate: Alg:SHA256withRSA, Serial:2ef59b0228a7db7affd5a3a9eebd03a0cf126a1d, Subject:CN=QuoVadis Root CA 3 G3, O=QuoVadis Limited, C=BM, Issuer:CN=QuoVadis Root CA 3 G3, O=QuoVadis Limited, C=BM, Key type:RSA, Length:4096, Cert Id:-705622991, Valid from:Thu Jan 12 21:26:32 CET 2012, Valid until:Sun Jan 12 21:26:32 CET 2042
2021-03-21T18:11:21.874+0100 [DEBUG] [jdk.event.security] X509Certificate: Alg:SHA1withRSA, Serial:3ab6508b, Subject:CN=QuoVadis Root Certification Authority, OU=Root Certification Authority, O=QuoVadis Limited, C=BM, Issuer:CN=QuoVadis Root Certification Authority, OU=Root Certification Authority, O=QuoVadis Limited, C=BM, Key type:RSA, Length:2048, Cert Id:-1882405602, Valid from:Mon Mar 19 19:33:33 CET 2001, Valid until:Wed Mar 17 19:33:33 CET 2021
2021-03-21T18:11:21.875+0100 [DEBUG] [jdk.event.security] X509Certificate: Alg:SHA1withRSA, Serial:2ac5c266a0b409b8f0b79f2ae462577, Subject:CN=DigiCert High Assurance EV Root CA, OU=www.digicert.com, O=DigiCert Inc, C=US, Issuer:CN=DigiCert High Assurance EV Root CA, OU=www.digicert.com, O=DigiCert Inc, C=US, Key type:RSA, Length:2048, Cert Id:-1410680354, Valid from:Fri Nov 10 01:00:00 CET 2006, Valid until:Mon Nov 10 01:00:00 CET 2031
2021-03-21T18:11:21.875+0100 [DEBUG] [jdk.event.security] X509Certificate: Alg:SHA256withRSA, Serial:78585f2ead2c194be3370735341328b596d46593, Subject:CN=QuoVadis Root CA 1 G3, O=QuoVadis Limited, C=BM, Issuer:CN=QuoVadis Root CA 1 G3, O=QuoVadis Limited, C=BM, Key type:RSA, Length:4096, Cert Id:-762436034, Valid from:Thu Jan 12 18:27:44 CET 2012, Valid until:Sun Jan 12 18:27:44 CET 2042
2021-03-21T18:11:21.876+0100 [DEBUG] [jdk.event.security] X509Certificate: Alg:SHA384withRSA, Serial:4caaf9cadb636fe01ff74ed85b03869d, Subject:CN=COMODO RSA Certification Authority, O=COMODO CA Limited, L=Salford, ST=Greater Manchester, C=GB, Issuer:CN=COMODO RSA Certification Authority, O=COMODO CA Limited, L=Salford, ST=Greater Manchester, C=GB, Key type:RSA, Length:4096, Cert Id:1769425049, Valid from:Tue Jan 19 01:00:00 CET 2010, Valid until:Tue Jan 19 00:59:59 CET 2038
2021-03-21T18:11:21.880+0100 [DEBUG] [jdk.event.security] X509Certificate: Alg:SHA256withRSA, Serial:2, Subject:CN=Buypass Class 2 Root CA, O=Buypass AS-983163327, C=NO, Issuer:CN=Buypass Class 2 Root CA, O=Buypass AS-983163327, C=NO, Key type:RSA, Length:4096, Cert Id:969960563, Valid from:Tue Oct 26 10:38:03 CEST 2010, Valid until:Fri Oct 26 10:38:03 CEST 2040
2021-03-21T18:11:21.882+0100 [DEBUG] [jdk.event.security] X509Certificate: Alg:SHA256withRSA, Serial:0, Subject:OU=Security Communication RootCA2, O="SECOM Trust Systems CO.,LTD.", C=JP, Issuer:OU=Security Communication RootCA2, O="SECOM Trust Systems CO.,LTD.", C=JP, Key type:RSA, Length:2048, Cert Id:1521072570, Valid from:Fri May 29 07:00:39 CEST 2009, Valid until:Tue May 29 07:00:39 CEST 2029
2021-03-21T18:11:21.885+0100 [DEBUG] [jdk.event.security] X509Certificate: Alg:SHA1withRSA, Serial:456b5054, Subject:CN=Entrust Root Certification Authority, OU="(c) 2006 Entrust, Inc.", OU=www.entrust.net/CPS is incorporated by reference, O="Entrust, Inc.", C=US, Issuer:CN=Entrust Root Certification Authority, OU="(c) 2006 Entrust, Inc.", OU=www.entrust.net/CPS is incorporated by reference, O="Entrust, Inc.", C=US, Key type:RSA, Length:2048, Cert Id:-1261404096, Valid from:Mon Nov 27 21:23:42 CET 2006, Valid until:Fri Nov 27 21:53:42 CET 2026
2021-03-21T18:11:21.886+0100 [DEBUG] [jdk.event.security] X509Certificate: Alg:SHA1withRSA, Serial:9b7e0649a33e62b9d5ee90487129ef57, Subject:CN=VeriSign Class 3 Public Primary Certification Authority - G3, OU="(c) 1999 VeriSign, Inc. - For authorized use only", OU=VeriSign Trust Network, O="VeriSign, Inc.", C=US, Issuer:CN=VeriSign Class 3 Public Primary Certification Authority - G3, OU="(c) 1999 VeriSign, Inc. - For authorized use only", OU=VeriSign Trust Network, O="VeriSign, Inc.", C=US, Key type:RSA, Length:2048, Cert Id:2057300190, Valid from:Fri Oct 01 02:00:00 CEST 1999, Valid until:Thu Jul 17 01:59:59 CEST 2036
2021-03-21T18:11:21.886+0100 [DEBUG] [jdk.event.security] X509Certificate: Alg:SHA1withRSA, Serial:444c0, Subject:CN=Certum Trusted Network CA, OU=Certum Certification Authority, O=Unizeto Technologies S.A., C=PL, Issuer:CN=Certum Trusted Network CA, OU=Certum Certification Authority, O=Unizeto Technologies S.A., C=PL, Key type:RSA, Length:2048, Cert Id:2014002193, Valid from:Wed Oct 22 14:07:37 CEST 2008, Valid until:Mon Dec 31 13:07:37 CET 2029
2021-03-21T18:11:21.887+0100 [DEBUG] [jdk.event.security] X509Certificate: Alg:SHA256withRSA, Serial:d9b5437fafa9390f000000005565ad58, Subject:CN=Entrust Root Certification Authority - G4, OU="(c) 2015 Entrust, Inc. - for authorized use only", OU=See www.entrust.net/legal-terms, O="Entrust, Inc.", C=US, Issuer:CN=Entrust Root Certification Authority - G4, OU="(c) 2015 Entrust, Inc. - for authorized use only", OU=See www.entrust.net/legal-terms, O="Entrust, Inc.", C=US, Key type:RSA, Length:4096, Cert Id:1368037548, Valid from:Wed May 27 13:11:16 CEST 2015, Valid until:Sun Dec 27 12:41:16 CET 2037
2021-03-21T18:11:21.889+0100 [DEBUG] [jdk.event.security] X509Certificate: Alg:SHA1withRSA, Serial:95be16a0f72e46f17b398272fa8bcd96, Subject:CN=TeliaSonera Root CA v1, O=TeliaSonera, Issuer:CN=TeliaSonera Root CA v1, O=TeliaSonera, Key type:RSA, Length:4096, Cert Id:1495358374, Valid from:Thu Oct 18 14:00:50 CEST 2007, Valid until:Mon Oct 18 14:00:50 CEST 2032
2021-03-21T18:11:21.890+0100 [DEBUG] [jdk.event.security] X509Certificate: Alg:SHA256withRSA, Serial:983f4, Subject:CN=D-TRUST Root Class 3 CA 2 EV 2009, O=D-Trust GmbH, C=DE, Issuer:CN=D-TRUST Root Class 3 CA 2 EV 2009, O=D-Trust GmbH, C=DE, Key type:RSA, Length:2048, Cert Id:971313728, Valid from:Thu Nov 05 09:50:46 CET 2009, Valid until:Mon Nov 05 09:50:46 CET 2029
2021-03-21T18:11:21.891+0100 [DEBUG] [jdk.event.security] X509Certificate: Alg:SHA384withECDSA, Serial:605949e0262ebb55f90a778a71f94ad86c, Subject:CN=GlobalSign, O=GlobalSign, OU=GlobalSign ECC Root CA - R5, Issuer:CN=GlobalSign, O=GlobalSign, OU=GlobalSign ECC Root CA - R5, Key type:EC, Length:384, Cert Id:1997048439, Valid from:Tue Nov 13 01:00:00 CET 2012, Valid until:Tue Jan 19 04:14:07 CET 2038
2021-03-21T18:11:21.893+0100 [DEBUG] [jdk.event.security] X509Certificate: Alg:SHA256withRSA, Serial:0, Subject:CN=Starfield Services Root Certificate Authority - G2, O="Starfield Technologies, Inc.", L=Scottsdale, ST=Arizona, C=US, Issuer:CN=Starfield Services Root Certificate Authority - G2, O="Starfield Technologies, Inc.", L=Scottsdale, ST=Arizona, C=US, Key type:RSA, Length:2048, Cert Id:1964785574, Valid from:Tue Sep 01 02:00:00 CEST 2009, Valid until:Fri Jan 01 00:59:59 CET 2038
2021-03-21T18:11:21.894+0100 [DEBUG] [jdk.event.security] X509Certificate: Alg:SHA256withRSA, Serial:1, Subject:CN=T-TeleSec GlobalRoot Class 2, OU=T-Systems Trust Center, O=T-Systems Enterprise Services GmbH, C=DE, Issuer:CN=T-TeleSec GlobalRoot Class 2, OU=T-Systems Trust Center, O=T-Systems Enterprise Services GmbH, C=DE, Key type:RSA, Length:2048, Cert Id:-1238464039, Valid from:Wed Oct 01 12:40:14 CEST 2008, Valid until:Sun Oct 02 01:59:59 CEST 2033
2021-03-21T18:11:21.894+0100 [DEBUG] [jdk.event.security] X509Certificate: Alg:SHA1withRSA, Serial:1, Subject:CN=AddTrust Qualified CA Root, OU=AddTrust TTP Network, O=AddTrust AB, C=SE, Issuer:CN=AddTrust Qualified CA Root, OU=AddTrust TTP Network, O=AddTrust AB, C=SE, Key type:RSA, Length:2048, Cert Id:607365522, Valid from:Tue May 30 12:44:50 CEST 2000, Valid until:Sat May 30 12:44:50 CEST 2020
2021-03-21T18:11:21.895+0100 [DEBUG] [jdk.event.security] X509Certificate: Alg:SHA1withRSA, Serial:83be056904246b1a1756ac95991c74a, Subject:CN=DigiCert Global Root CA, OU=www.digicert.com, O=DigiCert Inc, C=US, Issuer:CN=DigiCert Global Root CA, OU=www.digicert.com, O=DigiCert Inc, C=US, Key type:RSA, Length:2048, Cert Id:1341898239, Valid from:Fri Nov 10 01:00:00 CET 2006, Valid until:Mon Nov 10 01:00:00 CET 2031
2021-03-21T18:11:22.398+0100 [DEBUG] [jdk.event.security] X509Certificate: Alg:SHA256withRSA, Serial:4a4b465876e98f99b217433c144663006ea, Subject:CN=minecraftforge.net, Issuer:CN=R3, O=Let's Encrypt, C=US, Key type:RSA, Length:2048, Cert Id:-414058811, Valid from:Sun Jan 31 00:27:54 CET 2021, Valid until:Sat May 01 01:27:54 CEST 2021
2021-03-21T18:11:22.400+0100 [DEBUG] [jdk.event.security] X509Certificate: Alg:SHA256withRSA, Serial:400175048314a4c8218c84a90c16cddf, Subject:CN=R3, O=Let's Encrypt, C=US, Issuer:CN=DST Root CA X3, O=Digital Signature Trust Co., Key type:RSA, Length:2048, Cert Id:1992665946, Valid from:Wed Oct 07 21:21:40 CEST 2020, Valid until:Wed Sep 29 21:21:40 CEST 2021
2021-03-21T18:11:22.435+0100 [DEBUG] [jdk.event.security] ValidationChain: 1007302312, 1992665946, -414058811
2021-03-21T18:11:22.713+0100 [DEBUG] [jdk.event.security]  TLSHandshake: files.minecraftforge.net:443, TLSv1.2, TLS_ECDHE_RSA_WITH_AES_256_GCM_SHA384, -414058811
2021-03-21T18:11:22.715+0100 [DEBUG] [sun.net.www.protocol.http.HttpURLConnection] sun.net.www.MessageHeader@7cdef74c5 pairs: {HEAD /maven/ HTTP/1.1: null}{User-Agent: Java/1.8.0_281}{Host: files.minecraftforge.net}{Accept: text/html, image/gif, image/jpeg, *; q=.2, */*; q=.2}{Connection: keep-alive}
2021-03-21T18:11:22.833+0100 [DEBUG] [sun.net.www.protocol.http.HttpURLConnection] sun.net.www.MessageHeader@3cd8920910 pairs: {null: HTTP/1.1 200 OK}{Server: nginx}{Date: Sun, 21 Mar 2021 17:11:23 GMT}{Content-Type: text/html}{Content-Length: 8981}{Connection: keep-alive}{Last-Modified: Sun, 21 Mar 2021 07:00:24 GMT}{ETag: "6056ef08-2315"}{X-Clacks-Overhead: GNU Terry Pratchett}{Accept-Ranges: bytes}
2021-03-21T18:11:22.934+0100 [DEBUG] [jdk.event.security] X509Certificate: Alg:SHA256withRSA, Serial:54cac1c940b011587c6d3558ff89060, Subject:CN=minecraft.net, Issuer:CN=Amazon, OU=Server CA 1B, O=Amazon, C=US, Key type:RSA, Length:2048, Cert Id:1291571644, Valid from:Wed Sep 09 02:00:00 CEST 2020, Valid until:Sun Oct 10 14:00:00 CEST 2021
2021-03-21T18:11:22.935+0100 [DEBUG] [jdk.event.security] X509Certificate: Alg:SHA256withRSA, Serial:67f94578587e8ac77deb253325bbc998b560d, Subject:CN=Amazon, OU=Server CA 1B, O=Amazon, C=US, Issuer:CN=Amazon Root CA 1, O=Amazon, C=US, Key type:RSA, Length:2048, Cert Id:-1011578998, Valid from:Thu Oct 22 02:00:00 CEST 2015, Valid until:Sun Oct 19 02:00:00 CEST 2025
2021-03-21T18:11:22.936+0100 [DEBUG] [jdk.event.security] X509Certificate: Alg:SHA256withRSA, Serial:67f944a2a27cdf3fac2ae2b01f908eeb9c4c6, Subject:CN=Amazon Root CA 1, O=Amazon, C=US, Issuer:CN=Starfield Services Root Certificate Authority - G2, O="Starfield Technologies, Inc.", L=Scottsdale, ST=Arizona, C=US, Key type:RSA, Length:2048, Cert Id:668791387, Valid from:Mon May 25 14:00:00 CEST 2015, Valid until:Thu Dec 31 02:00:00 CET 2037
2021-03-21T18:11:22.937+0100 [DEBUG] [jdk.event.security] X509Certificate: Alg:SHA256withRSA, Serial:a70e4a4c3482b77f, Subject:CN=Starfield Services Root Certificate Authority - G2, O="Starfield Technologies, Inc.", L=Scottsdale, ST=Arizona, C=US, Issuer:OU=Starfield Class 2 Certification Authority, O="Starfield Technologies, Inc.", C=US, Key type:RSA, Length:2048, Cert Id:1766010387, Valid from:Wed Sep 02 02:00:00 CEST 2009, Valid until:Wed Jun 28 19:39:16 CEST 2034
2021-03-21T18:11:22.947+0100 [DEBUG] [jdk.event.security] ValidationChain: -1472444962, -1011578998, 1291571644
2021-03-21T18:11:22.992+0100 [DEBUG] [jdk.event.security]  TLSHandshake: libraries.minecraft.net:443, TLSv1.2, TLS_ECDHE_RSA_WITH_AES_128_GCM_SHA256, 1291571644
2021-03-21T18:11:22.993+0100 [DEBUG] [sun.net.www.protocol.http.HttpURLConnection] sun.net.www.MessageHeader@10a1f09d5 pairs: {HEAD / HTTP/1.1: null}{User-Agent: Java/1.8.0_281}{Host: libraries.minecraft.net}{Accept: text/html, image/gif, image/jpeg, *; q=.2, */*; q=.2}{Connection: keep-alive}
2021-03-21T18:11:23.010+0100 [DEBUG] [sun.net.www.protocol.http.HttpURLConnection] sun.net.www.MessageHeader@5e1162b013 pairs: {null: HTTP/1.1 200 OK}{Content-Type: application/octet-stream}{Content-Length: 0}{Connection: keep-alive}{Date: Thu, 04 Mar 2021 15:45:10 GMT}{Last-Modified: Mon, 23 Jan 2017 13:22:52 GMT}{ETag: "d41d8cd98f00b204e9800998ecf8427e"}{Server: AmazonS3}{X-Cache: Hit from cloudfront}{Via: 1.1 d143bdfb7cce4cf7ec0bcf9ec13e5915.cloudfront.net (CloudFront)}{X-Amz-Cf-Pop: AMS1-C1}{X-Amz-Cf-Id: WD9foWroeJXekCr_8qsHneUm8ElbpW4ia1oU8366MxRZ5MzcStHcHA==}{Age: 1473974}
2021-03-21T18:11:23.046+0100 [LIFECYCLE] [org.gradle.internal.operations.DefaultBuildOperationRunner] 
2021-03-21T18:11:23.046+0100 [DEBUG] [org.gradle.internal.operations.DefaultBuildOperationRunner] Build operation 'Apply plugin org.gradle.java to root project 'forge-1.16.5-36.1.0-mdk'' started
2021-03-21T18:11:23.092+0100 [DEBUG] [org.gradle.internal.operations.DefaultBuildOperationRunner] Build operation 'Apply plugin org.gradle.api.plugins.JavaBasePlugin to root project 'forge-1.16.5-36.1.0-mdk'' started
2021-03-21T18:11:23.122+0100 [DEBUG] [org.gradle.internal.operations.DefaultBuildOperationRunner] Build operation 'Apply plugin org.gradle.api.plugins.BasePlugin to root project 'forge-1.16.5-36.1.0-mdk'' started
2021-03-21T18:11:23.132+0100 [DEBUG] [org.gradle.internal.operations.DefaultBuildOperationRunner] Build operation 'Apply plugin org.gradle.language.base.plugins.LifecycleBasePlugin to root project 'forge-1.16.5-36.1.0-mdk'' started
2021-03-21T18:11:23.204+0100 [DEBUG] [org.gradle.internal.operations.DefaultBuildOperationRunner] Build operation 'Register task :clean' started
2021-03-21T18:11:23.206+0100 [DEBUG] [org.gradle.internal.operations.DefaultBuildOperationRunner] Completing Build operation 'Register task :clean'
2021-03-21T18:11:23.324+0100 [DEBUG] [org.gradle.internal.operations.DefaultBuildOperationRunner] Build operation 'Register task :assemble' started
2021-03-21T18:11:23.325+0100 [DEBUG] [org.gradle.internal.operations.DefaultBuildOperationRunner] Completing Build operation 'Register task :assemble'
2021-03-21T18:11:23.328+0100 [DEBUG] [org.gradle.internal.operations.DefaultBuildOperationRunner] Build operation 'Register task :check' started
2021-03-21T18:11:23.329+0100 [DEBUG] [org.gradle.internal.operations.DefaultBuildOperationRunner] Completing Build operation 'Register task :check'
2021-03-21T18:11:23.330+0100 [DEBUG] [org.gradle.internal.operations.DefaultBuildOperationRunner] Build operation 'Register task :build' started
2021-03-21T18:11:23.332+0100 [DEBUG] [org.gradle.internal.operations.DefaultBuildOperationRunner] Completing Build operation 'Register task :build'
2021-03-21T18:11:23.333+0100 [DEBUG] [org.gradle.internal.operations.DefaultBuildOperationRunner] Completing Build operation 'Apply plugin org.gradle.language.base.plugins.LifecycleBasePlugin to root project 'forge-1.16.5-36.1.0-mdk''
2021-03-21T18:11:23.412+0100 [DEBUG] [org.gradle.internal.operations.DefaultBuildOperationRunner] Build operation 'Execute container callback action' started
2021-03-21T18:11:23.413+0100 [DEBUG] [org.gradle.internal.operations.DefaultBuildOperationRunner] Completing Build operation 'Execute container callback action'
2021-03-21T18:11:23.414+0100 [DEBUG] [org.gradle.internal.operations.DefaultBuildOperationRunner] Build operation 'Execute container callback action' started
2021-03-21T18:11:23.416+0100 [DEBUG] [org.gradle.internal.operations.DefaultBuildOperationRunner] Completing Build operation 'Execute container callback action'
2021-03-21T18:11:23.420+0100 [DEBUG] [org.gradle.internal.operations.DefaultBuildOperationRunner] Completing Build operation 'Apply plugin org.gradle.api.plugins.BasePlugin to root project 'forge-1.16.5-36.1.0-mdk''
2021-03-21T18:11:23.436+0100 [DEBUG] [org.gradle.internal.operations.DefaultBuildOperationRunner] Build operation 'Apply plugin org.gradle.api.plugins.JvmEcosystemPlugin to root project 'forge-1.16.5-36.1.0-mdk'' started
2021-03-21T18:11:23.485+0100 [DEBUG] [org.gradle.internal.operations.DefaultBuildOperationRunner] Completing Build operation 'Apply plugin org.gradle.api.plugins.JvmEcosystemPlugin to root project 'forge-1.16.5-36.1.0-mdk''
2021-03-21T18:11:23.490+0100 [DEBUG] [org.gradle.internal.operations.DefaultBuildOperationRunner] Build operation 'Apply plugin org.gradle.api.plugins.ReportingBasePlugin to root project 'forge-1.16.5-36.1.0-mdk'' started
2021-03-21T18:11:23.504+0100 [DEBUG] [org.gradle.internal.operations.DefaultBuildOperationRunner] Completing Build operation 'Apply plugin org.gradle.api.plugins.ReportingBasePlugin to root project 'forge-1.16.5-36.1.0-mdk''
2021-03-21T18:11:23.773+0100 [DEBUG] [org.gradle.internal.operations.DefaultBuildOperationRunner] Build operation 'Register task :buildNeeded' started
2021-03-21T18:11:23.774+0100 [DEBUG] [org.gradle.internal.operations.DefaultBuildOperationRunner] Completing Build operation 'Register task :buildNeeded'
2021-03-21T18:11:23.774+0100 [DEBUG] [org.gradle.internal.operations.DefaultBuildOperationRunner] Build operation 'Register task :buildDependents' started
2021-03-21T18:11:23.774+0100 [DEBUG] [org.gradle.internal.operations.DefaultBuildOperationRunner] Completing Build operation 'Register task :buildDependents'
2021-03-21T18:11:23.775+0100 [DEBUG] [org.gradle.internal.operations.DefaultBuildOperationRunner] Completing Build operation 'Apply plugin org.gradle.api.plugins.JavaBasePlugin to root project 'forge-1.16.5-36.1.0-mdk''
2021-03-21T18:11:23.821+0100 [DEBUG] [org.gradle.internal.operations.DefaultBuildOperationRunner] Build operation 'Execute container callback action' started
2021-03-21T18:11:23.825+0100 [DEBUG] [org.gradle.internal.operations.DefaultBuildOperationRunner] Build operation 'Execute container callback action' started
2021-03-21T18:11:23.825+0100 [DEBUG] [org.gradle.internal.operations.DefaultBuildOperationRunner] Completing Build operation 'Execute container callback action'
2021-03-21T18:11:23.827+0100 [DEBUG] [org.gradle.internal.operations.DefaultBuildOperationRunner] Build operation 'Execute container callback action' started
2021-03-21T18:11:23.828+0100 [DEBUG] [org.gradle.internal.operations.DefaultBuildOperationRunner] Completing Build operation 'Execute container callback action'
2021-03-21T18:11:23.832+0100 [DEBUG] [org.gradle.internal.operations.DefaultBuildOperationRunner] Build operation 'Execute container callback action' started
2021-03-21T18:11:23.832+0100 [DEBUG] [org.gradle.internal.operations.DefaultBuildOperationRunner] Completing Build operation 'Execute container callback action'
2021-03-21T18:11:23.833+0100 [DEBUG] [org.gradle.internal.operations.DefaultBuildOperationRunner] Build operation 'Execute container callback action' started
2021-03-21T18:11:23.833+0100 [DEBUG] [org.gradle.internal.operations.DefaultBuildOperationRunner] Completing Build operation 'Execute container callback action'
2021-03-21T18:11:23.834+0100 [DEBUG] [org.gradle.internal.operations.DefaultBuildOperationRunner] Build operation 'Execute container callback action' started
2021-03-21T18:11:23.835+0100 [DEBUG] [org.gradle.internal.operations.DefaultBuildOperationRunner] Completing Build operation 'Execute container callback action'
2021-03-21T18:11:23.841+0100 [DEBUG] [org.gradle.internal.operations.DefaultBuildOperationRunner] Build operation 'Execute container callback action' started
2021-03-21T18:11:23.842+0100 [DEBUG] [org.gradle.internal.operations.DefaultBuildOperationRunner] Completing Build operation 'Execute container callback action'
2021-03-21T18:11:23.846+0100 [DEBUG] [org.gradle.internal.operations.DefaultBuildOperationRunner] Build operation 'Execute container callback action' started
2021-03-21T18:11:23.846+0100 [DEBUG] [org.gradle.internal.operations.DefaultBuildOperationRunner] Completing Build operation 'Execute container callback action'
2021-03-21T18:11:23.847+0100 [DEBUG] [org.gradle.internal.operations.DefaultBuildOperationRunner] Build operation 'Execute container callback action' started
2021-03-21T18:11:23.847+0100 [DEBUG] [org.gradle.internal.operations.DefaultBuildOperationRunner] Completing Build operation 'Execute container callback action'
2021-03-21T18:11:23.851+0100 [DEBUG] [org.gradle.internal.operations.DefaultBuildOperationRunner] Build operation 'Register task :processResources' started
2021-03-21T18:11:23.851+0100 [DEBUG] [org.gradle.internal.operations.DefaultBuildOperationRunner] Completing Build operation 'Register task :processResources'
2021-03-21T18:11:23.852+0100 [DEBUG] [org.gradle.internal.operations.DefaultBuildOperationRunner] Build operation 'Register task :compileJava' started
2021-03-21T18:11:23.852+0100 [DEBUG] [org.gradle.internal.operations.DefaultBuildOperationRunner] Completing Build operation 'Register task :compileJava'
2021-03-21T18:11:23.852+0100 [DEBUG] [org.gradle.internal.operations.DefaultBuildOperationRunner] Build operation 'Register task :classes' started
2021-03-21T18:11:23.853+0100 [DEBUG] [org.gradle.internal.operations.DefaultBuildOperationRunner] Completing Build operation 'Register task :classes'
2021-03-21T18:11:23.870+0100 [DEBUG] [org.gradle.internal.operations.DefaultBuildOperationRunner] Completing Build operation 'Execute container callback action'
2021-03-21T18:11:23.870+0100 [DEBUG] [org.gradle.internal.operations.DefaultBuildOperationRunner] Build operation 'Execute container callback action' started
2021-03-21T18:11:23.871+0100 [DEBUG] [org.gradle.internal.operations.DefaultBuildOperationRunner] Build operation 'Execute container callback action' started
2021-03-21T18:11:23.871+0100 [DEBUG] [org.gradle.internal.operations.DefaultBuildOperationRunner] Completing Build operation 'Execute container callback action'
2021-03-21T18:11:23.872+0100 [DEBUG] [org.gradle.internal.operations.DefaultBuildOperationRunner] Build operation 'Execute container callback action' started
2021-03-21T18:11:23.872+0100 [DEBUG] [org.gradle.internal.operations.DefaultBuildOperationRunner] Completing Build operation 'Execute container callback action'
2021-03-21T18:11:23.873+0100 [DEBUG] [org.gradle.internal.operations.DefaultBuildOperationRunner] Build operation 'Execute container callback action' started
2021-03-21T18:11:23.874+0100 [DEBUG] [org.gradle.internal.operations.DefaultBuildOperationRunner] Completing Build operation 'Execute container callback action'
2021-03-21T18:11:23.875+0100 [DEBUG] [org.gradle.internal.operations.DefaultBuildOperationRunner] Build operation 'Execute container callback action' started
2021-03-21T18:11:23.875+0100 [DEBUG] [org.gradle.internal.operations.DefaultBuildOperationRunner] Completing Build operation 'Execute container callback action'
2021-03-21T18:11:23.876+0100 [DEBUG] [org.gradle.internal.operations.DefaultBuildOperationRunner] Build operation 'Execute container callback action' started
2021-03-21T18:11:23.876+0100 [DEBUG] [org.gradle.internal.operations.DefaultBuildOperationRunner] Completing Build operation 'Execute container callback action'
2021-03-21T18:11:23.878+0100 [DEBUG] [org.gradle.internal.operations.DefaultBuildOperationRunner] Build operation 'Execute container callback action' started
2021-03-21T18:11:23.878+0100 [DEBUG] [org.gradle.internal.operations.DefaultBuildOperationRunner] Completing Build operation 'Execute container callback action'
2021-03-21T18:11:23.878+0100 [DEBUG] [org.gradle.internal.operations.DefaultBuildOperationRunner] Build operation 'Execute container callback action' started
2021-03-21T18:11:23.879+0100 [DEBUG] [org.gradle.internal.operations.DefaultBuildOperationRunner] Completing Build operation 'Execute container callback action'
2021-03-21T18:11:23.880+0100 [DEBUG] [org.gradle.internal.operations.DefaultBuildOperationRunner] Build operation 'Execute container callback action' started
2021-03-21T18:11:23.881+0100 [DEBUG] [org.gradle.internal.operations.DefaultBuildOperationRunner] Completing Build operation 'Execute container callback action'
2021-03-21T18:11:23.882+0100 [DEBUG] [org.gradle.internal.operations.DefaultBuildOperationRunner] Build operation 'Register task :processTestResources' started
2021-03-21T18:11:23.882+0100 [DEBUG] [org.gradle.internal.operations.DefaultBuildOperationRunner] Completing Build operation 'Register task :processTestResources'
2021-03-21T18:11:23.883+0100 [DEBUG] [org.gradle.internal.operations.DefaultBuildOperationRunner] Build operation 'Register task :compileTestJava' started
2021-03-21T18:11:23.883+0100 [DEBUG] [org.gradle.internal.operations.DefaultBuildOperationRunner] Completing Build operation 'Register task :compileTestJava'
2021-03-21T18:11:23.883+0100 [DEBUG] [org.gradle.internal.operations.DefaultBuildOperationRunner] Build operation 'Register task :testClasses' started
2021-03-21T18:11:23.883+0100 [DEBUG] [org.gradle.internal.operations.DefaultBuildOperationRunner] Completing Build operation 'Register task :testClasses'
2021-03-21T18:11:23.884+0100 [DEBUG] [org.gradle.internal.operations.DefaultBuildOperationRunner] Completing Build operation 'Execute container callback action'
2021-03-21T18:11:23.884+0100 [DEBUG] [org.gradle.internal.operations.DefaultBuildOperationRunner] Build operation 'Execute container callback action' started
2021-03-21T18:11:23.885+0100 [DEBUG] [org.gradle.internal.operations.DefaultBuildOperationRunner] Completing Build operation 'Execute container callback action'
2021-03-21T18:11:23.885+0100 [DEBUG] [org.gradle.internal.operations.DefaultBuildOperationRunner] Build operation 'Execute container callback action' started
2021-03-21T18:11:23.885+0100 [DEBUG] [org.gradle.internal.operations.DefaultBuildOperationRunner] Completing Build operation 'Execute container callback action'
2021-03-21T18:11:23.890+0100 [DEBUG] [org.gradle.internal.operations.DefaultBuildOperationRunner] Build operation 'Execute container callback action' started
2021-03-21T18:11:23.890+0100 [DEBUG] [org.gradle.internal.operations.DefaultBuildOperationRunner] Completing Build operation 'Execute container callback action'
2021-03-21T18:11:23.892+0100 [DEBUG] [org.gradle.internal.operations.DefaultBuildOperationRunner] Build operation 'Execute container callback action' started
2021-03-21T18:11:23.893+0100 [DEBUG] [org.gradle.internal.operations.DefaultBuildOperationRunner] Completing Build operation 'Execute container callback action'
2021-03-21T18:11:23.894+0100 [DEBUG] [org.gradle.internal.operations.DefaultBuildOperationRunner] Build operation 'Register task :test' started
2021-03-21T18:11:23.894+0100 [DEBUG] [org.gradle.internal.operations.DefaultBuildOperationRunner] Completing Build operation 'Register task :test'
2021-03-21T18:11:23.895+0100 [DEBUG] [org.gradle.internal.operations.DefaultBuildOperationRunner] Build operation 'Register task :javadoc' started
2021-03-21T18:11:23.895+0100 [DEBUG] [org.gradle.internal.operations.DefaultBuildOperationRunner] Completing Build operation 'Register task :javadoc'
2021-03-21T18:11:23.897+0100 [DEBUG] [org.gradle.internal.operations.DefaultBuildOperationRunner] Build operation 'Register task :jar' started
2021-03-21T18:11:23.897+0100 [DEBUG] [org.gradle.internal.operations.DefaultBuildOperationRunner] Completing Build operation 'Register task :jar'
2021-03-21T18:11:23.900+0100 [DEBUG] [org.gradle.internal.operations.DefaultBuildOperationRunner] Build operation 'Execute container callback action' started
2021-03-21T18:11:23.900+0100 [DEBUG] [org.gradle.internal.operations.DefaultBuildOperationRunner] Completing Build operation 'Execute container callback action'
2021-03-21T18:11:23.900+0100 [DEBUG] [org.gradle.internal.operations.DefaultBuildOperationRunner] Build operation 'Execute container callback action' started
2021-03-21T18:11:23.901+0100 [DEBUG] [org.gradle.internal.operations.DefaultBuildOperationRunner] Completing Build operation 'Execute container callback action'
2021-03-21T18:11:23.901+0100 [DEBUG] [org.gradle.internal.operations.DefaultBuildOperationRunner] Build operation 'Execute container callback action' started
2021-03-21T18:11:23.901+0100 [DEBUG] [org.gradle.internal.operations.DefaultBuildOperationRunner] Completing Build operation 'Execute container callback action'
2021-03-21T18:11:23.902+0100 [DEBUG] [org.gradle.internal.operations.DefaultBuildOperationRunner] Build operation 'Execute container callback action' started
2021-03-21T18:11:23.902+0100 [DEBUG] [org.gradle.internal.operations.DefaultBuildOperationRunner] Completing Build operation 'Execute container callback action'
2021-03-21T18:11:23.902+0100 [DEBUG] [org.gradle.internal.operations.DefaultBuildOperationRunner] Build operation 'Execute container callback action' started
2021-03-21T18:11:23.902+0100 [DEBUG] [org.gradle.internal.operations.DefaultBuildOperationRunner] Completing Build operation 'Execute container callback action'
2021-03-21T18:11:23.902+0100 [DEBUG] [org.gradle.internal.operations.DefaultBuildOperationRunner] Build operation 'Execute container callback action' started
2021-03-21T18:11:23.902+0100 [DEBUG] [org.gradle.internal.operations.DefaultBuildOperationRunner] Completing Build operation 'Execute container callback action'
2021-03-21T18:11:23.902+0100 [DEBUG] [org.gradle.internal.operations.DefaultBuildOperationRunner] Build operation 'Execute container callback action' started
2021-03-21T18:11:23.902+0100 [DEBUG] [org.gradle.internal.operations.DefaultBuildOperationRunner] Completing Build operation 'Execute container callback action'
2021-03-21T18:11:23.903+0100 [DEBUG] [org.gradle.internal.operations.DefaultBuildOperationRunner] Build operation 'Execute container callback action' started
2021-03-21T18:11:23.903+0100 [DEBUG] [org.gradle.internal.operations.DefaultBuildOperationRunner] Completing Build operation 'Execute container callback action'
2021-03-21T18:11:23.903+0100 [DEBUG] [org.gradle.internal.operations.DefaultBuildOperationRunner] Build operation 'Execute container callback action' started
2021-03-21T18:11:23.903+0100 [DEBUG] [org.gradle.internal.operations.DefaultBuildOperationRunner] Completing Build operation 'Execute container callback action'
2021-03-21T18:11:23.903+0100 [DEBUG] [org.gradle.internal.operations.DefaultBuildOperationRunner] Build operation 'Execute container callback action' started
2021-03-21T18:11:23.903+0100 [DEBUG] [org.gradle.internal.operations.DefaultBuildOperationRunner] Completing Build operation 'Execute container callback action'
2021-03-21T18:11:23.903+0100 [DEBUG] [org.gradle.internal.operations.DefaultBuildOperationRunner] Build operation 'Execute container callback action' started
2021-03-21T18:11:23.903+0100 [DEBUG] [org.gradle.internal.operations.DefaultBuildOperationRunner] Completing Build operation 'Execute container callback action'
2021-03-21T18:11:23.903+0100 [DEBUG] [org.gradle.internal.operations.DefaultBuildOperationRunner] Build operation 'Execute container callback action' started
2021-03-21T18:11:23.903+0100 [DEBUG] [org.gradle.internal.operations.DefaultBuildOperationRunner] Completing Build operation 'Execute container callback action'
2021-03-21T18:11:23.904+0100 [DEBUG] [org.gradle.internal.operations.DefaultBuildOperationRunner] Build operation 'Execute container callback action' started
2021-03-21T18:11:23.904+0100 [DEBUG] [org.gradle.internal.operations.DefaultBuildOperationRunner] Completing Build operation 'Execute container callback action'
2021-03-21T18:11:23.904+0100 [DEBUG] [org.gradle.internal.operations.DefaultBuildOperationRunner] Build operation 'Execute container callback action' started
2021-03-21T18:11:23.913+0100 [DEBUG] [org.gradle.internal.operations.DefaultBuildOperationRunner] Completing Build operation 'Execute container callback action'
2021-03-21T18:11:23.916+0100 [DEBUG] [org.gradle.internal.operations.DefaultBuildOperationRunner] Build operation 'Execute container callback action' started
2021-03-21T18:11:23.916+0100 [DEBUG] [org.gradle.internal.operations.DefaultBuildOperationRunner] Completing Build operation 'Execute container callback action'
2021-03-21T18:11:23.916+0100 [DEBUG] [org.gradle.internal.operations.DefaultBuildOperationRunner] Build operation 'Execute container callback action' started
2021-03-21T18:11:23.916+0100 [DEBUG] [org.gradle.internal.operations.DefaultBuildOperationRunner] Completing Build operation 'Execute container callback action'
2021-03-21T18:11:23.916+0100 [DEBUG] [org.gradle.internal.operations.DefaultBuildOperationRunner] Build operation 'Execute container callback action' started
2021-03-21T18:11:23.917+0100 [DEBUG] [org.gradle.internal.operations.DefaultBuildOperationRunner] Completing Build operation 'Execute container callback action'
2021-03-21T18:11:23.917+0100 [DEBUG] [org.gradle.internal.operations.DefaultBuildOperationRunner] Build operation 'Execute container callback action' started
2021-03-21T18:11:23.917+0100 [DEBUG] [org.gradle.internal.operations.DefaultBuildOperationRunner] Completing Build operation 'Execute container callback action'
2021-03-21T18:11:23.917+0100 [DEBUG] [org.gradle.internal.operations.DefaultBuildOperationRunner] Build operation 'Execute container callback action' started
2021-03-21T18:11:23.917+0100 [DEBUG] [org.gradle.internal.operations.DefaultBuildOperationRunner] Completing Build operation 'Execute container callback action'
2021-03-21T18:11:23.917+0100 [DEBUG] [org.gradle.internal.operations.DefaultBuildOperationRunner] Build operation 'Execute container callback action' started
2021-03-21T18:11:23.918+0100 [DEBUG] [org.gradle.internal.operations.DefaultBuildOperationRunner] Completing Build operation 'Execute container callback action'
2021-03-21T18:11:23.918+0100 [DEBUG] [org.gradle.internal.operations.DefaultBuildOperationRunner] Build operation 'Execute container callback action' started
2021-03-21T18:11:23.918+0100 [DEBUG] [org.gradle.internal.operations.DefaultBuildOperationRunner] Completing Build operation 'Execute container callback action'
2021-03-21T18:11:23.918+0100 [DEBUG] [org.gradle.internal.operations.DefaultBuildOperationRunner] Build operation 'Execute container callback action' started
2021-03-21T18:11:23.918+0100 [DEBUG] [org.gradle.internal.operations.DefaultBuildOperationRunner] Completing Build operation 'Execute container callback action'
2021-03-21T18:11:23.918+0100 [DEBUG] [org.gradle.internal.operations.DefaultBuildOperationRunner] Build operation 'Execute container callback action' started
2021-03-21T18:11:23.919+0100 [DEBUG] [org.gradle.internal.operations.DefaultBuildOperationRunner] Completing Build operation 'Execute container callback action'
2021-03-21T18:11:23.931+0100 [DEBUG] [org.gradle.internal.operations.DefaultBuildOperationRunner] Completing Build operation 'Apply plugin org.gradle.java to root project 'forge-1.16.5-36.1.0-mdk''
2021-03-21T18:11:23.934+0100 [DEBUG] [org.gradle.internal.operations.DefaultBuildOperationRunner] Build operation 'Execute container callback action' started
2021-03-21T18:11:23.934+0100 [DEBUG] [org.gradle.internal.operations.DefaultBuildOperationRunner] Completing Build operation 'Execute container callback action'
2021-03-21T18:11:23.934+0100 [DEBUG] [org.gradle.internal.operations.DefaultBuildOperationRunner] Build operation 'Execute container callback action' started
2021-03-21T18:11:23.934+0100 [DEBUG] [org.gradle.internal.operations.DefaultBuildOperationRunner] Completing Build operation 'Execute container callback action'
2021-03-21T18:11:23.935+0100 [DEBUG] [org.gradle.internal.operations.DefaultBuildOperationRunner] Build operation 'Execute container callback action' started
2021-03-21T18:11:23.935+0100 [DEBUG] [org.gradle.internal.operations.DefaultBuildOperationRunner] Completing Build operation 'Execute container callback action'
2021-03-21T18:11:23.936+0100 [DEBUG] [org.gradle.internal.operations.DefaultBuildOperationRunner] Build operation 'Execute container callback action' started
2021-03-21T18:11:23.936+0100 [DEBUG] [org.gradle.internal.operations.DefaultBuildOperationRunner] Completing Build operation 'Execute container callback action'
2021-03-21T18:11:23.994+0100 [DEBUG] [org.gradle.internal.operations.DefaultBuildOperationRunner] Build operation 'Register task :downloadMcpConfig' started
2021-03-21T18:11:23.994+0100 [DEBUG] [org.gradle.internal.operations.DefaultBuildOperationRunner] Completing Build operation 'Register task :downloadMcpConfig'
2021-03-21T18:11:23.994+0100 [DEBUG] [org.gradle.internal.operations.DefaultBuildOperationRunner] Build operation 'Register task :extractSrg' started
2021-03-21T18:11:23.995+0100 [DEBUG] [org.gradle.internal.operations.DefaultBuildOperationRunner] Completing Build operation 'Register task :extractSrg'
2021-03-21T18:11:23.995+0100 [DEBUG] [org.gradle.internal.operations.DefaultBuildOperationRunner] Build operation 'Register task :createSrgToMcp' started
2021-03-21T18:11:23.995+0100 [DEBUG] [org.gradle.internal.operations.DefaultBuildOperationRunner] Completing Build operation 'Register task :createSrgToMcp'
2021-03-21T18:11:23.995+0100 [DEBUG] [org.gradle.internal.operations.DefaultBuildOperationRunner] Build operation 'Register task :createMcpToSrg' started
2021-03-21T18:11:23.995+0100 [DEBUG] [org.gradle.internal.operations.DefaultBuildOperationRunner] Completing Build operation 'Register task :createMcpToSrg'
2021-03-21T18:11:23.997+0100 [DEBUG] [org.gradle.internal.operations.DefaultBuildOperationRunner] Build operation 'Register task :downloadMCMeta' started
2021-03-21T18:11:23.998+0100 [DEBUG] [org.gradle.internal.operations.DefaultBuildOperationRunner] Completing Build operation 'Register task :downloadMCMeta'
2021-03-21T18:11:23.998+0100 [DEBUG] [org.gradle.internal.operations.DefaultBuildOperationRunner] Build operation 'Register task :extractNatives' started
2021-03-21T18:11:23.999+0100 [DEBUG] [org.gradle.internal.operations.DefaultBuildOperationRunner] Completing Build operation 'Register task :extractNatives'
2021-03-21T18:11:23.999+0100 [DEBUG] [org.gradle.internal.operations.DefaultBuildOperationRunner] Build operation 'Register task :downloadAssets' started
2021-03-21T18:11:23.999+0100 [DEBUG] [org.gradle.internal.operations.DefaultBuildOperationRunner] Completing Build operation 'Register task :downloadAssets'
2021-03-21T18:11:24.016+0100 [DEBUG] [org.gradle.cache.internal.DefaultFileLockManager] Waiting to acquire shared lock on daemon addresses registry.
2021-03-21T18:11:24.018+0100 [DEBUG] [org.gradle.cache.internal.DefaultFileLockManager] Lock acquired on daemon addresses registry.
2021-03-21T18:11:24.019+0100 [DEBUG] [org.gradle.cache.internal.DefaultFileLockManager] Releasing lock on daemon addresses registry.
2021-03-21T18:11:24.020+0100 [DEBUG] [org.gradle.cache.internal.DefaultFileLockManager] Waiting to acquire shared lock on daemon addresses registry.
2021-03-21T18:11:24.020+0100 [DEBUG] [org.gradle.cache.internal.DefaultFileLockManager] Lock acquired on daemon addresses registry.
2021-03-21T18:11:24.020+0100 [DEBUG] [org.gradle.cache.internal.DefaultFileLockManager] Releasing lock on daemon addresses registry.
2021-03-21T18:11:24.050+0100 [DEBUG] [org.gradle.internal.operations.DefaultBuildOperationRunner] Completing Build operation 'Apply plugin net.minecraftforge.gradle to root project 'forge-1.16.5-36.1.0-mdk''
2021-03-21T18:11:24.059+0100 [DEBUG] [org.gradle.internal.operations.DefaultBuildOperationRunner] Build operation 'Apply plugin org.gradle.eclipse to root project 'forge-1.16.5-36.1.0-mdk'' started
2021-03-21T18:11:24.069+0100 [DEBUG] [org.gradle.internal.operations.DefaultBuildOperationRunner] Build operation 'Register task :eclipse' started
2021-03-21T18:11:24.069+0100 [DEBUG] [org.gradle.internal.operations.DefaultBuildOperationRunner] Completing Build operation 'Register task :eclipse'
2021-03-21T18:11:24.070+0100 [DEBUG] [org.gradle.internal.operations.DefaultBuildOperationRunner] Build operation 'Register task :cleanEclipse' started
2021-03-21T18:11:24.070+0100 [DEBUG] [org.gradle.internal.operations.DefaultBuildOperationRunner] Completing Build operation 'Register task :cleanEclipse'
2021-03-21T18:11:24.119+0100 [DEBUG] [org.gradle.internal.operations.DefaultBuildOperationRunner] Build operation 'Register task :eclipseProject' started
2021-03-21T18:11:24.119+0100 [DEBUG] [org.gradle.internal.operations.DefaultBuildOperationRunner] Completing Build operation 'Register task :eclipseProject'
2021-03-21T18:11:24.121+0100 [DEBUG] [org.gradle.internal.operations.DefaultBuildOperationRunner] Build operation 'Register task :cleanEclipseProject' started
2021-03-21T18:11:24.121+0100 [DEBUG] [org.gradle.internal.operations.DefaultBuildOperationRunner] Completing Build operation 'Register task :cleanEclipseProject'
2021-03-21T18:11:24.123+0100 [DEBUG] [org.gradle.internal.operations.DefaultBuildOperationRunner] Build operation 'Execute container callback action' started
2021-03-21T18:11:24.126+0100 [DEBUG] [org.gradle.internal.operations.DefaultBuildOperationRunner] Completing Build operation 'Execute container callback action'
2021-03-21T18:11:24.136+0100 [DEBUG] [org.gradle.internal.operations.DefaultBuildOperationRunner] Build operation 'Execute container callback action' started
2021-03-21T18:11:24.142+0100 [DEBUG] [org.gradle.internal.operations.DefaultBuildOperationRunner] Build operation 'Register task :eclipseJdt' started
2021-03-21T18:11:24.142+0100 [DEBUG] [org.gradle.internal.operations.DefaultBuildOperationRunner] Completing Build operation 'Register task :eclipseJdt'
2021-03-21T18:11:24.143+0100 [DEBUG] [org.gradle.internal.operations.DefaultBuildOperationRunner] Build operation 'Register task :cleanEclipseJdt' started
2021-03-21T18:11:24.144+0100 [DEBUG] [org.gradle.internal.operations.DefaultBuildOperationRunner] Completing Build operation 'Register task :cleanEclipseJdt'
2021-03-21T18:11:24.145+0100 [DEBUG] [org.gradle.internal.operations.DefaultBuildOperationRunner] Completing Build operation 'Execute container callback action'
2021-03-21T18:11:24.154+0100 [DEBUG] [org.gradle.internal.operations.DefaultBuildOperationRunner] Build operation 'Execute container callback action' started
2021-03-21T18:11:24.156+0100 [DEBUG] [org.gradle.internal.operations.DefaultBuildOperationRunner] Build operation 'Register task :eclipseClasspath' started
2021-03-21T18:11:24.156+0100 [DEBUG] [org.gradle.internal.operations.DefaultBuildOperationRunner] Completing Build operation 'Register task :eclipseClasspath'
2021-03-21T18:11:24.159+0100 [DEBUG] [org.gradle.internal.operations.DefaultBuildOperationRunner] Build operation 'Register task :cleanEclipseClasspath' started
2021-03-21T18:11:24.159+0100 [DEBUG] [org.gradle.internal.operations.DefaultBuildOperationRunner] Completing Build operation 'Register task :cleanEclipseClasspath'
2021-03-21T18:11:24.166+0100 [DEBUG] [org.gradle.internal.operations.DefaultBuildOperationRunner] Build operation 'Execute container callback action' started
2021-03-21T18:11:24.169+0100 [DEBUG] [org.gradle.internal.operations.DefaultBuildOperationRunner] Completing Build operation 'Execute container callback action'
2021-03-21T18:11:24.170+0100 [DEBUG] [org.gradle.internal.operations.DefaultBuildOperationRunner] Completing Build operation 'Execute container callback action'
2021-03-21T18:11:24.172+0100 [DEBUG] [org.gradle.internal.operations.DefaultBuildOperationRunner] Completing Build operation 'Apply plugin org.gradle.eclipse to root project 'forge-1.16.5-36.1.0-mdk''
2021-03-21T18:11:24.175+0100 [DEBUG] [org.gradle.internal.operations.DefaultBuildOperationRunner] Build operation 'Apply plugin org.gradle.maven-publish to root project 'forge-1.16.5-36.1.0-mdk'' started
2021-03-21T18:11:24.185+0100 [DEBUG] [org.gradle.internal.operations.DefaultBuildOperationRunner] Build operation 'Apply plugin org.gradle.api.publish.plugins.PublishingPlugin to root project 'forge-1.16.5-36.1.0-mdk'' started
2021-03-21T18:11:24.198+0100 [DEBUG] [org.gradle.internal.operations.DefaultBuildOperationRunner] Build operation 'Register task :publish' started
2021-03-21T18:11:24.198+0100 [DEBUG] [org.gradle.internal.operations.DefaultBuildOperationRunner] Completing Build operation 'Register task :publish'
2021-03-21T18:11:24.201+0100 [DEBUG] [org.gradle.internal.operations.DefaultBuildOperationRunner] Completing Build operation 'Apply plugin org.gradle.api.publish.plugins.PublishingPlugin to root project 'forge-1.16.5-36.1.0-mdk''
2021-03-21T18:11:24.202+0100 [DEBUG] [org.gradle.internal.operations.DefaultBuildOperationRunner] Build operation 'Register task :publishToMavenLocal' started
2021-03-21T18:11:24.202+0100 [DEBUG] [org.gradle.internal.operations.DefaultBuildOperationRunner] Completing Build operation 'Register task :publishToMavenLocal'
2021-03-21T18:11:24.208+0100 [DEBUG] [org.gradle.internal.operations.DefaultBuildOperationRunner] Completing Build operation 'Apply plugin org.gradle.maven-publish to root project 'forge-1.16.5-36.1.0-mdk''
2021-03-21T18:11:24.421+0100 [DEBUG] [org.gradle.internal.operations.DefaultBuildOperationRunner] Build operation 'Realize task :jar' started
2021-03-21T18:11:24.527+0100 [DEBUG] [org.gradle.internal.operations.DefaultBuildOperationRunner] Build operation 'Execute container callback action' started
2021-03-21T18:11:24.528+0100 [DEBUG] [org.gradle.internal.operations.DefaultBuildOperationRunner] Completing Build operation 'Execute container callback action'
2021-03-21T18:11:24.528+0100 [DEBUG] [org.gradle.internal.operations.DefaultBuildOperationRunner] Build operation 'Execute container callback action' started
2021-03-21T18:11:24.529+0100 [DEBUG] [org.gradle.internal.operations.DefaultBuildOperationRunner] Completing Build operation 'Execute container callback action'
2021-03-21T18:11:24.529+0100 [DEBUG] [org.gradle.internal.operations.DefaultBuildOperationRunner] Completing Build operation 'Realize task :jar'
2021-03-21T18:11:24.747+0100 [DEBUG] [org.gradle.internal.operations.DefaultBuildOperationRunner] Build operation 'Execute container callback action' started
2021-03-21T18:11:24.751+0100 [DEBUG] [org.gradle.internal.operations.DefaultBuildOperationRunner] Completing Build operation 'Execute container callback action'
2021-03-21T18:11:24.815+0100 [DEBUG] [org.gradle.internal.operations.DefaultBuildOperationRunner] Build operation 'Execute container callback action' started
2021-03-21T18:11:24.818+0100 [DEBUG] [org.gradle.internal.operations.DefaultBuildOperationRunner] Completing Build operation 'Execute container callback action'
2021-03-21T18:11:24.818+0100 [DEBUG] [org.gradle.internal.operations.DefaultBuildOperationRunner] Build operation 'Execute container callback action' started
2021-03-21T18:11:24.819+0100 [DEBUG] [org.gradle.internal.operations.DefaultBuildOperationRunner] Build operation 'Register task :generateMetadataFileForMavenJavaPublication' started
2021-03-21T18:11:24.819+0100 [DEBUG] [org.gradle.internal.operations.DefaultBuildOperationRunner] Completing Build operation 'Register task :generateMetadataFileForMavenJavaPublication'
2021-03-21T18:11:24.820+0100 [DEBUG] [org.gradle.internal.operations.DefaultBuildOperationRunner] Build operation 'Register task :generatePomFileForMavenJavaPublication' started
2021-03-21T18:11:24.820+0100 [DEBUG] [org.gradle.internal.operations.DefaultBuildOperationRunner] Completing Build operation 'Register task :generatePomFileForMavenJavaPublication'
2021-03-21T18:11:24.823+0100 [DEBUG] [org.gradle.internal.operations.DefaultBuildOperationRunner] Build operation 'Register task :publishMavenJavaPublicationToMavenLocal' started
2021-03-21T18:11:24.823+0100 [DEBUG] [org.gradle.internal.operations.DefaultBuildOperationRunner] Completing Build operation 'Register task :publishMavenJavaPublicationToMavenLocal'
2021-03-21T18:11:24.824+0100 [DEBUG] [org.gradle.internal.operations.DefaultBuildOperationRunner] Completing Build operation 'Execute container callback action'
2021-03-21T18:11:24.853+0100 [DEBUG] [org.gradle.internal.operations.DefaultBuildOperationRunner] Build operation 'Execute container callback action' started
2021-03-21T18:11:24.854+0100 [DEBUG] [org.gradle.internal.operations.DefaultBuildOperationRunner] Build operation 'Register task :publishAllPublicationsToMavenRepository' started
2021-03-21T18:11:24.854+0100 [DEBUG] [org.gradle.internal.operations.DefaultBuildOperationRunner] Completing Build operation 'Register task :publishAllPublicationsToMavenRepository'
2021-03-21T18:11:24.854+0100 [DEBUG] [org.gradle.internal.operations.DefaultBuildOperationRunner] Completing Build operation 'Execute container callback action'
2021-03-21T18:11:24.854+0100 [DEBUG] [org.gradle.internal.operations.DefaultBuildOperationRunner] Build operation 'Execute container callback action' started
2021-03-21T18:11:24.855+0100 [DEBUG] [org.gradle.internal.operations.DefaultBuildOperationRunner] Build operation 'Register task :publishMavenJavaPublicationToMavenRepository' started
2021-03-21T18:11:24.855+0100 [DEBUG] [org.gradle.internal.operations.DefaultBuildOperationRunner] Completing Build operation 'Register task :publishMavenJavaPublicationToMavenRepository'
2021-03-21T18:11:24.856+0100 [DEBUG] [org.gradle.internal.operations.DefaultBuildOperationRunner] Completing Build operation 'Execute container callback action'
2021-03-21T18:11:24.856+0100 [DEBUG] [org.gradle.internal.operations.DefaultBuildOperationRunner] Completing Build operation 'Apply build file 'build.gradle' to root project 'forge-1.16.5-36.1.0-mdk''
2021-03-21T18:11:24.859+0100 [DEBUG] [org.gradle.internal.operations.DefaultBuildOperationRunner] Build operation 'Notify afterEvaluate listeners of :' started
2021-03-21T18:11:24.860+0100 [DEBUG] [org.gradle.internal.operations.DefaultBuildOperationRunner] Build operation 'Execute Project.afterEvaluate listener' started
2021-03-21T18:11:24.861+0100 [DEBUG] [org.gradle.internal.operations.DefaultBuildOperationRunner] Completing Build operation 'Execute Project.afterEvaluate listener'
2021-03-21T18:11:24.862+0100 [DEBUG] [org.gradle.internal.operations.DefaultBuildOperationRunner] Build operation 'Execute Project.afterEvaluate listener' started
2021-03-21T18:11:24.969+0100 [DEBUG] [org.gradle.internal.operations.DefaultBuildOperationRunner] Build operation 'Realize task :extractNatives' started
2021-03-21T18:11:24.976+0100 [DEBUG] [org.gradle.internal.operations.DefaultBuildOperationRunner] Build operation 'Execute container callback action' started
2021-03-21T18:11:24.977+0100 [DEBUG] [org.gradle.internal.operations.DefaultBuildOperationRunner] Build operation 'Realize task :downloadMCMeta' started
2021-03-21T18:11:24.980+0100 [DEBUG] [org.gradle.internal.operations.DefaultBuildOperationRunner] Completing Build operation 'Realize task :downloadMCMeta'
2021-03-21T18:11:24.982+0100 [DEBUG] [org.gradle.internal.operations.DefaultBuildOperationRunner] Completing Build operation 'Execute container callback action'
2021-03-21T18:11:24.982+0100 [DEBUG] [org.gradle.internal.operations.DefaultBuildOperationRunner] Completing Build operation 'Realize task :extractNatives'
2021-03-21T18:11:24.983+0100 [DEBUG] [org.gradle.internal.operations.DefaultBuildOperationRunner] Build operation 'Realize task :downloadAssets' started
2021-03-21T18:11:24.987+0100 [DEBUG] [org.gradle.internal.operations.DefaultBuildOperationRunner] Build operation 'Execute container callback action' started
2021-03-21T18:11:24.987+0100 [DEBUG] [org.gradle.internal.operations.DefaultBuildOperationRunner] Completing Build operation 'Execute container callback action'
2021-03-21T18:11:24.988+0100 [DEBUG] [org.gradle.internal.operations.DefaultBuildOperationRunner] Completing Build operation 'Realize task :downloadAssets'
2021-03-21T18:11:24.988+0100 [DEBUG] [org.gradle.internal.operations.DefaultBuildOperationRunner] Build operation 'Realize task :createSrgToMcp' started
2021-03-21T18:11:24.994+0100 [DEBUG] [org.gradle.internal.operations.DefaultBuildOperationRunner] Build operation 'Execute container callback action' started
2021-03-21T18:11:24.994+0100 [DEBUG] [org.gradle.internal.operations.DefaultBuildOperationRunner] Build operation 'Realize task :extractSrg' started
2021-03-21T18:11:25.004+0100 [DEBUG] [org.gradle.internal.operations.DefaultBuildOperationRunner] Build operation 'Execute container callback action' started
2021-03-21T18:11:23.003+0100 [LIFECYCLE] [org.gradle.internal.logging.progress.ProgressLoggerFactory] 
2021-03-21T18:11:23.003+0100 [LIFECYCLE] [org.gradle.internal.logging.progress.ProgressLoggerFactory] > Configure project :
2021-03-21T18:11:23.207+0100 [DEBUG] [org.gradle.internal.operations.DefaultBuildOperationRunner] Build operation 'Register task :clean' completed
2021-03-21T18:11:23.325+0100 [DEBUG] [org.gradle.internal.operations.DefaultBuildOperationRunner] Build operation 'Register task :assemble' completed
2021-03-21T18:11:23.329+0100 [DEBUG] [org.gradle.internal.operations.DefaultBuildOperationRunner] Build operation 'Register task :check' completed
2021-03-21T18:11:23.332+0100 [DEBUG] [org.gradle.internal.operations.DefaultBuildOperationRunner] Build operation 'Register task :build' completed
2021-03-21T18:11:23.333+0100 [DEBUG] [org.gradle.internal.operations.DefaultBuildOperationRunner] Build operation 'Apply plugin org.gradle.language.base.plugins.LifecycleBasePlugin to root project 'forge-1.16.5-36.1.0-mdk'' completed
2021-03-21T18:11:23.413+0100 [DEBUG] [org.gradle.internal.operations.DefaultBuildOperationRunner] Build operation 'Execute container callback action' completed
2021-03-21T18:11:23.417+0100 [DEBUG] [org.gradle.internal.operations.DefaultBuildOperationRunner] Build operation 'Execute container callback action' completed
2021-03-21T18:11:23.421+0100 [DEBUG] [org.gradle.internal.operations.DefaultBuildOperationRunner] Build operation 'Apply plugin org.gradle.api.plugins.BasePlugin to root project 'forge-1.16.5-36.1.0-mdk'' completed
2021-03-21T18:11:23.486+0100 [DEBUG] [org.gradle.internal.operations.DefaultBuildOperationRunner] Build operation 'Apply plugin org.gradle.api.plugins.JvmEcosystemPlugin to root project 'forge-1.16.5-36.1.0-mdk'' completed
2021-03-21T18:11:23.504+0100 [DEBUG] [org.gradle.internal.operations.DefaultBuildOperationRunner] Build operation 'Apply plugin org.gradle.api.plugins.ReportingBasePlugin to root project 'forge-1.16.5-36.1.0-mdk'' completed
2021-03-21T18:11:23.692+0100 [DEBUG] [org.gradle.process.internal.health.memory.DefaultMemoryManager] Memory status broadcaster started
2021-03-21T18:11:23.754+0100 [DEBUG] [org.gradle.cache.internal.DefaultCacheAccess] Creating new cache for annotation-processors, path C:\Users\troyvs\.gradle\caches\6.8.1\fileContent\annotation-processors.bin, access org.gradle.cache.internal.DefaultCacheAccess@654b198f
2021-03-21T18:11:23.754+0100 [DEBUG] [org.gradle.cache.internal.DefaultInMemoryCacheDecoratorFactory] Creating in-memory store for cache C:\Users\troyvs\.gradle\caches\6.8.1\fileContent\annotation-processors.bin (max size: 67900)
2021-03-21T18:11:23.774+0100 [DEBUG] [org.gradle.internal.operations.DefaultBuildOperationRunner] Build operation 'Register task :buildNeeded' completed
2021-03-21T18:11:23.774+0100 [DEBUG] [org.gradle.internal.operations.DefaultBuildOperationRunner] Build operation 'Register task :buildDependents' completed
2021-03-21T18:11:23.775+0100 [DEBUG] [org.gradle.internal.operations.DefaultBuildOperationRunner] Build operation 'Apply plugin org.gradle.api.plugins.JavaBasePlugin to root project 'forge-1.16.5-36.1.0-mdk'' completed
2021-03-21T18:11:23.825+0100 [DEBUG] [org.gradle.internal.operations.DefaultBuildOperationRunner] Build operation 'Execute container callback action' completed
2021-03-21T18:11:23.828+0100 [DEBUG] [org.gradle.internal.operations.DefaultBuildOperationRunner] Build operation 'Execute container callback action' completed
2021-03-21T18:11:23.832+0100 [DEBUG] [org.gradle.internal.operations.DefaultBuildOperationRunner] Build operation 'Execute container callback action' completed
2021-03-21T18:11:23.833+0100 [DEBUG] [org.gradle.internal.operations.DefaultBuildOperationRunner] Build operation 'Execute container callback action' completed
2021-03-21T18:11:23.835+0100 [DEBUG] [org.gradle.internal.operations.DefaultBuildOperationRunner] Build operation 'Execute container callback action' completed
2021-03-21T18:11:23.842+0100 [DEBUG] [org.gradle.internal.operations.DefaultBuildOperationRunner] Build operation 'Execute container callback action' completed
2021-03-21T18:11:23.846+0100 [DEBUG] [org.gradle.internal.operations.DefaultBuildOperationRunner] Build operation 'Execute container callback action' completed
2021-03-21T18:11:23.847+0100 [DEBUG] [org.gradle.internal.operations.DefaultBuildOperationRunner] Build operation 'Execute container callback action' completed
2021-03-21T18:11:23.851+0100 [DEBUG] [org.gradle.internal.operations.DefaultBuildOperationRunner] Build operation 'Register task :processResources' completed
2021-03-21T18:11:23.852+0100 [DEBUG] [org.gradle.internal.operations.DefaultBuildOperationRunner] Build operation 'Register task :compileJava' completed
2021-03-21T18:11:23.853+0100 [DEBUG] [org.gradle.internal.operations.DefaultBuildOperationRunner] Build operation 'Register task :classes' completed
2021-03-21T18:11:23.870+0100 [DEBUG] [org.gradle.internal.operations.DefaultBuildOperationRunner] Build operation 'Execute container callback action' completed
2021-03-21T18:11:23.871+0100 [DEBUG] [org.gradle.internal.operations.DefaultBuildOperationRunner] Build operation 'Execute container callback action' completed
2021-03-21T18:11:23.872+0100 [DEBUG] [org.gradle.internal.operations.DefaultBuildOperationRunner] Build operation 'Execute container callback action' completed
2021-03-21T18:11:23.875+0100 [DEBUG] [org.gradle.internal.operations.DefaultBuildOperationRunner] Build operation 'Execute container callback action' completed
2021-03-21T18:11:23.876+0100 [DEBUG] [org.gradle.internal.operations.DefaultBuildOperationRunner] Build operation 'Execute container callback action' completed
2021-03-21T18:11:23.876+0100 [DEBUG] [org.gradle.internal.operations.DefaultBuildOperationRunner] Build operation 'Execute container callback action' completed
2021-03-21T18:11:23.878+0100 [DEBUG] [org.gradle.internal.operations.DefaultBuildOperationRunner] Build operation 'Execute container callback action' completed
2021-03-21T18:11:23.880+0100 [DEBUG] [org.gradle.internal.operations.DefaultBuildOperationRunner] Build operation 'Execute container callback action' completed
2021-03-21T18:11:23.881+0100 [DEBUG] [org.gradle.internal.operations.DefaultBuildOperationRunner] Build operation 'Execute container callback action' completed
2021-03-21T18:11:23.883+0100 [DEBUG] [org.gradle.internal.operations.DefaultBuildOperationRunner] Build operation 'Register task :processTestResources' completed
2021-03-21T18:11:23.883+0100 [DEBUG] [org.gradle.internal.operations.DefaultBuildOperationRunner] Build operation 'Register task :compileTestJava' completed
2021-03-21T18:11:23.883+0100 [DEBUG] [org.gradle.internal.operations.DefaultBuildOperationRunner] Build operation 'Register task :testClasses' completed
2021-03-21T18:11:23.884+0100 [DEBUG] [org.gradle.internal.operations.DefaultBuildOperationRunner] Build operation 'Execute container callback action' completed
2021-03-21T18:11:23.885+0100 [DEBUG] [org.gradle.internal.operations.DefaultBuildOperationRunner] Build operation 'Execute container callback action' completed
2021-03-21T18:11:23.885+0100 [DEBUG] [org.gradle.internal.operations.DefaultBuildOperationRunner] Build operation 'Execute container callback action' completed
2021-03-21T18:11:23.890+0100 [DEBUG] [org.gradle.internal.operations.DefaultBuildOperationRunner] Build operation 'Execute container callback action' completed
2021-03-21T18:11:23.893+0100 [DEBUG] [org.gradle.internal.operations.DefaultBuildOperationRunner] Build operation 'Execute container callback action' completed
2021-03-21T18:11:23.894+0100 [DEBUG] [org.gradle.internal.operations.DefaultBuildOperationRunner] Build operation 'Register task :test' completed
2021-03-21T18:11:23.895+0100 [DEBUG] [org.gradle.internal.operations.DefaultBuildOperationRunner] Build operation 'Register task :javadoc' completed
2021-03-21T18:11:23.897+0100 [DEBUG] [org.gradle.internal.operations.DefaultBuildOperationRunner] Build operation 'Register task :jar' completed
2021-03-21T18:11:23.900+0100 [DEBUG] [org.gradle.internal.operations.DefaultBuildOperationRunner] Build operation 'Execute container callback action' completed
2021-03-21T18:11:23.901+0100 [DEBUG] [org.gradle.internal.operations.DefaultBuildOperationRunner] Build operation 'Execute container callback action' completed
2021-03-21T18:11:23.901+0100 [DEBUG] [org.gradle.internal.operations.DefaultBuildOperationRunner] Build operation 'Execute container callback action' completed
2021-03-21T18:11:23.902+0100 [DEBUG] [org.gradle.internal.operations.DefaultBuildOperationRunner] Build operation 'Execute container callback action' completed
2021-03-21T18:11:23.902+0100 [DEBUG] [org.gradle.internal.operations.DefaultBuildOperationRunner] Build operation 'Execute container callback action' completed
2021-03-21T18:11:23.902+0100 [DEBUG] [org.gradle.internal.operations.DefaultBuildOperationRunner] Build operation 'Execute container callback action' completed
2021-03-21T18:11:23.902+0100 [DEBUG] [org.gradle.internal.operations.DefaultBuildOperationRunner] Build operation 'Execute container callback action' completed
2021-03-21T18:11:23.903+0100 [DEBUG] [org.gradle.internal.operations.DefaultBuildOperationRunner] Build operation 'Execute container callback action' completed
2021-03-21T18:11:23.903+0100 [DEBUG] [org.gradle.internal.operations.DefaultBuildOperationRunner] Build operation 'Execute container callback action' completed
2021-03-21T18:11:23.903+0100 [DEBUG] [org.gradle.internal.operations.DefaultBuildOperationRunner] Build operation 'Execute container callback action' completed
2021-03-21T18:11:23.903+0100 [DEBUG] [org.gradle.internal.operations.DefaultBuildOperationRunner] Build operation 'Execute container callback action' completed
2021-03-21T18:11:23.904+0100 [DEBUG] [org.gradle.internal.operations.DefaultBuildOperationRunner] Build operation 'Execute container callback action' completed
2021-03-21T18:11:23.904+0100 [DEBUG] [org.gradle.internal.operations.DefaultBuildOperationRunner] Build operation 'Execute container callback action' completed
2021-03-21T18:11:23.914+0100 [DEBUG] [org.gradle.internal.operations.DefaultBuildOperationRunner] Build operation 'Execute container callback action' completed
2021-03-21T18:11:23.916+0100 [DEBUG] [org.gradle.internal.operations.DefaultBuildOperationRunner] Build operation 'Execute container callback action' completed
2021-03-21T18:11:23.916+0100 [DEBUG] [org.gradle.internal.operations.DefaultBuildOperationRunner] Build operation 'Execute container callback action' completed
2021-03-21T18:11:23.917+0100 [DEBUG] [org.gradle.internal.operations.DefaultBuildOperationRunner] Build operation 'Execute container callback action' completed
2021-03-21T18:11:23.917+0100 [DEBUG] [org.gradle.internal.operations.DefaultBuildOperationRunner] Build operation 'Execute container callback action' completed
2021-03-21T18:11:23.917+0100 [DEBUG] [org.gradle.internal.operations.DefaultBuildOperationRunner] Build operation 'Execute container callback action' completed
2021-03-21T18:11:23.918+0100 [DEBUG] [org.gradle.internal.operations.DefaultBuildOperationRunner] Build operation 'Execute container callback action' completed
2021-03-21T18:11:23.918+0100 [DEBUG] [org.gradle.internal.operations.DefaultBuildOperationRunner] Build operation 'Execute container callback action' completed
2021-03-21T18:11:23.918+0100 [DEBUG] [org.gradle.internal.operations.DefaultBuildOperationRunner] Build operation 'Execute container callback action' completed
2021-03-21T18:11:23.919+0100 [DEBUG] [org.gradle.internal.operations.DefaultBuildOperationRunner] Build operation 'Execute container callback action' completed
2021-03-21T18:11:23.931+0100 [DEBUG] [org.gradle.internal.operations.DefaultBuildOperationRunner] Build operation 'Apply plugin org.gradle.java to root project 'forge-1.16.5-36.1.0-mdk'' completed
2021-03-21T18:11:23.934+0100 [DEBUG] [org.gradle.internal.operations.DefaultBuildOperationRunner] Build operation 'Execute container callback action' completed
2021-03-21T18:11:23.934+0100 [DEBUG] [org.gradle.internal.operations.DefaultBuildOperationRunner] Build operation 'Execute container callback action' completed
2021-03-21T18:11:23.935+0100 [DEBUG] [org.gradle.internal.operations.DefaultBuildOperationRunner] Build operation 'Execute container callback action' completed
2021-03-21T18:11:23.936+0100 [DEBUG] [org.gradle.internal.operations.DefaultBuildOperationRunner] Build operation 'Execute container callback action' completed
2021-03-21T18:11:23.994+0100 [DEBUG] [org.gradle.internal.operations.DefaultBuildOperationRunner] Build operation 'Register task :downloadMcpConfig' completed
2021-03-21T18:11:23.995+0100 [DEBUG] [org.gradle.internal.operations.DefaultBuildOperationRunner] Build operation 'Register task :extractSrg' completed
2021-03-21T18:11:23.995+0100 [DEBUG] [org.gradle.internal.operations.DefaultBuildOperationRunner] Build operation 'Register task :createSrgToMcp' completed
2021-03-21T18:11:23.995+0100 [DEBUG] [org.gradle.internal.operations.DefaultBuildOperationRunner] Build operation 'Register task :createMcpToSrg' completed
2021-03-21T18:11:23.998+0100 [DEBUG] [org.gradle.internal.operations.DefaultBuildOperationRunner] Build operation 'Register task :downloadMCMeta' completed
2021-03-21T18:11:23.999+0100 [DEBUG] [org.gradle.internal.operations.DefaultBuildOperationRunner] Build operation 'Register task :extractNatives' completed
2021-03-21T18:11:23.999+0100 [DEBUG] [org.gradle.internal.operations.DefaultBuildOperationRunner] Build operation 'Register task :downloadAssets' completed
2021-03-21T18:11:24.050+0100 [DEBUG] [org.gradle.internal.operations.DefaultBuildOperationRunner] Build operation 'Apply plugin net.minecraftforge.gradle to root project 'forge-1.16.5-36.1.0-mdk'' completed
2021-03-21T18:11:24.069+0100 [DEBUG] [org.gradle.internal.operations.DefaultBuildOperationRunner] Build operation 'Register task :eclipse' completed
2021-03-21T18:11:24.070+0100 [DEBUG] [org.gradle.internal.operations.DefaultBuildOperationRunner] Build operation 'Register task :cleanEclipse' completed
2021-03-21T18:11:24.119+0100 [DEBUG] [org.gradle.internal.operations.DefaultBuildOperationRunner] Build operation 'Register task :eclipseProject' completed
2021-03-21T18:11:24.121+0100 [DEBUG] [org.gradle.internal.operations.DefaultBuildOperationRunner] Build operation 'Register task :cleanEclipseProject' completed
2021-03-21T18:11:24.126+0100 [DEBUG] [org.gradle.internal.operations.DefaultBuildOperationRunner] Build operation 'Execute container callback action' completed
2021-03-21T18:11:24.142+0100 [DEBUG] [org.gradle.internal.operations.DefaultBuildOperationRunner] Build operation 'Register task :eclipseJdt' completed
2021-03-21T18:11:24.144+0100 [DEBUG] [org.gradle.internal.operations.DefaultBuildOperationRunner] Build operation 'Register task :cleanEclipseJdt' completed
2021-03-21T18:11:24.146+0100 [DEBUG] [org.gradle.internal.operations.DefaultBuildOperationRunner] Build operation 'Execute container callback action' completed
2021-03-21T18:11:24.157+0100 [DEBUG] [org.gradle.internal.operations.DefaultBuildOperationRunner] Build operation 'Register task :eclipseClasspath' completed
2021-03-21T18:11:24.159+0100 [DEBUG] [org.gradle.internal.operations.DefaultBuildOperationRunner] Build operation 'Register task :cleanEclipseClasspath' completed
2021-03-21T18:11:24.169+0100 [DEBUG] [org.gradle.internal.operations.DefaultBuildOperationRunner] Build operation 'Execute container callback action' completed
2021-03-21T18:11:24.170+0100 [DEBUG] [org.gradle.internal.operations.DefaultBuildOperationRunner] Build operation 'Execute container callback action' completed
2021-03-21T18:11:24.172+0100 [DEBUG] [org.gradle.internal.operations.DefaultBuildOperationRunner] Build operation 'Apply plugin org.gradle.eclipse to root project 'forge-1.16.5-36.1.0-mdk'' completed
2021-03-21T18:11:24.198+0100 [DEBUG] [org.gradle.internal.operations.DefaultBuildOperationRunner] Build operation 'Register task :publish' completed
2021-03-21T18:11:24.201+0100 [DEBUG] [org.gradle.internal.operations.DefaultBuildOperationRunner] Build operation 'Apply plugin org.gradle.api.publish.plugins.PublishingPlugin to root project 'forge-1.16.5-36.1.0-mdk'' completed
2021-03-21T18:11:24.202+0100 [DEBUG] [org.gradle.internal.operations.DefaultBuildOperationRunner] Build operation 'Register task :publishToMavenLocal' completed
2021-03-21T18:11:24.208+0100 [DEBUG] [org.gradle.internal.operations.DefaultBuildOperationRunner] Build operation 'Apply plugin org.gradle.maven-publish to root project 'forge-1.16.5-36.1.0-mdk'' completed
2021-03-21T18:11:24.257+0100 [QUIET] [system.out] Java: 1.8.0_281 JVM: 25.281-b09(Oracle Corporation) Arch: amd64
2021-03-21T18:11:24.528+0100 [DEBUG] [org.gradle.internal.operations.DefaultBuildOperationRunner] Build operation 'Execute container callback action' completed
2021-03-21T18:11:24.529+0100 [DEBUG] [org.gradle.internal.operations.DefaultBuildOperationRunner] Build operation 'Execute container callback action' completed
2021-03-21T18:11:24.529+0100 [DEBUG] [org.gradle.internal.operations.DefaultBuildOperationRunner] Build operation 'Realize task :jar' completed
2021-03-21T18:11:24.751+0100 [DEBUG] [org.gradle.internal.operations.DefaultBuildOperationRunner] Build operation 'Execute container callback action' completed
2021-03-21T18:11:24.818+0100 [DEBUG] [org.gradle.internal.operations.DefaultBuildOperationRunner] Build operation 'Execute container callback action' completed
2021-03-21T18:11:24.819+0100 [DEBUG] [org.gradle.internal.operations.DefaultBuildOperationRunner] Build operation 'Register task :generateMetadataFileForMavenJavaPublication' completed
2021-03-21T18:11:24.820+0100 [DEBUG] [org.gradle.internal.operations.DefaultBuildOperationRunner] Build operation 'Register task :generatePomFileForMavenJavaPublication' completed
2021-03-21T18:11:24.823+0100 [DEBUG] [org.gradle.internal.operations.DefaultBuildOperationRunner] Build operation 'Register task :publishMavenJavaPublicationToMavenLocal' completed
2021-03-21T18:11:24.824+0100 [DEBUG] [org.gradle.internal.operations.DefaultBuildOperationRunner] Build operation 'Execute container callback action' completed
2021-03-21T18:11:24.854+0100 [DEBUG] [org.gradle.internal.operations.DefaultBuildOperationRunner] Build operation 'Register task :publishAllPublicationsToMavenRepository' completed
2021-03-21T18:11:24.854+0100 [DEBUG] [org.gradle.internal.operations.DefaultBuildOperationRunner] Build operation 'Execute container callback action' completed
2021-03-21T18:11:24.855+0100 [DEBUG] [org.gradle.internal.operations.DefaultBuildOperationRunner] Build operation 'Register task :publishMavenJavaPublicationToMavenRepository' completed
2021-03-21T18:11:24.856+0100 [DEBUG] [org.gradle.internal.operations.DefaultBuildOperationRunner] Build operation 'Execute container callback action' completed
2021-03-21T18:11:24.856+0100 [DEBUG] [org.gradle.internal.operations.DefaultBuildOperationRunner] Build operation 'Apply build file 'build.gradle' to root project 'forge-1.16.5-36.1.0-mdk'' completed
2021-03-21T18:11:24.856+0100 [DEBUG] [org.gradle.configuration.project.BuildScriptProcessor] Timing: Running the build script took 5.34 secs
2021-03-21T18:11:24.861+0100 [DEBUG] [org.gradle.internal.operations.DefaultBuildOperationRunner] Build operation 'Execute Project.afterEvaluate listener' completed
2021-03-21T18:11:24.862+0100 [WARN] [org.gradle.api.Project] WARNING: This project is configured to use the official obfuscation mappings provided by Mojang. These mapping fall under their associated license, you should be fully aware of this license. For the latest license text, refer to the mapping file itself, or the reference copy here: https://github.com/MinecraftForge/MCPConfig/blob/master/Mojang.md
2021-03-21T18:11:24.960+0100 [DEBUG] [org.gradle.api.internal.artifacts.mvnsettings.DefaultLocalMavenRepositoryLocator] No local repository in Settings file defined. Using default path: C:\Users\troyvs\.m2\repository
2021-03-21T18:11:24.980+0100 [DEBUG] [org.gradle.internal.operations.DefaultBuildOperationRunner] Build operation 'Realize task :downloadMCMeta' completed
2021-03-21T18:11:24.982+0100 [DEBUG] [org.gradle.internal.operations.DefaultBuildOperationRunner] Build operation 'Execute container callback action' completed
2021-03-21T18:11:24.982+0100 [DEBUG] [org.gradle.internal.operations.DefaultBuildOperationRunner] Build operation 'Realize task :extractNatives' completed
2021-03-21T18:11:24.988+0100 [DEBUG] [org.gradle.internal.operations.DefaultBuildOperationRunner] Build operation 'Execute container callback action' completed
2021-03-21T18:11:24.988+0100 [DEBUG] [org.gradle.internal.operations.DefaultBuildOperationRunner] Build operation 'Realize task :downloadAssets' completed
2021-03-21T18:11:25.005+0100 [LIFECYCLE] [org.gradle.internal.operations.DefaultBuildOperationRunner] 
2021-03-21T18:11:25.005+0100 [DEBUG] [org.gradle.internal.operations.DefaultBuildOperationRunner] Completing Build operation 'Execute container callback action'
2021-03-21T18:11:25.006+0100 [DEBUG] [org.gradle.internal.operations.DefaultBuildOperationRunner] Completing Build operation 'Realize task :extractSrg'
2021-03-21T18:11:25.006+0100 [DEBUG] [org.gradle.internal.operations.DefaultBuildOperationRunner] Completing Build operation 'Execute container callback action'
2021-03-21T18:11:25.006+0100 [DEBUG] [org.gradle.internal.operations.DefaultBuildOperationRunner] Completing Build operation 'Realize task :createSrgToMcp'
2021-03-21T18:11:25.242+0100 [DEBUG] [org.gradle.internal.operations.DefaultBuildOperationRunner] Build operation 'Execute container callback action' started
2021-03-21T18:11:25.243+0100 [DEBUG] [org.gradle.internal.operations.DefaultBuildOperationRunner] Completing Build operation 'Execute container callback action'
2021-03-21T18:11:25.243+0100 [DEBUG] [org.gradle.internal.operations.DefaultBuildOperationRunner] Build operation 'Execute container callback action' started
2021-03-21T18:11:25.243+0100 [DEBUG] [org.gradle.internal.operations.DefaultBuildOperationRunner] Completing Build operation 'Execute container callback action'
2021-03-21T18:11:25.249+0100 [DEBUG] [org.gradle.internal.operations.DefaultBuildOperationRunner] Build operation 'Resolve dependencies of :_compileJava_1' started
2021-03-21T18:11:25.275+0100 [DEBUG] [org.gradle.internal.operations.DefaultBuildOperationRunner] Build operation 'Realize task :compileJava' started
2021-03-21T18:11:25.327+0100 [DEBUG] [org.gradle.internal.operations.DefaultBuildOperationRunner] Build operation 'Execute container callback action' started
2021-03-21T18:11:25.335+0100 [DEBUG] [org.gradle.internal.operations.DefaultBuildOperationRunner] Completing Build operation 'Execute container callback action'
2021-03-21T18:11:25.335+0100 [DEBUG] [org.gradle.internal.operations.DefaultBuildOperationRunner] Build operation 'Execute container callback action' started
2021-03-21T18:11:25.342+0100 [DEBUG] [org.gradle.internal.operations.DefaultBuildOperationRunner] Completing Build operation 'Execute container callback action'
2021-03-21T18:11:25.342+0100 [DEBUG] [org.gradle.internal.operations.DefaultBuildOperationRunner] Build operation 'Execute container callback action' started
2021-03-21T18:11:25.342+0100 [DEBUG] [org.gradle.internal.operations.DefaultBuildOperationRunner] Completing Build operation 'Execute container callback action'
2021-03-21T18:11:25.343+0100 [DEBUG] [org.gradle.internal.operations.DefaultBuildOperationRunner] Completing Build operation 'Realize task :compileJava'
2021-03-21T18:11:25.346+0100 [DEBUG] [org.gradle.internal.operations.DefaultBuildOperationRunner] Build operation 'Toolchain detection' started
2021-03-21T18:11:25.380+0100 [DEBUG] [org.gradle.internal.operations.DefaultBuildOperationRunner] Completing Build operation 'Toolchain detection'
2021-03-21T18:11:25.814+0100 [DEBUG] [org.gradle.internal.operations.DefaultBuildOperationRunner] Build operation 'Realize task :processResources' started
2021-03-21T18:11:25.841+0100 [DEBUG] [org.gradle.internal.operations.DefaultBuildOperationRunner] Build operation 'Execute container callback action' started
2021-03-21T18:11:25.843+0100 [DEBUG] [org.gradle.internal.operations.DefaultBuildOperationRunner] Completing Build operation 'Execute container callback action'
2021-03-21T18:11:25.844+0100 [DEBUG] [org.gradle.internal.operations.DefaultBuildOperationRunner] Completing Build operation 'Realize task :processResources'
2021-03-21T18:11:25.846+0100 [DEBUG] [org.gradle.internal.operations.DefaultBuildOperationRunner] Build operation 'Realize task :compileTestJava' started
2021-03-21T18:11:25.847+0100 [DEBUG] [org.gradle.internal.operations.DefaultBuildOperationRunner] Build operation 'Execute container callback action' started
2021-03-21T18:11:25.848+0100 [DEBUG] [org.gradle.internal.operations.DefaultBuildOperationRunner] Completing Build operation 'Execute container callback action'
2021-03-21T18:11:25.848+0100 [DEBUG] [org.gradle.internal.operations.DefaultBuildOperationRunner] Build operation 'Execute container callback action' started
2021-03-21T18:11:25.849+0100 [DEBUG] [org.gradle.internal.operations.DefaultBuildOperationRunner] Completing Build operation 'Execute container callback action'
2021-03-21T18:11:25.849+0100 [DEBUG] [org.gradle.internal.operations.DefaultBuildOperationRunner] Build operation 'Execute container callback action' started
2021-03-21T18:11:25.849+0100 [DEBUG] [org.gradle.internal.operations.DefaultBuildOperationRunner] Completing Build operation 'Execute container callback action'
2021-03-21T18:11:25.849+0100 [DEBUG] [org.gradle.internal.operations.DefaultBuildOperationRunner] Completing Build operation 'Realize task :compileTestJava'
2021-03-21T18:11:26.317+0100 [DEBUG] [org.gradle.cache.internal.btree.BTreePersistentIndexedCache] Opening cache md5-checksums.bin (D:\troy\Downloads\forge-1.16.5-36.1.0-mdk\.gradle\checksums\md5-checksums.bin)
2021-03-21T18:11:26.484+0100 [DEBUG] [org.gradle.cache.internal.btree.BTreePersistentIndexedCache] Opening cache sha1-checksums.bin (D:\troy\Downloads\forge-1.16.5-36.1.0-mdk\.gradle\checksums\sha1-checksums.bin)
2021-03-21T18:11:26.812+0100 [DEBUG] [org.gradle.internal.operations.DefaultBuildOperationRunner] Completing Build operation 'Resolve dependencies of :_compileJava_1'
2021-03-21T18:11:26.826+0100 [DEBUG] [org.gradle.internal.operations.DefaultBuildOperationRunner] Build operation 'Resolve files of :_compileJava_1' started
2021-03-21T18:11:26.827+0100 [DEBUG] [org.gradle.internal.work.DefaultWorkerLeaseService] Worker lease root.1.20.21 started (1 worker(s) in use).
2021-03-21T18:11:26.827+0100 [DEBUG] [org.gradle.internal.resources.AbstractTrackedResourceLock] Build operations Thread 7: acquired lock on root.1.20.21
2021-03-21T18:11:26.827+0100 [DEBUG] [org.gradle.internal.operations.DefaultBuildOperationRunner] Build operation 'Resolve client-1.16.5-extra.jar (net.minecraft:client:1.16.5)' started
2021-03-21T18:11:26.827+0100 [DEBUG] [org.gradle.internal.work.DefaultWorkerLeaseService] Worker lease root.1.20.23 started (2 worker(s) in use).
2021-03-21T18:11:26.827+0100 [DEBUG] [org.gradle.internal.resources.AbstractTrackedResourceLock] Build operations Thread 10: acquired lock on root.1.20.23
2021-03-21T18:11:26.828+0100 [DEBUG] [org.gradle.internal.operations.DefaultBuildOperationRunner] Build operation 'Resolve eventbus-4.0.0.jar (net.minecraftforge:eventbus:4.0.0)' started
2021-03-21T18:11:26.828+0100 [DEBUG] [org.gradle.internal.work.DefaultWorkerLeaseService] Worker lease root.1.20.22 started (3 worker(s) in use).
2021-03-21T18:11:26.828+0100 [DEBUG] [org.gradle.internal.resources.AbstractTrackedResourceLock] Build operations Thread 5: acquired lock on root.1.20.22
2021-03-21T18:11:26.828+0100 [DEBUG] [org.gradle.internal.operations.DefaultBuildOperationRunner] Build operation 'Resolve accesstransformers-3.0.1.jar (net.minecraftforge:accesstransformers:3.0.1)' started
2021-03-21T18:11:26.829+0100 [DEBUG] [org.gradle.internal.work.DefaultWorkerLeaseService] Worker lease root.1.20.32 started (4 worker(s) in use).
2021-03-21T18:11:26.829+0100 [DEBUG] [org.gradle.internal.resources.AbstractTrackedResourceLock] Build operations Thread 4: acquired lock on root.1.20.32
2021-03-21T18:11:26.829+0100 [DEBUG] [org.gradle.internal.operations.DefaultBuildOperationRunner] Build operation 'Resolve asm-analysis-9.0.jar (org.ow2.asm:asm-analysis:9.0)' started
2021-03-21T18:11:26.829+0100 [DEBUG] [org.gradle.internal.work.DefaultWorkerLeaseService] Worker lease root.1.20.31 started (5 worker(s) in use).
2021-03-21T18:11:26.830+0100 [DEBUG] [org.gradle.internal.resources.AbstractTrackedResourceLock] Build operations Thread 9: acquired lock on root.1.20.31
2021-03-21T18:11:26.830+0100 [DEBUG] [org.gradle.internal.operations.DefaultBuildOperationRunner] Build operation 'Resolve asm-util-9.0.jar (org.ow2.asm:asm-util:9.0)' started
2021-03-21T18:11:26.830+0100 [DEBUG] [org.gradle.internal.operations.DefaultBuildOperationRunner] Build operation 'Resolve asm-tree-9.0.jar (org.ow2.asm:asm-tree:9.0)' started
2021-03-21T18:11:26.831+0100 [DEBUG] [org.gradle.internal.work.DefaultWorkerLeaseService] Worker lease root.1.20.30 started (7 worker(s) in use).
2021-03-21T18:11:26.831+0100 [DEBUG] [org.gradle.internal.resources.AbstractTrackedResourceLock] Build operations Thread 11: acquired lock on root.1.20.30
2021-03-21T18:11:26.829+0100 [DEBUG] [org.gradle.internal.operations.DefaultBuildOperationRunner] Completing Build operation 'Resolve accesstransformers-3.0.1.jar (net.minecraftforge:accesstransformers:3.0.1)'
2021-03-21T18:11:26.831+0100 [DEBUG] [org.gradle.internal.operations.DefaultBuildOperationRunner] Completing Build operation 'Resolve asm-util-9.0.jar (org.ow2.asm:asm-util:9.0)'
2021-03-21T18:11:26.831+0100 [DEBUG] [org.gradle.internal.operations.DefaultBuildOperationRunner] Build operation 'Resolve asm-util-9.0.jar (org.ow2.asm:asm-util:9.0)' completed
2021-03-21T18:11:26.832+0100 [DEBUG] [org.gradle.internal.operations.DefaultBuildOperationRunner] Build operation 'Resolve asm-9.0.jar (org.ow2.asm:asm:9.0)' started
2021-03-21T18:11:26.831+0100 [DEBUG] [org.gradle.internal.work.DefaultWorkerLeaseService] Worker lease root.1.20.26 started (8 worker(s) in use).
2021-03-21T18:11:26.832+0100 [DEBUG] [org.gradle.internal.resources.AbstractTrackedResourceLock] Build operations: acquired lock on root.1.20.26
2021-03-21T18:11:26.831+0100 [DEBUG] [org.gradle.internal.operations.DefaultBuildOperationRunner] Build operation 'Resolve accesstransformers-3.0.1.jar (net.minecraftforge:accesstransformers:3.0.1)' completed
2021-03-21T18:11:26.832+0100 [DEBUG] [org.gradle.internal.work.DefaultWorkerLeaseService] Worker lease root.1.20.29 started (9 worker(s) in use).
2021-03-21T18:11:26.831+0100 [DEBUG] [org.gradle.internal.operations.DefaultBuildOperationRunner] Build operation 'Resolve asm-commons-9.0.jar (org.ow2.asm:asm-commons:9.0)' started
2021-03-21T18:11:26.832+0100 [DEBUG] [org.gradle.internal.resources.AbstractTrackedResourceLock] Build operations Thread 12: acquired lock on root.1.20.29
2021-03-21T18:11:26.832+0100 [DEBUG] [org.gradle.internal.operations.DefaultBuildOperationRunner] Completing Build operation 'Resolve asm-9.0.jar (org.ow2.asm:asm:9.0)'
2021-03-21T18:11:26.837+0100 [DEBUG] [org.gradle.internal.operations.DefaultBuildOperationRunner] Build operation 'Resolve asm-9.0.jar (org.ow2.asm:asm:9.0)' completed
2021-03-21T18:11:26.832+0100 [DEBUG] [org.gradle.internal.operations.DefaultBuildOperationRunner] Build operation 'Resolve grossjava9hacks-1.3.0.jar (cpw.mods:grossjava9hacks:1.3.0)' started
2021-03-21T18:11:26.832+0100 [DEBUG] [org.gradle.internal.operations.DefaultBuildOperationRunner] Build operation 'Resolve modlauncher-8.0.9.jar (cpw.mods:modlauncher:8.0.9)' started
2021-03-21T18:11:26.840+0100 [DEBUG] [org.gradle.internal.operations.DefaultBuildOperationRunner] Completing Build operation 'Resolve eventbus-4.0.0.jar (net.minecraftforge:eventbus:4.0.0)'
2021-03-21T18:11:26.840+0100 [DEBUG] [org.gradle.internal.operations.DefaultBuildOperationRunner] Build operation 'Resolve eventbus-4.0.0.jar (net.minecraftforge:eventbus:4.0.0)' completed
2021-03-21T18:11:26.840+0100 [DEBUG] [org.gradle.internal.operations.DefaultBuildOperationRunner] Build operation 'Resolve unsafe-0.2.0.jar (net.minecraftforge:unsafe:0.2.0)' started
2021-03-21T18:11:26.842+0100 [DEBUG] [org.gradle.internal.operations.DefaultBuildOperationRunner] Completing Build operation 'Resolve modlauncher-8.0.9.jar (cpw.mods:modlauncher:8.0.9)'
2021-03-21T18:11:26.839+0100 [DEBUG] [org.gradle.internal.operations.DefaultBuildOperationRunner] Build operation 'Resolve antlr4-runtime-4.9.1.jar (org.antlr:antlr4-runtime:4.9.1)' started
2021-03-21T18:11:26.838+0100 [DEBUG] [org.gradle.internal.operations.DefaultBuildOperationRunner] Completing Build operation 'Resolve asm-analysis-9.0.jar (org.ow2.asm:asm-analysis:9.0)'
2021-03-21T18:11:26.843+0100 [DEBUG] [org.gradle.internal.operations.DefaultBuildOperationRunner] Build operation 'Resolve asm-analysis-9.0.jar (org.ow2.asm:asm-analysis:9.0)' completed
2021-03-21T18:11:26.836+0100 [DEBUG] [org.gradle.internal.work.DefaultWorkerLeaseService] Worker lease root.1.20.28 started (10 worker(s) in use).
2021-03-21T18:11:26.844+0100 [DEBUG] [org.gradle.internal.resources.AbstractTrackedResourceLock] Build operations Thread 6: acquired lock on root.1.20.28
2021-03-21T18:11:26.835+0100 [DEBUG] [org.gradle.internal.operations.DefaultBuildOperationRunner] Build operation 'Resolve mergetool-1.0.9-api.jar (net.minecraftforge:mergetool:1.0.9)' started
2021-03-21T18:11:26.844+0100 [DEBUG] [org.gradle.internal.work.DefaultWorkerLeaseService] Worker lease root.1.20.27 started (11 worker(s) in use).
2021-03-21T18:11:26.844+0100 [DEBUG] [org.gradle.internal.resources.AbstractTrackedResourceLock] Build operations Thread 3: acquired lock on root.1.20.27
2021-03-21T18:11:26.845+0100 [DEBUG] [org.gradle.internal.operations.DefaultBuildOperationRunner] Build operation 'Resolve modlauncher-8.0.9-api.jar (cpw.mods:modlauncher:8.0.9)' started
2021-03-21T18:11:26.844+0100 [DEBUG] [org.gradle.internal.operations.DefaultBuildOperationRunner] Build operation 'Resolve modlauncher-8.0.9-api.jar (cpw.mods:modlauncher:8.0.9)' started
2021-03-21T18:11:26.844+0100 [DEBUG] [org.gradle.internal.operations.DefaultBuildOperationRunner] Completing Build operation 'Resolve asm-commons-9.0.jar (org.ow2.asm:asm-commons:9.0)'
2021-03-21T18:11:26.845+0100 [DEBUG] [org.gradle.internal.operations.DefaultBuildOperationRunner] Build operation 'Resolve asm-commons-9.0.jar (org.ow2.asm:asm-commons:9.0)' completed
2021-03-21T18:11:26.847+0100 [DEBUG] [org.gradle.internal.operations.DefaultBuildOperationRunner] Completing Build operation 'Resolve antlr4-runtime-4.9.1.jar (org.antlr:antlr4-runtime:4.9.1)'
2021-03-21T18:11:26.848+0100 [DEBUG] [org.gradle.internal.operations.DefaultBuildOperationRunner] Build operation 'Resolve antlr4-runtime-4.9.1.jar (org.antlr:antlr4-runtime:4.9.1)' completed
2021-03-21T18:11:26.848+0100 [DEBUG] [org.gradle.internal.operations.DefaultBuildOperationRunner] Build operation 'Resolve jline-3.12.1.jar (org.jline:jline:3.12.1)' started
2021-03-21T18:11:26.844+0100 [DEBUG] [org.gradle.internal.operations.DefaultBuildOperationRunner] Build operation 'Resolve toml-3.6.3.jar (com.electronwill.night-config:toml:3.6.3)' started
2021-03-21T18:11:26.856+0100 [DEBUG] [org.gradle.internal.operations.DefaultBuildOperationRunner] Completing Build operation 'Resolve grossjava9hacks-1.3.0.jar (cpw.mods:grossjava9hacks:1.3.0)'
2021-03-21T18:11:26.842+0100 [DEBUG] [org.gradle.internal.operations.DefaultBuildOperationRunner] Build operation 'Resolve modlauncher-8.0.9.jar (cpw.mods:modlauncher:8.0.9)' completed
2021-03-21T18:11:26.856+0100 [DEBUG] [org.gradle.internal.operations.DefaultBuildOperationRunner] Build operation 'Resolve grossjava9hacks-1.3.0.jar (cpw.mods:grossjava9hacks:1.3.0)' completed
2021-03-21T18:11:26.857+0100 [DEBUG] [org.gradle.internal.operations.DefaultBuildOperationRunner] Completing Build operation 'Resolve jline-3.12.1.jar (org.jline:jline:3.12.1)'
2021-03-21T18:11:26.857+0100 [DEBUG] [org.gradle.internal.operations.DefaultBuildOperationRunner] Build operation 'Resolve jline-3.12.1.jar (org.jline:jline:3.12.1)' completed
2021-03-21T18:11:26.857+0100 [DEBUG] [org.gradle.internal.operations.DefaultBuildOperationRunner] Build operation 'Resolve log4j-core-2.11.2.jar (org.apache.logging.log4j:log4j-core:2.11.2)' started
2021-03-21T18:11:26.856+0100 [DEBUG] [org.gradle.internal.operations.DefaultBuildOperationRunner] Completing Build operation 'Resolve unsafe-0.2.0.jar (net.minecraftforge:unsafe:0.2.0)'
2021-03-21T18:11:26.858+0100 [DEBUG] [org.gradle.internal.operations.DefaultBuildOperationRunner] Build operation 'Resolve unsafe-0.2.0.jar (net.minecraftforge:unsafe:0.2.0)' completed
2021-03-21T18:11:26.858+0100 [DEBUG] [org.gradle.internal.operations.DefaultBuildOperationRunner] Build operation 'Resolve log4j-api-2.11.2.jar (org.apache.logging.log4j:log4j-api:2.11.2)' started
2021-03-21T18:11:26.859+0100 [DEBUG] [org.gradle.internal.operations.DefaultBuildOperationRunner] Completing Build operation 'Resolve log4j-api-2.11.2.jar (org.apache.logging.log4j:log4j-api:2.11.2)'
2021-03-21T18:11:26.859+0100 [DEBUG] [org.gradle.internal.operations.DefaultBuildOperationRunner] Build operation 'Resolve log4j-api-2.11.2.jar (org.apache.logging.log4j:log4j-api:2.11.2)' completed
2021-03-21T18:11:26.859+0100 [DEBUG] [org.gradle.internal.operations.DefaultBuildOperationRunner] Build operation 'Resolve mixin-0.8.2.jar (org.spongepowered:mixin:0.8.2)' started
2021-03-21T18:11:26.862+0100 [DEBUG] [org.gradle.internal.operations.DefaultBuildOperationRunner] Completing Build operation 'Resolve mixin-0.8.2.jar (org.spongepowered:mixin:0.8.2)'
2021-03-21T18:11:26.863+0100 [DEBUG] [org.gradle.internal.operations.DefaultBuildOperationRunner] Build operation 'Resolve mixin-0.8.2.jar (org.spongepowered:mixin:0.8.2)' completed
2021-03-21T18:11:26.863+0100 [DEBUG] [org.gradle.internal.operations.DefaultBuildOperationRunner] Build operation 'Resolve nashorn-core-compat-15.1.1.1.jar (net.minecraftforge:nashorn-core-compat:15.1.1.1)' started
2021-03-21T18:11:26.864+0100 [DEBUG] [org.gradle.internal.operations.DefaultBuildOperationRunner] Completing Build operation 'Resolve nashorn-core-compat-15.1.1.1.jar (net.minecraftforge:nashorn-core-compat:15.1.1.1)'
2021-03-21T18:11:26.864+0100 [DEBUG] [org.gradle.internal.operations.DefaultBuildOperationRunner] Build operation 'Resolve nashorn-core-compat-15.1.1.1.jar (net.minecraftforge:nashorn-core-compat:15.1.1.1)' completed
2021-03-21T18:11:26.865+0100 [DEBUG] [org.gradle.internal.operations.DefaultBuildOperationRunner] Build operation 'Resolve forge-1.16.5-36.1.0-launcher.jar (net.minecraftforge:forge:1.16.5-36.1.0)' started
2021-03-21T18:11:26.870+0100 [DEBUG] [org.gradle.internal.operations.DefaultBuildOperationRunner] Completing Build operation 'Resolve forge-1.16.5-36.1.0-launcher.jar (net.minecraftforge:forge:1.16.5-36.1.0)'
2021-03-21T18:11:26.870+0100 [DEBUG] [org.gradle.internal.operations.DefaultBuildOperationRunner] Build operation 'Resolve forge-1.16.5-36.1.0-launcher.jar (net.minecraftforge:forge:1.16.5-36.1.0)' completed
2021-03-21T18:11:26.871+0100 [DEBUG] [org.gradle.internal.operations.DefaultBuildOperationRunner] Build operation 'Resolve patchy-1.1.jar (com.mojang:patchy:1.1)' started
2021-03-21T18:11:26.872+0100 [DEBUG] [org.gradle.internal.operations.DefaultBuildOperationRunner] Completing Build operation 'Resolve patchy-1.1.jar (com.mojang:patchy:1.1)'
2021-03-21T18:11:26.872+0100 [DEBUG] [org.gradle.internal.operations.DefaultBuildOperationRunner] Build operation 'Resolve patchy-1.1.jar (com.mojang:patchy:1.1)' completed
2021-03-21T18:11:26.853+0100 [DEBUG] [org.gradle.api.internal.artifacts.ivyservice.resolveengine.result.StreamingResolutionResultBuilder$RootFactory] Loaded resolution results (0.032 secs) from Binary store in C:\Users\troyvs\AppData\Local\Temp\gradle6198089817091677431.bin offset 6568 exists? true
2021-03-21T18:11:26.847+0100 [DEBUG] [org.gradle.internal.operations.DefaultBuildOperationRunner] Build operation 'Resolve core-3.6.3.jar (com.electronwill.night-config:core:3.6.3)' started
2021-03-21T18:11:26.845+0100 [DEBUG] [org.gradle.internal.work.DefaultWorkerLeaseService] Worker lease root.1.20.24 started (12 worker(s) in use).
2021-03-21T18:11:26.873+0100 [DEBUG] [org.gradle.internal.resources.AbstractTrackedResourceLock] Build operations Thread 8: acquired lock on root.1.20.24
2021-03-21T18:11:26.873+0100 [DEBUG] [org.gradle.internal.operations.DefaultBuildOperationRunner] Completing Build operation 'Resolve modlauncher-8.0.9-api.jar (cpw.mods:modlauncher:8.0.9)'
2021-03-21T18:11:26.873+0100 [DEBUG] [org.gradle.internal.operations.DefaultBuildOperationRunner] Build operation 'Resolve modlauncher-8.0.9-api.jar (cpw.mods:modlauncher:8.0.9)' completed
2021-03-21T18:11:26.873+0100 [DEBUG] [org.gradle.internal.operations.DefaultBuildOperationRunner] Build operation 'Resolve jna-4.4.0.jar (net.java.dev.jna:jna:4.4.0)' started
2021-03-21T18:11:26.874+0100 [DEBUG] [org.gradle.internal.operations.DefaultBuildOperationRunner] Completing Build operation 'Resolve modlauncher-8.0.9-api.jar (cpw.mods:modlauncher:8.0.9)'
2021-03-21T18:11:26.875+0100 [DEBUG] [org.gradle.internal.operations.DefaultBuildOperationRunner] Build operation 'Resolve modlauncher-8.0.9-api.jar (cpw.mods:modlauncher:8.0.9)' completed
2021-03-21T18:11:26.875+0100 [DEBUG] [org.gradle.internal.operations.DefaultBuildOperationRunner] Build operation 'Resolve platform-3.4.0.jar (net.java.dev.jna:platform:3.4.0)' started
2021-03-21T18:11:26.872+0100 [DEBUG] [org.gradle.internal.operations.DefaultBuildOperationRunner] Build operation 'Resolve oshi-core-1.1.jar (oshi-project:oshi-core:1.1)' started
2021-03-21T18:11:26.875+0100 [DEBUG] [org.gradle.internal.operations.DefaultBuildOperationRunner] Completing Build operation 'Resolve toml-3.6.3.jar (com.electronwill.night-config:toml:3.6.3)'
2021-03-21T18:11:26.875+0100 [DEBUG] [org.gradle.internal.operations.DefaultBuildOperationRunner] Build operation 'Resolve toml-3.6.3.jar (com.electronwill.night-config:toml:3.6.3)' completed
2021-03-21T18:11:26.876+0100 [DEBUG] [org.gradle.internal.operations.DefaultBuildOperationRunner] Build operation 'Resolve icu4j-66.1.jar (com.ibm.icu:icu4j:66.1)' started
2021-03-21T18:11:26.857+0100 [DEBUG] [org.gradle.internal.operations.DefaultBuildOperationRunner] Build operation 'Resolve terminalconsoleappender-1.2.0.jar (net.minecrell:terminalconsoleappender:1.2.0)' started
2021-03-21T18:11:26.857+0100 [DEBUG] [org.gradle.internal.operations.DefaultBuildOperationRunner] Build operation 'Resolve typetools-0.8.3.jar (net.jodah:typetools:0.8.3)' started
2021-03-21T18:11:26.875+0100 [DEBUG] [org.gradle.internal.operations.DefaultBuildOperationRunner] Completing Build operation 'Resolve mergetool-1.0.9-api.jar (net.minecraftforge:mergetool:1.0.9)'
2021-03-21T18:11:26.877+0100 [DEBUG] [org.gradle.internal.operations.DefaultBuildOperationRunner] Completing Build operation 'Resolve terminalconsoleappender-1.2.0.jar (net.minecrell:terminalconsoleappender:1.2.0)'
2021-03-21T18:11:26.877+0100 [DEBUG] [org.gradle.internal.operations.DefaultBuildOperationRunner] Build operation 'Resolve terminalconsoleappender-1.2.0.jar (net.minecrell:terminalconsoleappender:1.2.0)' completed
2021-03-21T18:11:26.877+0100 [DEBUG] [org.gradle.internal.operations.DefaultBuildOperationRunner] Build operation 'Resolve javabridge-1.0.22.jar (com.mojang:javabridge:1.0.22)' started
2021-03-21T18:11:26.873+0100 [DEBUG] [org.gradle.internal.operations.DefaultBuildOperationRunner] Build operation 'Resolve coremods-4.0.6.jar (net.minecraftforge:coremods:4.0.6)' started
2021-03-21T18:11:26.873+0100 [DEBUG] [org.gradle.internal.work.DefaultWorkerLeaseService] Build operation root.1.20.25 could not be started yet (12 worker(s) in use).
2021-03-21T18:11:26.873+0100 [DEBUG] [org.gradle.internal.operations.DefaultBuildOperationRunner] Completing Build operation 'Resolve asm-tree-9.0.jar (org.ow2.asm:asm-tree:9.0)'
2021-03-21T18:11:26.878+0100 [DEBUG] [org.gradle.internal.operations.DefaultBuildOperationRunner] Completing Build operation 'Resolve javabridge-1.0.22.jar (com.mojang:javabridge:1.0.22)'
2021-03-21T18:11:26.877+0100 [DEBUG] [org.gradle.internal.operations.DefaultBuildOperationRunner] Build operation 'Resolve mergetool-1.0.9-api.jar (net.minecraftforge:mergetool:1.0.9)' completed
2021-03-21T18:11:26.876+0100 [DEBUG] [org.gradle.internal.operations.DefaultBuildOperationRunner] Completing Build operation 'Resolve platform-3.4.0.jar (net.java.dev.jna:platform:3.4.0)'
2021-03-21T18:11:26.879+0100 [DEBUG] [org.gradle.internal.operations.DefaultBuildOperationRunner] Build operation 'Resolve guava-21.0.jar (com.google.guava:guava:21.0)' started
2021-03-21T18:11:26.879+0100 [DEBUG] [org.gradle.internal.operations.DefaultBuildOperationRunner] Build operation 'Resolve platform-3.4.0.jar (net.java.dev.jna:platform:3.4.0)' completed
2021-03-21T18:11:26.879+0100 [DEBUG] [org.gradle.internal.operations.DefaultBuildOperationRunner] Build operation 'Resolve commons-lang3-3.8.1.jar (org.apache.commons:commons-lang3:3.8.1)' started
2021-03-21T18:11:26.879+0100 [DEBUG] [org.gradle.internal.operations.DefaultBuildOperationRunner] Completing Build operation 'Resolve icu4j-66.1.jar (com.ibm.icu:icu4j:66.1)'
2021-03-21T18:11:26.878+0100 [DEBUG] [org.gradle.internal.operations.DefaultBuildOperationRunner] Build operation 'Resolve javabridge-1.0.22.jar (com.mojang:javabridge:1.0.22)' completed
2021-03-21T18:11:26.878+0100 [DEBUG] [org.gradle.internal.operations.DefaultBuildOperationRunner] Completing Build operation 'Resolve core-3.6.3.jar (com.electronwill.night-config:core:3.6.3)'
2021-03-21T18:11:26.880+0100 [DEBUG] [org.gradle.internal.operations.DefaultBuildOperationRunner] Build operation 'Resolve core-3.6.3.jar (com.electronwill.night-config:core:3.6.3)' completed
2021-03-21T18:11:26.880+0100 [DEBUG] [org.gradle.internal.operations.DefaultBuildOperationRunner] Build operation 'Resolve httpclient-4.3.3.jar (org.apache.httpcomponents:httpclient:4.3.3)' started
2021-03-21T18:11:26.880+0100 [DEBUG] [org.gradle.internal.operations.DefaultBuildOperationRunner] Completing Build operation 'Resolve log4j-core-2.11.2.jar (org.apache.logging.log4j:log4j-core:2.11.2)'
2021-03-21T18:11:26.878+0100 [DEBUG] [org.gradle.internal.operations.DefaultBuildOperationRunner] Completing Build operation 'Resolve jna-4.4.0.jar (net.java.dev.jna:jna:4.4.0)'
2021-03-21T18:11:26.880+0100 [DEBUG] [org.gradle.internal.operations.DefaultBuildOperationRunner] Build operation 'Resolve jna-4.4.0.jar (net.java.dev.jna:jna:4.4.0)' completed
2021-03-21T18:11:26.881+0100 [DEBUG] [org.gradle.internal.operations.DefaultBuildOperationRunner] Build operation 'Resolve commons-codec-1.10.jar (commons-codec:commons-codec:1.10)' started
2021-03-21T18:11:26.878+0100 [DEBUG] [org.gradle.internal.operations.DefaultBuildOperationRunner] Build operation 'Resolve netty-all-4.1.25.Final.jar (io.netty:netty-all:4.1.25.Final)' started
2021-03-21T18:11:26.880+0100 [DEBUG] [org.gradle.internal.operations.DefaultBuildOperationRunner] Build operation 'Resolve log4j-core-2.11.2.jar (org.apache.logging.log4j:log4j-core:2.11.2)' completed
2021-03-21T18:11:26.882+0100 [DEBUG] [org.gradle.internal.operations.DefaultBuildOperationRunner] Completing Build operation 'Resolve netty-all-4.1.25.Final.jar (io.netty:netty-all:4.1.25.Final)'
2021-03-21T18:11:26.883+0100 [DEBUG] [org.gradle.internal.operations.DefaultBuildOperationRunner] Build operation 'Resolve jutils-1.0.0.jar (net.java.jutils:jutils:1.0.0)' started
2021-03-21T18:11:26.884+0100 [DEBUG] [org.gradle.internal.operations.DefaultBuildOperationRunner] Completing Build operation 'Resolve commons-lang3-3.8.1.jar (org.apache.commons:commons-lang3:3.8.1)'
2021-03-21T18:11:26.884+0100 [DEBUG] [org.gradle.internal.operations.DefaultBuildOperationRunner] Build operation 'Resolve commons-lang3-3.8.1.jar (org.apache.commons:commons-lang3:3.8.1)' completed
2021-03-21T18:11:26.880+0100 [DEBUG] [org.gradle.internal.operations.DefaultBuildOperationRunner] Completing Build operation 'Resolve coremods-4.0.6.jar (net.minecraftforge:coremods:4.0.6)'
2021-03-21T18:11:26.885+0100 [DEBUG] [org.gradle.internal.operations.DefaultBuildOperationRunner] Build operation 'Resolve coremods-4.0.6.jar (net.minecraftforge:coremods:4.0.6)' completed
2021-03-21T18:11:26.880+0100 [DEBUG] [org.gradle.internal.operations.DefaultBuildOperationRunner] Build operation 'Resolve commons-io-2.5.jar (commons-io:commons-io:2.5)' started
2021-03-21T18:11:26.880+0100 [DEBUG] [org.gradle.internal.operations.DefaultBuildOperationRunner] Build operation 'Resolve icu4j-66.1.jar (com.ibm.icu:icu4j:66.1)' completed
2021-03-21T18:11:26.885+0100 [DEBUG] [org.gradle.internal.operations.DefaultBuildOperationRunner] Build operation 'Resolve gson-2.8.0.jar (com.google.code.gson:gson:2.8.0)' started
2021-03-21T18:11:26.880+0100 [DEBUG] [org.gradle.internal.operations.DefaultBuildOperationRunner] Completing Build operation 'Resolve typetools-0.8.3.jar (net.jodah:typetools:0.8.3)'
2021-03-21T18:11:26.885+0100 [DEBUG] [org.gradle.internal.operations.DefaultBuildOperationRunner] Build operation 'Resolve typetools-0.8.3.jar (net.jodah:typetools:0.8.3)' completed
2021-03-21T18:11:26.885+0100 [DEBUG] [org.gradle.internal.operations.DefaultBuildOperationRunner] Build operation 'Resolve authlib-2.1.28.jar (com.mojang:authlib:2.1.28)' started
2021-03-21T18:11:26.885+0100 [DEBUG] [org.gradle.internal.operations.DefaultBuildOperationRunner] Completing Build operation 'Resolve commons-io-2.5.jar (commons-io:commons-io:2.5)'
2021-03-21T18:11:26.886+0100 [DEBUG] [org.gradle.internal.operations.DefaultBuildOperationRunner] Build operation 'Resolve commons-io-2.5.jar (commons-io:commons-io:2.5)' completed
2021-03-21T18:11:26.886+0100 [DEBUG] [org.gradle.internal.operations.DefaultBuildOperationRunner] Build operation 'Resolve commons-compress-1.8.1.jar (org.apache.commons:commons-compress:1.8.1)' started
2021-03-21T18:11:26.885+0100 [DEBUG] [org.gradle.internal.operations.DefaultBuildOperationRunner] Build operation 'Resolve datafixerupper-4.0.26.jar (com.mojang:datafixerupper:4.0.26)' started
2021-03-21T18:11:26.884+0100 [DEBUG] [org.gradle.internal.operations.DefaultBuildOperationRunner] Build operation 'Resolve brigadier-1.0.17.jar (com.mojang:brigadier:1.0.17)' started
2021-03-21T18:11:26.886+0100 [DEBUG] [org.gradle.internal.operations.DefaultBuildOperationRunner] Completing Build operation 'Resolve gson-2.8.0.jar (com.google.code.gson:gson:2.8.0)'
2021-03-21T18:11:26.886+0100 [DEBUG] [org.gradle.internal.operations.DefaultBuildOperationRunner] Build operation 'Resolve gson-2.8.0.jar (com.google.code.gson:gson:2.8.0)' completed
2021-03-21T18:11:26.887+0100 [DEBUG] [org.gradle.internal.operations.DefaultBuildOperationRunner] Completing Build operation 'Resolve jutils-1.0.0.jar (net.java.jutils:jutils:1.0.0)'
2021-03-21T18:11:26.887+0100 [DEBUG] [org.gradle.internal.operations.DefaultBuildOperationRunner] Completing Build operation 'Resolve commons-codec-1.10.jar (commons-codec:commons-codec:1.10)'
2021-03-21T18:11:26.887+0100 [DEBUG] [org.gradle.internal.operations.DefaultBuildOperationRunner] Build operation 'Resolve commons-codec-1.10.jar (commons-codec:commons-codec:1.10)' completed
2021-03-21T18:11:26.882+0100 [DEBUG] [org.gradle.internal.operations.DefaultBuildOperationRunner] Build operation 'Resolve jinput-2.0.5.jar (net.java.jinput:jinput:2.0.5)' started
2021-03-21T18:11:26.888+0100 [DEBUG] [org.gradle.internal.operations.DefaultBuildOperationRunner] Build operation 'Resolve fastutil-8.2.1.jar (it.unimi.dsi:fastutil:8.2.1)' started
2021-03-21T18:11:26.887+0100 [DEBUG] [org.gradle.internal.operations.DefaultBuildOperationRunner] Build operation 'Resolve httpcore-4.3.2.jar (org.apache.httpcomponents:httpcore:4.3.2)' started
2021-03-21T18:11:26.889+0100 [DEBUG] [org.gradle.internal.operations.DefaultBuildOperationRunner] Completing Build operation 'Resolve jinput-2.0.5.jar (net.java.jinput:jinput:2.0.5)'
2021-03-21T18:11:26.889+0100 [DEBUG] [org.gradle.internal.operations.DefaultBuildOperationRunner] Build operation 'Resolve jinput-2.0.5.jar (net.java.jinput:jinput:2.0.5)' completed
2021-03-21T18:11:26.889+0100 [DEBUG] [org.gradle.internal.operations.DefaultBuildOperationRunner] Build operation 'Resolve lwjgl-jemalloc-3.2.2.jar (org.lwjgl:lwjgl-jemalloc:3.2.2)' started
2021-03-21T18:11:26.891+0100 [DEBUG] [org.gradle.internal.operations.DefaultBuildOperationRunner] Completing Build operation 'Resolve lwjgl-jemalloc-3.2.2.jar (org.lwjgl:lwjgl-jemalloc:3.2.2)'
2021-03-21T18:11:26.891+0100 [DEBUG] [org.gradle.internal.operations.DefaultBuildOperationRunner] Build operation 'Resolve lwjgl-jemalloc-3.2.2.jar (org.lwjgl:lwjgl-jemalloc:3.2.2)' completed
2021-03-21T18:11:26.891+0100 [DEBUG] [org.gradle.internal.operations.DefaultBuildOperationRunner] Build operation 'Resolve lwjgl-jemalloc-3.2.2-natives-windows.jar (org.lwjgl:lwjgl-jemalloc:3.2.2)' started
2021-03-21T18:11:26.892+0100 [DEBUG] [org.gradle.internal.operations.DefaultBuildOperationRunner] Completing Build operation 'Resolve httpcore-4.3.2.jar (org.apache.httpcomponents:httpcore:4.3.2)'
2021-03-21T18:11:26.886+0100 [DEBUG] [org.gradle.internal.operations.DefaultBuildOperationRunner] Completing Build operation 'Resolve httpclient-4.3.3.jar (org.apache.httpcomponents:httpclient:4.3.3)'
2021-03-21T18:11:26.886+0100 [DEBUG] [org.gradle.internal.operations.DefaultBuildOperationRunner] Build operation 'Resolve commons-logging-1.1.3.jar (commons-logging:commons-logging:1.1.3)' started
2021-03-21T18:11:26.885+0100 [DEBUG] [org.gradle.internal.operations.DefaultBuildOperationRunner] Completing Build operation 'Resolve oshi-core-1.1.jar (oshi-project:oshi-core:1.1)'
2021-03-21T18:11:26.893+0100 [DEBUG] [org.gradle.internal.operations.DefaultBuildOperationRunner] Build operation 'Resolve oshi-core-1.1.jar (oshi-project:oshi-core:1.1)' completed
2021-03-21T18:11:26.893+0100 [DEBUG] [org.gradle.internal.operations.DefaultBuildOperationRunner] Completing Build operation 'Resolve brigadier-1.0.17.jar (com.mojang:brigadier:1.0.17)'
2021-03-21T18:11:26.892+0100 [DEBUG] [org.gradle.internal.operations.DefaultBuildOperationRunner] Build operation 'Resolve httpclient-4.3.3.jar (org.apache.httpcomponents:httpclient:4.3.3)' completed
2021-03-21T18:11:26.893+0100 [DEBUG] [org.gradle.internal.operations.DefaultBuildOperationRunner] Build operation 'Resolve lwjgl-openal-3.2.2-natives-windows.jar (org.lwjgl:lwjgl-openal:3.2.2)' started
2021-03-21T18:11:26.894+0100 [DEBUG] [org.gradle.internal.operations.DefaultBuildOperationRunner] Completing Build operation 'Resolve commons-logging-1.1.3.jar (commons-logging:commons-logging:1.1.3)'
2021-03-21T18:11:26.894+0100 [DEBUG] [org.gradle.internal.operations.DefaultBuildOperationRunner] Build operation 'Resolve lwjgl-opengl-3.2.2.jar (org.lwjgl:lwjgl-opengl:3.2.2)' started
2021-03-21T18:11:26.894+0100 [DEBUG] [org.gradle.internal.operations.DefaultBuildOperationRunner] Completing Build operation 'Resolve lwjgl-openal-3.2.2-natives-windows.jar (org.lwjgl:lwjgl-openal:3.2.2)'
2021-03-21T18:11:26.894+0100 [DEBUG] [org.gradle.internal.operations.DefaultBuildOperationRunner] Build operation 'Resolve lwjgl-openal-3.2.2-natives-windows.jar (org.lwjgl:lwjgl-openal:3.2.2)' completed
2021-03-21T18:11:26.894+0100 [DEBUG] [org.gradle.internal.operations.DefaultBuildOperationRunner] Build operation 'Resolve lwjgl-opengl-3.2.2-natives-windows.jar (org.lwjgl:lwjgl-opengl:3.2.2)' started
2021-03-21T18:11:26.891+0100 [DEBUG] [org.gradle.internal.operations.DefaultBuildOperationRunner] Completing Build operation 'Resolve commons-compress-1.8.1.jar (org.apache.commons:commons-compress:1.8.1)'
2021-03-21T18:11:26.895+0100 [DEBUG] [org.gradle.internal.operations.DefaultBuildOperationRunner] Build operation 'Resolve commons-compress-1.8.1.jar (org.apache.commons:commons-compress:1.8.1)' completed
2021-03-21T18:11:26.895+0100 [DEBUG] [org.gradle.internal.operations.DefaultBuildOperationRunner] Build operation 'Resolve lwjgl-glfw-3.2.2.jar (org.lwjgl:lwjgl-glfw:3.2.2)' started
2021-03-21T18:11:26.895+0100 [DEBUG] [org.gradle.internal.operations.DefaultBuildOperationRunner] Completing Build operation 'Resolve lwjgl-opengl-3.2.2.jar (org.lwjgl:lwjgl-opengl:3.2.2)'
2021-03-21T18:11:26.894+0100 [DEBUG] [org.gradle.internal.operations.DefaultBuildOperationRunner] Build operation 'Resolve commons-logging-1.1.3.jar (commons-logging:commons-logging:1.1.3)' completed
2021-03-21T18:11:26.893+0100 [DEBUG] [org.gradle.internal.operations.DefaultBuildOperationRunner] Completing Build operation 'Resolve lwjgl-jemalloc-3.2.2-natives-windows.jar (org.lwjgl:lwjgl-jemalloc:3.2.2)'
2021-03-21T18:11:26.893+0100 [DEBUG] [org.gradle.internal.operations.DefaultBuildOperationRunner] Build operation 'Resolve brigadier-1.0.17.jar (com.mojang:brigadier:1.0.17)' completed
2021-03-21T18:11:26.893+0100 [DEBUG] [org.gradle.internal.operations.DefaultBuildOperationRunner] Build operation 'Resolve lwjgl-openal-3.2.2.jar (org.lwjgl:lwjgl-openal:3.2.2)' started
2021-03-21T18:11:26.893+0100 [DEBUG] [org.gradle.internal.operations.DefaultBuildOperationRunner] Completing Build operation 'Resolve guava-21.0.jar (com.google.guava:guava:21.0)'
2021-03-21T18:11:26.896+0100 [DEBUG] [org.gradle.internal.operations.DefaultBuildOperationRunner] Build operation 'Resolve guava-21.0.jar (com.google.guava:guava:21.0)' completed
2021-03-21T18:11:26.897+0100 [DEBUG] [org.gradle.internal.operations.DefaultBuildOperationRunner] Build operation 'Resolve lwjgl-tinyfd-3.2.2.jar (org.lwjgl:lwjgl-tinyfd:3.2.2)' started
2021-03-21T18:11:26.896+0100 [DEBUG] [org.gradle.internal.operations.DefaultBuildOperationRunner] Build operation 'Resolve lwjgl-stb-3.2.2-natives-windows.jar (org.lwjgl:lwjgl-stb:3.2.2)' started
2021-03-21T18:11:26.896+0100 [DEBUG] [org.gradle.internal.operations.DefaultBuildOperationRunner] Build operation 'Resolve lwjgl-jemalloc-3.2.2-natives-windows.jar (org.lwjgl:lwjgl-jemalloc:3.2.2)' completed
2021-03-21T18:11:26.898+0100 [DEBUG] [org.gradle.internal.operations.DefaultBuildOperationRunner] Completing Build operation 'Resolve lwjgl-openal-3.2.2.jar (org.lwjgl:lwjgl-openal:3.2.2)'
2021-03-21T18:11:26.898+0100 [DEBUG] [org.gradle.internal.operations.DefaultBuildOperationRunner] Build operation 'Resolve lwjgl-openal-3.2.2.jar (org.lwjgl:lwjgl-openal:3.2.2)' completed
2021-03-21T18:11:26.898+0100 [DEBUG] [org.gradle.internal.operations.DefaultBuildOperationRunner] Build operation 'Resolve lwjgl-3.2.2.jar (org.lwjgl:lwjgl:3.2.2)' started
2021-03-21T18:11:26.896+0100 [DEBUG] [org.gradle.internal.operations.DefaultBuildOperationRunner] Completing Build operation 'Resolve authlib-2.1.28.jar (com.mojang:authlib:2.1.28)'
2021-03-21T18:11:26.903+0100 [DEBUG] [org.gradle.internal.operations.DefaultBuildOperationRunner] Build operation 'Resolve authlib-2.1.28.jar (com.mojang:authlib:2.1.28)' completed
2021-03-21T18:11:26.903+0100 [DEBUG] [org.gradle.internal.operations.DefaultBuildOperationRunner] Build operation 'Resolve lwjgl-3.2.2-natives-windows.jar (org.lwjgl:lwjgl:3.2.2)' started
2021-03-21T18:11:26.895+0100 [DEBUG] [org.gradle.internal.operations.DefaultBuildOperationRunner] Build operation 'Resolve lwjgl-stb-3.2.2.jar (org.lwjgl:lwjgl-stb:3.2.2)' started
2021-03-21T18:11:26.895+0100 [DEBUG] [org.gradle.internal.operations.DefaultBuildOperationRunner] Build operation 'Resolve lwjgl-glfw-3.2.2-natives-windows.jar (org.lwjgl:lwjgl-glfw:3.2.2)' started
2021-03-21T18:11:26.905+0100 [DEBUG] [org.gradle.internal.operations.DefaultBuildOperationRunner] Completing Build operation 'Resolve lwjgl-stb-3.2.2.jar (org.lwjgl:lwjgl-stb:3.2.2)'
2021-03-21T18:11:26.905+0100 [DEBUG] [org.gradle.internal.operations.DefaultBuildOperationRunner] Build operation 'Resolve lwjgl-stb-3.2.2.jar (org.lwjgl:lwjgl-stb:3.2.2)' completed
2021-03-21T18:11:26.905+0100 [DEBUG] [org.gradle.internal.operations.DefaultBuildOperationRunner] Build operation 'Resolve text2speech-1.11.3.jar (com.mojang:text2speech:1.11.3)' started
2021-03-21T18:11:26.906+0100 [DEBUG] [org.gradle.internal.operations.DefaultBuildOperationRunner] Completing Build operation 'Resolve lwjgl-glfw-3.2.2-natives-windows.jar (org.lwjgl:lwjgl-glfw:3.2.2)'
2021-03-21T18:11:26.906+0100 [DEBUG] [org.gradle.internal.operations.DefaultBuildOperationRunner] Build operation 'Resolve text2speech-1.11.3-natives-windows.jar (com.mojang:text2speech:1.11.3)' started
2021-03-21T18:11:26.907+0100 [DEBUG] [org.gradle.internal.operations.DefaultBuildOperationRunner] Completing Build operation 'Resolve lwjgl-opengl-3.2.2-natives-windows.jar (org.lwjgl:lwjgl-opengl:3.2.2)'
2021-03-21T18:11:26.908+0100 [DEBUG] [org.gradle.internal.operations.DefaultBuildOperationRunner] Completing Build operation 'Resolve text2speech-1.11.3.jar (com.mojang:text2speech:1.11.3)'
2021-03-21T18:11:26.908+0100 [DEBUG] [org.gradle.internal.operations.DefaultBuildOperationRunner] Build operation 'Resolve text2speech-1.11.3.jar (com.mojang:text2speech:1.11.3)' completed
2021-03-21T18:11:26.908+0100 [DEBUG] [org.gradle.internal.operations.DefaultBuildOperationRunner] Build operation 'Resolve jline-reader-3.12.1.jar (org.jline:jline-reader:3.12.1)' started
2021-03-21T18:11:26.909+0100 [DEBUG] [org.gradle.internal.operations.DefaultBuildOperationRunner] Completing Build operation 'Resolve lwjgl-3.2.2-natives-windows.jar (org.lwjgl:lwjgl:3.2.2)'
2021-03-21T18:11:26.909+0100 [DEBUG] [org.gradle.internal.operations.DefaultBuildOperationRunner] Build operation 'Resolve lwjgl-3.2.2-natives-windows.jar (org.lwjgl:lwjgl:3.2.2)' completed
2021-03-21T18:11:26.909+0100 [DEBUG] [org.gradle.internal.operations.DefaultBuildOperationRunner] Build operation 'Resolve jinput-platform-2.0.5-natives-linux.jar (net.java.jinput:jinput-platform:2.0.5)' started
2021-03-21T18:11:26.911+0100 [DEBUG] [org.gradle.internal.operations.DefaultBuildOperationRunner] Completing Build operation 'Resolve text2speech-1.11.3-natives-windows.jar (com.mojang:text2speech:1.11.3)'
2021-03-21T18:11:26.911+0100 [DEBUG] [org.gradle.internal.operations.DefaultBuildOperationRunner] Completing Build operation 'Resolve lwjgl-tinyfd-3.2.2.jar (org.lwjgl:lwjgl-tinyfd:3.2.2)'
2021-03-21T18:11:26.897+0100 [DEBUG] [org.gradle.internal.operations.DefaultBuildOperationRunner] Build operation 'Resolve lwjgl-tinyfd-3.2.2-natives-windows.jar (org.lwjgl:lwjgl-tinyfd:3.2.2)' started
2021-03-21T18:11:26.897+0100 [DEBUG] [org.gradle.internal.operations.DefaultBuildOperationRunner] Completing Build operation 'Resolve datafixerupper-4.0.26.jar (com.mojang:datafixerupper:4.0.26)'
2021-03-21T18:11:26.912+0100 [DEBUG] [org.gradle.internal.operations.DefaultBuildOperationRunner] Completing Build operation 'Resolve jline-reader-3.12.1.jar (org.jline:jline-reader:3.12.1)'
2021-03-21T18:11:26.913+0100 [DEBUG] [org.gradle.internal.operations.DefaultBuildOperationRunner] Completing Build operation 'Resolve jinput-platform-2.0.5-natives-linux.jar (net.java.jinput:jinput-platform:2.0.5)'
2021-03-21T18:11:26.913+0100 [DEBUG] [org.gradle.internal.operations.DefaultBuildOperationRunner] Build operation 'Resolve jinput-platform-2.0.5-natives-linux.jar (net.java.jinput:jinput-platform:2.0.5)' completed
2021-03-21T18:11:26.912+0100 [DEBUG] [org.gradle.internal.operations.DefaultBuildOperationRunner] Build operation 'Resolve datafixerupper-4.0.26.jar (com.mojang:datafixerupper:4.0.26)' completed
2021-03-21T18:11:26.911+0100 [DEBUG] [org.gradle.internal.operations.DefaultBuildOperationRunner] Build operation 'Resolve lwjgl-tinyfd-3.2.2.jar (org.lwjgl:lwjgl-tinyfd:3.2.2)' completed
2021-03-21T18:11:26.911+0100 [DEBUG] [org.gradle.internal.operations.DefaultBuildOperationRunner] Completing Build operation 'Resolve fastutil-8.2.1.jar (it.unimi.dsi:fastutil:8.2.1)'
2021-03-21T18:11:26.914+0100 [DEBUG] [org.gradle.internal.operations.DefaultBuildOperationRunner] Build operation 'Resolve fastutil-8.2.1.jar (it.unimi.dsi:fastutil:8.2.1)' completed
2021-03-21T18:11:26.911+0100 [DEBUG] [org.gradle.internal.operations.DefaultBuildOperationRunner] Build operation 'Resolve jinput-platform-2.0.5-natives-windows.jar (net.java.jinput:jinput-platform:2.0.5)' started
2021-03-21T18:11:26.908+0100 [DEBUG] [org.gradle.internal.operations.DefaultBuildOperationRunner] Build operation 'Resolve lwjgl-opengl-3.2.2-natives-windows.jar (org.lwjgl:lwjgl-opengl:3.2.2)' completed
2021-03-21T18:11:26.914+0100 [DEBUG] [org.gradle.internal.work.DefaultWorkerLeaseService] Worker lease root.1.20.29 completed (11 worker(s) in use)
2021-03-21T18:11:26.917+0100 [DEBUG] [org.gradle.internal.resources.AbstractTrackedResourceLock] Build operations Thread 12: released lock on root.1.20.29
2021-03-21T18:11:26.917+0100 [DEBUG] [org.gradle.internal.operations.DefaultBuildOperationRunner] Completing Build operation 'Resolve jinput-platform-2.0.5-natives-windows.jar (net.java.jinput:jinput-platform:2.0.5)'
2021-03-21T18:11:26.914+0100 [DEBUG] [org.gradle.internal.operations.DefaultBuildOperationRunner] Completing Build operation 'Resolve lwjgl-glfw-3.2.2.jar (org.lwjgl:lwjgl-glfw:3.2.2)'
2021-03-21T18:11:26.918+0100 [DEBUG] [org.gradle.internal.operations.DefaultBuildOperationRunner] Build operation 'Resolve lwjgl-glfw-3.2.2.jar (org.lwjgl:lwjgl-glfw:3.2.2)' completed
2021-03-21T18:11:26.913+0100 [DEBUG] [org.gradle.internal.operations.DefaultBuildOperationRunner] Build operation 'Resolve jline-terminal-3.12.1.jar (org.jline:jline-terminal:3.12.1)' started
2021-03-21T18:11:26.913+0100 [DEBUG] [org.gradle.internal.operations.DefaultBuildOperationRunner] Build operation 'Resolve jinput-platform-2.0.5-natives-osx.jar (net.java.jinput:jinput-platform:2.0.5)' started
2021-03-21T18:11:26.918+0100 [DEBUG] [org.gradle.internal.operations.DefaultBuildOperationRunner] Completing Build operation 'Resolve lwjgl-tinyfd-3.2.2-natives-windows.jar (org.lwjgl:lwjgl-tinyfd:3.2.2)'
2021-03-21T18:11:26.918+0100 [DEBUG] [org.gradle.internal.operations.DefaultBuildOperationRunner] Build operation 'Resolve lwjgl-tinyfd-3.2.2-natives-windows.jar (org.lwjgl:lwjgl-tinyfd:3.2.2)' completed
2021-03-21T18:11:26.919+0100 [DEBUG] [org.gradle.internal.operations.DefaultBuildOperationRunner] Completing Build operation 'Resolve lwjgl-3.2.2.jar (org.lwjgl:lwjgl:3.2.2)'
2021-03-21T18:11:26.919+0100 [DEBUG] [org.gradle.internal.operations.DefaultBuildOperationRunner] Build operation 'Resolve lwjgl-3.2.2.jar (org.lwjgl:lwjgl:3.2.2)' completed
2021-03-21T18:11:26.913+0100 [DEBUG] [org.gradle.internal.operations.DefaultBuildOperationRunner] Build operation 'Resolve jline-reader-3.12.1.jar (org.jline:jline-reader:3.12.1)' completed
2021-03-21T18:11:26.919+0100 [DEBUG] [org.gradle.internal.operations.DefaultBuildOperationRunner] Completing Build operation 'Resolve lwjgl-stb-3.2.2-natives-windows.jar (org.lwjgl:lwjgl-stb:3.2.2)'
2021-03-21T18:11:26.919+0100 [DEBUG] [org.gradle.internal.operations.DefaultBuildOperationRunner] Build operation 'Resolve lwjgl-stb-3.2.2-natives-windows.jar (org.lwjgl:lwjgl-stb:3.2.2)' completed
2021-03-21T18:11:26.917+0100 [DEBUG] [org.gradle.internal.work.DefaultWorkerLeaseService] Worker lease root.1.20.25 started (12 worker(s) in use).
2021-03-21T18:11:26.919+0100 [DEBUG] [org.gradle.internal.resources.AbstractTrackedResourceLock] Build operations Thread 2: acquired lock on root.1.20.25
2021-03-21T18:11:26.920+0100 [DEBUG] [org.gradle.internal.operations.DefaultBuildOperationRunner] Build operation 'Resolve forgespi-3.2.0.jar (net.minecraftforge:forgespi:3.2.0)' started
2021-03-21T18:11:26.919+0100 [DEBUG] [org.gradle.internal.operations.DefaultBuildOperationRunner] Completing Build operation 'Resolve jinput-platform-2.0.5-natives-osx.jar (net.java.jinput:jinput-platform:2.0.5)'
2021-03-21T18:11:26.920+0100 [DEBUG] [org.gradle.internal.operations.DefaultBuildOperationRunner] Build operation 'Resolve jinput-platform-2.0.5-natives-osx.jar (net.java.jinput:jinput-platform:2.0.5)' completed
2021-03-21T18:11:26.920+0100 [DEBUG] [org.gradle.internal.work.DefaultWorkerLeaseService] Worker lease root.1.20.30 completed (11 worker(s) in use)
2021-03-21T18:11:26.920+0100 [DEBUG] [org.gradle.internal.resources.AbstractTrackedResourceLock] Build operations Thread 11: released lock on root.1.20.30
2021-03-21T18:11:26.920+0100 [DEBUG] [org.gradle.internal.work.DefaultWorkerLeaseService] Worker lease root.1.20.28 completed (10 worker(s) in use)
2021-03-21T18:11:26.920+0100 [DEBUG] [org.gradle.internal.resources.AbstractTrackedResourceLock] Build operations Thread 6: released lock on root.1.20.28
2021-03-21T18:11:26.921+0100 [DEBUG] [org.gradle.internal.operations.DefaultBuildOperationRunner] Completing Build operation 'Resolve jline-terminal-3.12.1.jar (org.jline:jline-terminal:3.12.1)'
2021-03-21T18:11:26.921+0100 [DEBUG] [org.gradle.internal.operations.DefaultBuildOperationRunner] Build operation 'Resolve jline-terminal-3.12.1.jar (org.jline:jline-terminal:3.12.1)' completed
2021-03-21T18:11:26.921+0100 [DEBUG] [org.gradle.internal.work.DefaultWorkerLeaseService] Worker lease root.1.20.26 completed (9 worker(s) in use)
2021-03-21T18:11:26.921+0100 [DEBUG] [org.gradle.internal.resources.AbstractTrackedResourceLock] Build operations: released lock on root.1.20.26
2021-03-21T18:11:26.921+0100 [DEBUG] [org.gradle.internal.work.DefaultWorkerLeaseService] Worker lease root.1.20.27 completed (8 worker(s) in use)
2021-03-21T18:11:26.921+0100 [DEBUG] [org.gradle.internal.resources.AbstractTrackedResourceLock] Build operations Thread 3: released lock on root.1.20.27
2021-03-21T18:11:26.921+0100 [DEBUG] [org.gradle.internal.operations.DefaultBuildOperationRunner] Completing Build operation 'Resolve forgespi-3.2.0.jar (net.minecraftforge:forgespi:3.2.0)'
2021-03-21T18:11:26.921+0100 [DEBUG] [org.gradle.internal.work.DefaultWorkerLeaseService] Worker lease root.1.20.32 completed (7 worker(s) in use)
2021-03-21T18:11:26.921+0100 [DEBUG] [org.gradle.internal.operations.DefaultBuildOperationRunner] Build operation 'Resolve forgespi-3.2.0.jar (net.minecraftforge:forgespi:3.2.0)' completed
2021-03-21T18:11:26.921+0100 [DEBUG] [org.gradle.internal.resources.AbstractTrackedResourceLock] Build operations Thread 4: released lock on root.1.20.32
2021-03-21T18:11:26.922+0100 [DEBUG] [org.gradle.internal.work.DefaultWorkerLeaseService] Worker lease root.1.20.23 completed (6 worker(s) in use)
2021-03-21T18:11:26.922+0100 [DEBUG] [org.gradle.internal.resources.AbstractTrackedResourceLock] Build operations Thread 10: released lock on root.1.20.23
2021-03-21T18:11:26.922+0100 [DEBUG] [org.gradle.internal.work.DefaultWorkerLeaseService] Worker lease root.1.20.31 completed (5 worker(s) in use)
2021-03-21T18:11:26.922+0100 [DEBUG] [org.gradle.internal.resources.AbstractTrackedResourceLock] Build operations Thread 9: released lock on root.1.20.31
2021-03-21T18:11:26.922+0100 [DEBUG] [org.gradle.internal.work.DefaultWorkerLeaseService] Worker lease root.1.20.22 completed (4 worker(s) in use)
2021-03-21T18:11:26.922+0100 [DEBUG] [org.gradle.internal.resources.AbstractTrackedResourceLock] Build operations Thread 5: released lock on root.1.20.22
2021-03-21T18:11:26.922+0100 [DEBUG] [org.gradle.internal.work.DefaultWorkerLeaseService] Worker lease root.1.20.25 completed (2 worker(s) in use)
2021-03-21T18:11:26.922+0100 [DEBUG] [org.gradle.internal.resources.AbstractTrackedResourceLock] Build operations Thread 2: released lock on root.1.20.25
2021-03-21T18:11:26.922+0100 [DEBUG] [org.gradle.internal.work.DefaultWorkerLeaseService] Worker lease root.1.20.24 completed (1 worker(s) in use)
2021-03-21T18:11:26.922+0100 [DEBUG] [org.gradle.internal.resources.AbstractTrackedResourceLock] Build operations Thread 8: released lock on root.1.20.24
2021-03-21T18:11:25.006+0100 [LIFECYCLE] [org.gradle.internal.logging.progress.ProgressLoggerFactory] 
2021-03-21T18:11:25.006+0100 [LIFECYCLE] [org.gradle.internal.logging.progress.ProgressLoggerFactory] > Configure project :
2021-03-21T18:11:25.006+0100 [DEBUG] [org.gradle.internal.operations.DefaultBuildOperationRunner] Build operation 'Execute container callback action' completed
2021-03-21T18:11:25.006+0100 [DEBUG] [org.gradle.internal.operations.DefaultBuildOperationRunner] Build operation 'Realize task :extractSrg' completed
2021-03-21T18:11:25.006+0100 [DEBUG] [org.gradle.internal.operations.DefaultBuildOperationRunner] Build operation 'Execute container callback action' completed
2021-03-21T18:11:25.006+0100 [DEBUG] [org.gradle.internal.operations.DefaultBuildOperationRunner] Build operation 'Realize task :createSrgToMcp' completed
2021-03-21T18:11:25.243+0100 [DEBUG] [org.gradle.internal.operations.DefaultBuildOperationRunner] Build operation 'Execute container callback action' completed
2021-03-21T18:11:25.243+0100 [DEBUG] [org.gradle.internal.operations.DefaultBuildOperationRunner] Build operation 'Execute container callback action' completed
2021-03-21T18:11:25.250+0100 [DEBUG] [org.gradle.api.internal.artifacts.ivyservice.resolveengine.DefaultArtifactDependencyResolver] Resolving configuration ':_compileJava_1'
2021-03-21T18:11:25.253+0100 [DEBUG] [org.gradle.api.internal.artifacts.ivyservice.modulecache.ResolvedArtifactCaches] Creating new in-memory cache for repo 'maven' [969e58526ff055bf654e44cf6fb76f15].
2021-03-21T18:11:25.272+0100 [DEBUG] [org.gradle.api.internal.artifacts.ivyservice.modulecache.ResolvedArtifactCaches] Creating new in-memory cache for repo 'BUNDELED_377664982' [27c9d1476da0f3c57af18a6227b60995].
2021-03-21T18:11:25.273+0100 [DEBUG] [org.gradle.api.internal.artifacts.ivyservice.modulecache.ResolvedArtifactCaches] Creating new in-memory cache for repo 'maven2' [8c0af8cccaf55f190e38e62d2089fed9].
2021-03-21T18:11:25.274+0100 [DEBUG] [org.gradle.api.internal.artifacts.ivyservice.modulecache.ResolvedArtifactCaches] Reusing in-memory cache for repo 'MavenRepo' [a8be1fe3b3911d3d3425fe720cf42835].
2021-03-21T18:11:25.335+0100 [DEBUG] [org.gradle.internal.operations.DefaultBuildOperationRunner] Build operation 'Execute container callback action' completed
2021-03-21T18:11:25.342+0100 [DEBUG] [org.gradle.internal.operations.DefaultBuildOperationRunner] Build operation 'Execute container callback action' completed
2021-03-21T18:11:25.342+0100 [DEBUG] [org.gradle.internal.operations.DefaultBuildOperationRunner] Build operation 'Execute container callback action' completed
2021-03-21T18:11:25.343+0100 [DEBUG] [org.gradle.internal.operations.DefaultBuildOperationRunner] Build operation 'Realize task :compileJava' completed
2021-03-21T18:11:25.380+0100 [DEBUG] [org.gradle.internal.operations.DefaultBuildOperationRunner] Build operation 'Toolchain detection' completed
2021-03-21T18:11:25.403+0100 [INFO] [org.gradle.process.internal.DefaultExecHandle] Starting process 'command 'C:\Program Files\Java\jre1.8.0_281\bin\java.exe''. Working directory: C:\Users\troyvs\AppData\Local\Temp\1616346685388-0 Command: C:\Program Files\Java\jre1.8.0_281\bin\java.exe -cp . JavaProbe
2021-03-21T18:11:25.403+0100 [DEBUG] [org.gradle.process.internal.DefaultExecHandle] Changing state to: STARTING
2021-03-21T18:11:25.406+0100 [DEBUG] [org.gradle.process.internal.DefaultExecHandle] Waiting until process started: command 'C:\Program Files\Java\jre1.8.0_281\bin\java.exe'.
2021-03-21T18:11:25.413+0100 [DEBUG] [org.gradle.process.internal.DefaultExecHandle] Changing state to: STARTED
2021-03-21T18:11:25.413+0100 [INFO] [org.gradle.process.internal.DefaultExecHandle] Successfully started process 'command 'C:\Program Files\Java\jre1.8.0_281\bin\java.exe''
2021-03-21T18:11:25.414+0100 [DEBUG] [org.gradle.process.internal.ExecHandleRunner] waiting until streams are handled...
2021-03-21T18:11:25.571+0100 [DEBUG] [org.gradle.process.internal.DefaultExecHandle] Changing state to: SUCCEEDED
2021-03-21T18:11:25.572+0100 [DEBUG] [org.gradle.process.internal.DefaultExecHandle] Process 'command 'C:\Program Files\Java\jre1.8.0_281\bin\java.exe'' finished with exit value 0 (state: SUCCEEDED)
2021-03-21T18:11:25.583+0100 [INFO] [org.gradle.process.internal.DefaultExecHandle] Starting process 'command 'C:\Program Files\AdoptOpenJDK\jdk-8.0.282.8-hotspot\bin\java.exe''. Working directory: C:\Users\troyvs\AppData\Local\Temp\1616346685579-0 Command: C:\Program Files\AdoptOpenJDK\jdk-8.0.282.8-hotspot\bin\java.exe -cp . JavaProbe
2021-03-21T18:11:25.584+0100 [DEBUG] [org.gradle.process.internal.DefaultExecHandle] Changing state to: STARTING
2021-03-21T18:11:25.584+0100 [DEBUG] [org.gradle.process.internal.DefaultExecHandle] Waiting until process started: command 'C:\Program Files\AdoptOpenJDK\jdk-8.0.282.8-hotspot\bin\java.exe'.
2021-03-21T18:11:25.591+0100 [DEBUG] [org.gradle.process.internal.DefaultExecHandle] Changing state to: STARTED
2021-03-21T18:11:25.591+0100 [DEBUG] [org.gradle.process.internal.ExecHandleRunner] waiting until streams are handled...
2021-03-21T18:11:25.591+0100 [INFO] [org.gradle.process.internal.DefaultExecHandle] Successfully started process 'command 'C:\Program Files\AdoptOpenJDK\jdk-8.0.282.8-hotspot\bin\java.exe''
2021-03-21T18:11:25.778+0100 [DEBUG] [org.gradle.process.internal.DefaultExecHandle] Changing state to: SUCCEEDED
2021-03-21T18:11:25.778+0100 [DEBUG] [org.gradle.process.internal.DefaultExecHandle] Process 'command 'C:\Program Files\AdoptOpenJDK\jdk-8.0.282.8-hotspot\bin\java.exe'' finished with exit value 0 (state: SUCCEEDED)
2021-03-21T18:11:25.843+0100 [DEBUG] [org.gradle.internal.operations.DefaultBuildOperationRunner] Build operation 'Execute container callback action' completed
2021-03-21T18:11:25.844+0100 [DEBUG] [org.gradle.internal.operations.DefaultBuildOperationRunner] Build operation 'Realize task :processResources' completed
2021-03-21T18:11:25.848+0100 [DEBUG] [org.gradle.internal.operations.DefaultBuildOperationRunner] Build operation 'Execute container callback action' completed
2021-03-21T18:11:25.849+0100 [DEBUG] [org.gradle.internal.operations.DefaultBuildOperationRunner] Build operation 'Execute container callback action' completed
2021-03-21T18:11:25.849+0100 [DEBUG] [org.gradle.internal.operations.DefaultBuildOperationRunner] Build operation 'Execute container callback action' completed
2021-03-21T18:11:25.849+0100 [DEBUG] [org.gradle.internal.operations.DefaultBuildOperationRunner] Build operation 'Realize task :compileTestJava' completed
2021-03-21T18:11:25.852+0100 [DEBUG] [org.gradle.api.internal.artifacts.ivyservice.resolveengine.graph.builder.DependencyGraphBuilder] Visiting configuration tk.tvshome.testmod:forge-1.16.5-36.1.0-mdk:1.0(_compileJava_1).
2021-03-21T18:11:25.880+0100 [DEBUG] [org.gradle.api.internal.artifacts.ivyservice.ivyresolve.RepositoryChainComponentMetaDataResolver] Attempting to resolve component for net.minecraft:client:1.16.5 using repositories [maven, BUNDELED_377664982, maven2, MavenRepo]
2021-03-21T18:11:25.881+0100 [DEBUG] [org.gradle.api.internal.artifacts.ivyservice.ivyresolve.CachingModuleComponentRepository] Detected non-existence of module 'net.minecraft:client:1.16.5' in resolver cache 'maven'
2021-03-21T18:11:25.888+0100 [DEBUG] [org.gradle.api.internal.artifacts.repositories.resolver.DefaultExternalResourceArtifactResolver] Loading file:/C:/Users/troyvs/.gradle/caches/forge_gradle/bundeled_repo/net/minecraft/client/1.16.5/client-1.16.5.pom
2021-03-21T18:11:26.319+0100 [DEBUG] [org.gradle.api.internal.artifacts.repositories.resolver.DefaultExternalResourceArtifactResolver] Loading file:/C:/Users/troyvs/.gradle/caches/forge_gradle/bundeled_repo/net/minecraft/client/1.16.5/client-1.16.5.jar
2021-03-21T18:11:26.486+0100 [DEBUG] [org.gradle.api.internal.artifacts.repositories.resolver.ExternalResourceResolver] Metadata file found for module 'net.minecraft:client:1.16.5' in repository 'BUNDELED_377664982'.
2021-03-21T18:11:26.488+0100 [DEBUG] [org.gradle.api.internal.artifacts.ivyservice.modulecache.PersistentModuleMetadataCache] Recording module descriptor in cache: net.minecraft:client:1.16.5 [changing = false]
2021-03-21T18:11:26.489+0100 [DEBUG] [org.gradle.api.internal.artifacts.ivyservice.ivyresolve.RepositoryChainComponentMetaDataResolver] Using net.minecraft:client:1.16.5 from net.minecraftforge.artifactural.gradle.GradleRepositoryAdapter$1@581d50b7
2021-03-21T18:11:26.490+0100 [DEBUG] [org.gradle.internal.component.model.ComponentAttributeMatcher] Selected matches [net.minecraft:client:1.16.5 configuration runtime] from candidates [net.minecraft:client:1.16.5 configuration compile, net.minecraft:client:1.16.5 configuration runtime, net.minecraft:client:1.16.5 configuration platform-compile, net.minecraft:client:1.16.5 configuration platform-runtime, net.minecraft:client:1.16.5 configuration enforced-platform-compile, net.minecraft:client:1.16.5 configuration enforced-platform-runtime] for {}
2021-03-21T18:11:26.491+0100 [DEBUG] [org.gradle.api.internal.artifacts.ivyservice.ivyresolve.RepositoryChainComponentMetaDataResolver] Attempting to resolve component for com.google.code.findbugs:jsr305:3.0.1 using repositories [maven, BUNDELED_377664982, maven2, MavenRepo]
2021-03-21T18:11:26.491+0100 [DEBUG] [org.gradle.api.internal.artifacts.ivyservice.ivyresolve.CachingModuleComponentRepository] Using cached module metadata for module 'com.google.code.findbugs:jsr305:3.0.1' in 'maven'
2021-03-21T18:11:26.491+0100 [DEBUG] [org.gradle.api.internal.artifacts.repositories.resolver.DefaultExternalResourceArtifactResolver] Loading file:/C:/Users/troyvs/.gradle/caches/forge_gradle/bundeled_repo/com/google/code/findbugs/jsr305/3.0.1/jsr305-3.0.1.pom
2021-03-21T18:11:26.495+0100 [DEBUG] [org.gradle.api.internal.artifacts.repositories.resolver.DefaultExternalResourceArtifactResolver] Loading file:/C:/Users/troyvs/.gradle/caches/forge_gradle/bundeled_repo/com/google/code/findbugs/jsr305/3.0.1/jsr305-3.0.1.jar
2021-03-21T18:11:26.496+0100 [DEBUG] [org.gradle.api.internal.artifacts.repositories.resolver.ExternalResourceResolver] No meta-data file or artifact found for module 'com.google.code.findbugs:jsr305:3.0.1' in repository 'BUNDELED_377664982'.
2021-03-21T18:11:26.496+0100 [DEBUG] [org.gradle.api.internal.artifacts.ivyservice.modulecache.PersistentModuleMetadataCache] Recording absence of module descriptor in cache: com.google.code.findbugs:jsr305:3.0.1 [changing = false]
2021-03-21T18:11:26.497+0100 [DEBUG] [org.gradle.api.internal.artifacts.ivyservice.ivyresolve.CachingModuleComponentRepository] Detected non-existence of module 'com.google.code.findbugs:jsr305:3.0.1' in resolver cache 'maven2'
2021-03-21T18:11:26.498+0100 [DEBUG] [org.gradle.api.internal.artifacts.ivyservice.ivyresolve.CachingModuleComponentRepository] Using cached module metadata for module 'com.google.code.findbugs:jsr305:3.0.1' in 'MavenRepo'
2021-03-21T18:11:26.499+0100 [DEBUG] [org.gradle.api.internal.artifacts.ivyservice.ivyresolve.RepositoryChainComponentMetaDataResolver] Using com.google.code.findbugs:jsr305:3.0.1 from Maven repository 'MavenRepo'
2021-03-21T18:11:26.499+0100 [DEBUG] [org.gradle.internal.component.model.ComponentAttributeMatcher] Selected matches [com.google.code.findbugs:jsr305:3.0.1 configuration runtime] from candidates [com.google.code.findbugs:jsr305:3.0.1 configuration compile, com.google.code.findbugs:jsr305:3.0.1 configuration runtime, com.google.code.findbugs:jsr305:3.0.1 configuration platform-compile, com.google.code.findbugs:jsr305:3.0.1 configuration platform-runtime, com.google.code.findbugs:jsr305:3.0.1 configuration enforced-platform-compile, com.google.code.findbugs:jsr305:3.0.1 configuration enforced-platform-runtime] for {}
2021-03-21T18:11:26.500+0100 [DEBUG] [org.gradle.api.internal.artifacts.ivyservice.ivyresolve.RepositoryChainComponentMetaDataResolver] Attempting to resolve component for net.minecraftforge:mergetool:1.0.9 using repositories [maven, BUNDELED_377664982, maven2, MavenRepo]
2021-03-21T18:11:26.500+0100 [DEBUG] [org.gradle.api.internal.artifacts.ivyservice.ivyresolve.CachingModuleComponentRepository] Using cached module metadata for module 'net.minecraftforge:mergetool:1.0.9' in 'maven'
2021-03-21T18:11:26.500+0100 [DEBUG] [org.gradle.api.internal.artifacts.ivyservice.ivyresolve.RepositoryChainComponentMetaDataResolver] Using net.minecraftforge:mergetool:1.0.9 from Maven repository 'maven'
2021-03-21T18:11:26.501+0100 [DEBUG] [org.gradle.api.internal.artifacts.ivyservice.ivyresolve.RepositoryChainComponentMetaDataResolver] Attempting to resolve component for org.ow2.asm:asm:9.0 using repositories [maven, BUNDELED_377664982, maven2, MavenRepo]
2021-03-21T18:11:26.501+0100 [DEBUG] [org.gradle.api.internal.artifacts.ivyservice.ivyresolve.CachingModuleComponentRepository] Using cached module metadata for module 'org.ow2.asm:asm:9.0' in 'maven'
2021-03-21T18:11:26.501+0100 [DEBUG] [org.gradle.api.internal.artifacts.repositories.resolver.DefaultExternalResourceArtifactResolver] Loading file:/C:/Users/troyvs/.gradle/caches/forge_gradle/bundeled_repo/org/ow2/asm/asm/9.0/asm-9.0.pom
2021-03-21T18:11:26.502+0100 [DEBUG] [org.gradle.api.internal.artifacts.repositories.resolver.DefaultExternalResourceArtifactResolver] Loading file:/C:/Users/troyvs/.gradle/caches/forge_gradle/bundeled_repo/org/ow2/asm/asm/9.0/asm-9.0.jar
2021-03-21T18:11:26.503+0100 [DEBUG] [org.gradle.api.internal.artifacts.repositories.resolver.ExternalResourceResolver] No meta-data file or artifact found for module 'org.ow2.asm:asm:9.0' in repository 'BUNDELED_377664982'.
2021-03-21T18:11:26.503+0100 [DEBUG] [org.gradle.api.internal.artifacts.ivyservice.modulecache.PersistentModuleMetadataCache] Recording absence of module descriptor in cache: org.ow2.asm:asm:9.0 [changing = false]
2021-03-21T18:11:26.503+0100 [DEBUG] [org.gradle.api.internal.artifacts.ivyservice.ivyresolve.CachingModuleComponentRepository] Detected non-existence of module 'org.ow2.asm:asm:9.0' in resolver cache 'maven2'
2021-03-21T18:11:26.505+0100 [DEBUG] [org.gradle.api.internal.artifacts.ivyservice.ivyresolve.CachingModuleComponentRepository] Using cached module metadata for module 'org.ow2.asm:asm:9.0' in 'MavenRepo'
2021-03-21T18:11:26.505+0100 [DEBUG] [org.gradle.api.internal.artifacts.ivyservice.ivyresolve.RepositoryChainComponentMetaDataResolver] Using org.ow2.asm:asm:9.0 from Maven repository 'MavenRepo'
2021-03-21T18:11:26.505+0100 [DEBUG] [org.gradle.internal.component.model.ComponentAttributeMatcher] Selected matches [org.ow2.asm:asm:9.0 variant runtimeElements] from candidates [org.ow2.asm:asm:9.0 variant apiElements, org.ow2.asm:asm:9.0 variant runtimeElements, org.ow2.asm:asm:9.0 variant javadocElements, org.ow2.asm:asm:9.0 variant sourcesElements] for {}
2021-03-21T18:11:26.505+0100 [DEBUG] [org.gradle.api.internal.artifacts.ivyservice.ivyresolve.RepositoryChainComponentMetaDataResolver] Attempting to resolve component for org.ow2.asm:asm-commons:9.0 using repositories [maven, BUNDELED_377664982, maven2, MavenRepo]
2021-03-21T18:11:26.505+0100 [DEBUG] [org.gradle.api.internal.artifacts.ivyservice.ivyresolve.CachingModuleComponentRepository] Using cached module metadata for module 'org.ow2.asm:asm-commons:9.0' in 'maven'
2021-03-21T18:11:26.506+0100 [DEBUG] [org.gradle.api.internal.artifacts.repositories.resolver.DefaultExternalResourceArtifactResolver] Loading file:/C:/Users/troyvs/.gradle/caches/forge_gradle/bundeled_repo/org/ow2/asm/asm-commons/9.0/asm-commons-9.0.pom
2021-03-21T18:11:26.506+0100 [DEBUG] [org.gradle.api.internal.artifacts.repositories.resolver.DefaultExternalResourceArtifactResolver] Loading file:/C:/Users/troyvs/.gradle/caches/forge_gradle/bundeled_repo/org/ow2/asm/asm-commons/9.0/asm-commons-9.0.jar
2021-03-21T18:11:26.507+0100 [DEBUG] [org.gradle.api.internal.artifacts.repositories.resolver.ExternalResourceResolver] No meta-data file or artifact found for module 'org.ow2.asm:asm-commons:9.0' in repository 'BUNDELED_377664982'.
2021-03-21T18:11:26.507+0100 [DEBUG] [org.gradle.api.internal.artifacts.ivyservice.modulecache.PersistentModuleMetadataCache] Recording absence of module descriptor in cache: org.ow2.asm:asm-commons:9.0 [changing = false]
2021-03-21T18:11:26.508+0100 [DEBUG] [org.gradle.api.internal.artifacts.ivyservice.ivyresolve.CachingModuleComponentRepository] Detected non-existence of module 'org.ow2.asm:asm-commons:9.0' in resolver cache 'maven2'
2021-03-21T18:11:26.509+0100 [DEBUG] [org.gradle.api.internal.artifacts.ivyservice.ivyresolve.CachingModuleComponentRepository] Using cached module metadata for module 'org.ow2.asm:asm-commons:9.0' in 'MavenRepo'
2021-03-21T18:11:26.509+0100 [DEBUG] [org.gradle.api.internal.artifacts.ivyservice.ivyresolve.RepositoryChainComponentMetaDataResolver] Using org.ow2.asm:asm-commons:9.0 from Maven repository 'MavenRepo'
2021-03-21T18:11:26.509+0100 [DEBUG] [org.gradle.api.internal.artifacts.ivyservice.ivyresolve.RepositoryChainComponentMetaDataResolver] Attempting to resolve component for org.ow2.asm:asm-tree:9.0 using repositories [maven, BUNDELED_377664982, maven2, MavenRepo]
2021-03-21T18:11:26.509+0100 [DEBUG] [org.gradle.api.internal.artifacts.ivyservice.ivyresolve.CachingModuleComponentRepository] Using cached module metadata for module 'org.ow2.asm:asm-tree:9.0' in 'maven'
2021-03-21T18:11:26.510+0100 [DEBUG] [org.gradle.api.internal.artifacts.repositories.resolver.DefaultExternalResourceArtifactResolver] Loading file:/C:/Users/troyvs/.gradle/caches/forge_gradle/bundeled_repo/org/ow2/asm/asm-tree/9.0/asm-tree-9.0.pom
2021-03-21T18:11:26.510+0100 [DEBUG] [org.gradle.api.internal.artifacts.repositories.resolver.DefaultExternalResourceArtifactResolver] Loading file:/C:/Users/troyvs/.gradle/caches/forge_gradle/bundeled_repo/org/ow2/asm/asm-tree/9.0/asm-tree-9.0.jar
2021-03-21T18:11:26.511+0100 [DEBUG] [org.gradle.api.internal.artifacts.repositories.resolver.ExternalResourceResolver] No meta-data file or artifact found for module 'org.ow2.asm:asm-tree:9.0' in repository 'BUNDELED_377664982'.
2021-03-21T18:11:26.511+0100 [DEBUG] [org.gradle.api.internal.artifacts.ivyservice.modulecache.PersistentModuleMetadataCache] Recording absence of module descriptor in cache: org.ow2.asm:asm-tree:9.0 [changing = false]
2021-03-21T18:11:26.511+0100 [DEBUG] [org.gradle.api.internal.artifacts.ivyservice.ivyresolve.CachingModuleComponentRepository] Detected non-existence of module 'org.ow2.asm:asm-tree:9.0' in resolver cache 'maven2'
2021-03-21T18:11:26.512+0100 [DEBUG] [org.gradle.api.internal.artifacts.ivyservice.ivyresolve.CachingModuleComponentRepository] Using cached module metadata for module 'org.ow2.asm:asm-tree:9.0' in 'MavenRepo'
2021-03-21T18:11:26.512+0100 [DEBUG] [org.gradle.api.internal.artifacts.ivyservice.ivyresolve.RepositoryChainComponentMetaDataResolver] Using org.ow2.asm:asm-tree:9.0 from Maven repository 'MavenRepo'
2021-03-21T18:11:26.512+0100 [DEBUG] [org.gradle.api.internal.artifacts.ivyservice.ivyresolve.RepositoryChainComponentMetaDataResolver] Attempting to resolve component for org.ow2.asm:asm-util:9.0 using repositories [maven, BUNDELED_377664982, maven2, MavenRepo]
2021-03-21T18:11:26.513+0100 [DEBUG] [org.gradle.api.internal.artifacts.ivyservice.ivyresolve.CachingModuleComponentRepository] Using cached module metadata for module 'org.ow2.asm:asm-util:9.0' in 'maven'
2021-03-21T18:11:26.513+0100 [DEBUG] [org.gradle.api.internal.artifacts.repositories.resolver.DefaultExternalResourceArtifactResolver] Loading file:/C:/Users/troyvs/.gradle/caches/forge_gradle/bundeled_repo/org/ow2/asm/asm-util/9.0/asm-util-9.0.pom
2021-03-21T18:11:26.514+0100 [DEBUG] [org.gradle.api.internal.artifacts.repositories.resolver.DefaultExternalResourceArtifactResolver] Loading file:/C:/Users/troyvs/.gradle/caches/forge_gradle/bundeled_repo/org/ow2/asm/asm-util/9.0/asm-util-9.0.jar
2021-03-21T18:11:26.517+0100 [DEBUG] [org.gradle.api.internal.artifacts.repositories.resolver.ExternalResourceResolver] No meta-data file or artifact found for module 'org.ow2.asm:asm-util:9.0' in repository 'BUNDELED_377664982'.
2021-03-21T18:11:26.517+0100 [DEBUG] [org.gradle.api.internal.artifacts.ivyservice.modulecache.PersistentModuleMetadataCache] Recording absence of module descriptor in cache: org.ow2.asm:asm-util:9.0 [changing = false]
2021-03-21T18:11:26.519+0100 [DEBUG] [org.gradle.api.internal.artifacts.ivyservice.ivyresolve.CachingModuleComponentRepository] Detected non-existence of module 'org.ow2.asm:asm-util:9.0' in resolver cache 'maven2'
2021-03-21T18:11:26.521+0100 [DEBUG] [org.gradle.api.internal.artifacts.ivyservice.ivyresolve.CachingModuleComponentRepository] Using cached module metadata for module 'org.ow2.asm:asm-util:9.0' in 'MavenRepo'
2021-03-21T18:11:26.521+0100 [DEBUG] [org.gradle.api.internal.artifacts.ivyservice.ivyresolve.RepositoryChainComponentMetaDataResolver] Using org.ow2.asm:asm-util:9.0 from Maven repository 'MavenRepo'
2021-03-21T18:11:26.521+0100 [DEBUG] [org.gradle.api.internal.artifacts.ivyservice.ivyresolve.RepositoryChainComponentMetaDataResolver] Attempting to resolve component for org.ow2.asm:asm-analysis:9.0 using repositories [maven, BUNDELED_377664982, maven2, MavenRepo]
2021-03-21T18:11:26.522+0100 [DEBUG] [org.gradle.api.internal.artifacts.ivyservice.ivyresolve.CachingModuleComponentRepository] Using cached module metadata for module 'org.ow2.asm:asm-analysis:9.0' in 'maven'
2021-03-21T18:11:26.522+0100 [DEBUG] [org.gradle.api.internal.artifacts.repositories.resolver.DefaultExternalResourceArtifactResolver] Loading file:/C:/Users/troyvs/.gradle/caches/forge_gradle/bundeled_repo/org/ow2/asm/asm-analysis/9.0/asm-analysis-9.0.pom
2021-03-21T18:11:26.523+0100 [DEBUG] [org.gradle.api.internal.artifacts.repositories.resolver.DefaultExternalResourceArtifactResolver] Loading file:/C:/Users/troyvs/.gradle/caches/forge_gradle/bundeled_repo/org/ow2/asm/asm-analysis/9.0/asm-analysis-9.0.jar
2021-03-21T18:11:26.523+0100 [DEBUG] [org.gradle.api.internal.artifacts.repositories.resolver.ExternalResourceResolver] No meta-data file or artifact found for module 'org.ow2.asm:asm-analysis:9.0' in repository 'BUNDELED_377664982'.
2021-03-21T18:11:26.523+0100 [DEBUG] [org.gradle.api.internal.artifacts.ivyservice.modulecache.PersistentModuleMetadataCache] Recording absence of module descriptor in cache: org.ow2.asm:asm-analysis:9.0 [changing = false]
2021-03-21T18:11:26.523+0100 [DEBUG] [org.gradle.api.internal.artifacts.ivyservice.ivyresolve.CachingModuleComponentRepository] Detected non-existence of module 'org.ow2.asm:asm-analysis:9.0' in resolver cache 'maven2'
2021-03-21T18:11:26.525+0100 [DEBUG] [org.gradle.api.internal.artifacts.ivyservice.ivyresolve.CachingModuleComponentRepository] Using cached module metadata for module 'org.ow2.asm:asm-analysis:9.0' in 'MavenRepo'
2021-03-21T18:11:26.525+0100 [DEBUG] [org.gradle.api.internal.artifacts.ivyservice.ivyresolve.RepositoryChainComponentMetaDataResolver] Using org.ow2.asm:asm-analysis:9.0 from Maven repository 'MavenRepo'
2021-03-21T18:11:26.525+0100 [DEBUG] [org.gradle.api.internal.artifacts.ivyservice.ivyresolve.RepositoryChainComponentMetaDataResolver] Attempting to resolve component for cpw.mods:modlauncher:8.0.9 using repositories [maven, BUNDELED_377664982, maven2, MavenRepo]
2021-03-21T18:11:26.525+0100 [DEBUG] [org.gradle.api.internal.artifacts.ivyservice.ivyresolve.CachingModuleComponentRepository] Using cached module metadata for module 'cpw.mods:modlauncher:8.0.9' in 'maven'
2021-03-21T18:11:26.525+0100 [DEBUG] [org.gradle.api.internal.artifacts.ivyservice.ivyresolve.RepositoryChainComponentMetaDataResolver] Using cpw.mods:modlauncher:8.0.9 from Maven repository 'maven'
2021-03-21T18:11:26.526+0100 [DEBUG] [org.gradle.internal.component.model.ComponentAttributeMatcher] Selected matches [cpw.mods:modlauncher:8.0.9 variant runtimeElements] from candidates [cpw.mods:modlauncher:8.0.9 variant apiElements, cpw.mods:modlauncher:8.0.9 variant runtimeElements] for {}
2021-03-21T18:11:26.526+0100 [DEBUG] [org.gradle.api.internal.artifacts.ivyservice.ivyresolve.RepositoryChainComponentMetaDataResolver] Attempting to resolve component for cpw.mods:grossjava9hacks:1.3.0 using repositories [maven, BUNDELED_377664982, maven2, MavenRepo]
2021-03-21T18:11:26.526+0100 [DEBUG] [org.gradle.api.internal.artifacts.ivyservice.ivyresolve.CachingModuleComponentRepository] Using cached module metadata for module 'cpw.mods:grossjava9hacks:1.3.0' in 'maven'
2021-03-21T18:11:26.526+0100 [DEBUG] [org.gradle.api.internal.artifacts.ivyservice.ivyresolve.RepositoryChainComponentMetaDataResolver] Using cpw.mods:grossjava9hacks:1.3.0 from Maven repository 'maven'
2021-03-21T18:11:26.526+0100 [DEBUG] [org.gradle.api.internal.artifacts.ivyservice.ivyresolve.RepositoryChainComponentMetaDataResolver] Attempting to resolve component for net.minecraftforge:accesstransformers:3.0.1 using repositories [maven, BUNDELED_377664982, maven2, MavenRepo]
2021-03-21T18:11:26.526+0100 [DEBUG] [org.gradle.api.internal.artifacts.ivyservice.ivyresolve.CachingModuleComponentRepository] Using cached module metadata for module 'net.minecraftforge:accesstransformers:3.0.1' in 'maven'
2021-03-21T18:11:26.526+0100 [DEBUG] [org.gradle.api.internal.artifacts.ivyservice.ivyresolve.RepositoryChainComponentMetaDataResolver] Using net.minecraftforge:accesstransformers:3.0.1 from Maven repository 'maven'
2021-03-21T18:11:26.528+0100 [DEBUG] [org.gradle.internal.component.model.ComponentAttributeMatcher] Selected matches [net.minecraftforge:accesstransformers:3.0.1 variant runtimeElements] from candidates [net.minecraftforge:accesstransformers:3.0.1 variant apiElements, net.minecraftforge:accesstransformers:3.0.1 variant runtimeElements, net.minecraftforge:accesstransformers:3.0.1 variant shadowRuntimeElements] for {}
2021-03-21T18:11:26.528+0100 [DEBUG] [org.gradle.api.internal.artifacts.ivyservice.ivyresolve.RepositoryChainComponentMetaDataResolver] Attempting to resolve component for org.antlr:antlr4-runtime:4.9.1 using repositories [maven, BUNDELED_377664982, maven2, MavenRepo]
2021-03-21T18:11:26.528+0100 [DEBUG] [org.gradle.api.internal.artifacts.ivyservice.ivyresolve.CachingModuleComponentRepository] Using cached module metadata for module 'org.antlr:antlr4-runtime:4.9.1' in 'maven'
2021-03-21T18:11:26.528+0100 [DEBUG] [org.gradle.api.internal.artifacts.repositories.resolver.DefaultExternalResourceArtifactResolver] Loading file:/C:/Users/troyvs/.gradle/caches/forge_gradle/bundeled_repo/org/antlr/antlr4-runtime/4.9.1/antlr4-runtime-4.9.1.pom
2021-03-21T18:11:26.529+0100 [DEBUG] [org.gradle.api.internal.artifacts.repositories.resolver.DefaultExternalResourceArtifactResolver] Loading file:/C:/Users/troyvs/.gradle/caches/forge_gradle/bundeled_repo/org/antlr/antlr4-runtime/4.9.1/antlr4-runtime-4.9.1.jar
2021-03-21T18:11:26.529+0100 [DEBUG] [org.gradle.api.internal.artifacts.repositories.resolver.ExternalResourceResolver] No meta-data file or artifact found for module 'org.antlr:antlr4-runtime:4.9.1' in repository 'BUNDELED_377664982'.
2021-03-21T18:11:26.529+0100 [DEBUG] [org.gradle.api.internal.artifacts.ivyservice.modulecache.PersistentModuleMetadataCache] Recording absence of module descriptor in cache: org.antlr:antlr4-runtime:4.9.1 [changing = false]
2021-03-21T18:11:26.530+0100 [DEBUG] [org.gradle.api.internal.artifacts.ivyservice.ivyresolve.CachingModuleComponentRepository] Detected non-existence of module 'org.antlr:antlr4-runtime:4.9.1' in resolver cache 'maven2'
2021-03-21T18:11:26.530+0100 [DEBUG] [org.gradle.api.internal.artifacts.ivyservice.ivyresolve.CachingModuleComponentRepository] Using cached module metadata for module 'org.antlr:antlr4-runtime:4.9.1' in 'MavenRepo'
2021-03-21T18:11:26.531+0100 [DEBUG] [org.gradle.api.internal.artifacts.ivyservice.ivyresolve.RepositoryChainComponentMetaDataResolver] Using org.antlr:antlr4-runtime:4.9.1 from Maven repository 'MavenRepo'
2021-03-21T18:11:26.531+0100 [DEBUG] [org.gradle.api.internal.artifacts.ivyservice.ivyresolve.RepositoryChainComponentMetaDataResolver] Attempting to resolve component for net.minecraftforge:eventbus:4.0.0 using repositories [maven, BUNDELED_377664982, maven2, MavenRepo]
2021-03-21T18:11:26.531+0100 [DEBUG] [org.gradle.api.internal.artifacts.ivyservice.ivyresolve.CachingModuleComponentRepository] Using cached module metadata for module 'net.minecraftforge:eventbus:4.0.0' in 'maven'
2021-03-21T18:11:26.532+0100 [DEBUG] [org.gradle.api.internal.artifacts.ivyservice.ivyresolve.RepositoryChainComponentMetaDataResolver] Using net.minecraftforge:eventbus:4.0.0 from Maven repository 'maven'
2021-03-21T18:11:26.532+0100 [DEBUG] [org.gradle.api.internal.artifacts.ivyservice.ivyresolve.RepositoryChainComponentMetaDataResolver] Attempting to resolve component for net.minecraftforge:forgespi:3.2.0 using repositories [maven, BUNDELED_377664982, maven2, MavenRepo]
2021-03-21T18:11:26.532+0100 [DEBUG] [org.gradle.api.internal.artifacts.ivyservice.ivyresolve.CachingModuleComponentRepository] Using cached module metadata for module 'net.minecraftforge:forgespi:3.2.0' in 'maven'
2021-03-21T18:11:26.532+0100 [DEBUG] [org.gradle.api.internal.artifacts.ivyservice.ivyresolve.RepositoryChainComponentMetaDataResolver] Using net.minecraftforge:forgespi:3.2.0 from Maven repository 'maven'
2021-03-21T18:11:26.532+0100 [DEBUG] [org.gradle.api.internal.artifacts.ivyservice.ivyresolve.RepositoryChainComponentMetaDataResolver] Attempting to resolve component for net.minecraftforge:coremods:4.0.6 using repositories [maven, BUNDELED_377664982, maven2, MavenRepo]
2021-03-21T18:11:26.533+0100 [DEBUG] [org.gradle.api.internal.artifacts.ivyservice.ivyresolve.CachingModuleComponentRepository] Using cached module metadata for module 'net.minecraftforge:coremods:4.0.6' in 'maven'
2021-03-21T18:11:26.533+0100 [DEBUG] [org.gradle.api.internal.artifacts.ivyservice.ivyresolve.RepositoryChainComponentMetaDataResolver] Using net.minecraftforge:coremods:4.0.6 from Maven repository 'maven'
2021-03-21T18:11:26.533+0100 [DEBUG] [org.gradle.api.internal.artifacts.ivyservice.ivyresolve.RepositoryChainComponentMetaDataResolver] Attempting to resolve component for net.minecraftforge:unsafe:0.2.0 using repositories [maven, BUNDELED_377664982, maven2, MavenRepo]
2021-03-21T18:11:26.534+0100 [DEBUG] [org.gradle.api.internal.artifacts.ivyservice.ivyresolve.CachingModuleComponentRepository] Using cached module metadata for module 'net.minecraftforge:unsafe:0.2.0' in 'maven'
2021-03-21T18:11:26.534+0100 [DEBUG] [org.gradle.api.internal.artifacts.ivyservice.ivyresolve.RepositoryChainComponentMetaDataResolver] Using net.minecraftforge:unsafe:0.2.0 from Maven repository 'maven'
2021-03-21T18:11:26.534+0100 [DEBUG] [org.gradle.api.internal.artifacts.ivyservice.ivyresolve.RepositoryChainComponentMetaDataResolver] Attempting to resolve component for com.electronwill.night-config:core:3.6.3 using repositories [maven, BUNDELED_377664982, maven2, MavenRepo]
2021-03-21T18:11:26.535+0100 [DEBUG] [org.gradle.api.internal.artifacts.ivyservice.ivyresolve.CachingModuleComponentRepository] Using cached module metadata for module 'com.electronwill.night-config:core:3.6.3' in 'maven'
2021-03-21T18:11:26.535+0100 [DEBUG] [org.gradle.api.internal.artifacts.repositories.resolver.DefaultExternalResourceArtifactResolver] Loading file:/C:/Users/troyvs/.gradle/caches/forge_gradle/bundeled_repo/com/electronwill/night-config/core/3.6.3/core-3.6.3.pom
2021-03-21T18:11:26.535+0100 [DEBUG] [org.gradle.api.internal.artifacts.repositories.resolver.DefaultExternalResourceArtifactResolver] Loading file:/C:/Users/troyvs/.gradle/caches/forge_gradle/bundeled_repo/com/electronwill/night-config/core/3.6.3/core-3.6.3.jar
2021-03-21T18:11:26.536+0100 [DEBUG] [org.gradle.api.internal.artifacts.repositories.resolver.ExternalResourceResolver] No meta-data file or artifact found for module 'com.electronwill.night-config:core:3.6.3' in repository 'BUNDELED_377664982'.
2021-03-21T18:11:26.536+0100 [DEBUG] [org.gradle.api.internal.artifacts.ivyservice.modulecache.PersistentModuleMetadataCache] Recording absence of module descriptor in cache: com.electronwill.night-config:core:3.6.3 [changing = false]
2021-03-21T18:11:26.536+0100 [DEBUG] [org.gradle.api.internal.artifacts.ivyservice.ivyresolve.CachingModuleComponentRepository] Detected non-existence of module 'com.electronwill.night-config:core:3.6.3' in resolver cache 'maven2'
2021-03-21T18:11:26.537+0100 [DEBUG] [org.gradle.api.internal.artifacts.ivyservice.ivyresolve.CachingModuleComponentRepository] Using cached module metadata for module 'com.electronwill.night-config:core:3.6.3' in 'MavenRepo'
2021-03-21T18:11:26.537+0100 [DEBUG] [org.gradle.api.internal.artifacts.ivyservice.ivyresolve.RepositoryChainComponentMetaDataResolver] Using com.electronwill.night-config:core:3.6.3 from Maven repository 'MavenRepo'
2021-03-21T18:11:26.537+0100 [DEBUG] [org.gradle.api.internal.artifacts.ivyservice.ivyresolve.RepositoryChainComponentMetaDataResolver] Attempting to resolve component for com.electronwill.night-config:toml:3.6.3 using repositories [maven, BUNDELED_377664982, maven2, MavenRepo]
2021-03-21T18:11:26.537+0100 [DEBUG] [org.gradle.api.internal.artifacts.ivyservice.ivyresolve.CachingModuleComponentRepository] Using cached module metadata for module 'com.electronwill.night-config:toml:3.6.3' in 'maven'
2021-03-21T18:11:26.538+0100 [DEBUG] [org.gradle.api.internal.artifacts.repositories.resolver.DefaultExternalResourceArtifactResolver] Loading file:/C:/Users/troyvs/.gradle/caches/forge_gradle/bundeled_repo/com/electronwill/night-config/toml/3.6.3/toml-3.6.3.pom
2021-03-21T18:11:26.538+0100 [DEBUG] [org.gradle.api.internal.artifacts.repositories.resolver.DefaultExternalResourceArtifactResolver] Loading file:/C:/Users/troyvs/.gradle/caches/forge_gradle/bundeled_repo/com/electronwill/night-config/toml/3.6.3/toml-3.6.3.jar
2021-03-21T18:11:26.539+0100 [DEBUG] [org.gradle.api.internal.artifacts.repositories.resolver.ExternalResourceResolver] No meta-data file or artifact found for module 'com.electronwill.night-config:toml:3.6.3' in repository 'BUNDELED_377664982'.
2021-03-21T18:11:26.539+0100 [DEBUG] [org.gradle.api.internal.artifacts.ivyservice.modulecache.PersistentModuleMetadataCache] Recording absence of module descriptor in cache: com.electronwill.night-config:toml:3.6.3 [changing = false]
2021-03-21T18:11:26.539+0100 [DEBUG] [org.gradle.api.internal.artifacts.ivyservice.ivyresolve.CachingModuleComponentRepository] Detected non-existence of module 'com.electronwill.night-config:toml:3.6.3' in resolver cache 'maven2'
2021-03-21T18:11:26.540+0100 [DEBUG] [org.gradle.api.internal.artifacts.ivyservice.ivyresolve.CachingModuleComponentRepository] Using cached module metadata for module 'com.electronwill.night-config:toml:3.6.3' in 'MavenRepo'
2021-03-21T18:11:26.540+0100 [DEBUG] [org.gradle.api.internal.artifacts.ivyservice.ivyresolve.RepositoryChainComponentMetaDataResolver] Using com.electronwill.night-config:toml:3.6.3 from Maven repository 'MavenRepo'
2021-03-21T18:11:26.540+0100 [DEBUG] [org.gradle.api.internal.artifacts.ivyservice.ivyresolve.RepositoryChainComponentMetaDataResolver] Attempting to resolve component for org.jline:jline:3.12.1 using repositories [maven, BUNDELED_377664982, maven2, MavenRepo]
2021-03-21T18:11:26.541+0100 [DEBUG] [org.gradle.api.internal.artifacts.ivyservice.ivyresolve.CachingModuleComponentRepository] Using cached module metadata for module 'org.jline:jline:3.12.1' in 'maven'
2021-03-21T18:11:26.541+0100 [DEBUG] [org.gradle.api.internal.artifacts.repositories.resolver.DefaultExternalResourceArtifactResolver] Loading file:/C:/Users/troyvs/.gradle/caches/forge_gradle/bundeled_repo/org/jline/jline/3.12.1/jline-3.12.1.pom
2021-03-21T18:11:26.542+0100 [DEBUG] [org.gradle.api.internal.artifacts.repositories.resolver.DefaultExternalResourceArtifactResolver] Loading file:/C:/Users/troyvs/.gradle/caches/forge_gradle/bundeled_repo/org/jline/jline/3.12.1/jline-3.12.1.jar
2021-03-21T18:11:26.542+0100 [DEBUG] [org.gradle.api.internal.artifacts.repositories.resolver.ExternalResourceResolver] No meta-data file or artifact found for module 'org.jline:jline:3.12.1' in repository 'BUNDELED_377664982'.
2021-03-21T18:11:26.542+0100 [DEBUG] [org.gradle.api.internal.artifacts.ivyservice.modulecache.PersistentModuleMetadataCache] Recording absence of module descriptor in cache: org.jline:jline:3.12.1 [changing = false]
2021-03-21T18:11:26.542+0100 [DEBUG] [org.gradle.api.internal.artifacts.ivyservice.ivyresolve.CachingModuleComponentRepository] Detected non-existence of module 'org.jline:jline:3.12.1' in resolver cache 'maven2'
2021-03-21T18:11:26.544+0100 [DEBUG] [org.gradle.api.internal.artifacts.ivyservice.ivyresolve.CachingModuleComponentRepository] Using cached module metadata for module 'org.jline:jline:3.12.1' in 'MavenRepo'
2021-03-21T18:11:26.544+0100 [DEBUG] [org.gradle.api.internal.artifacts.ivyservice.ivyresolve.RepositoryChainComponentMetaDataResolver] Using org.jline:jline:3.12.1 from Maven repository 'MavenRepo'
2021-03-21T18:11:26.544+0100 [DEBUG] [org.gradle.api.internal.artifacts.ivyservice.ivyresolve.RepositoryChainComponentMetaDataResolver] Attempting to resolve component for org.apache.maven:maven-artifact:3.6.3 using repositories [maven, BUNDELED_377664982, maven2, MavenRepo]
2021-03-21T18:11:26.544+0100 [DEBUG] [org.gradle.api.internal.artifacts.ivyservice.ivyresolve.CachingModuleComponentRepository] Using cached module metadata for module 'org.apache.maven:maven-artifact:3.6.3' in 'maven'
2021-03-21T18:11:26.545+0100 [DEBUG] [org.gradle.api.internal.artifacts.repositories.resolver.DefaultExternalResourceArtifactResolver] Loading file:/C:/Users/troyvs/.gradle/caches/forge_gradle/bundeled_repo/org/apache/maven/maven-artifact/3.6.3/maven-artifact-3.6.3.pom
2021-03-21T18:11:26.546+0100 [DEBUG] [org.gradle.api.internal.artifacts.repositories.resolver.DefaultExternalResourceArtifactResolver] Loading file:/C:/Users/troyvs/.gradle/caches/forge_gradle/bundeled_repo/org/apache/maven/maven-artifact/3.6.3/maven-artifact-3.6.3.jar
2021-03-21T18:11:26.546+0100 [DEBUG] [org.gradle.api.internal.artifacts.repositories.resolver.ExternalResourceResolver] No meta-data file or artifact found for module 'org.apache.maven:maven-artifact:3.6.3' in repository 'BUNDELED_377664982'.
2021-03-21T18:11:26.547+0100 [DEBUG] [org.gradle.api.internal.artifacts.ivyservice.modulecache.PersistentModuleMetadataCache] Recording absence of module descriptor in cache: org.apache.maven:maven-artifact:3.6.3 [changing = false]
2021-03-21T18:11:26.547+0100 [DEBUG] [org.gradle.api.internal.artifacts.ivyservice.ivyresolve.CachingModuleComponentRepository] Detected non-existence of module 'org.apache.maven:maven-artifact:3.6.3' in resolver cache 'maven2'
2021-03-21T18:11:26.547+0100 [DEBUG] [org.gradle.api.internal.artifacts.ivyservice.ivyresolve.CachingModuleComponentRepository] Using cached module metadata for module 'org.apache.maven:maven-artifact:3.6.3' in 'MavenRepo'
2021-03-21T18:11:26.547+0100 [DEBUG] [org.gradle.api.internal.artifacts.ivyservice.ivyresolve.RepositoryChainComponentMetaDataResolver] Using org.apache.maven:maven-artifact:3.6.3 from Maven repository 'MavenRepo'
2021-03-21T18:11:26.548+0100 [DEBUG] [org.gradle.api.internal.artifacts.ivyservice.ivyresolve.RepositoryChainComponentMetaDataResolver] Attempting to resolve component for net.jodah:typetools:0.8.3 using repositories [maven, BUNDELED_377664982, maven2, MavenRepo]
2021-03-21T18:11:26.549+0100 [DEBUG] [org.gradle.api.internal.artifacts.ivyservice.ivyresolve.CachingModuleComponentRepository] Using cached module metadata for module 'net.jodah:typetools:0.8.3' in 'maven'
2021-03-21T18:11:26.549+0100 [DEBUG] [org.gradle.api.internal.artifacts.ivyservice.ivyresolve.RepositoryChainComponentMetaDataResolver] Using net.jodah:typetools:0.8.3 from Maven repository 'maven'
2021-03-21T18:11:26.549+0100 [DEBUG] [org.gradle.internal.component.model.ComponentAttributeMatcher] Selected matches [net.jodah:typetools:0.8.3 variant runtimeElements] from candidates [net.jodah:typetools:0.8.3 variant apiElements, net.jodah:typetools:0.8.3 variant runtimeElements, net.jodah:typetools:0.8.3 variant javadocElements] for {}
2021-03-21T18:11:26.549+0100 [DEBUG] [org.gradle.api.internal.artifacts.ivyservice.ivyresolve.RepositoryChainComponentMetaDataResolver] Attempting to resolve component for org.apache.logging.log4j:log4j-api:2.11.2 using repositories [maven, BUNDELED_377664982, maven2, MavenRepo]
2021-03-21T18:11:26.550+0100 [DEBUG] [org.gradle.api.internal.artifacts.ivyservice.ivyresolve.CachingModuleComponentRepository] Using cached module metadata for module 'org.apache.logging.log4j:log4j-api:2.11.2' in 'maven'
2021-03-21T18:11:26.550+0100 [DEBUG] [org.gradle.api.internal.artifacts.repositories.resolver.DefaultExternalResourceArtifactResolver] Loading file:/C:/Users/troyvs/.gradle/caches/forge_gradle/bundeled_repo/org/apache/logging/log4j/log4j-api/2.11.2/log4j-api-2.11.2.pom
2021-03-21T18:11:26.551+0100 [DEBUG] [org.gradle.api.internal.artifacts.repositories.resolver.DefaultExternalResourceArtifactResolver] Loading file:/C:/Users/troyvs/.gradle/caches/forge_gradle/bundeled_repo/org/apache/logging/log4j/log4j-api/2.11.2/log4j-api-2.11.2.jar
2021-03-21T18:11:26.552+0100 [DEBUG] [org.gradle.api.internal.artifacts.repositories.resolver.ExternalResourceResolver] No meta-data file or artifact found for module 'org.apache.logging.log4j:log4j-api:2.11.2' in repository 'BUNDELED_377664982'.
2021-03-21T18:11:26.552+0100 [DEBUG] [org.gradle.api.internal.artifacts.ivyservice.modulecache.PersistentModuleMetadataCache] Recording absence of module descriptor in cache: org.apache.logging.log4j:log4j-api:2.11.2 [changing = false]
2021-03-21T18:11:26.553+0100 [DEBUG] [org.gradle.api.internal.artifacts.ivyservice.ivyresolve.CachingModuleComponentRepository] Detected non-existence of module 'org.apache.logging.log4j:log4j-api:2.11.2' in resolver cache 'maven2'
2021-03-21T18:11:26.555+0100 [DEBUG] [org.gradle.api.internal.artifacts.ivyservice.ivyresolve.CachingModuleComponentRepository] Using cached module metadata for module 'org.apache.logging.log4j:log4j-api:2.11.2' in 'MavenRepo'
2021-03-21T18:11:26.555+0100 [DEBUG] [org.gradle.api.internal.artifacts.ivyservice.ivyresolve.RepositoryChainComponentMetaDataResolver] Using org.apache.logging.log4j:log4j-api:2.11.2 from Maven repository 'MavenRepo'
2021-03-21T18:11:26.556+0100 [DEBUG] [org.gradle.api.internal.artifacts.ivyservice.ivyresolve.RepositoryChainComponentMetaDataResolver] Attempting to resolve component for org.apache.logging.log4j:log4j-core:2.11.2 using repositories [maven, BUNDELED_377664982, maven2, MavenRepo]
2021-03-21T18:11:26.556+0100 [DEBUG] [org.gradle.api.internal.artifacts.ivyservice.ivyresolve.CachingModuleComponentRepository] Using cached module metadata for module 'org.apache.logging.log4j:log4j-core:2.11.2' in 'maven'
2021-03-21T18:11:26.556+0100 [DEBUG] [org.gradle.api.internal.artifacts.repositories.resolver.DefaultExternalResourceArtifactResolver] Loading file:/C:/Users/troyvs/.gradle/caches/forge_gradle/bundeled_repo/org/apache/logging/log4j/log4j-core/2.11.2/log4j-core-2.11.2.pom
2021-03-21T18:11:26.557+0100 [DEBUG] [org.gradle.api.internal.artifacts.repositories.resolver.DefaultExternalResourceArtifactResolver] Loading file:/C:/Users/troyvs/.gradle/caches/forge_gradle/bundeled_repo/org/apache/logging/log4j/log4j-core/2.11.2/log4j-core-2.11.2.jar
2021-03-21T18:11:26.557+0100 [DEBUG] [org.gradle.api.internal.artifacts.repositories.resolver.ExternalResourceResolver] No meta-data file or artifact found for module 'org.apache.logging.log4j:log4j-core:2.11.2' in repository 'BUNDELED_377664982'.
2021-03-21T18:11:26.557+0100 [DEBUG] [org.gradle.api.internal.artifacts.ivyservice.modulecache.PersistentModuleMetadataCache] Recording absence of module descriptor in cache: org.apache.logging.log4j:log4j-core:2.11.2 [changing = false]
2021-03-21T18:11:26.557+0100 [DEBUG] [org.gradle.api.internal.artifacts.ivyservice.ivyresolve.CachingModuleComponentRepository] Detected non-existence of module 'org.apache.logging.log4j:log4j-core:2.11.2' in resolver cache 'maven2'
2021-03-21T18:11:26.559+0100 [DEBUG] [org.gradle.api.internal.artifacts.ivyservice.ivyresolve.CachingModuleComponentRepository] Using cached module metadata for module 'org.apache.logging.log4j:log4j-core:2.11.2' in 'MavenRepo'
2021-03-21T18:11:26.559+0100 [DEBUG] [org.gradle.api.internal.artifacts.ivyservice.ivyresolve.RepositoryChainComponentMetaDataResolver] Using org.apache.logging.log4j:log4j-core:2.11.2 from Maven repository 'MavenRepo'
2021-03-21T18:11:26.560+0100 [DEBUG] [org.gradle.api.internal.artifacts.ivyservice.ivyresolve.RepositoryChainComponentMetaDataResolver] Attempting to resolve component for net.minecrell:terminalconsoleappender:1.2.0 using repositories [maven, BUNDELED_377664982, maven2, MavenRepo]
2021-03-21T18:11:26.560+0100 [DEBUG] [org.gradle.api.internal.artifacts.ivyservice.ivyresolve.CachingModuleComponentRepository] Using cached module metadata for module 'net.minecrell:terminalconsoleappender:1.2.0' in 'maven'
2021-03-21T18:11:26.560+0100 [DEBUG] [org.gradle.api.internal.artifacts.repositories.resolver.DefaultExternalResourceArtifactResolver] Loading file:/C:/Users/troyvs/.gradle/caches/forge_gradle/bundeled_repo/net/minecrell/terminalconsoleappender/1.2.0/terminalconsoleappender-1.2.0.pom
2021-03-21T18:11:26.561+0100 [DEBUG] [org.gradle.api.internal.artifacts.repositories.resolver.DefaultExternalResourceArtifactResolver] Loading file:/C:/Users/troyvs/.gradle/caches/forge_gradle/bundeled_repo/net/minecrell/terminalconsoleappender/1.2.0/terminalconsoleappender-1.2.0.jar
2021-03-21T18:11:26.562+0100 [DEBUG] [org.gradle.api.internal.artifacts.repositories.resolver.ExternalResourceResolver] No meta-data file or artifact found for module 'net.minecrell:terminalconsoleappender:1.2.0' in repository 'BUNDELED_377664982'.
2021-03-21T18:11:26.562+0100 [DEBUG] [org.gradle.api.internal.artifacts.ivyservice.modulecache.PersistentModuleMetadataCache] Recording absence of module descriptor in cache: net.minecrell:terminalconsoleappender:1.2.0 [changing = false]
2021-03-21T18:11:26.562+0100 [DEBUG] [org.gradle.api.internal.artifacts.ivyservice.ivyresolve.CachingModuleComponentRepository] Detected non-existence of module 'net.minecrell:terminalconsoleappender:1.2.0' in resolver cache 'maven2'
2021-03-21T18:11:26.563+0100 [DEBUG] [org.gradle.api.internal.artifacts.ivyservice.ivyresolve.CachingModuleComponentRepository] Using cached module metadata for module 'net.minecrell:terminalconsoleappender:1.2.0' in 'MavenRepo'
2021-03-21T18:11:26.563+0100 [DEBUG] [org.gradle.api.internal.artifacts.ivyservice.ivyresolve.RepositoryChainComponentMetaDataResolver] Using net.minecrell:terminalconsoleappender:1.2.0 from Maven repository 'MavenRepo'
2021-03-21T18:11:26.564+0100 [DEBUG] [org.gradle.api.internal.artifacts.ivyservice.ivyresolve.RepositoryChainComponentMetaDataResolver] Attempting to resolve component for net.sf.jopt-simple:jopt-simple:5.0.4 using repositories [maven, BUNDELED_377664982, maven2, MavenRepo]
2021-03-21T18:11:26.564+0100 [DEBUG] [org.gradle.api.internal.artifacts.ivyservice.ivyresolve.CachingModuleComponentRepository] Using cached module metadata for module 'net.sf.jopt-simple:jopt-simple:5.0.4' in 'maven'
2021-03-21T18:11:26.564+0100 [DEBUG] [org.gradle.api.internal.artifacts.repositories.resolver.DefaultExternalResourceArtifactResolver] Loading file:/C:/Users/troyvs/.gradle/caches/forge_gradle/bundeled_repo/net/sf/jopt-simple/jopt-simple/5.0.4/jopt-simple-5.0.4.pom
2021-03-21T18:11:26.565+0100 [DEBUG] [org.gradle.api.internal.artifacts.repositories.resolver.DefaultExternalResourceArtifactResolver] Loading file:/C:/Users/troyvs/.gradle/caches/forge_gradle/bundeled_repo/net/sf/jopt-simple/jopt-simple/5.0.4/jopt-simple-5.0.4.jar
2021-03-21T18:11:26.565+0100 [DEBUG] [org.gradle.api.internal.artifacts.repositories.resolver.ExternalResourceResolver] No meta-data file or artifact found for module 'net.sf.jopt-simple:jopt-simple:5.0.4' in repository 'BUNDELED_377664982'.
2021-03-21T18:11:26.566+0100 [DEBUG] [org.gradle.api.internal.artifacts.ivyservice.modulecache.PersistentModuleMetadataCache] Recording absence of module descriptor in cache: net.sf.jopt-simple:jopt-simple:5.0.4 [changing = false]
2021-03-21T18:11:26.566+0100 [DEBUG] [org.gradle.api.internal.artifacts.ivyservice.ivyresolve.CachingModuleComponentRepository] Detected non-existence of module 'net.sf.jopt-simple:jopt-simple:5.0.4' in resolver cache 'maven2'
2021-03-21T18:11:26.566+0100 [DEBUG] [org.gradle.api.internal.artifacts.ivyservice.ivyresolve.CachingModuleComponentRepository] Using cached module metadata for module 'net.sf.jopt-simple:jopt-simple:5.0.4' in 'MavenRepo'
2021-03-21T18:11:26.566+0100 [DEBUG] [org.gradle.api.internal.artifacts.ivyservice.ivyresolve.RepositoryChainComponentMetaDataResolver] Using net.sf.jopt-simple:jopt-simple:5.0.4 from Maven repository 'MavenRepo'
2021-03-21T18:11:26.567+0100 [DEBUG] [org.gradle.api.internal.artifacts.ivyservice.ivyresolve.RepositoryChainComponentMetaDataResolver] Attempting to resolve component for org.spongepowered:mixin:0.8.2 using repositories [maven, BUNDELED_377664982, maven2, MavenRepo]
2021-03-21T18:11:26.567+0100 [DEBUG] [org.gradle.api.internal.artifacts.ivyservice.ivyresolve.CachingModuleComponentRepository] Using cached module metadata for module 'org.spongepowered:mixin:0.8.2' in 'maven'
2021-03-21T18:11:26.567+0100 [DEBUG] [org.gradle.api.internal.artifacts.ivyservice.ivyresolve.RepositoryChainComponentMetaDataResolver] Using org.spongepowered:mixin:0.8.2 from Maven repository 'maven'
2021-03-21T18:11:26.568+0100 [DEBUG] [org.gradle.api.internal.artifacts.ivyservice.ivyresolve.RepositoryChainComponentMetaDataResolver] Attempting to resolve component for net.minecraftforge:nashorn-core-compat:15.1.1.1 using repositories [maven, BUNDELED_377664982, maven2, MavenRepo]
2021-03-21T18:11:26.568+0100 [DEBUG] [org.gradle.api.internal.artifacts.ivyservice.ivyresolve.CachingModuleComponentRepository] Using cached module metadata for module 'net.minecraftforge:nashorn-core-compat:15.1.1.1' in 'maven'
2021-03-21T18:11:26.568+0100 [DEBUG] [org.gradle.api.internal.artifacts.ivyservice.ivyresolve.RepositoryChainComponentMetaDataResolver] Using net.minecraftforge:nashorn-core-compat:15.1.1.1 from Maven repository 'maven'
2021-03-21T18:11:26.568+0100 [DEBUG] [org.gradle.api.internal.artifacts.ivyservice.ivyresolve.RepositoryChainComponentMetaDataResolver] Attempting to resolve component for net.minecraftforge:forge:1.16.5-36.1.0 using repositories [maven, BUNDELED_377664982, maven2, MavenRepo]
2021-03-21T18:11:26.568+0100 [DEBUG] [org.gradle.api.internal.artifacts.ivyservice.ivyresolve.CachingModuleComponentRepository] Using cached module metadata for module 'net.minecraftforge:forge:1.16.5-36.1.0' in 'maven'
2021-03-21T18:11:26.569+0100 [DEBUG] [org.gradle.api.internal.artifacts.ivyservice.ivyresolve.RepositoryChainComponentMetaDataResolver] Using net.minecraftforge:forge:1.16.5-36.1.0 from Maven repository 'maven'
2021-03-21T18:11:26.569+0100 [DEBUG] [org.gradle.api.internal.artifacts.ivyservice.resolveengine.graph.builder.DependencyGraphBuilder] Visiting configuration net.minecraft:client:1.16.5(runtime).
2021-03-21T18:11:26.605+0100 [DEBUG] [org.gradle.api.internal.artifacts.ivyservice.ivyresolve.RepositoryChainComponentMetaDataResolver] Attempting to resolve component for com.mojang:patchy:1.1 using repositories [maven, BUNDELED_377664982, maven2, MavenRepo]
2021-03-21T18:11:26.605+0100 [DEBUG] [org.gradle.api.internal.artifacts.ivyservice.ivyresolve.CachingModuleComponentRepository] Detected non-existence of module 'com.mojang:patchy:1.1' in resolver cache 'maven'
2021-03-21T18:11:26.605+0100 [DEBUG] [org.gradle.api.internal.artifacts.repositories.resolver.DefaultExternalResourceArtifactResolver] Loading file:/C:/Users/troyvs/.gradle/caches/forge_gradle/bundeled_repo/com/mojang/patchy/1.1/patchy-1.1.pom
2021-03-21T18:11:26.606+0100 [DEBUG] [org.gradle.api.internal.artifacts.repositories.resolver.DefaultExternalResourceArtifactResolver] Loading file:/C:/Users/troyvs/.gradle/caches/forge_gradle/bundeled_repo/com/mojang/patchy/1.1/patchy-1.1.jar
2021-03-21T18:11:26.607+0100 [DEBUG] [org.gradle.api.internal.artifacts.repositories.resolver.ExternalResourceResolver] No meta-data file or artifact found for module 'com.mojang:patchy:1.1' in repository 'BUNDELED_377664982'.
2021-03-21T18:11:26.607+0100 [DEBUG] [org.gradle.api.internal.artifacts.ivyservice.modulecache.PersistentModuleMetadataCache] Recording absence of module descriptor in cache: com.mojang:patchy:1.1 [changing = false]
2021-03-21T18:11:26.607+0100 [DEBUG] [org.gradle.api.internal.artifacts.ivyservice.ivyresolve.CachingModuleComponentRepository] Using cached module metadata for module 'com.mojang:patchy:1.1' in 'maven2'
2021-03-21T18:11:26.607+0100 [DEBUG] [org.gradle.api.internal.artifacts.ivyservice.ivyresolve.CachingModuleComponentRepository] Detected non-existence of module 'com.mojang:patchy:1.1' in resolver cache 'MavenRepo'
2021-03-21T18:11:26.607+0100 [DEBUG] [org.gradle.api.internal.artifacts.ivyservice.ivyresolve.RepositoryChainComponentMetaDataResolver] Using com.mojang:patchy:1.1 from Maven repository 'maven2'
2021-03-21T18:11:26.608+0100 [DEBUG] [org.gradle.internal.component.model.ComponentAttributeMatcher] Selected matches [com.mojang:patchy:1.1 configuration runtime] from candidates [com.mojang:patchy:1.1 configuration compile, com.mojang:patchy:1.1 configuration runtime, com.mojang:patchy:1.1 configuration platform-compile, com.mojang:patchy:1.1 configuration platform-runtime, com.mojang:patchy:1.1 configuration enforced-platform-compile, com.mojang:patchy:1.1 configuration enforced-platform-runtime] for {}
2021-03-21T18:11:26.608+0100 [DEBUG] [org.gradle.api.internal.artifacts.ivyservice.ivyresolve.RepositoryChainComponentMetaDataResolver] Attempting to resolve component for oshi-project:oshi-core:1.1 using repositories [maven, BUNDELED_377664982, maven2, MavenRepo]
2021-03-21T18:11:26.609+0100 [DEBUG] [org.gradle.api.internal.artifacts.ivyservice.ivyresolve.CachingModuleComponentRepository] Detected non-existence of module 'oshi-project:oshi-core:1.1' in resolver cache 'maven'
2021-03-21T18:11:26.609+0100 [DEBUG] [org.gradle.api.internal.artifacts.repositories.resolver.DefaultExternalResourceArtifactResolver] Loading file:/C:/Users/troyvs/.gradle/caches/forge_gradle/bundeled_repo/oshi-project/oshi-core/1.1/oshi-core-1.1.pom
2021-03-21T18:11:26.609+0100 [DEBUG] [org.gradle.api.internal.artifacts.repositories.resolver.DefaultExternalResourceArtifactResolver] Loading file:/C:/Users/troyvs/.gradle/caches/forge_gradle/bundeled_repo/oshi-project/oshi-core/1.1/oshi-core-1.1.jar
2021-03-21T18:11:26.610+0100 [DEBUG] [org.gradle.api.internal.artifacts.repositories.resolver.ExternalResourceResolver] No meta-data file or artifact found for module 'oshi-project:oshi-core:1.1' in repository 'BUNDELED_377664982'.
2021-03-21T18:11:26.610+0100 [DEBUG] [org.gradle.api.internal.artifacts.ivyservice.modulecache.PersistentModuleMetadataCache] Recording absence of module descriptor in cache: oshi-project:oshi-core:1.1 [changing = false]
2021-03-21T18:11:26.610+0100 [DEBUG] [org.gradle.api.internal.artifacts.ivyservice.ivyresolve.CachingModuleComponentRepository] Using cached module metadata for module 'oshi-project:oshi-core:1.1' in 'maven2'
2021-03-21T18:11:26.610+0100 [DEBUG] [org.gradle.api.internal.artifacts.ivyservice.ivyresolve.CachingModuleComponentRepository] Detected non-existence of module 'oshi-project:oshi-core:1.1' in resolver cache 'MavenRepo'
2021-03-21T18:11:26.610+0100 [DEBUG] [org.gradle.api.internal.artifacts.ivyservice.ivyresolve.RepositoryChainComponentMetaDataResolver] Using oshi-project:oshi-core:1.1 from Maven repository 'maven2'
2021-03-21T18:11:26.611+0100 [DEBUG] [org.gradle.api.internal.artifacts.ivyservice.ivyresolve.RepositoryChainComponentMetaDataResolver] Attempting to resolve component for net.java.dev.jna:jna:4.4.0 using repositories [maven, BUNDELED_377664982, maven2, MavenRepo]
2021-03-21T18:11:26.611+0100 [DEBUG] [org.gradle.api.internal.artifacts.ivyservice.ivyresolve.CachingModuleComponentRepository] Detected non-existence of module 'net.java.dev.jna:jna:4.4.0' in resolver cache 'maven'
2021-03-21T18:11:26.611+0100 [DEBUG] [org.gradle.api.internal.artifacts.repositories.resolver.DefaultExternalResourceArtifactResolver] Loading file:/C:/Users/troyvs/.gradle/caches/forge_gradle/bundeled_repo/net/java/dev/jna/jna/4.4.0/jna-4.4.0.pom
2021-03-21T18:11:26.612+0100 [DEBUG] [org.gradle.api.internal.artifacts.repositories.resolver.DefaultExternalResourceArtifactResolver] Loading file:/C:/Users/troyvs/.gradle/caches/forge_gradle/bundeled_repo/net/java/dev/jna/jna/4.4.0/jna-4.4.0.jar
2021-03-21T18:11:26.612+0100 [DEBUG] [org.gradle.api.internal.artifacts.repositories.resolver.ExternalResourceResolver] No meta-data file or artifact found for module 'net.java.dev.jna:jna:4.4.0' in repository 'BUNDELED_377664982'.
2021-03-21T18:11:26.612+0100 [DEBUG] [org.gradle.api.internal.artifacts.ivyservice.modulecache.PersistentModuleMetadataCache] Recording absence of module descriptor in cache: net.java.dev.jna:jna:4.4.0 [changing = false]
2021-03-21T18:11:26.612+0100 [DEBUG] [org.gradle.api.internal.artifacts.ivyservice.ivyresolve.CachingModuleComponentRepository] Using cached module metadata for module 'net.java.dev.jna:jna:4.4.0' in 'maven2'
2021-03-21T18:11:26.613+0100 [DEBUG] [org.gradle.api.internal.artifacts.ivyservice.ivyresolve.CachingModuleComponentRepository] Using cached module metadata for module 'net.java.dev.jna:jna:4.4.0' in 'MavenRepo'
2021-03-21T18:11:26.613+0100 [DEBUG] [org.gradle.api.internal.artifacts.ivyservice.ivyresolve.RepositoryChainComponentMetaDataResolver] Using net.java.dev.jna:jna:4.4.0 from Maven repository 'MavenRepo'
2021-03-21T18:11:26.614+0100 [DEBUG] [org.gradle.api.internal.artifacts.ivyservice.ivyresolve.RepositoryChainComponentMetaDataResolver] Attempting to resolve component for net.java.dev.jna:platform:3.4.0 using repositories [maven, BUNDELED_377664982, maven2, MavenRepo]
2021-03-21T18:11:26.614+0100 [DEBUG] [org.gradle.api.internal.artifacts.ivyservice.ivyresolve.CachingModuleComponentRepository] Detected non-existence of module 'net.java.dev.jna:platform:3.4.0' in resolver cache 'maven'
2021-03-21T18:11:26.614+0100 [DEBUG] [org.gradle.api.internal.artifacts.repositories.resolver.DefaultExternalResourceArtifactResolver] Loading file:/C:/Users/troyvs/.gradle/caches/forge_gradle/bundeled_repo/net/java/dev/jna/platform/3.4.0/platform-3.4.0.pom
2021-03-21T18:11:26.614+0100 [DEBUG] [org.gradle.api.internal.artifacts.repositories.resolver.DefaultExternalResourceArtifactResolver] Loading file:/C:/Users/troyvs/.gradle/caches/forge_gradle/bundeled_repo/net/java/dev/jna/platform/3.4.0/platform-3.4.0.jar
2021-03-21T18:11:26.615+0100 [DEBUG] [org.gradle.api.internal.artifacts.repositories.resolver.ExternalResourceResolver] No meta-data file or artifact found for module 'net.java.dev.jna:platform:3.4.0' in repository 'BUNDELED_377664982'.
2021-03-21T18:11:26.616+0100 [DEBUG] [org.gradle.api.internal.artifacts.ivyservice.modulecache.PersistentModuleMetadataCache] Recording absence of module descriptor in cache: net.java.dev.jna:platform:3.4.0 [changing = false]
2021-03-21T18:11:26.616+0100 [DEBUG] [org.gradle.api.internal.artifacts.ivyservice.ivyresolve.CachingModuleComponentRepository] Using cached module metadata for module 'net.java.dev.jna:platform:3.4.0' in 'maven2'
2021-03-21T18:11:26.617+0100 [DEBUG] [org.gradle.api.internal.artifacts.ivyservice.ivyresolve.CachingModuleComponentRepository] Using cached module metadata for module 'net.java.dev.jna:platform:3.4.0' in 'MavenRepo'
2021-03-21T18:11:26.617+0100 [DEBUG] [org.gradle.api.internal.artifacts.ivyservice.ivyresolve.RepositoryChainComponentMetaDataResolver] Using net.java.dev.jna:platform:3.4.0 from Maven repository 'MavenRepo'
2021-03-21T18:11:26.618+0100 [DEBUG] [org.gradle.api.internal.artifacts.ivyservice.ivyresolve.RepositoryChainComponentMetaDataResolver] Attempting to resolve component for com.ibm.icu:icu4j:66.1 using repositories [maven, BUNDELED_377664982, maven2, MavenRepo]
2021-03-21T18:11:26.618+0100 [DEBUG] [org.gradle.api.internal.artifacts.ivyservice.ivyresolve.CachingModuleComponentRepository] Detected non-existence of module 'com.ibm.icu:icu4j:66.1' in resolver cache 'maven'
2021-03-21T18:11:26.618+0100 [DEBUG] [org.gradle.api.internal.artifacts.repositories.resolver.DefaultExternalResourceArtifactResolver] Loading file:/C:/Users/troyvs/.gradle/caches/forge_gradle/bundeled_repo/com/ibm/icu/icu4j/66.1/icu4j-66.1.pom
2021-03-21T18:11:26.619+0100 [DEBUG] [org.gradle.api.internal.artifacts.repositories.resolver.DefaultExternalResourceArtifactResolver] Loading file:/C:/Users/troyvs/.gradle/caches/forge_gradle/bundeled_repo/com/ibm/icu/icu4j/66.1/icu4j-66.1.jar
2021-03-21T18:11:26.619+0100 [DEBUG] [org.gradle.api.internal.artifacts.repositories.resolver.ExternalResourceResolver] No meta-data file or artifact found for module 'com.ibm.icu:icu4j:66.1' in repository 'BUNDELED_377664982'.
2021-03-21T18:11:26.619+0100 [DEBUG] [org.gradle.api.internal.artifacts.ivyservice.modulecache.PersistentModuleMetadataCache] Recording absence of module descriptor in cache: com.ibm.icu:icu4j:66.1 [changing = false]
2021-03-21T18:11:26.619+0100 [DEBUG] [org.gradle.api.internal.artifacts.ivyservice.ivyresolve.CachingModuleComponentRepository] Using cached module metadata for module 'com.ibm.icu:icu4j:66.1' in 'maven2'
2021-03-21T18:11:26.620+0100 [DEBUG] [org.gradle.api.internal.artifacts.ivyservice.ivyresolve.CachingModuleComponentRepository] Using cached module metadata for module 'com.ibm.icu:icu4j:66.1' in 'MavenRepo'
2021-03-21T18:11:26.621+0100 [DEBUG] [org.gradle.api.internal.artifacts.ivyservice.ivyresolve.RepositoryChainComponentMetaDataResolver] Using com.ibm.icu:icu4j:66.1 from Maven repository 'MavenRepo'
2021-03-21T18:11:26.621+0100 [DEBUG] [org.gradle.api.internal.artifacts.ivyservice.ivyresolve.RepositoryChainComponentMetaDataResolver] Attempting to resolve component for com.mojang:javabridge:1.0.22 using repositories [maven, BUNDELED_377664982, maven2, MavenRepo]
2021-03-21T18:11:26.621+0100 [DEBUG] [org.gradle.api.internal.artifacts.ivyservice.ivyresolve.CachingModuleComponentRepository] Detected non-existence of module 'com.mojang:javabridge:1.0.22' in resolver cache 'maven'
2021-03-21T18:11:26.622+0100 [DEBUG] [org.gradle.api.internal.artifacts.repositories.resolver.DefaultExternalResourceArtifactResolver] Loading file:/C:/Users/troyvs/.gradle/caches/forge_gradle/bundeled_repo/com/mojang/javabridge/1.0.22/javabridge-1.0.22.pom
2021-03-21T18:11:26.622+0100 [DEBUG] [org.gradle.api.internal.artifacts.repositories.resolver.DefaultExternalResourceArtifactResolver] Loading file:/C:/Users/troyvs/.gradle/caches/forge_gradle/bundeled_repo/com/mojang/javabridge/1.0.22/javabridge-1.0.22.jar
2021-03-21T18:11:26.623+0100 [DEBUG] [org.gradle.api.internal.artifacts.repositories.resolver.ExternalResourceResolver] No meta-data file or artifact found for module 'com.mojang:javabridge:1.0.22' in repository 'BUNDELED_377664982'.
2021-03-21T18:11:26.623+0100 [DEBUG] [org.gradle.api.internal.artifacts.ivyservice.modulecache.PersistentModuleMetadataCache] Recording absence of module descriptor in cache: com.mojang:javabridge:1.0.22 [changing = false]
2021-03-21T18:11:26.623+0100 [DEBUG] [org.gradle.api.internal.artifacts.ivyservice.ivyresolve.CachingModuleComponentRepository] Using cached module metadata for module 'com.mojang:javabridge:1.0.22' in 'maven2'
2021-03-21T18:11:26.624+0100 [DEBUG] [org.gradle.api.internal.artifacts.ivyservice.ivyresolve.CachingModuleComponentRepository] Detected non-existence of module 'com.mojang:javabridge:1.0.22' in resolver cache 'MavenRepo'
2021-03-21T18:11:26.624+0100 [DEBUG] [org.gradle.api.internal.artifacts.ivyservice.ivyresolve.RepositoryChainComponentMetaDataResolver] Using com.mojang:javabridge:1.0.22 from Maven repository 'maven2'
2021-03-21T18:11:26.624+0100 [DEBUG] [org.gradle.api.internal.artifacts.ivyservice.ivyresolve.RepositoryChainComponentMetaDataResolver] Attempting to resolve component for io.netty:netty-all:4.1.25.Final using repositories [maven, BUNDELED_377664982, maven2, MavenRepo]
2021-03-21T18:11:26.624+0100 [DEBUG] [org.gradle.api.internal.artifacts.ivyservice.ivyresolve.CachingModuleComponentRepository] Detected non-existence of module 'io.netty:netty-all:4.1.25.Final' in resolver cache 'maven'
2021-03-21T18:11:26.625+0100 [DEBUG] [org.gradle.api.internal.artifacts.repositories.resolver.DefaultExternalResourceArtifactResolver] Loading file:/C:/Users/troyvs/.gradle/caches/forge_gradle/bundeled_repo/io/netty/netty-all/4.1.25.Final/netty-all-4.1.25.Final.pom
2021-03-21T18:11:26.626+0100 [DEBUG] [org.gradle.api.internal.artifacts.repositories.resolver.DefaultExternalResourceArtifactResolver] Loading file:/C:/Users/troyvs/.gradle/caches/forge_gradle/bundeled_repo/io/netty/netty-all/4.1.25.Final/netty-all-4.1.25.Final.jar
2021-03-21T18:11:26.626+0100 [DEBUG] [org.gradle.api.internal.artifacts.repositories.resolver.ExternalResourceResolver] No meta-data file or artifact found for module 'io.netty:netty-all:4.1.25.Final' in repository 'BUNDELED_377664982'.
2021-03-21T18:11:26.627+0100 [DEBUG] [org.gradle.api.internal.artifacts.ivyservice.modulecache.PersistentModuleMetadataCache] Recording absence of module descriptor in cache: io.netty:netty-all:4.1.25.Final [changing = false]
2021-03-21T18:11:26.627+0100 [DEBUG] [org.gradle.api.internal.artifacts.ivyservice.ivyresolve.CachingModuleComponentRepository] Using cached module metadata for module 'io.netty:netty-all:4.1.25.Final' in 'maven2'
2021-03-21T18:11:26.631+0100 [DEBUG] [org.gradle.api.internal.artifacts.ivyservice.ivyresolve.CachingModuleComponentRepository] Using cached module metadata for module 'io.netty:netty-all:4.1.25.Final' in 'MavenRepo'
2021-03-21T18:11:26.631+0100 [DEBUG] [org.gradle.api.internal.artifacts.ivyservice.ivyresolve.RepositoryChainComponentMetaDataResolver] Using io.netty:netty-all:4.1.25.Final from Maven repository 'MavenRepo'
2021-03-21T18:11:26.632+0100 [DEBUG] [org.gradle.api.internal.artifacts.ivyservice.ivyresolve.RepositoryChainComponentMetaDataResolver] Attempting to resolve component for com.google.guava:guava:21.0 using repositories [maven, BUNDELED_377664982, maven2, MavenRepo]
2021-03-21T18:11:26.632+0100 [DEBUG] [org.gradle.api.internal.artifacts.ivyservice.ivyresolve.CachingModuleComponentRepository] Detected non-existence of module 'com.google.guava:guava:21.0' in resolver cache 'maven'
2021-03-21T18:11:26.633+0100 [DEBUG] [org.gradle.api.internal.artifacts.repositories.resolver.DefaultExternalResourceArtifactResolver] Loading file:/C:/Users/troyvs/.gradle/caches/forge_gradle/bundeled_repo/com/google/guava/guava/21.0/guava-21.0.pom
2021-03-21T18:11:26.635+0100 [DEBUG] [org.gradle.api.internal.artifacts.repositories.resolver.DefaultExternalResourceArtifactResolver] Loading file:/C:/Users/troyvs/.gradle/caches/forge_gradle/bundeled_repo/com/google/guava/guava/21.0/guava-21.0.jar
2021-03-21T18:11:26.636+0100 [DEBUG] [org.gradle.api.internal.artifacts.repositories.resolver.ExternalResourceResolver] No meta-data file or artifact found for module 'com.google.guava:guava:21.0' in repository 'BUNDELED_377664982'.
2021-03-21T18:11:26.636+0100 [DEBUG] [org.gradle.api.internal.artifacts.ivyservice.modulecache.PersistentModuleMetadataCache] Recording absence of module descriptor in cache: com.google.guava:guava:21.0 [changing = false]
2021-03-21T18:11:26.636+0100 [DEBUG] [org.gradle.api.internal.artifacts.ivyservice.ivyresolve.CachingModuleComponentRepository] Using cached module metadata for module 'com.google.guava:guava:21.0' in 'maven2'
2021-03-21T18:11:26.637+0100 [DEBUG] [org.gradle.api.internal.artifacts.ivyservice.ivyresolve.CachingModuleComponentRepository] Using cached module metadata for module 'com.google.guava:guava:21.0' in 'MavenRepo'
2021-03-21T18:11:26.638+0100 [DEBUG] [org.gradle.api.internal.artifacts.ivyservice.ivyresolve.RepositoryChainComponentMetaDataResolver] Using com.google.guava:guava:21.0 from Maven repository 'MavenRepo'
2021-03-21T18:11:26.638+0100 [DEBUG] [org.gradle.api.internal.artifacts.ivyservice.ivyresolve.RepositoryChainComponentMetaDataResolver] Attempting to resolve component for org.apache.commons:commons-lang3:3.5 using repositories [maven, BUNDELED_377664982, maven2, MavenRepo]
2021-03-21T18:11:26.638+0100 [DEBUG] [org.gradle.api.internal.artifacts.ivyservice.ivyresolve.CachingModuleComponentRepository] Detected non-existence of module 'org.apache.commons:commons-lang3:3.5' in resolver cache 'maven'
2021-03-21T18:11:26.638+0100 [DEBUG] [org.gradle.api.internal.artifacts.repositories.resolver.DefaultExternalResourceArtifactResolver] Loading file:/C:/Users/troyvs/.gradle/caches/forge_gradle/bundeled_repo/org/apache/commons/commons-lang3/3.5/commons-lang3-3.5.pom
2021-03-21T18:11:26.639+0100 [DEBUG] [org.gradle.api.internal.artifacts.repositories.resolver.DefaultExternalResourceArtifactResolver] Loading file:/C:/Users/troyvs/.gradle/caches/forge_gradle/bundeled_repo/org/apache/commons/commons-lang3/3.5/commons-lang3-3.5.jar
2021-03-21T18:11:26.639+0100 [DEBUG] [org.gradle.api.internal.artifacts.repositories.resolver.ExternalResourceResolver] No meta-data file or artifact found for module 'org.apache.commons:commons-lang3:3.5' in repository 'BUNDELED_377664982'.
2021-03-21T18:11:26.639+0100 [DEBUG] [org.gradle.api.internal.artifacts.ivyservice.modulecache.PersistentModuleMetadataCache] Recording absence of module descriptor in cache: org.apache.commons:commons-lang3:3.5 [changing = false]
2021-03-21T18:11:26.639+0100 [DEBUG] [org.gradle.api.internal.artifacts.ivyservice.ivyresolve.CachingModuleComponentRepository] Using cached module metadata for module 'org.apache.commons:commons-lang3:3.5' in 'maven2'
2021-03-21T18:11:26.640+0100 [DEBUG] [org.gradle.api.internal.artifacts.ivyservice.ivyresolve.CachingModuleComponentRepository] Using cached module metadata for module 'org.apache.commons:commons-lang3:3.5' in 'MavenRepo'
2021-03-21T18:11:26.640+0100 [DEBUG] [org.gradle.api.internal.artifacts.ivyservice.ivyresolve.RepositoryChainComponentMetaDataResolver] Using org.apache.commons:commons-lang3:3.5 from Maven repository 'MavenRepo'
2021-03-21T18:11:26.641+0100 [DEBUG] [org.gradle.api.internal.artifacts.ivyservice.ivyresolve.RepositoryChainComponentMetaDataResolver] Attempting to resolve component for commons-io:commons-io:2.5 using repositories [maven, BUNDELED_377664982, maven2, MavenRepo]
2021-03-21T18:11:26.641+0100 [DEBUG] [org.gradle.api.internal.artifacts.ivyservice.ivyresolve.CachingModuleComponentRepository] Detected non-existence of module 'commons-io:commons-io:2.5' in resolver cache 'maven'
2021-03-21T18:11:26.641+0100 [DEBUG] [org.gradle.api.internal.artifacts.repositories.resolver.DefaultExternalResourceArtifactResolver] Loading file:/C:/Users/troyvs/.gradle/caches/forge_gradle/bundeled_repo/commons-io/commons-io/2.5/commons-io-2.5.pom
2021-03-21T18:11:26.641+0100 [DEBUG] [org.gradle.api.internal.artifacts.repositories.resolver.DefaultExternalResourceArtifactResolver] Loading file:/C:/Users/troyvs/.gradle/caches/forge_gradle/bundeled_repo/commons-io/commons-io/2.5/commons-io-2.5.jar
2021-03-21T18:11:26.642+0100 [DEBUG] [org.gradle.api.internal.artifacts.repositories.resolver.ExternalResourceResolver] No meta-data file or artifact found for module 'commons-io:commons-io:2.5' in repository 'BUNDELED_377664982'.
2021-03-21T18:11:26.642+0100 [DEBUG] [org.gradle.api.internal.artifacts.ivyservice.modulecache.PersistentModuleMetadataCache] Recording absence of module descriptor in cache: commons-io:commons-io:2.5 [changing = false]
2021-03-21T18:11:26.642+0100 [DEBUG] [org.gradle.api.internal.artifacts.ivyservice.ivyresolve.CachingModuleComponentRepository] Using cached module metadata for module 'commons-io:commons-io:2.5' in 'maven2'
2021-03-21T18:11:26.642+0100 [DEBUG] [org.gradle.api.internal.artifacts.ivyservice.ivyresolve.CachingModuleComponentRepository] Using cached module metadata for module 'commons-io:commons-io:2.5' in 'MavenRepo'
2021-03-21T18:11:26.643+0100 [DEBUG] [org.gradle.api.internal.artifacts.ivyservice.ivyresolve.RepositoryChainComponentMetaDataResolver] Using commons-io:commons-io:2.5 from Maven repository 'MavenRepo'
2021-03-21T18:11:26.643+0100 [DEBUG] [org.gradle.api.internal.artifacts.ivyservice.ivyresolve.RepositoryChainComponentMetaDataResolver] Attempting to resolve component for commons-codec:commons-codec:1.10 using repositories [maven, BUNDELED_377664982, maven2, MavenRepo]
2021-03-21T18:11:26.643+0100 [DEBUG] [org.gradle.api.internal.artifacts.ivyservice.ivyresolve.CachingModuleComponentRepository] Detected non-existence of module 'commons-codec:commons-codec:1.10' in resolver cache 'maven'
2021-03-21T18:11:26.643+0100 [DEBUG] [org.gradle.api.internal.artifacts.repositories.resolver.DefaultExternalResourceArtifactResolver] Loading file:/C:/Users/troyvs/.gradle/caches/forge_gradle/bundeled_repo/commons-codec/commons-codec/1.10/commons-codec-1.10.pom
2021-03-21T18:11:26.643+0100 [DEBUG] [org.gradle.api.internal.artifacts.repositories.resolver.DefaultExternalResourceArtifactResolver] Loading file:/C:/Users/troyvs/.gradle/caches/forge_gradle/bundeled_repo/commons-codec/commons-codec/1.10/commons-codec-1.10.jar
2021-03-21T18:11:26.644+0100 [DEBUG] [org.gradle.api.internal.artifacts.repositories.resolver.ExternalResourceResolver] No meta-data file or artifact found for module 'commons-codec:commons-codec:1.10' in repository 'BUNDELED_377664982'.
2021-03-21T18:11:26.644+0100 [DEBUG] [org.gradle.api.internal.artifacts.ivyservice.modulecache.PersistentModuleMetadataCache] Recording absence of module descriptor in cache: commons-codec:commons-codec:1.10 [changing = false]
2021-03-21T18:11:26.644+0100 [DEBUG] [org.gradle.api.internal.artifacts.ivyservice.ivyresolve.CachingModuleComponentRepository] Using cached module metadata for module 'commons-codec:commons-codec:1.10' in 'maven2'
2021-03-21T18:11:26.645+0100 [DEBUG] [org.gradle.api.internal.artifacts.ivyservice.ivyresolve.CachingModuleComponentRepository] Using cached module metadata for module 'commons-codec:commons-codec:1.10' in 'MavenRepo'
2021-03-21T18:11:26.645+0100 [DEBUG] [org.gradle.api.internal.artifacts.ivyservice.ivyresolve.RepositoryChainComponentMetaDataResolver] Using commons-codec:commons-codec:1.10 from Maven repository 'MavenRepo'
2021-03-21T18:11:26.645+0100 [DEBUG] [org.gradle.api.internal.artifacts.ivyservice.ivyresolve.RepositoryChainComponentMetaDataResolver] Attempting to resolve component for net.java.jinput:jinput:2.0.5 using repositories [maven, BUNDELED_377664982, maven2, MavenRepo]
2021-03-21T18:11:26.645+0100 [DEBUG] [org.gradle.api.internal.artifacts.ivyservice.ivyresolve.CachingModuleComponentRepository] Detected non-existence of module 'net.java.jinput:jinput:2.0.5' in resolver cache 'maven'
2021-03-21T18:11:26.645+0100 [DEBUG] [org.gradle.api.internal.artifacts.repositories.resolver.DefaultExternalResourceArtifactResolver] Loading file:/C:/Users/troyvs/.gradle/caches/forge_gradle/bundeled_repo/net/java/jinput/jinput/2.0.5/jinput-2.0.5.pom
2021-03-21T18:11:26.646+0100 [DEBUG] [org.gradle.api.internal.artifacts.repositories.resolver.DefaultExternalResourceArtifactResolver] Loading file:/C:/Users/troyvs/.gradle/caches/forge_gradle/bundeled_repo/net/java/jinput/jinput/2.0.5/jinput-2.0.5.jar
2021-03-21T18:11:26.646+0100 [DEBUG] [org.gradle.api.internal.artifacts.repositories.resolver.ExternalResourceResolver] No meta-data file or artifact found for module 'net.java.jinput:jinput:2.0.5' in repository 'BUNDELED_377664982'.
2021-03-21T18:11:26.646+0100 [DEBUG] [org.gradle.api.internal.artifacts.ivyservice.modulecache.PersistentModuleMetadataCache] Recording absence of module descriptor in cache: net.java.jinput:jinput:2.0.5 [changing = false]
2021-03-21T18:11:26.646+0100 [DEBUG] [org.gradle.api.internal.artifacts.ivyservice.ivyresolve.CachingModuleComponentRepository] Using cached module metadata for module 'net.java.jinput:jinput:2.0.5' in 'maven2'
2021-03-21T18:11:26.647+0100 [DEBUG] [org.gradle.api.internal.artifacts.ivyservice.ivyresolve.CachingModuleComponentRepository] Using cached module metadata for module 'net.java.jinput:jinput:2.0.5' in 'MavenRepo'
2021-03-21T18:11:26.647+0100 [DEBUG] [org.gradle.api.internal.artifacts.ivyservice.ivyresolve.RepositoryChainComponentMetaDataResolver] Using net.java.jinput:jinput:2.0.5 from Maven repository 'MavenRepo'
2021-03-21T18:11:26.648+0100 [DEBUG] [org.gradle.api.internal.artifacts.ivyservice.ivyresolve.RepositoryChainComponentMetaDataResolver] Attempting to resolve component for net.java.jutils:jutils:1.0.0 using repositories [maven, BUNDELED_377664982, maven2, MavenRepo]
2021-03-21T18:11:26.649+0100 [DEBUG] [org.gradle.api.internal.artifacts.ivyservice.ivyresolve.CachingModuleComponentRepository] Detected non-existence of module 'net.java.jutils:jutils:1.0.0' in resolver cache 'maven'
2021-03-21T18:11:26.649+0100 [DEBUG] [org.gradle.api.internal.artifacts.repositories.resolver.DefaultExternalResourceArtifactResolver] Loading file:/C:/Users/troyvs/.gradle/caches/forge_gradle/bundeled_repo/net/java/jutils/jutils/1.0.0/jutils-1.0.0.pom
2021-03-21T18:11:26.650+0100 [DEBUG] [org.gradle.api.internal.artifacts.repositories.resolver.DefaultExternalResourceArtifactResolver] Loading file:/C:/Users/troyvs/.gradle/caches/forge_gradle/bundeled_repo/net/java/jutils/jutils/1.0.0/jutils-1.0.0.jar
2021-03-21T18:11:26.650+0100 [DEBUG] [org.gradle.api.internal.artifacts.repositories.resolver.ExternalResourceResolver] No meta-data file or artifact found for module 'net.java.jutils:jutils:1.0.0' in repository 'BUNDELED_377664982'.
2021-03-21T18:11:26.650+0100 [DEBUG] [org.gradle.api.internal.artifacts.ivyservice.modulecache.PersistentModuleMetadataCache] Recording absence of module descriptor in cache: net.java.jutils:jutils:1.0.0 [changing = false]
2021-03-21T18:11:26.650+0100 [DEBUG] [org.gradle.api.internal.artifacts.ivyservice.ivyresolve.CachingModuleComponentRepository] Using cached module metadata for module 'net.java.jutils:jutils:1.0.0' in 'maven2'
2021-03-21T18:11:26.651+0100 [DEBUG] [org.gradle.api.internal.artifacts.ivyservice.ivyresolve.CachingModuleComponentRepository] Using cached module metadata for module 'net.java.jutils:jutils:1.0.0' in 'MavenRepo'
2021-03-21T18:11:26.651+0100 [DEBUG] [org.gradle.api.internal.artifacts.ivyservice.ivyresolve.RepositoryChainComponentMetaDataResolver] Using net.java.jutils:jutils:1.0.0 from Maven repository 'MavenRepo'
2021-03-21T18:11:26.651+0100 [DEBUG] [org.gradle.api.internal.artifacts.ivyservice.ivyresolve.RepositoryChainComponentMetaDataResolver] Attempting to resolve component for com.mojang:brigadier:1.0.17 using repositories [maven, BUNDELED_377664982, maven2, MavenRepo]
2021-03-21T18:11:26.651+0100 [DEBUG] [org.gradle.api.internal.artifacts.ivyservice.ivyresolve.CachingModuleComponentRepository] Detected non-existence of module 'com.mojang:brigadier:1.0.17' in resolver cache 'maven'
2021-03-21T18:11:26.652+0100 [DEBUG] [org.gradle.api.internal.artifacts.repositories.resolver.DefaultExternalResourceArtifactResolver] Loading file:/C:/Users/troyvs/.gradle/caches/forge_gradle/bundeled_repo/com/mojang/brigadier/1.0.17/brigadier-1.0.17.pom
2021-03-21T18:11:26.652+0100 [DEBUG] [org.gradle.api.internal.artifacts.repositories.resolver.DefaultExternalResourceArtifactResolver] Loading file:/C:/Users/troyvs/.gradle/caches/forge_gradle/bundeled_repo/com/mojang/brigadier/1.0.17/brigadier-1.0.17.jar
2021-03-21T18:11:26.652+0100 [DEBUG] [org.gradle.api.internal.artifacts.repositories.resolver.ExternalResourceResolver] No meta-data file or artifact found for module 'com.mojang:brigadier:1.0.17' in repository 'BUNDELED_377664982'.
2021-03-21T18:11:26.653+0100 [DEBUG] [org.gradle.api.internal.artifacts.ivyservice.modulecache.PersistentModuleMetadataCache] Recording absence of module descriptor in cache: com.mojang:brigadier:1.0.17 [changing = false]
2021-03-21T18:11:26.653+0100 [DEBUG] [org.gradle.api.internal.artifacts.ivyservice.ivyresolve.CachingModuleComponentRepository] Using cached module metadata for module 'com.mojang:brigadier:1.0.17' in 'maven2'
2021-03-21T18:11:26.653+0100 [DEBUG] [org.gradle.api.internal.artifacts.ivyservice.ivyresolve.CachingModuleComponentRepository] Detected non-existence of module 'com.mojang:brigadier:1.0.17' in resolver cache 'MavenRepo'
2021-03-21T18:11:26.653+0100 [DEBUG] [org.gradle.api.internal.artifacts.ivyservice.ivyresolve.RepositoryChainComponentMetaDataResolver] Using com.mojang:brigadier:1.0.17 from Maven repository 'maven2'
2021-03-21T18:11:26.653+0100 [DEBUG] [org.gradle.api.internal.artifacts.ivyservice.ivyresolve.RepositoryChainComponentMetaDataResolver] Attempting to resolve component for com.mojang:datafixerupper:4.0.26 using repositories [maven, BUNDELED_377664982, maven2, MavenRepo]
2021-03-21T18:11:26.653+0100 [DEBUG] [org.gradle.api.internal.artifacts.ivyservice.ivyresolve.CachingModuleComponentRepository] Detected non-existence of module 'com.mojang:datafixerupper:4.0.26' in resolver cache 'maven'
2021-03-21T18:11:26.654+0100 [DEBUG] [org.gradle.api.internal.artifacts.repositories.resolver.DefaultExternalResourceArtifactResolver] Loading file:/C:/Users/troyvs/.gradle/caches/forge_gradle/bundeled_repo/com/mojang/datafixerupper/4.0.26/datafixerupper-4.0.26.pom
2021-03-21T18:11:26.654+0100 [DEBUG] [org.gradle.api.internal.artifacts.repositories.resolver.DefaultExternalResourceArtifactResolver] Loading file:/C:/Users/troyvs/.gradle/caches/forge_gradle/bundeled_repo/com/mojang/datafixerupper/4.0.26/datafixerupper-4.0.26.jar
2021-03-21T18:11:26.655+0100 [DEBUG] [org.gradle.api.internal.artifacts.repositories.resolver.ExternalResourceResolver] No meta-data file or artifact found for module 'com.mojang:datafixerupper:4.0.26' in repository 'BUNDELED_377664982'.
2021-03-21T18:11:26.655+0100 [DEBUG] [org.gradle.api.internal.artifacts.ivyservice.modulecache.PersistentModuleMetadataCache] Recording absence of module descriptor in cache: com.mojang:datafixerupper:4.0.26 [changing = false]
2021-03-21T18:11:26.655+0100 [DEBUG] [org.gradle.api.internal.artifacts.ivyservice.ivyresolve.CachingModuleComponentRepository] Using cached module metadata for module 'com.mojang:datafixerupper:4.0.26' in 'maven2'
2021-03-21T18:11:26.655+0100 [DEBUG] [org.gradle.api.internal.artifacts.ivyservice.ivyresolve.CachingModuleComponentRepository] Detected non-existence of module 'com.mojang:datafixerupper:4.0.26' in resolver cache 'MavenRepo'
2021-03-21T18:11:26.655+0100 [DEBUG] [org.gradle.api.internal.artifacts.ivyservice.ivyresolve.RepositoryChainComponentMetaDataResolver] Using com.mojang:datafixerupper:4.0.26 from Maven repository 'maven2'
2021-03-21T18:11:26.655+0100 [DEBUG] [org.gradle.api.internal.artifacts.ivyservice.ivyresolve.RepositoryChainComponentMetaDataResolver] Attempting to resolve component for com.google.code.gson:gson:2.8.0 using repositories [maven, BUNDELED_377664982, maven2, MavenRepo]
2021-03-21T18:11:26.655+0100 [DEBUG] [org.gradle.api.internal.artifacts.ivyservice.ivyresolve.CachingModuleComponentRepository] Detected non-existence of module 'com.google.code.gson:gson:2.8.0' in resolver cache 'maven'
2021-03-21T18:11:26.656+0100 [DEBUG] [org.gradle.api.internal.artifacts.repositories.resolver.DefaultExternalResourceArtifactResolver] Loading file:/C:/Users/troyvs/.gradle/caches/forge_gradle/bundeled_repo/com/google/code/gson/gson/2.8.0/gson-2.8.0.pom
2021-03-21T18:11:26.657+0100 [DEBUG] [org.gradle.api.internal.artifacts.repositories.resolver.DefaultExternalResourceArtifactResolver] Loading file:/C:/Users/troyvs/.gradle/caches/forge_gradle/bundeled_repo/com/google/code/gson/gson/2.8.0/gson-2.8.0.jar
2021-03-21T18:11:26.658+0100 [DEBUG] [org.gradle.api.internal.artifacts.repositories.resolver.ExternalResourceResolver] No meta-data file or artifact found for module 'com.google.code.gson:gson:2.8.0' in repository 'BUNDELED_377664982'.
2021-03-21T18:11:26.658+0100 [DEBUG] [org.gradle.api.internal.artifacts.ivyservice.modulecache.PersistentModuleMetadataCache] Recording absence of module descriptor in cache: com.google.code.gson:gson:2.8.0 [changing = false]
2021-03-21T18:11:26.658+0100 [DEBUG] [org.gradle.api.internal.artifacts.ivyservice.ivyresolve.CachingModuleComponentRepository] Using cached module metadata for module 'com.google.code.gson:gson:2.8.0' in 'maven2'
2021-03-21T18:11:26.659+0100 [DEBUG] [org.gradle.api.internal.artifacts.ivyservice.ivyresolve.CachingModuleComponentRepository] Using cached module metadata for module 'com.google.code.gson:gson:2.8.0' in 'MavenRepo'
2021-03-21T18:11:26.659+0100 [DEBUG] [org.gradle.api.internal.artifacts.ivyservice.ivyresolve.RepositoryChainComponentMetaDataResolver] Using com.google.code.gson:gson:2.8.0 from Maven repository 'MavenRepo'
2021-03-21T18:11:26.659+0100 [DEBUG] [org.gradle.api.internal.artifacts.ivyservice.ivyresolve.RepositoryChainComponentMetaDataResolver] Attempting to resolve component for com.mojang:authlib:2.1.28 using repositories [maven, BUNDELED_377664982, maven2, MavenRepo]
2021-03-21T18:11:26.659+0100 [DEBUG] [org.gradle.api.internal.artifacts.ivyservice.ivyresolve.CachingModuleComponentRepository] Detected non-existence of module 'com.mojang:authlib:2.1.28' in resolver cache 'maven'
2021-03-21T18:11:26.660+0100 [DEBUG] [org.gradle.api.internal.artifacts.repositories.resolver.DefaultExternalResourceArtifactResolver] Loading file:/C:/Users/troyvs/.gradle/caches/forge_gradle/bundeled_repo/com/mojang/authlib/2.1.28/authlib-2.1.28.pom
2021-03-21T18:11:26.660+0100 [DEBUG] [org.gradle.api.internal.artifacts.repositories.resolver.DefaultExternalResourceArtifactResolver] Loading file:/C:/Users/troyvs/.gradle/caches/forge_gradle/bundeled_repo/com/mojang/authlib/2.1.28/authlib-2.1.28.jar
2021-03-21T18:11:26.661+0100 [DEBUG] [org.gradle.api.internal.artifacts.repositories.resolver.ExternalResourceResolver] No meta-data file or artifact found for module 'com.mojang:authlib:2.1.28' in repository 'BUNDELED_377664982'.
2021-03-21T18:11:26.661+0100 [DEBUG] [org.gradle.api.internal.artifacts.ivyservice.modulecache.PersistentModuleMetadataCache] Recording absence of module descriptor in cache: com.mojang:authlib:2.1.28 [changing = false]
2021-03-21T18:11:26.661+0100 [DEBUG] [org.gradle.api.internal.artifacts.ivyservice.ivyresolve.CachingModuleComponentRepository] Using cached module metadata for module 'com.mojang:authlib:2.1.28' in 'maven2'
2021-03-21T18:11:26.661+0100 [DEBUG] [org.gradle.api.internal.artifacts.ivyservice.ivyresolve.CachingModuleComponentRepository] Detected non-existence of module 'com.mojang:authlib:2.1.28' in resolver cache 'MavenRepo'
2021-03-21T18:11:26.661+0100 [DEBUG] [org.gradle.api.internal.artifacts.ivyservice.ivyresolve.RepositoryChainComponentMetaDataResolver] Using com.mojang:authlib:2.1.28 from Maven repository 'maven2'
2021-03-21T18:11:26.662+0100 [DEBUG] [org.gradle.api.internal.artifacts.ivyservice.ivyresolve.RepositoryChainComponentMetaDataResolver] Attempting to resolve component for org.apache.commons:commons-compress:1.8.1 using repositories [maven, BUNDELED_377664982, maven2, MavenRepo]
2021-03-21T18:11:26.662+0100 [DEBUG] [org.gradle.api.internal.artifacts.ivyservice.ivyresolve.CachingModuleComponentRepository] Detected non-existence of module 'org.apache.commons:commons-compress:1.8.1' in resolver cache 'maven'
2021-03-21T18:11:26.662+0100 [DEBUG] [org.gradle.api.internal.artifacts.repositories.resolver.DefaultExternalResourceArtifactResolver] Loading file:/C:/Users/troyvs/.gradle/caches/forge_gradle/bundeled_repo/org/apache/commons/commons-compress/1.8.1/commons-compress-1.8.1.pom
2021-03-21T18:11:26.663+0100 [DEBUG] [org.gradle.api.internal.artifacts.repositories.resolver.DefaultExternalResourceArtifactResolver] Loading file:/C:/Users/troyvs/.gradle/caches/forge_gradle/bundeled_repo/org/apache/commons/commons-compress/1.8.1/commons-compress-1.8.1.jar
2021-03-21T18:11:26.663+0100 [DEBUG] [org.gradle.api.internal.artifacts.repositories.resolver.ExternalResourceResolver] No meta-data file or artifact found for module 'org.apache.commons:commons-compress:1.8.1' in repository 'BUNDELED_377664982'.
2021-03-21T18:11:26.664+0100 [DEBUG] [org.gradle.api.internal.artifacts.ivyservice.modulecache.PersistentModuleMetadataCache] Recording absence of module descriptor in cache: org.apache.commons:commons-compress:1.8.1 [changing = false]
2021-03-21T18:11:26.664+0100 [DEBUG] [org.gradle.api.internal.artifacts.ivyservice.ivyresolve.CachingModuleComponentRepository] Using cached module metadata for module 'org.apache.commons:commons-compress:1.8.1' in 'maven2'
2021-03-21T18:11:26.665+0100 [DEBUG] [org.gradle.api.internal.artifacts.ivyservice.ivyresolve.CachingModuleComponentRepository] Using cached module metadata for module 'org.apache.commons:commons-compress:1.8.1' in 'MavenRepo'
2021-03-21T18:11:26.665+0100 [DEBUG] [org.gradle.api.internal.artifacts.ivyservice.ivyresolve.RepositoryChainComponentMetaDataResolver] Using org.apache.commons:commons-compress:1.8.1 from Maven repository 'MavenRepo'
2021-03-21T18:11:26.665+0100 [DEBUG] [org.gradle.api.internal.artifacts.ivyservice.ivyresolve.RepositoryChainComponentMetaDataResolver] Attempting to resolve component for org.apache.httpcomponents:httpclient:4.3.3 using repositories [maven, BUNDELED_377664982, maven2, MavenRepo]
2021-03-21T18:11:26.665+0100 [DEBUG] [org.gradle.api.internal.artifacts.ivyservice.ivyresolve.CachingModuleComponentRepository] Detected non-existence of module 'org.apache.httpcomponents:httpclient:4.3.3' in resolver cache 'maven'
2021-03-21T18:11:26.666+0100 [DEBUG] [org.gradle.api.internal.artifacts.repositories.resolver.DefaultExternalResourceArtifactResolver] Loading file:/C:/Users/troyvs/.gradle/caches/forge_gradle/bundeled_repo/org/apache/httpcomponents/httpclient/4.3.3/httpclient-4.3.3.pom
2021-03-21T18:11:26.667+0100 [DEBUG] [org.gradle.api.internal.artifacts.repositories.resolver.DefaultExternalResourceArtifactResolver] Loading file:/C:/Users/troyvs/.gradle/caches/forge_gradle/bundeled_repo/org/apache/httpcomponents/httpclient/4.3.3/httpclient-4.3.3.jar
2021-03-21T18:11:26.668+0100 [DEBUG] [org.gradle.api.internal.artifacts.repositories.resolver.ExternalResourceResolver] No meta-data file or artifact found for module 'org.apache.httpcomponents:httpclient:4.3.3' in repository 'BUNDELED_377664982'.
2021-03-21T18:11:26.668+0100 [DEBUG] [org.gradle.api.internal.artifacts.ivyservice.modulecache.PersistentModuleMetadataCache] Recording absence of module descriptor in cache: org.apache.httpcomponents:httpclient:4.3.3 [changing = false]
2021-03-21T18:11:26.668+0100 [DEBUG] [org.gradle.api.internal.artifacts.ivyservice.ivyresolve.CachingModuleComponentRepository] Using cached module metadata for module 'org.apache.httpcomponents:httpclient:4.3.3' in 'maven2'
2021-03-21T18:11:26.670+0100 [DEBUG] [org.gradle.api.internal.artifacts.ivyservice.ivyresolve.CachingModuleComponentRepository] Using cached module metadata for module 'org.apache.httpcomponents:httpclient:4.3.3' in 'MavenRepo'
2021-03-21T18:11:26.670+0100 [DEBUG] [org.gradle.api.internal.artifacts.ivyservice.ivyresolve.RepositoryChainComponentMetaDataResolver] Using org.apache.httpcomponents:httpclient:4.3.3 from Maven repository 'MavenRepo'
2021-03-21T18:11:26.670+0100 [DEBUG] [org.gradle.api.internal.artifacts.ivyservice.ivyresolve.RepositoryChainComponentMetaDataResolver] Attempting to resolve component for commons-logging:commons-logging:1.1.3 using repositories [maven, BUNDELED_377664982, maven2, MavenRepo]
2021-03-21T18:11:26.670+0100 [DEBUG] [org.gradle.api.internal.artifacts.ivyservice.ivyresolve.CachingModuleComponentRepository] Detected non-existence of module 'commons-logging:commons-logging:1.1.3' in resolver cache 'maven'
2021-03-21T18:11:26.671+0100 [DEBUG] [org.gradle.api.internal.artifacts.repositories.resolver.DefaultExternalResourceArtifactResolver] Loading file:/C:/Users/troyvs/.gradle/caches/forge_gradle/bundeled_repo/commons-logging/commons-logging/1.1.3/commons-logging-1.1.3.pom
2021-03-21T18:11:26.671+0100 [DEBUG] [org.gradle.api.internal.artifacts.repositories.resolver.DefaultExternalResourceArtifactResolver] Loading file:/C:/Users/troyvs/.gradle/caches/forge_gradle/bundeled_repo/commons-logging/commons-logging/1.1.3/commons-logging-1.1.3.jar
2021-03-21T18:11:26.672+0100 [DEBUG] [org.gradle.api.internal.artifacts.repositories.resolver.ExternalResourceResolver] No meta-data file or artifact found for module 'commons-logging:commons-logging:1.1.3' in repository 'BUNDELED_377664982'.
2021-03-21T18:11:26.672+0100 [DEBUG] [org.gradle.api.internal.artifacts.ivyservice.modulecache.PersistentModuleMetadataCache] Recording absence of module descriptor in cache: commons-logging:commons-logging:1.1.3 [changing = false]
2021-03-21T18:11:26.672+0100 [DEBUG] [org.gradle.api.internal.artifacts.ivyservice.ivyresolve.CachingModuleComponentRepository] Using cached module metadata for module 'commons-logging:commons-logging:1.1.3' in 'maven2'
2021-03-21T18:11:26.673+0100 [DEBUG] [org.gradle.api.internal.artifacts.ivyservice.ivyresolve.CachingModuleComponentRepository] Using cached module metadata for module 'commons-logging:commons-logging:1.1.3' in 'MavenRepo'
2021-03-21T18:11:26.673+0100 [DEBUG] [org.gradle.api.internal.artifacts.ivyservice.ivyresolve.RepositoryChainComponentMetaDataResolver] Using commons-logging:commons-logging:1.1.3 from Maven repository 'MavenRepo'
2021-03-21T18:11:26.674+0100 [DEBUG] [org.gradle.api.internal.artifacts.ivyservice.ivyresolve.RepositoryChainComponentMetaDataResolver] Attempting to resolve component for org.apache.httpcomponents:httpcore:4.3.2 using repositories [maven, BUNDELED_377664982, maven2, MavenRepo]
2021-03-21T18:11:26.674+0100 [DEBUG] [org.gradle.api.internal.artifacts.ivyservice.ivyresolve.CachingModuleComponentRepository] Detected non-existence of module 'org.apache.httpcomponents:httpcore:4.3.2' in resolver cache 'maven'
2021-03-21T18:11:26.674+0100 [DEBUG] [org.gradle.api.internal.artifacts.repositories.resolver.DefaultExternalResourceArtifactResolver] Loading file:/C:/Users/troyvs/.gradle/caches/forge_gradle/bundeled_repo/org/apache/httpcomponents/httpcore/4.3.2/httpcore-4.3.2.pom
2021-03-21T18:11:26.675+0100 [DEBUG] [org.gradle.api.internal.artifacts.repositories.resolver.DefaultExternalResourceArtifactResolver] Loading file:/C:/Users/troyvs/.gradle/caches/forge_gradle/bundeled_repo/org/apache/httpcomponents/httpcore/4.3.2/httpcore-4.3.2.jar
2021-03-21T18:11:26.675+0100 [DEBUG] [org.gradle.api.internal.artifacts.repositories.resolver.ExternalResourceResolver] No meta-data file or artifact found for module 'org.apache.httpcomponents:httpcore:4.3.2' in repository 'BUNDELED_377664982'.
2021-03-21T18:11:26.675+0100 [DEBUG] [org.gradle.api.internal.artifacts.ivyservice.modulecache.PersistentModuleMetadataCache] Recording absence of module descriptor in cache: org.apache.httpcomponents:httpcore:4.3.2 [changing = false]
2021-03-21T18:11:26.675+0100 [DEBUG] [org.gradle.api.internal.artifacts.ivyservice.ivyresolve.CachingModuleComponentRepository] Using cached module metadata for module 'org.apache.httpcomponents:httpcore:4.3.2' in 'maven2'
2021-03-21T18:11:26.677+0100 [DEBUG] [org.gradle.api.internal.artifacts.ivyservice.ivyresolve.CachingModuleComponentRepository] Using cached module metadata for module 'org.apache.httpcomponents:httpcore:4.3.2' in 'MavenRepo'
2021-03-21T18:11:26.677+0100 [DEBUG] [org.gradle.api.internal.artifacts.ivyservice.ivyresolve.RepositoryChainComponentMetaDataResolver] Using org.apache.httpcomponents:httpcore:4.3.2 from Maven repository 'MavenRepo'
2021-03-21T18:11:26.677+0100 [DEBUG] [org.gradle.api.internal.artifacts.ivyservice.ivyresolve.RepositoryChainComponentMetaDataResolver] Attempting to resolve component for it.unimi.dsi:fastutil:8.2.1 using repositories [maven, BUNDELED_377664982, maven2, MavenRepo]
2021-03-21T18:11:26.677+0100 [DEBUG] [org.gradle.api.internal.artifacts.ivyservice.ivyresolve.CachingModuleComponentRepository] Detected non-existence of module 'it.unimi.dsi:fastutil:8.2.1' in resolver cache 'maven'
2021-03-21T18:11:26.677+0100 [DEBUG] [org.gradle.api.internal.artifacts.repositories.resolver.DefaultExternalResourceArtifactResolver] Loading file:/C:/Users/troyvs/.gradle/caches/forge_gradle/bundeled_repo/it/unimi/dsi/fastutil/8.2.1/fastutil-8.2.1.pom
2021-03-21T18:11:26.678+0100 [DEBUG] [org.gradle.api.internal.artifacts.repositories.resolver.DefaultExternalResourceArtifactResolver] Loading file:/C:/Users/troyvs/.gradle/caches/forge_gradle/bundeled_repo/it/unimi/dsi/fastutil/8.2.1/fastutil-8.2.1.jar
2021-03-21T18:11:26.678+0100 [DEBUG] [org.gradle.api.internal.artifacts.repositories.resolver.ExternalResourceResolver] No meta-data file or artifact found for module 'it.unimi.dsi:fastutil:8.2.1' in repository 'BUNDELED_377664982'.
2021-03-21T18:11:26.678+0100 [DEBUG] [org.gradle.api.internal.artifacts.ivyservice.modulecache.PersistentModuleMetadataCache] Recording absence of module descriptor in cache: it.unimi.dsi:fastutil:8.2.1 [changing = false]
2021-03-21T18:11:26.678+0100 [DEBUG] [org.gradle.api.internal.artifacts.ivyservice.ivyresolve.CachingModuleComponentRepository] Using cached module metadata for module 'it.unimi.dsi:fastutil:8.2.1' in 'maven2'
2021-03-21T18:11:26.680+0100 [DEBUG] [org.gradle.api.internal.artifacts.ivyservice.ivyresolve.CachingModuleComponentRepository] Using cached module metadata for module 'it.unimi.dsi:fastutil:8.2.1' in 'MavenRepo'
2021-03-21T18:11:26.680+0100 [DEBUG] [org.gradle.api.internal.artifacts.ivyservice.ivyresolve.RepositoryChainComponentMetaDataResolver] Using it.unimi.dsi:fastutil:8.2.1 from Maven repository 'MavenRepo'
2021-03-21T18:11:26.682+0100 [DEBUG] [org.gradle.api.internal.artifacts.ivyservice.ivyresolve.RepositoryChainComponentMetaDataResolver] Attempting to resolve component for org.lwjgl:lwjgl:3.2.2 using repositories [maven, BUNDELED_377664982, maven2, MavenRepo]
2021-03-21T18:11:26.682+0100 [DEBUG] [org.gradle.api.internal.artifacts.ivyservice.ivyresolve.CachingModuleComponentRepository] Detected non-existence of module 'org.lwjgl:lwjgl:3.2.2' in resolver cache 'maven'
2021-03-21T18:11:26.683+0100 [DEBUG] [org.gradle.api.internal.artifacts.repositories.resolver.DefaultExternalResourceArtifactResolver] Loading file:/C:/Users/troyvs/.gradle/caches/forge_gradle/bundeled_repo/org/lwjgl/lwjgl/3.2.2/lwjgl-3.2.2.pom
2021-03-21T18:11:26.684+0100 [DEBUG] [org.gradle.api.internal.artifacts.repositories.resolver.DefaultExternalResourceArtifactResolver] Loading file:/C:/Users/troyvs/.gradle/caches/forge_gradle/bundeled_repo/org/lwjgl/lwjgl/3.2.2/lwjgl-3.2.2.jar
2021-03-21T18:11:26.685+0100 [DEBUG] [org.gradle.api.internal.artifacts.repositories.resolver.ExternalResourceResolver] No meta-data file or artifact found for module 'org.lwjgl:lwjgl:3.2.2' in repository 'BUNDELED_377664982'.
2021-03-21T18:11:26.685+0100 [DEBUG] [org.gradle.api.internal.artifacts.ivyservice.modulecache.PersistentModuleMetadataCache] Recording absence of module descriptor in cache: org.lwjgl:lwjgl:3.2.2 [changing = false]
2021-03-21T18:11:26.685+0100 [DEBUG] [org.gradle.api.internal.artifacts.ivyservice.ivyresolve.CachingModuleComponentRepository] Using cached module metadata for module 'org.lwjgl:lwjgl:3.2.2' in 'maven2'
2021-03-21T18:11:26.686+0100 [DEBUG] [org.gradle.api.internal.artifacts.ivyservice.ivyresolve.CachingModuleComponentRepository] Using cached module metadata for module 'org.lwjgl:lwjgl:3.2.2' in 'MavenRepo'
2021-03-21T18:11:26.686+0100 [DEBUG] [org.gradle.api.internal.artifacts.ivyservice.ivyresolve.RepositoryChainComponentMetaDataResolver] Using org.lwjgl:lwjgl:3.2.2 from Maven repository 'MavenRepo'
2021-03-21T18:11:26.686+0100 [DEBUG] [org.gradle.api.internal.artifacts.ivyservice.ivyresolve.RepositoryChainComponentMetaDataResolver] Attempting to resolve component for org.lwjgl:lwjgl-jemalloc:3.2.2 using repositories [maven, BUNDELED_377664982, maven2, MavenRepo]
2021-03-21T18:11:26.687+0100 [DEBUG] [org.gradle.api.internal.artifacts.ivyservice.ivyresolve.CachingModuleComponentRepository] Detected non-existence of module 'org.lwjgl:lwjgl-jemalloc:3.2.2' in resolver cache 'maven'
2021-03-21T18:11:26.687+0100 [DEBUG] [org.gradle.api.internal.artifacts.repositories.resolver.DefaultExternalResourceArtifactResolver] Loading file:/C:/Users/troyvs/.gradle/caches/forge_gradle/bundeled_repo/org/lwjgl/lwjgl-jemalloc/3.2.2/lwjgl-jemalloc-3.2.2.pom
2021-03-21T18:11:26.687+0100 [DEBUG] [org.gradle.api.internal.artifacts.repositories.resolver.DefaultExternalResourceArtifactResolver] Loading file:/C:/Users/troyvs/.gradle/caches/forge_gradle/bundeled_repo/org/lwjgl/lwjgl-jemalloc/3.2.2/lwjgl-jemalloc-3.2.2.jar
2021-03-21T18:11:26.687+0100 [DEBUG] [org.gradle.api.internal.artifacts.repositories.resolver.ExternalResourceResolver] No meta-data file or artifact found for module 'org.lwjgl:lwjgl-jemalloc:3.2.2' in repository 'BUNDELED_377664982'.
2021-03-21T18:11:26.687+0100 [DEBUG] [org.gradle.api.internal.artifacts.ivyservice.modulecache.PersistentModuleMetadataCache] Recording absence of module descriptor in cache: org.lwjgl:lwjgl-jemalloc:3.2.2 [changing = false]
2021-03-21T18:11:26.688+0100 [DEBUG] [org.gradle.api.internal.artifacts.ivyservice.ivyresolve.CachingModuleComponentRepository] Using cached module metadata for module 'org.lwjgl:lwjgl-jemalloc:3.2.2' in 'maven2'
2021-03-21T18:11:26.689+0100 [DEBUG] [org.gradle.api.internal.artifacts.ivyservice.ivyresolve.CachingModuleComponentRepository] Using cached module metadata for module 'org.lwjgl:lwjgl-jemalloc:3.2.2' in 'MavenRepo'
2021-03-21T18:11:26.689+0100 [DEBUG] [org.gradle.api.internal.artifacts.ivyservice.ivyresolve.RepositoryChainComponentMetaDataResolver] Using org.lwjgl:lwjgl-jemalloc:3.2.2 from Maven repository 'MavenRepo'
2021-03-21T18:11:26.689+0100 [DEBUG] [org.gradle.api.internal.artifacts.ivyservice.ivyresolve.RepositoryChainComponentMetaDataResolver] Attempting to resolve component for org.lwjgl:lwjgl-openal:3.2.2 using repositories [maven, BUNDELED_377664982, maven2, MavenRepo]
2021-03-21T18:11:26.689+0100 [DEBUG] [org.gradle.api.internal.artifacts.ivyservice.ivyresolve.CachingModuleComponentRepository] Detected non-existence of module 'org.lwjgl:lwjgl-openal:3.2.2' in resolver cache 'maven'
2021-03-21T18:11:26.690+0100 [DEBUG] [org.gradle.api.internal.artifacts.repositories.resolver.DefaultExternalResourceArtifactResolver] Loading file:/C:/Users/troyvs/.gradle/caches/forge_gradle/bundeled_repo/org/lwjgl/lwjgl-openal/3.2.2/lwjgl-openal-3.2.2.pom
2021-03-21T18:11:26.690+0100 [DEBUG] [org.gradle.api.internal.artifacts.repositories.resolver.DefaultExternalResourceArtifactResolver] Loading file:/C:/Users/troyvs/.gradle/caches/forge_gradle/bundeled_repo/org/lwjgl/lwjgl-openal/3.2.2/lwjgl-openal-3.2.2.jar
2021-03-21T18:11:26.690+0100 [DEBUG] [org.gradle.api.internal.artifacts.repositories.resolver.ExternalResourceResolver] No meta-data file or artifact found for module 'org.lwjgl:lwjgl-openal:3.2.2' in repository 'BUNDELED_377664982'.
2021-03-21T18:11:26.690+0100 [DEBUG] [org.gradle.api.internal.artifacts.ivyservice.modulecache.PersistentModuleMetadataCache] Recording absence of module descriptor in cache: org.lwjgl:lwjgl-openal:3.2.2 [changing = false]
2021-03-21T18:11:26.690+0100 [DEBUG] [org.gradle.api.internal.artifacts.ivyservice.ivyresolve.CachingModuleComponentRepository] Using cached module metadata for module 'org.lwjgl:lwjgl-openal:3.2.2' in 'maven2'
2021-03-21T18:11:26.691+0100 [DEBUG] [org.gradle.api.internal.artifacts.ivyservice.ivyresolve.CachingModuleComponentRepository] Using cached module metadata for module 'org.lwjgl:lwjgl-openal:3.2.2' in 'MavenRepo'
2021-03-21T18:11:26.691+0100 [DEBUG] [org.gradle.api.internal.artifacts.ivyservice.ivyresolve.RepositoryChainComponentMetaDataResolver] Using org.lwjgl:lwjgl-openal:3.2.2 from Maven repository 'MavenRepo'
2021-03-21T18:11:26.692+0100 [DEBUG] [org.gradle.api.internal.artifacts.ivyservice.ivyresolve.RepositoryChainComponentMetaDataResolver] Attempting to resolve component for org.lwjgl:lwjgl-opengl:3.2.2 using repositories [maven, BUNDELED_377664982, maven2, MavenRepo]
2021-03-21T18:11:26.692+0100 [DEBUG] [org.gradle.api.internal.artifacts.ivyservice.ivyresolve.CachingModuleComponentRepository] Detected non-existence of module 'org.lwjgl:lwjgl-opengl:3.2.2' in resolver cache 'maven'
2021-03-21T18:11:26.692+0100 [DEBUG] [org.gradle.api.internal.artifacts.repositories.resolver.DefaultExternalResourceArtifactResolver] Loading file:/C:/Users/troyvs/.gradle/caches/forge_gradle/bundeled_repo/org/lwjgl/lwjgl-opengl/3.2.2/lwjgl-opengl-3.2.2.pom
2021-03-21T18:11:26.692+0100 [DEBUG] [org.gradle.api.internal.artifacts.repositories.resolver.DefaultExternalResourceArtifactResolver] Loading file:/C:/Users/troyvs/.gradle/caches/forge_gradle/bundeled_repo/org/lwjgl/lwjgl-opengl/3.2.2/lwjgl-opengl-3.2.2.jar
2021-03-21T18:11:26.693+0100 [DEBUG] [org.gradle.api.internal.artifacts.repositories.resolver.ExternalResourceResolver] No meta-data file or artifact found for module 'org.lwjgl:lwjgl-opengl:3.2.2' in repository 'BUNDELED_377664982'.
2021-03-21T18:11:26.693+0100 [DEBUG] [org.gradle.api.internal.artifacts.ivyservice.modulecache.PersistentModuleMetadataCache] Recording absence of module descriptor in cache: org.lwjgl:lwjgl-opengl:3.2.2 [changing = false]
2021-03-21T18:11:26.693+0100 [DEBUG] [org.gradle.api.internal.artifacts.ivyservice.ivyresolve.CachingModuleComponentRepository] Using cached module metadata for module 'org.lwjgl:lwjgl-opengl:3.2.2' in 'maven2'
2021-03-21T18:11:26.694+0100 [DEBUG] [org.gradle.api.internal.artifacts.ivyservice.ivyresolve.CachingModuleComponentRepository] Using cached module metadata for module 'org.lwjgl:lwjgl-opengl:3.2.2' in 'MavenRepo'
2021-03-21T18:11:26.694+0100 [DEBUG] [org.gradle.api.internal.artifacts.ivyservice.ivyresolve.RepositoryChainComponentMetaDataResolver] Using org.lwjgl:lwjgl-opengl:3.2.2 from Maven repository 'MavenRepo'
2021-03-21T18:11:26.694+0100 [DEBUG] [org.gradle.api.internal.artifacts.ivyservice.ivyresolve.RepositoryChainComponentMetaDataResolver] Attempting to resolve component for org.lwjgl:lwjgl-glfw:3.2.2 using repositories [maven, BUNDELED_377664982, maven2, MavenRepo]
2021-03-21T18:11:26.694+0100 [DEBUG] [org.gradle.api.internal.artifacts.ivyservice.ivyresolve.CachingModuleComponentRepository] Detected non-existence of module 'org.lwjgl:lwjgl-glfw:3.2.2' in resolver cache 'maven'
2021-03-21T18:11:26.695+0100 [DEBUG] [org.gradle.api.internal.artifacts.repositories.resolver.DefaultExternalResourceArtifactResolver] Loading file:/C:/Users/troyvs/.gradle/caches/forge_gradle/bundeled_repo/org/lwjgl/lwjgl-glfw/3.2.2/lwjgl-glfw-3.2.2.pom
2021-03-21T18:11:26.695+0100 [DEBUG] [org.gradle.api.internal.artifacts.repositories.resolver.DefaultExternalResourceArtifactResolver] Loading file:/C:/Users/troyvs/.gradle/caches/forge_gradle/bundeled_repo/org/lwjgl/lwjgl-glfw/3.2.2/lwjgl-glfw-3.2.2.jar
2021-03-21T18:11:26.696+0100 [DEBUG] [org.gradle.api.internal.artifacts.repositories.resolver.ExternalResourceResolver] No meta-data file or artifact found for module 'org.lwjgl:lwjgl-glfw:3.2.2' in repository 'BUNDELED_377664982'.
2021-03-21T18:11:26.696+0100 [DEBUG] [org.gradle.api.internal.artifacts.ivyservice.modulecache.PersistentModuleMetadataCache] Recording absence of module descriptor in cache: org.lwjgl:lwjgl-glfw:3.2.2 [changing = false]
2021-03-21T18:11:26.697+0100 [DEBUG] [org.gradle.api.internal.artifacts.ivyservice.ivyresolve.CachingModuleComponentRepository] Using cached module metadata for module 'org.lwjgl:lwjgl-glfw:3.2.2' in 'maven2'
2021-03-21T18:11:26.698+0100 [DEBUG] [org.gradle.api.internal.artifacts.ivyservice.ivyresolve.CachingModuleComponentRepository] Using cached module metadata for module 'org.lwjgl:lwjgl-glfw:3.2.2' in 'MavenRepo'
2021-03-21T18:11:26.698+0100 [DEBUG] [org.gradle.api.internal.artifacts.ivyservice.ivyresolve.RepositoryChainComponentMetaDataResolver] Using org.lwjgl:lwjgl-glfw:3.2.2 from Maven repository 'MavenRepo'
2021-03-21T18:11:26.699+0100 [DEBUG] [org.gradle.api.internal.artifacts.ivyservice.ivyresolve.RepositoryChainComponentMetaDataResolver] Attempting to resolve component for org.lwjgl:lwjgl-stb:3.2.2 using repositories [maven, BUNDELED_377664982, maven2, MavenRepo]
2021-03-21T18:11:26.699+0100 [DEBUG] [org.gradle.api.internal.artifacts.ivyservice.ivyresolve.CachingModuleComponentRepository] Detected non-existence of module 'org.lwjgl:lwjgl-stb:3.2.2' in resolver cache 'maven'
2021-03-21T18:11:26.700+0100 [DEBUG] [org.gradle.api.internal.artifacts.repositories.resolver.DefaultExternalResourceArtifactResolver] Loading file:/C:/Users/troyvs/.gradle/caches/forge_gradle/bundeled_repo/org/lwjgl/lwjgl-stb/3.2.2/lwjgl-stb-3.2.2.pom
2021-03-21T18:11:26.701+0100 [DEBUG] [org.gradle.api.internal.artifacts.repositories.resolver.DefaultExternalResourceArtifactResolver] Loading file:/C:/Users/troyvs/.gradle/caches/forge_gradle/bundeled_repo/org/lwjgl/lwjgl-stb/3.2.2/lwjgl-stb-3.2.2.jar
2021-03-21T18:11:26.701+0100 [DEBUG] [org.gradle.api.internal.artifacts.repositories.resolver.ExternalResourceResolver] No meta-data file or artifact found for module 'org.lwjgl:lwjgl-stb:3.2.2' in repository 'BUNDELED_377664982'.
2021-03-21T18:11:26.701+0100 [DEBUG] [org.gradle.api.internal.artifacts.ivyservice.modulecache.PersistentModuleMetadataCache] Recording absence of module descriptor in cache: org.lwjgl:lwjgl-stb:3.2.2 [changing = false]
2021-03-21T18:11:26.702+0100 [DEBUG] [org.gradle.api.internal.artifacts.ivyservice.ivyresolve.CachingModuleComponentRepository] Using cached module metadata for module 'org.lwjgl:lwjgl-stb:3.2.2' in 'maven2'
2021-03-21T18:11:26.703+0100 [DEBUG] [org.gradle.api.internal.artifacts.ivyservice.ivyresolve.CachingModuleComponentRepository] Using cached module metadata for module 'org.lwjgl:lwjgl-stb:3.2.2' in 'MavenRepo'
2021-03-21T18:11:26.703+0100 [DEBUG] [org.gradle.api.internal.artifacts.ivyservice.ivyresolve.RepositoryChainComponentMetaDataResolver] Using org.lwjgl:lwjgl-stb:3.2.2 from Maven repository 'MavenRepo'
2021-03-21T18:11:26.703+0100 [DEBUG] [org.gradle.api.internal.artifacts.ivyservice.ivyresolve.RepositoryChainComponentMetaDataResolver] Attempting to resolve component for org.lwjgl:lwjgl-tinyfd:3.2.2 using repositories [maven, BUNDELED_377664982, maven2, MavenRepo]
2021-03-21T18:11:26.703+0100 [DEBUG] [org.gradle.api.internal.artifacts.ivyservice.ivyresolve.CachingModuleComponentRepository] Detected non-existence of module 'org.lwjgl:lwjgl-tinyfd:3.2.2' in resolver cache 'maven'
2021-03-21T18:11:26.704+0100 [DEBUG] [org.gradle.api.internal.artifacts.repositories.resolver.DefaultExternalResourceArtifactResolver] Loading file:/C:/Users/troyvs/.gradle/caches/forge_gradle/bundeled_repo/org/lwjgl/lwjgl-tinyfd/3.2.2/lwjgl-tinyfd-3.2.2.pom
2021-03-21T18:11:26.704+0100 [DEBUG] [org.gradle.api.internal.artifacts.repositories.resolver.DefaultExternalResourceArtifactResolver] Loading file:/C:/Users/troyvs/.gradle/caches/forge_gradle/bundeled_repo/org/lwjgl/lwjgl-tinyfd/3.2.2/lwjgl-tinyfd-3.2.2.jar
2021-03-21T18:11:26.705+0100 [DEBUG] [org.gradle.api.internal.artifacts.repositories.resolver.ExternalResourceResolver] No meta-data file or artifact found for module 'org.lwjgl:lwjgl-tinyfd:3.2.2' in repository 'BUNDELED_377664982'.
2021-03-21T18:11:26.705+0100 [DEBUG] [org.gradle.api.internal.artifacts.ivyservice.modulecache.PersistentModuleMetadataCache] Recording absence of module descriptor in cache: org.lwjgl:lwjgl-tinyfd:3.2.2 [changing = false]
2021-03-21T18:11:26.705+0100 [DEBUG] [org.gradle.api.internal.artifacts.ivyservice.ivyresolve.CachingModuleComponentRepository] Using cached module metadata for module 'org.lwjgl:lwjgl-tinyfd:3.2.2' in 'maven2'
2021-03-21T18:11:26.707+0100 [DEBUG] [org.gradle.api.internal.artifacts.ivyservice.ivyresolve.CachingModuleComponentRepository] Using cached module metadata for module 'org.lwjgl:lwjgl-tinyfd:3.2.2' in 'MavenRepo'
2021-03-21T18:11:26.707+0100 [DEBUG] [org.gradle.api.internal.artifacts.ivyservice.ivyresolve.RepositoryChainComponentMetaDataResolver] Using org.lwjgl:lwjgl-tinyfd:3.2.2 from Maven repository 'MavenRepo'
2021-03-21T18:11:26.708+0100 [DEBUG] [org.gradle.api.internal.artifacts.ivyservice.ivyresolve.RepositoryChainComponentMetaDataResolver] Attempting to resolve component for com.mojang:text2speech:1.11.3 using repositories [maven, BUNDELED_377664982, maven2, MavenRepo]
2021-03-21T18:11:26.708+0100 [DEBUG] [org.gradle.api.internal.artifacts.ivyservice.ivyresolve.CachingModuleComponentRepository] Detected non-existence of module 'com.mojang:text2speech:1.11.3' in resolver cache 'maven'
2021-03-21T18:11:26.708+0100 [DEBUG] [org.gradle.api.internal.artifacts.repositories.resolver.DefaultExternalResourceArtifactResolver] Loading file:/C:/Users/troyvs/.gradle/caches/forge_gradle/bundeled_repo/com/mojang/text2speech/1.11.3/text2speech-1.11.3.pom
2021-03-21T18:11:26.709+0100 [DEBUG] [org.gradle.api.internal.artifacts.repositories.resolver.DefaultExternalResourceArtifactResolver] Loading file:/C:/Users/troyvs/.gradle/caches/forge_gradle/bundeled_repo/com/mojang/text2speech/1.11.3/text2speech-1.11.3.jar
2021-03-21T18:11:26.710+0100 [DEBUG] [org.gradle.api.internal.artifacts.repositories.resolver.ExternalResourceResolver] No meta-data file or artifact found for module 'com.mojang:text2speech:1.11.3' in repository 'BUNDELED_377664982'.
2021-03-21T18:11:26.710+0100 [DEBUG] [org.gradle.api.internal.artifacts.ivyservice.modulecache.PersistentModuleMetadataCache] Recording absence of module descriptor in cache: com.mojang:text2speech:1.11.3 [changing = false]
2021-03-21T18:11:26.710+0100 [DEBUG] [org.gradle.api.internal.artifacts.ivyservice.ivyresolve.CachingModuleComponentRepository] Using cached module metadata for module 'com.mojang:text2speech:1.11.3' in 'maven2'
2021-03-21T18:11:26.710+0100 [DEBUG] [org.gradle.api.internal.artifacts.ivyservice.ivyresolve.CachingModuleComponentRepository] Detected non-existence of module 'com.mojang:text2speech:1.11.3' in resolver cache 'MavenRepo'
2021-03-21T18:11:26.710+0100 [DEBUG] [org.gradle.api.internal.artifacts.ivyservice.ivyresolve.RepositoryChainComponentMetaDataResolver] Using com.mojang:text2speech:1.11.3 from Maven repository 'maven2'
2021-03-21T18:11:26.711+0100 [DEBUG] [org.gradle.api.internal.artifacts.ivyservice.resolveengine.graph.builder.DependencyGraphBuilder] Visiting configuration com.google.code.findbugs:jsr305:3.0.1(runtime).
2021-03-21T18:11:26.711+0100 [DEBUG] [org.gradle.api.internal.artifacts.ivyservice.resolveengine.graph.builder.DependencyGraphBuilder] Visiting configuration net.minecraftforge:mergetool:1.0.9(runtime).
2021-03-21T18:11:26.712+0100 [DEBUG] [org.gradle.api.internal.artifacts.ivyservice.resolveengine.graph.builder.DependencyGraphBuilder] Visiting configuration org.ow2.asm:asm:9.0(runtimeElements).
2021-03-21T18:11:26.712+0100 [DEBUG] [org.gradle.api.internal.artifacts.ivyservice.resolveengine.graph.builder.DependencyGraphBuilder] Visiting configuration org.ow2.asm:asm-commons:9.0(runtimeElements).
2021-03-21T18:11:26.712+0100 [DEBUG] [org.gradle.api.internal.artifacts.ivyservice.resolveengine.graph.builder.DependencyGraphBuilder] Visiting configuration org.ow2.asm:asm-tree:9.0(runtimeElements).
2021-03-21T18:11:26.712+0100 [DEBUG] [org.gradle.api.internal.artifacts.ivyservice.resolveengine.graph.builder.DependencyGraphBuilder] Visiting configuration org.ow2.asm:asm-util:9.0(runtimeElements).
2021-03-21T18:11:26.712+0100 [DEBUG] [org.gradle.api.internal.artifacts.ivyservice.resolveengine.graph.builder.DependencyGraphBuilder] Visiting configuration org.ow2.asm:asm-analysis:9.0(runtimeElements).
2021-03-21T18:11:26.713+0100 [DEBUG] [org.gradle.api.internal.artifacts.ivyservice.resolveengine.graph.builder.DependencyGraphBuilder] Visiting configuration cpw.mods:modlauncher:8.0.9(runtimeElements).
2021-03-21T18:11:26.714+0100 [DEBUG] [org.gradle.api.internal.artifacts.ivyservice.ivyresolve.RepositoryChainComponentMetaDataResolver] Attempting to resolve component for com.google.code.findbugs:jsr305:3.0.2 using repositories [maven, BUNDELED_377664982, maven2, MavenRepo]
2021-03-21T18:11:26.715+0100 [DEBUG] [org.gradle.api.internal.artifacts.ivyservice.ivyresolve.CachingModuleComponentRepository] Using cached module metadata for module 'com.google.code.findbugs:jsr305:3.0.2' in 'maven'
2021-03-21T18:11:26.715+0100 [DEBUG] [org.gradle.api.internal.artifacts.repositories.resolver.DefaultExternalResourceArtifactResolver] Loading file:/C:/Users/troyvs/.gradle/caches/forge_gradle/bundeled_repo/com/google/code/findbugs/jsr305/3.0.2/jsr305-3.0.2.pom
2021-03-21T18:11:26.716+0100 [DEBUG] [org.gradle.api.internal.artifacts.repositories.resolver.DefaultExternalResourceArtifactResolver] Loading file:/C:/Users/troyvs/.gradle/caches/forge_gradle/bundeled_repo/com/google/code/findbugs/jsr305/3.0.2/jsr305-3.0.2.jar
2021-03-21T18:11:26.716+0100 [DEBUG] [org.gradle.api.internal.artifacts.repositories.resolver.ExternalResourceResolver] No meta-data file or artifact found for module 'com.google.code.findbugs:jsr305:3.0.2' in repository 'BUNDELED_377664982'.
2021-03-21T18:11:26.717+0100 [DEBUG] [org.gradle.api.internal.artifacts.ivyservice.modulecache.PersistentModuleMetadataCache] Recording absence of module descriptor in cache: com.google.code.findbugs:jsr305:3.0.2 [changing = false]
2021-03-21T18:11:26.717+0100 [DEBUG] [org.gradle.api.internal.artifacts.ivyservice.ivyresolve.CachingModuleComponentRepository] Detected non-existence of module 'com.google.code.findbugs:jsr305:3.0.2' in resolver cache 'maven2'
2021-03-21T18:11:26.717+0100 [DEBUG] [org.gradle.api.internal.artifacts.ivyservice.ivyresolve.CachingModuleComponentRepository] Using cached module metadata for module 'com.google.code.findbugs:jsr305:3.0.2' in 'MavenRepo'
2021-03-21T18:11:26.717+0100 [DEBUG] [org.gradle.api.internal.artifacts.ivyservice.ivyresolve.RepositoryChainComponentMetaDataResolver] Using com.google.code.findbugs:jsr305:3.0.2 from Maven repository 'MavenRepo'
2021-03-21T18:11:26.718+0100 [DEBUG] [org.gradle.api.internal.artifacts.ivyservice.ivyresolve.DynamicVersionResolver] Attempting to resolve version for cpw.mods:grossjava9hacks:1.3.+ using repositories [maven, BUNDELED_377664982, maven2, MavenRepo]
2021-03-21T18:11:26.719+0100 [DEBUG] [org.gradle.api.internal.artifacts.ivyservice.ivyresolve.CachingModuleComponentRepository] Using cached module metadata for module 'cpw.mods:grossjava9hacks:1.3.0' in 'maven'
2021-03-21T18:11:26.722+0100 [DEBUG] [org.gradle.api.internal.artifacts.repositories.resolver.ResourceVersionLister] Listing all in file:/C:/Users/troyvs/.gradle/caches/forge_gradle/bundeled_repo/cpw/mods/grossjava9hacks/[revision]/grossjava9hacks-[revision].jar
2021-03-21T18:11:26.723+0100 [DEBUG] [org.gradle.api.internal.artifacts.repositories.resolver.ResourceVersionLister] using net.minecraftforge.artifactural.gradle.GradleRepositoryAdapter$GeneratingFileResourceRepository@1afe66f1 to list all in file:/C:/Users/troyvs/.gradle/caches/forge_gradle/bundeled_repo/cpw/mods/grossjava9hacks/
2021-03-21T18:11:26.723+0100 [DEBUG] [org.gradle.api.internal.artifacts.repositories.resolver.ResourceVersionLister] Listing all in file:/C:/Users/troyvs/.gradle/caches/forge_gradle/bundeled_repo/cpw/mods/grossjava9hacks/[revision]/grossjava9hacks-[revision].jar
2021-03-21T18:11:26.723+0100 [DEBUG] [org.gradle.api.internal.artifacts.repositories.resolver.ResourceVersionLister] using net.minecraftforge.artifactural.gradle.GradleRepositoryAdapter$GeneratingFileResourceRepository@1afe66f1 to list all in file:/C:/Users/troyvs/.gradle/caches/forge_gradle/bundeled_repo/cpw/mods/grossjava9hacks/
2021-03-21T18:11:26.724+0100 [DEBUG] [org.gradle.api.internal.artifacts.ivyservice.modulecache.dynamicversions.DefaultModuleVersionsCache] Caching version list in module versions cache: Using '[]' for 'cpw.mods:grossjava9hacks'
2021-03-21T18:11:26.725+0100 [DEBUG] [org.gradle.api.internal.artifacts.ivyservice.ivyresolve.DynamicVersionResolver] Using cpw.mods:grossjava9hacks:1.3.0 from Maven repository 'maven'
2021-03-21T18:11:26.726+0100 [DEBUG] [org.gradle.api.internal.artifacts.ivyservice.resolveengine.graph.builder.DependencyGraphBuilder] Visiting configuration com.google.code.findbugs:jsr305:3.0.1(runtime).
2021-03-21T18:11:26.726+0100 [DEBUG] [org.gradle.api.internal.artifacts.ivyservice.resolveengine.graph.builder.NodeState] version for com.google.code.findbugs:jsr305:3.0.1(runtime) is not selected. ignoring.
2021-03-21T18:11:26.726+0100 [DEBUG] [org.gradle.api.internal.artifacts.ivyservice.resolveengine.graph.builder.DependencyGraphBuilder] Visiting configuration cpw.mods:grossjava9hacks:1.3.0(runtimeElements).
2021-03-21T18:11:26.727+0100 [DEBUG] [org.gradle.api.internal.artifacts.ivyservice.resolveengine.graph.builder.DependencyGraphBuilder] Visiting configuration net.minecraftforge:accesstransformers:3.0.1(runtimeElements).
2021-03-21T18:11:26.728+0100 [DEBUG] [org.gradle.api.internal.artifacts.ivyservice.resolveengine.graph.builder.DependencyGraphBuilder] Visiting configuration org.antlr:antlr4-runtime:4.9.1(runtime).
2021-03-21T18:11:26.728+0100 [DEBUG] [org.gradle.api.internal.artifacts.ivyservice.resolveengine.graph.builder.DependencyGraphBuilder] Visiting configuration net.minecraftforge:eventbus:4.0.0(runtimeElements).
2021-03-21T18:11:26.729+0100 [DEBUG] [org.gradle.api.internal.artifacts.ivyservice.ivyresolve.DynamicVersionResolver] Attempting to resolve version for org.apache.logging.log4j:log4j-api:2.11.+ using repositories [maven, BUNDELED_377664982, maven2, MavenRepo]
2021-03-21T18:11:26.729+0100 [DEBUG] [org.gradle.api.internal.artifacts.repositories.resolver.ResourceVersionLister] Listing all in file:/C:/Users/troyvs/.gradle/caches/forge_gradle/bundeled_repo/org/apache/logging/log4j/log4j-api/[revision]/log4j-api-[revision].jar
2021-03-21T18:11:26.729+0100 [DEBUG] [org.gradle.api.internal.artifacts.repositories.resolver.ResourceVersionLister] using net.minecraftforge.artifactural.gradle.GradleRepositoryAdapter$GeneratingFileResourceRepository@1afe66f1 to list all in file:/C:/Users/troyvs/.gradle/caches/forge_gradle/bundeled_repo/org/apache/logging/log4j/log4j-api/
2021-03-21T18:11:26.730+0100 [DEBUG] [org.gradle.api.internal.artifacts.repositories.resolver.ResourceVersionLister] Listing all in file:/C:/Users/troyvs/.gradle/caches/forge_gradle/bundeled_repo/org/apache/logging/log4j/log4j-api/[revision]/log4j-api-[revision].jar
2021-03-21T18:11:26.730+0100 [DEBUG] [org.gradle.api.internal.artifacts.repositories.resolver.ResourceVersionLister] using net.minecraftforge.artifactural.gradle.GradleRepositoryAdapter$GeneratingFileResourceRepository@1afe66f1 to list all in file:/C:/Users/troyvs/.gradle/caches/forge_gradle/bundeled_repo/org/apache/logging/log4j/log4j-api/
2021-03-21T18:11:26.730+0100 [DEBUG] [org.gradle.api.internal.artifacts.ivyservice.modulecache.dynamicversions.DefaultModuleVersionsCache] Caching version list in module versions cache: Using '[]' for 'org.apache.logging.log4j:log4j-api'
2021-03-21T18:11:26.735+0100 [DEBUG] [org.gradle.api.internal.artifacts.ivyservice.ivyresolve.CachingModuleComponentRepository] Using cached module metadata for module 'org.apache.logging.log4j:log4j-api:2.11.2' in 'MavenRepo'
2021-03-21T18:11:26.735+0100 [DEBUG] [org.gradle.api.internal.artifacts.ivyservice.ivyresolve.DynamicVersionResolver] Using org.apache.logging.log4j:log4j-api:2.11.2 from Maven repository 'MavenRepo'
2021-03-21T18:11:26.735+0100 [DEBUG] [org.gradle.api.internal.artifacts.ivyservice.ivyresolve.DynamicVersionResolver] Attempting to resolve version for cpw.mods:modlauncher:6.1.+ using repositories [maven, BUNDELED_377664982, maven2, MavenRepo]
2021-03-21T18:11:26.738+0100 [DEBUG] [org.gradle.api.internal.artifacts.ivyservice.ivyresolve.CachingModuleComponentRepository] Using cached module metadata for module 'cpw.mods:modlauncher:6.1.3' in 'maven'
2021-03-21T18:11:26.739+0100 [DEBUG] [org.gradle.api.internal.artifacts.repositories.resolver.ResourceVersionLister] Listing all in file:/C:/Users/troyvs/.gradle/caches/forge_gradle/bundeled_repo/cpw/mods/modlauncher/[revision]/modlauncher-[revision]-api.jar
2021-03-21T18:11:26.739+0100 [DEBUG] [org.gradle.api.internal.artifacts.repositories.resolver.ResourceVersionLister] using net.minecraftforge.artifactural.gradle.GradleRepositoryAdapter$GeneratingFileResourceRepository@1afe66f1 to list all in file:/C:/Users/troyvs/.gradle/caches/forge_gradle/bundeled_repo/cpw/mods/modlauncher/
2021-03-21T18:11:26.740+0100 [DEBUG] [org.gradle.api.internal.artifacts.repositories.resolver.ResourceVersionLister] Listing all in file:/C:/Users/troyvs/.gradle/caches/forge_gradle/bundeled_repo/cpw/mods/modlauncher/[revision]/modlauncher-[revision]-api.jar
2021-03-21T18:11:26.740+0100 [DEBUG] [org.gradle.api.internal.artifacts.repositories.resolver.ResourceVersionLister] using net.minecraftforge.artifactural.gradle.GradleRepositoryAdapter$GeneratingFileResourceRepository@1afe66f1 to list all in file:/C:/Users/troyvs/.gradle/caches/forge_gradle/bundeled_repo/cpw/mods/modlauncher/
2021-03-21T18:11:26.740+0100 [DEBUG] [org.gradle.api.internal.artifacts.ivyservice.modulecache.dynamicversions.DefaultModuleVersionsCache] Caching version list in module versions cache: Using '[]' for 'cpw.mods:modlauncher'
2021-03-21T18:11:26.740+0100 [DEBUG] [org.gradle.api.internal.artifacts.ivyservice.ivyresolve.DynamicVersionResolver] Using cpw.mods:modlauncher:6.1.3 from Maven repository 'maven'
2021-03-21T18:11:26.741+0100 [DEBUG] [org.gradle.api.internal.artifacts.ivyservice.ivyresolve.DynamicVersionResolver] Attempting to resolve version for net.jodah:typetools:0.8.+ using repositories [maven, BUNDELED_377664982, maven2, MavenRepo]
2021-03-21T18:11:26.741+0100 [DEBUG] [org.gradle.api.internal.artifacts.ivyservice.ivyresolve.CachingModuleComponentRepository] Using cached module metadata for module 'net.jodah:typetools:0.8.3' in 'maven'
2021-03-21T18:11:26.741+0100 [DEBUG] [org.gradle.api.internal.artifacts.repositories.resolver.ResourceVersionLister] Listing all in file:/C:/Users/troyvs/.gradle/caches/forge_gradle/bundeled_repo/net/jodah/typetools/[revision]/typetools-[revision].jar
2021-03-21T18:11:26.742+0100 [DEBUG] [org.gradle.api.internal.artifacts.repositories.resolver.ResourceVersionLister] using net.minecraftforge.artifactural.gradle.GradleRepositoryAdapter$GeneratingFileResourceRepository@1afe66f1 to list all in file:/C:/Users/troyvs/.gradle/caches/forge_gradle/bundeled_repo/net/jodah/typetools/
2021-03-21T18:11:26.742+0100 [DEBUG] [org.gradle.api.internal.artifacts.repositories.resolver.ResourceVersionLister] Listing all in file:/C:/Users/troyvs/.gradle/caches/forge_gradle/bundeled_repo/net/jodah/typetools/[revision]/typetools-[revision].jar
2021-03-21T18:11:26.742+0100 [DEBUG] [org.gradle.api.internal.artifacts.repositories.resolver.ResourceVersionLister] using net.minecraftforge.artifactural.gradle.GradleRepositoryAdapter$GeneratingFileResourceRepository@1afe66f1 to list all in file:/C:/Users/troyvs/.gradle/caches/forge_gradle/bundeled_repo/net/jodah/typetools/
2021-03-21T18:11:26.742+0100 [DEBUG] [org.gradle.api.internal.artifacts.ivyservice.modulecache.dynamicversions.DefaultModuleVersionsCache] Caching version list in module versions cache: Using '[]' for 'net.jodah:typetools'
2021-03-21T18:11:26.743+0100 [DEBUG] [org.gradle.api.internal.artifacts.ivyservice.ivyresolve.DynamicVersionResolver] Using net.jodah:typetools:0.8.3 from Maven repository 'maven'
2021-03-21T18:11:26.743+0100 [DEBUG] [org.gradle.api.internal.artifacts.ivyservice.resolveengine.graph.builder.DependencyGraphBuilder] Visiting configuration net.minecraftforge:forgespi:3.2.0(runtimeElements).
2021-03-21T18:11:26.744+0100 [DEBUG] [org.gradle.api.internal.artifacts.ivyservice.ivyresolve.DynamicVersionResolver] Attempting to resolve version for cpw.mods:modlauncher:5.1.+ using repositories [maven, BUNDELED_377664982, maven2, MavenRepo]
2021-03-21T18:11:26.746+0100 [DEBUG] [org.gradle.api.internal.artifacts.ivyservice.ivyresolve.CachingModuleComponentRepository] Using cached module metadata for module 'cpw.mods:modlauncher:5.1.2' in 'maven'
2021-03-21T18:11:26.747+0100 [DEBUG] [org.gradle.api.internal.artifacts.ivyservice.ivyresolve.DynamicVersionResolver] Using cpw.mods:modlauncher:5.1.2 from Maven repository 'maven'
2021-03-21T18:11:26.747+0100 [DEBUG] [org.gradle.api.internal.artifacts.ivyservice.resolveengine.graph.builder.DependencyGraphBuilder] Visiting configuration net.minecraftforge:coremods:4.0.6(runtimeElements).
2021-03-21T18:11:26.748+0100 [DEBUG] [org.gradle.api.internal.artifacts.ivyservice.ivyresolve.DynamicVersionResolver] Attempting to resolve version for net.minecraftforge:forgespi:3.1.+ using repositories [maven, BUNDELED_377664982, maven2, MavenRepo]
2021-03-21T18:11:26.751+0100 [DEBUG] [org.gradle.api.internal.artifacts.ivyservice.ivyresolve.CachingModuleComponentRepository] Using cached module metadata for module 'net.minecraftforge:forgespi:3.1.1' in 'maven'
2021-03-21T18:11:26.752+0100 [DEBUG] [org.gradle.api.internal.artifacts.repositories.resolver.ResourceVersionLister] Listing all in file:/C:/Users/troyvs/.gradle/caches/forge_gradle/bundeled_repo/net/minecraftforge/forgespi/[revision]/forgespi-[revision].jar
2021-03-21T18:11:26.752+0100 [DEBUG] [org.gradle.api.internal.artifacts.repositories.resolver.ResourceVersionLister] using net.minecraftforge.artifactural.gradle.GradleRepositoryAdapter$GeneratingFileResourceRepository@1afe66f1 to list all in file:/C:/Users/troyvs/.gradle/caches/forge_gradle/bundeled_repo/net/minecraftforge/forgespi/
2021-03-21T18:11:26.752+0100 [DEBUG] [org.gradle.api.internal.artifacts.repositories.resolver.ResourceVersionLister] Listing all in file:/C:/Users/troyvs/.gradle/caches/forge_gradle/bundeled_repo/net/minecraftforge/forgespi/[revision]/forgespi-[revision].jar
2021-03-21T18:11:26.752+0100 [DEBUG] [org.gradle.api.internal.artifacts.repositories.resolver.ResourceVersionLister] using net.minecraftforge.artifactural.gradle.GradleRepositoryAdapter$GeneratingFileResourceRepository@1afe66f1 to list all in file:/C:/Users/troyvs/.gradle/caches/forge_gradle/bundeled_repo/net/minecraftforge/forgespi/
2021-03-21T18:11:26.752+0100 [DEBUG] [org.gradle.api.internal.artifacts.ivyservice.modulecache.dynamicversions.DefaultModuleVersionsCache] Caching version list in module versions cache: Using '[]' for 'net.minecraftforge:forgespi'
2021-03-21T18:11:26.753+0100 [DEBUG] [org.gradle.api.internal.artifacts.ivyservice.ivyresolve.DynamicVersionResolver] Using net.minecraftforge:forgespi:3.1.1 from Maven repository 'maven'
2021-03-21T18:11:26.753+0100 [DEBUG] [org.gradle.api.internal.artifacts.ivyservice.resolveengine.graph.builder.DependencyGraphBuilder] Visiting configuration net.minecraftforge:unsafe:0.2.0(runtime).
2021-03-21T18:11:26.754+0100 [DEBUG] [org.gradle.api.internal.artifacts.ivyservice.ivyresolve.DynamicVersionResolver] Attempting to resolve version for org.apache.logging.log4j:log4j-core:2.11.+ using repositories [maven, BUNDELED_377664982, maven2, MavenRepo]
2021-03-21T18:11:26.754+0100 [DEBUG] [org.gradle.api.internal.artifacts.repositories.resolver.ResourceVersionLister] Listing all in file:/C:/Users/troyvs/.gradle/caches/forge_gradle/bundeled_repo/org/apache/logging/log4j/log4j-core/[revision]/log4j-core-[revision].jar
2021-03-21T18:11:26.754+0100 [DEBUG] [org.gradle.api.internal.artifacts.repositories.resolver.ResourceVersionLister] using net.minecraftforge.artifactural.gradle.GradleRepositoryAdapter$GeneratingFileResourceRepository@1afe66f1 to list all in file:/C:/Users/troyvs/.gradle/caches/forge_gradle/bundeled_repo/org/apache/logging/log4j/log4j-core/
2021-03-21T18:11:26.755+0100 [DEBUG] [org.gradle.api.internal.artifacts.repositories.resolver.ResourceVersionLister] Listing all in file:/C:/Users/troyvs/.gradle/caches/forge_gradle/bundeled_repo/org/apache/logging/log4j/log4j-core/[revision]/log4j-core-[revision].jar
2021-03-21T18:11:26.755+0100 [DEBUG] [org.gradle.api.internal.artifacts.repositories.resolver.ResourceVersionLister] using net.minecraftforge.artifactural.gradle.GradleRepositoryAdapter$GeneratingFileResourceRepository@1afe66f1 to list all in file:/C:/Users/troyvs/.gradle/caches/forge_gradle/bundeled_repo/org/apache/logging/log4j/log4j-core/
2021-03-21T18:11:26.755+0100 [DEBUG] [org.gradle.api.internal.artifacts.ivyservice.modulecache.dynamicversions.DefaultModuleVersionsCache] Caching version list in module versions cache: Using '[]' for 'org.apache.logging.log4j:log4j-core'
2021-03-21T18:11:26.756+0100 [DEBUG] [org.gradle.api.internal.artifacts.ivyservice.ivyresolve.CachingModuleComponentRepository] Using cached module metadata for module 'org.apache.logging.log4j:log4j-core:2.11.2' in 'MavenRepo'
2021-03-21T18:11:26.756+0100 [DEBUG] [org.gradle.api.internal.artifacts.ivyservice.ivyresolve.DynamicVersionResolver] Using org.apache.logging.log4j:log4j-core:2.11.2 from Maven repository 'MavenRepo'
2021-03-21T18:11:26.756+0100 [DEBUG] [org.gradle.api.internal.artifacts.ivyservice.resolveengine.graph.builder.DependencyGraphBuilder] Visiting configuration com.electronwill.night-config:core:3.6.3(runtime).
2021-03-21T18:11:26.756+0100 [DEBUG] [org.gradle.api.internal.artifacts.ivyservice.resolveengine.graph.builder.DependencyGraphBuilder] Visiting configuration com.electronwill.night-config:toml:3.6.3(runtime).
2021-03-21T18:11:26.757+0100 [DEBUG] [org.gradle.api.internal.artifacts.ivyservice.resolveengine.graph.builder.DependencyGraphBuilder] Visiting configuration org.jline:jline:3.12.1(runtime).
2021-03-21T18:11:26.757+0100 [DEBUG] [org.gradle.api.internal.artifacts.ivyservice.resolveengine.graph.builder.DependencyGraphBuilder] Visiting configuration org.apache.maven:maven-artifact:3.6.3(runtime).
2021-03-21T18:11:26.758+0100 [DEBUG] [org.gradle.api.internal.artifacts.ivyservice.ivyresolve.RepositoryChainComponentMetaDataResolver] Attempting to resolve component for org.apache.commons:commons-lang3:3.8.1 using repositories [maven, BUNDELED_377664982, maven2, MavenRepo]
2021-03-21T18:11:26.759+0100 [DEBUG] [org.gradle.api.internal.artifacts.ivyservice.ivyresolve.CachingModuleComponentRepository] Using cached module metadata for module 'org.apache.commons:commons-lang3:3.8.1' in 'maven'
2021-03-21T18:11:26.759+0100 [DEBUG] [org.gradle.api.internal.artifacts.repositories.resolver.DefaultExternalResourceArtifactResolver] Loading file:/C:/Users/troyvs/.gradle/caches/forge_gradle/bundeled_repo/org/apache/commons/commons-lang3/3.8.1/commons-lang3-3.8.1.pom
2021-03-21T18:11:26.759+0100 [DEBUG] [org.gradle.api.internal.artifacts.repositories.resolver.DefaultExternalResourceArtifactResolver] Loading file:/C:/Users/troyvs/.gradle/caches/forge_gradle/bundeled_repo/org/apache/commons/commons-lang3/3.8.1/commons-lang3-3.8.1.jar
2021-03-21T18:11:26.760+0100 [DEBUG] [org.gradle.api.internal.artifacts.repositories.resolver.ExternalResourceResolver] No meta-data file or artifact found for module 'org.apache.commons:commons-lang3:3.8.1' in repository 'BUNDELED_377664982'.
2021-03-21T18:11:26.760+0100 [DEBUG] [org.gradle.api.internal.artifacts.ivyservice.modulecache.PersistentModuleMetadataCache] Recording absence of module descriptor in cache: org.apache.commons:commons-lang3:3.8.1 [changing = false]
2021-03-21T18:11:26.760+0100 [DEBUG] [org.gradle.api.internal.artifacts.ivyservice.ivyresolve.CachingModuleComponentRepository] Detected non-existence of module 'org.apache.commons:commons-lang3:3.8.1' in resolver cache 'maven2'
2021-03-21T18:11:26.760+0100 [DEBUG] [org.gradle.api.internal.artifacts.ivyservice.ivyresolve.CachingModuleComponentRepository] Using cached module metadata for module 'org.apache.commons:commons-lang3:3.8.1' in 'MavenRepo'
2021-03-21T18:11:26.760+0100 [DEBUG] [org.gradle.api.internal.artifacts.ivyservice.ivyresolve.RepositoryChainComponentMetaDataResolver] Using org.apache.commons:commons-lang3:3.8.1 from Maven repository 'MavenRepo'
2021-03-21T18:11:26.762+0100 [DEBUG] [org.gradle.api.internal.artifacts.ivyservice.ivyresolve.RepositoryChainComponentMetaDataResolver] Attempting to resolve component for org.codehaus.plexus:plexus-utils:3.2.1 using repositories [maven, BUNDELED_377664982, maven2, MavenRepo]
2021-03-21T18:11:26.762+0100 [DEBUG] [org.gradle.api.internal.artifacts.ivyservice.ivyresolve.CachingModuleComponentRepository] Using cached module metadata for module 'org.codehaus.plexus:plexus-utils:3.2.1' in 'maven'
2021-03-21T18:11:26.763+0100 [DEBUG] [org.gradle.api.internal.artifacts.repositories.resolver.DefaultExternalResourceArtifactResolver] Loading file:/C:/Users/troyvs/.gradle/caches/forge_gradle/bundeled_repo/org/codehaus/plexus/plexus-utils/3.2.1/plexus-utils-3.2.1.pom
2021-03-21T18:11:26.764+0100 [DEBUG] [org.gradle.api.internal.artifacts.repositories.resolver.DefaultExternalResourceArtifactResolver] Loading file:/C:/Users/troyvs/.gradle/caches/forge_gradle/bundeled_repo/org/codehaus/plexus/plexus-utils/3.2.1/plexus-utils-3.2.1.jar
2021-03-21T18:11:26.764+0100 [DEBUG] [org.gradle.api.internal.artifacts.repositories.resolver.ExternalResourceResolver] No meta-data file or artifact found for module 'org.codehaus.plexus:plexus-utils:3.2.1' in repository 'BUNDELED_377664982'.
2021-03-21T18:11:26.764+0100 [DEBUG] [org.gradle.api.internal.artifacts.ivyservice.modulecache.PersistentModuleMetadataCache] Recording absence of module descriptor in cache: org.codehaus.plexus:plexus-utils:3.2.1 [changing = false]
2021-03-21T18:11:26.765+0100 [DEBUG] [org.gradle.api.internal.artifacts.ivyservice.ivyresolve.CachingModuleComponentRepository] Detected non-existence of module 'org.codehaus.plexus:plexus-utils:3.2.1' in resolver cache 'maven2'
2021-03-21T18:11:26.765+0100 [DEBUG] [org.gradle.api.internal.artifacts.ivyservice.ivyresolve.CachingModuleComponentRepository] Using cached module metadata for module 'org.codehaus.plexus:plexus-utils:3.2.1' in 'MavenRepo'
2021-03-21T18:11:26.765+0100 [DEBUG] [org.gradle.api.internal.artifacts.ivyservice.ivyresolve.RepositoryChainComponentMetaDataResolver] Using org.codehaus.plexus:plexus-utils:3.2.1 from Maven repository 'MavenRepo'
2021-03-21T18:11:26.766+0100 [DEBUG] [org.gradle.api.internal.artifacts.ivyservice.resolveengine.graph.builder.DependencyGraphBuilder] Visiting configuration net.jodah:typetools:0.8.3(runtimeElements).
2021-03-21T18:11:26.766+0100 [DEBUG] [org.gradle.api.internal.artifacts.ivyservice.resolveengine.graph.builder.DependencyGraphBuilder] Visiting configuration org.apache.logging.log4j:log4j-api:2.11.2(runtime).
2021-03-21T18:11:26.766+0100 [DEBUG] [org.gradle.api.internal.artifacts.ivyservice.resolveengine.graph.builder.DependencyGraphBuilder] Visiting configuration org.apache.logging.log4j:log4j-core:2.11.2(runtime).
2021-03-21T18:11:26.767+0100 [DEBUG] [org.gradle.api.internal.artifacts.ivyservice.resolveengine.graph.builder.DependencyGraphBuilder] Visiting configuration net.minecrell:terminalconsoleappender:1.2.0(runtime).
2021-03-21T18:11:26.769+0100 [DEBUG] [org.gradle.api.internal.artifacts.ivyservice.ivyresolve.RepositoryChainComponentMetaDataResolver] Attempting to resolve component for org.jline:jline-reader:3.12.1 using repositories [maven, BUNDELED_377664982, maven2, MavenRepo]
2021-03-21T18:11:26.769+0100 [DEBUG] [org.gradle.api.internal.artifacts.ivyservice.ivyresolve.CachingModuleComponentRepository] Detected non-existence of module 'org.jline:jline-reader:3.12.1' in resolver cache 'maven'
2021-03-21T18:11:26.769+0100 [DEBUG] [org.gradle.api.internal.artifacts.repositories.resolver.DefaultExternalResourceArtifactResolver] Loading file:/C:/Users/troyvs/.gradle/caches/forge_gradle/bundeled_repo/org/jline/jline-reader/3.12.1/jline-reader-3.12.1.pom
2021-03-21T18:11:26.770+0100 [DEBUG] [org.gradle.api.internal.artifacts.repositories.resolver.DefaultExternalResourceArtifactResolver] Loading file:/C:/Users/troyvs/.gradle/caches/forge_gradle/bundeled_repo/org/jline/jline-reader/3.12.1/jline-reader-3.12.1.jar
2021-03-21T18:11:26.770+0100 [DEBUG] [org.gradle.api.internal.artifacts.repositories.resolver.ExternalResourceResolver] No meta-data file or artifact found for module 'org.jline:jline-reader:3.12.1' in repository 'BUNDELED_377664982'.
2021-03-21T18:11:26.770+0100 [DEBUG] [org.gradle.api.internal.artifacts.ivyservice.modulecache.PersistentModuleMetadataCache] Recording absence of module descriptor in cache: org.jline:jline-reader:3.12.1 [changing = false]
2021-03-21T18:11:26.771+0100 [DEBUG] [org.gradle.api.internal.artifacts.ivyservice.ivyresolve.CachingModuleComponentRepository] Detected non-existence of module 'org.jline:jline-reader:3.12.1' in resolver cache 'maven2'
2021-03-21T18:11:26.771+0100 [DEBUG] [org.gradle.api.internal.artifacts.ivyservice.ivyresolve.CachingModuleComponentRepository] Using cached module metadata for module 'org.jline:jline-reader:3.12.1' in 'MavenRepo'
2021-03-21T18:11:26.771+0100 [DEBUG] [org.gradle.api.internal.artifacts.ivyservice.ivyresolve.RepositoryChainComponentMetaDataResolver] Using org.jline:jline-reader:3.12.1 from Maven repository 'MavenRepo'
2021-03-21T18:11:26.771+0100 [DEBUG] [org.gradle.api.internal.artifacts.ivyservice.resolveengine.graph.builder.DependencyGraphBuilder] Visiting configuration net.sf.jopt-simple:jopt-simple:5.0.4(runtime).
2021-03-21T18:11:26.772+0100 [DEBUG] [org.gradle.api.internal.artifacts.ivyservice.resolveengine.graph.builder.DependencyGraphBuilder] Visiting configuration org.spongepowered:mixin:0.8.2(runtime).
2021-03-21T18:11:26.772+0100 [DEBUG] [org.gradle.api.internal.artifacts.ivyservice.resolveengine.graph.builder.DependencyGraphBuilder] Visiting configuration net.minecraftforge:nashorn-core-compat:15.1.1.1(runtime).
2021-03-21T18:11:26.772+0100 [DEBUG] [org.gradle.api.internal.artifacts.ivyservice.resolveengine.graph.builder.DependencyGraphBuilder] Visiting configuration net.minecraftforge:forge:1.16.5-36.1.0(runtime).
2021-03-21T18:11:26.772+0100 [DEBUG] [org.gradle.api.internal.artifacts.ivyservice.resolveengine.graph.builder.DependencyGraphBuilder] Visiting configuration com.mojang:patchy:1.1(runtime).
2021-03-21T18:11:26.772+0100 [DEBUG] [org.gradle.api.internal.artifacts.ivyservice.resolveengine.graph.builder.DependencyGraphBuilder] Visiting configuration oshi-project:oshi-core:1.1(runtime).
2021-03-21T18:11:26.772+0100 [DEBUG] [org.gradle.api.internal.artifacts.ivyservice.resolveengine.graph.builder.DependencyGraphBuilder] Visiting configuration net.java.dev.jna:jna:4.4.0(runtime).
2021-03-21T18:11:26.772+0100 [DEBUG] [org.gradle.api.internal.artifacts.ivyservice.resolveengine.graph.builder.DependencyGraphBuilder] Visiting configuration net.java.dev.jna:platform:3.4.0(runtime).
2021-03-21T18:11:26.772+0100 [DEBUG] [org.gradle.api.internal.artifacts.ivyservice.resolveengine.graph.builder.DependencyGraphBuilder] Visiting configuration com.ibm.icu:icu4j:66.1(runtime).
2021-03-21T18:11:26.772+0100 [DEBUG] [org.gradle.api.internal.artifacts.ivyservice.resolveengine.graph.builder.DependencyGraphBuilder] Visiting configuration com.mojang:javabridge:1.0.22(runtime).
2021-03-21T18:11:26.772+0100 [DEBUG] [org.gradle.api.internal.artifacts.ivyservice.resolveengine.graph.builder.DependencyGraphBuilder] Visiting configuration io.netty:netty-all:4.1.25.Final(runtime).
2021-03-21T18:11:26.773+0100 [DEBUG] [org.gradle.api.internal.artifacts.ivyservice.resolveengine.graph.builder.DependencyGraphBuilder] Visiting configuration com.google.guava:guava:21.0(runtime).
2021-03-21T18:11:26.773+0100 [DEBUG] [org.gradle.api.internal.artifacts.ivyservice.resolveengine.graph.builder.DependencyGraphBuilder] Visiting configuration org.apache.commons:commons-lang3:3.5(runtime).
2021-03-21T18:11:26.773+0100 [DEBUG] [org.gradle.api.internal.artifacts.ivyservice.resolveengine.graph.builder.NodeState] version for org.apache.commons:commons-lang3:3.5(runtime) is not selected. ignoring.
2021-03-21T18:11:26.773+0100 [DEBUG] [org.gradle.api.internal.artifacts.ivyservice.resolveengine.graph.builder.DependencyGraphBuilder] Visiting configuration commons-io:commons-io:2.5(runtime).
2021-03-21T18:11:26.773+0100 [DEBUG] [org.gradle.api.internal.artifacts.ivyservice.resolveengine.graph.builder.DependencyGraphBuilder] Visiting configuration commons-codec:commons-codec:1.10(runtime).
2021-03-21T18:11:26.773+0100 [DEBUG] [org.gradle.api.internal.artifacts.ivyservice.resolveengine.graph.builder.DependencyGraphBuilder] Visiting configuration net.java.jinput:jinput:2.0.5(runtime).
2021-03-21T18:11:26.775+0100 [DEBUG] [org.gradle.api.internal.artifacts.ivyservice.ivyresolve.RepositoryChainComponentMetaDataResolver] Attempting to resolve component for net.java.jinput:jinput-platform:2.0.5 using repositories [maven, BUNDELED_377664982, maven2, MavenRepo]
2021-03-21T18:11:26.775+0100 [DEBUG] [org.gradle.api.internal.artifacts.ivyservice.ivyresolve.CachingModuleComponentRepository] Detected non-existence of module 'net.java.jinput:jinput-platform:2.0.5' in resolver cache 'maven'
2021-03-21T18:11:26.775+0100 [DEBUG] [org.gradle.api.internal.artifacts.repositories.resolver.DefaultExternalResourceArtifactResolver] Loading file:/C:/Users/troyvs/.gradle/caches/forge_gradle/bundeled_repo/net/java/jinput/jinput-platform/2.0.5/jinput-platform-2.0.5.pom
2021-03-21T18:11:26.776+0100 [DEBUG] [org.gradle.api.internal.artifacts.repositories.resolver.DefaultExternalResourceArtifactResolver] Loading file:/C:/Users/troyvs/.gradle/caches/forge_gradle/bundeled_repo/net/java/jinput/jinput-platform/2.0.5/jinput-platform-2.0.5-natives-linux.jar
2021-03-21T18:11:26.777+0100 [DEBUG] [org.gradle.api.internal.artifacts.repositories.resolver.ExternalResourceResolver] No meta-data file or artifact found for module 'net.java.jinput:jinput-platform:2.0.5' in repository 'BUNDELED_377664982'.
2021-03-21T18:11:26.777+0100 [DEBUG] [org.gradle.api.internal.artifacts.ivyservice.modulecache.PersistentModuleMetadataCache] Recording absence of module descriptor in cache: net.java.jinput:jinput-platform:2.0.5 [changing = false]
2021-03-21T18:11:26.777+0100 [DEBUG] [org.gradle.api.internal.artifacts.ivyservice.ivyresolve.CachingModuleComponentRepository] Using cached module metadata for module 'net.java.jinput:jinput-platform:2.0.5' in 'maven2'
2021-03-21T18:11:26.778+0100 [DEBUG] [org.gradle.api.internal.artifacts.ivyservice.ivyresolve.CachingModuleComponentRepository] Using cached module metadata for module 'net.java.jinput:jinput-platform:2.0.5' in 'MavenRepo'
2021-03-21T18:11:26.778+0100 [DEBUG] [org.gradle.api.internal.artifacts.ivyservice.ivyresolve.RepositoryChainComponentMetaDataResolver] Using net.java.jinput:jinput-platform:2.0.5 from Maven repository 'MavenRepo'
2021-03-21T18:11:26.778+0100 [DEBUG] [org.gradle.api.internal.artifacts.ivyservice.resolveengine.graph.builder.DependencyGraphBuilder] Visiting configuration net.java.jutils:jutils:1.0.0(runtime).
2021-03-21T18:11:26.778+0100 [DEBUG] [org.gradle.api.internal.artifacts.ivyservice.resolveengine.graph.builder.DependencyGraphBuilder] Visiting configuration com.mojang:brigadier:1.0.17(runtime).
2021-03-21T18:11:26.779+0100 [DEBUG] [org.gradle.api.internal.artifacts.ivyservice.resolveengine.graph.builder.DependencyGraphBuilder] Visiting configuration com.mojang:datafixerupper:4.0.26(runtime).
2021-03-21T18:11:26.779+0100 [DEBUG] [org.gradle.api.internal.artifacts.ivyservice.resolveengine.graph.builder.DependencyGraphBuilder] Visiting configuration com.google.code.gson:gson:2.8.0(runtime).
2021-03-21T18:11:26.779+0100 [DEBUG] [org.gradle.api.internal.artifacts.ivyservice.resolveengine.graph.builder.DependencyGraphBuilder] Visiting configuration com.mojang:authlib:2.1.28(runtime).
2021-03-21T18:11:26.779+0100 [DEBUG] [org.gradle.api.internal.artifacts.ivyservice.resolveengine.graph.builder.DependencyGraphBuilder] Visiting configuration org.apache.commons:commons-compress:1.8.1(runtime).
2021-03-21T18:11:26.779+0100 [DEBUG] [org.gradle.api.internal.artifacts.ivyservice.resolveengine.graph.builder.DependencyGraphBuilder] Visiting configuration org.apache.httpcomponents:httpclient:4.3.3(runtime).
2021-03-21T18:11:26.783+0100 [DEBUG] [org.gradle.api.internal.artifacts.ivyservice.resolveengine.graph.builder.DependencyGraphBuilder] Visiting configuration commons-logging:commons-logging:1.1.3(runtime).
2021-03-21T18:11:26.784+0100 [DEBUG] [org.gradle.api.internal.artifacts.ivyservice.resolveengine.graph.builder.DependencyGraphBuilder] Visiting configuration org.apache.httpcomponents:httpcore:4.3.2(runtime).
2021-03-21T18:11:26.784+0100 [DEBUG] [org.gradle.api.internal.artifacts.ivyservice.resolveengine.graph.builder.DependencyGraphBuilder] Visiting configuration it.unimi.dsi:fastutil:8.2.1(runtime).
2021-03-21T18:11:26.785+0100 [DEBUG] [org.gradle.api.internal.artifacts.ivyservice.resolveengine.graph.builder.DependencyGraphBuilder] Visiting configuration org.lwjgl:lwjgl:3.2.2(runtime).
2021-03-21T18:11:26.785+0100 [DEBUG] [org.gradle.api.internal.artifacts.ivyservice.resolveengine.graph.builder.DependencyGraphBuilder] Visiting configuration org.lwjgl:lwjgl-jemalloc:3.2.2(runtime).
2021-03-21T18:11:26.785+0100 [DEBUG] [org.gradle.api.internal.artifacts.ivyservice.resolveengine.graph.builder.DependencyGraphBuilder] Visiting configuration org.lwjgl:lwjgl-openal:3.2.2(runtime).
2021-03-21T18:11:26.786+0100 [DEBUG] [org.gradle.api.internal.artifacts.ivyservice.resolveengine.graph.builder.DependencyGraphBuilder] Visiting configuration org.lwjgl:lwjgl-opengl:3.2.2(runtime).
2021-03-21T18:11:26.786+0100 [DEBUG] [org.gradle.api.internal.artifacts.ivyservice.resolveengine.graph.builder.DependencyGraphBuilder] Visiting configuration org.lwjgl:lwjgl-glfw:3.2.2(runtime).
2021-03-21T18:11:26.786+0100 [DEBUG] [org.gradle.api.internal.artifacts.ivyservice.resolveengine.graph.builder.DependencyGraphBuilder] Visiting configuration org.lwjgl:lwjgl-stb:3.2.2(runtime).
2021-03-21T18:11:26.787+0100 [DEBUG] [org.gradle.api.internal.artifacts.ivyservice.resolveengine.graph.builder.DependencyGraphBuilder] Visiting configuration org.lwjgl:lwjgl-tinyfd:3.2.2(runtime).
2021-03-21T18:11:26.787+0100 [DEBUG] [org.gradle.api.internal.artifacts.ivyservice.resolveengine.graph.builder.DependencyGraphBuilder] Visiting configuration com.mojang:text2speech:1.11.3(runtime).
2021-03-21T18:11:26.787+0100 [DEBUG] [org.gradle.api.internal.artifacts.ivyservice.resolveengine.graph.builder.DependencyGraphBuilder] Visiting configuration org.ow2.asm:asm:9.0(runtimeElements).
2021-03-21T18:11:26.788+0100 [DEBUG] [org.gradle.api.internal.artifacts.ivyservice.resolveengine.graph.builder.NodeState] Changed edges for org.ow2.asm:asm:9.0(runtimeElements) selects same versions as previous traversal. ignoring
2021-03-21T18:11:26.788+0100 [DEBUG] [org.gradle.api.internal.artifacts.ivyservice.resolveengine.graph.builder.DependencyGraphBuilder] Visiting configuration org.ow2.asm:asm-tree:9.0(runtimeElements).
2021-03-21T18:11:26.788+0100 [DEBUG] [org.gradle.api.internal.artifacts.ivyservice.resolveengine.graph.builder.NodeState] Changed edges for org.ow2.asm:asm-tree:9.0(runtimeElements) selects same versions as previous traversal. ignoring
2021-03-21T18:11:26.788+0100 [DEBUG] [org.gradle.api.internal.artifacts.ivyservice.resolveengine.graph.builder.DependencyGraphBuilder] Visiting configuration com.google.code.findbugs:jsr305:3.0.2(runtime).
2021-03-21T18:11:26.788+0100 [DEBUG] [org.gradle.api.internal.artifacts.ivyservice.resolveengine.graph.builder.DependencyGraphBuilder] Visiting configuration org.ow2.asm:asm-commons:9.0(runtimeElements).
2021-03-21T18:11:26.788+0100 [DEBUG] [org.gradle.api.internal.artifacts.ivyservice.resolveengine.graph.builder.NodeState] Changed edges for org.ow2.asm:asm-commons:9.0(runtimeElements) selects same versions as previous traversal. ignoring
2021-03-21T18:11:26.788+0100 [DEBUG] [org.gradle.api.internal.artifacts.ivyservice.resolveengine.graph.builder.DependencyGraphBuilder] Visiting configuration cpw.mods:modlauncher:8.0.9(runtimeElements).
2021-03-21T18:11:26.788+0100 [DEBUG] [org.gradle.api.internal.artifacts.ivyservice.resolveengine.graph.builder.NodeState] Changed edges for cpw.mods:modlauncher:8.0.9(runtimeElements) selects same versions as previous traversal. ignoring
2021-03-21T18:11:26.788+0100 [DEBUG] [org.gradle.api.internal.artifacts.ivyservice.resolveengine.graph.builder.DependencyGraphBuilder] Visiting configuration org.ow2.asm:asm-util:9.0(runtimeElements).
2021-03-21T18:11:26.788+0100 [DEBUG] [org.gradle.api.internal.artifacts.ivyservice.resolveengine.graph.builder.NodeState] Changed edges for org.ow2.asm:asm-util:9.0(runtimeElements) selects same versions as previous traversal. ignoring
2021-03-21T18:11:26.788+0100 [DEBUG] [org.gradle.api.internal.artifacts.ivyservice.resolveengine.graph.builder.DependencyGraphBuilder] Visiting configuration net.minecraftforge:forgespi:3.2.0(runtimeElements).
2021-03-21T18:11:26.788+0100 [DEBUG] [org.gradle.api.internal.artifacts.ivyservice.resolveengine.graph.builder.NodeState] Changed edges for net.minecraftforge:forgespi:3.2.0(runtimeElements) selects same versions as previous traversal. ignoring
2021-03-21T18:11:26.789+0100 [DEBUG] [org.gradle.api.internal.artifacts.ivyservice.resolveengine.graph.builder.DependencyGraphBuilder] Visiting configuration com.electronwill.night-config:core:3.6.3(runtime).
2021-03-21T18:11:26.789+0100 [DEBUG] [org.gradle.api.internal.artifacts.ivyservice.resolveengine.graph.builder.NodeState] Changed edges for com.electronwill.night-config:core:3.6.3(runtime) selects same versions as previous traversal. ignoring
2021-03-21T18:11:26.789+0100 [DEBUG] [org.gradle.api.internal.artifacts.ivyservice.resolveengine.graph.builder.DependencyGraphBuilder] Visiting configuration org.apache.commons:commons-lang3:3.8.1(runtime).
2021-03-21T18:11:26.789+0100 [DEBUG] [org.gradle.api.internal.artifacts.ivyservice.resolveengine.graph.builder.DependencyGraphBuilder] Visiting configuration org.codehaus.plexus:plexus-utils:3.2.1(runtime).
2021-03-21T18:11:26.789+0100 [DEBUG] [org.gradle.api.internal.artifacts.ivyservice.resolveengine.graph.builder.DependencyGraphBuilder] Visiting configuration org.apache.logging.log4j:log4j-api:2.11.2(runtime).
2021-03-21T18:11:26.789+0100 [DEBUG] [org.gradle.api.internal.artifacts.ivyservice.resolveengine.graph.builder.NodeState] Changed edges for org.apache.logging.log4j:log4j-api:2.11.2(runtime) selects same versions as previous traversal. ignoring
2021-03-21T18:11:26.789+0100 [DEBUG] [org.gradle.api.internal.artifacts.ivyservice.resolveengine.graph.builder.DependencyGraphBuilder] Visiting configuration org.apache.logging.log4j:log4j-core:2.11.2(runtime).
2021-03-21T18:11:26.789+0100 [DEBUG] [org.gradle.api.internal.artifacts.ivyservice.resolveengine.graph.builder.NodeState] Changed edges for org.apache.logging.log4j:log4j-core:2.11.2(runtime) selects same versions as previous traversal. ignoring
2021-03-21T18:11:26.790+0100 [DEBUG] [org.gradle.api.internal.artifacts.ivyservice.resolveengine.graph.builder.DependencyGraphBuilder] Visiting configuration org.jline:jline-reader:3.12.1(runtime).
2021-03-21T18:11:26.791+0100 [DEBUG] [org.gradle.api.internal.artifacts.ivyservice.ivyresolve.RepositoryChainComponentMetaDataResolver] Attempting to resolve component for org.jline:jline-terminal:3.12.1 using repositories [maven, BUNDELED_377664982, maven2, MavenRepo]
2021-03-21T18:11:26.791+0100 [DEBUG] [org.gradle.api.internal.artifacts.ivyservice.ivyresolve.CachingModuleComponentRepository] Detected non-existence of module 'org.jline:jline-terminal:3.12.1' in resolver cache 'maven'
2021-03-21T18:11:26.792+0100 [DEBUG] [org.gradle.api.internal.artifacts.repositories.resolver.DefaultExternalResourceArtifactResolver] Loading file:/C:/Users/troyvs/.gradle/caches/forge_gradle/bundeled_repo/org/jline/jline-terminal/3.12.1/jline-terminal-3.12.1.pom
2021-03-21T18:11:26.792+0100 [DEBUG] [org.gradle.api.internal.artifacts.repositories.resolver.DefaultExternalResourceArtifactResolver] Loading file:/C:/Users/troyvs/.gradle/caches/forge_gradle/bundeled_repo/org/jline/jline-terminal/3.12.1/jline-terminal-3.12.1.jar
2021-03-21T18:11:26.793+0100 [DEBUG] [org.gradle.api.internal.artifacts.repositories.resolver.ExternalResourceResolver] No meta-data file or artifact found for module 'org.jline:jline-terminal:3.12.1' in repository 'BUNDELED_377664982'.
2021-03-21T18:11:26.793+0100 [DEBUG] [org.gradle.api.internal.artifacts.ivyservice.modulecache.PersistentModuleMetadataCache] Recording absence of module descriptor in cache: org.jline:jline-terminal:3.12.1 [changing = false]
2021-03-21T18:11:26.793+0100 [DEBUG] [org.gradle.api.internal.artifacts.ivyservice.ivyresolve.CachingModuleComponentRepository] Detected non-existence of module 'org.jline:jline-terminal:3.12.1' in resolver cache 'maven2'
2021-03-21T18:11:26.793+0100 [DEBUG] [org.gradle.api.internal.artifacts.ivyservice.ivyresolve.CachingModuleComponentRepository] Using cached module metadata for module 'org.jline:jline-terminal:3.12.1' in 'MavenRepo'
2021-03-21T18:11:26.793+0100 [DEBUG] [org.gradle.api.internal.artifacts.ivyservice.ivyresolve.RepositoryChainComponentMetaDataResolver] Using org.jline:jline-terminal:3.12.1 from Maven repository 'MavenRepo'
2021-03-21T18:11:26.793+0100 [DEBUG] [org.gradle.api.internal.artifacts.ivyservice.resolveengine.graph.builder.DependencyGraphBuilder] Visiting configuration net.java.jinput:jinput-platform:2.0.5(runtime).
2021-03-21T18:11:26.794+0100 [DEBUG] [org.gradle.api.internal.artifacts.ivyservice.resolveengine.graph.builder.DependencyGraphBuilder] Visiting configuration commons-codec:commons-codec:1.10(runtime).
2021-03-21T18:11:26.794+0100 [DEBUG] [org.gradle.api.internal.artifacts.ivyservice.resolveengine.graph.builder.NodeState] Changed edges for commons-codec:commons-codec:1.10(runtime) selects same versions as previous traversal. ignoring
2021-03-21T18:11:26.794+0100 [DEBUG] [org.gradle.api.internal.artifacts.ivyservice.resolveengine.graph.builder.DependencyGraphBuilder] Visiting configuration org.lwjgl:lwjgl:3.2.2(runtime).
2021-03-21T18:11:26.794+0100 [DEBUG] [org.gradle.api.internal.artifacts.ivyservice.resolveengine.graph.builder.NodeState] Changed edges for org.lwjgl:lwjgl:3.2.2(runtime) selects same versions as previous traversal. ignoring
2021-03-21T18:11:26.794+0100 [DEBUG] [org.gradle.api.internal.artifacts.ivyservice.resolveengine.graph.builder.DependencyGraphBuilder] Visiting configuration org.jline:jline-terminal:3.12.1(runtime).
2021-03-21T18:11:26.812+0100 [DEBUG] [org.gradle.api.internal.artifacts.ivyservice.resolveengine.oldresult.TransientConfigurationResultsBuilder] Flushing resolved configuration data in Binary store in C:\Users\troyvs\AppData\Local\Temp\gradle4123745963310854540.bin. Wrote root 2.
2021-03-21T18:11:26.813+0100 [DEBUG] [org.gradle.internal.operations.DefaultBuildOperationRunner] Build operation 'Resolve dependencies of :_compileJava_1' completed
2021-03-21T18:11:26.813+0100 [DEBUG] [org.gradle.internal.component.model.LoggingAttributeMatchingExplanationBuilder] Selected match net.minecraft:client:1.16.5 from candidates [net.minecraft:client:1.16.5] for {}
2021-03-21T18:11:26.813+0100 [DEBUG] [org.gradle.internal.component.model.LoggingAttributeMatchingExplanationBuilder] Selected match net.minecraftforge:accesstransformers:3.0.1 variant runtimeElements from candidates [net.minecraftforge:accesstransformers:3.0.1 variant runtimeElements] for {}
2021-03-21T18:11:26.813+0100 [DEBUG] [org.gradle.internal.component.model.LoggingAttributeMatchingExplanationBuilder] Selected match net.minecraftforge:eventbus:4.0.0 variant runtimeElements from candidates [net.minecraftforge:eventbus:4.0.0 variant runtimeElements] for {}
2021-03-21T18:11:26.813+0100 [DEBUG] [org.gradle.internal.component.model.LoggingAttributeMatchingExplanationBuilder] Selected match net.minecraftforge:coremods:4.0.6 variant runtimeElements from candidates [net.minecraftforge:coremods:4.0.6 variant runtimeElements] for {}
2021-03-21T18:11:26.813+0100 [DEBUG] [org.gradle.internal.component.model.LoggingAttributeMatchingExplanationBuilder] Selected match net.minecraftforge:forgespi:3.2.0 variant runtimeElements from candidates [net.minecraftforge:forgespi:3.2.0 variant runtimeElements] for {}
2021-03-21T18:11:26.813+0100 [DEBUG] [org.gradle.internal.component.model.LoggingAttributeMatchingExplanationBuilder] Selected match cpw.mods:modlauncher:8.0.9 variant runtimeElements from candidates [cpw.mods:modlauncher:8.0.9 variant runtimeElements] for {}
2021-03-21T18:11:26.813+0100 [DEBUG] [org.gradle.internal.component.model.LoggingAttributeMatchingExplanationBuilder] Selected match cpw.mods:modlauncher:8.0.9 from candidates [cpw.mods:modlauncher:8.0.9] for {}
2021-03-21T18:11:26.814+0100 [DEBUG] [org.gradle.internal.component.model.LoggingAttributeMatchingExplanationBuilder] Selected match cpw.mods:modlauncher:8.0.9 from candidates [cpw.mods:modlauncher:8.0.9] for {}
2021-03-21T18:11:26.814+0100 [DEBUG] [org.gradle.internal.component.model.LoggingAttributeMatchingExplanationBuilder] Selected match com.google.code.findbugs:jsr305:3.0.2 configuration runtime from candidates [com.google.code.findbugs:jsr305:3.0.2 configuration runtime] for {}
2021-03-21T18:11:26.814+0100 [DEBUG] [org.gradle.internal.component.model.LoggingAttributeMatchingExplanationBuilder] Selected match net.minecraftforge:mergetool:1.0.9 from candidates [net.minecraftforge:mergetool:1.0.9] for {}
2021-03-21T18:11:26.814+0100 [DEBUG] [org.gradle.internal.component.model.LoggingAttributeMatchingExplanationBuilder] Selected match org.ow2.asm:asm-commons:9.0 variant runtimeElements from candidates [org.ow2.asm:asm-commons:9.0 variant runtimeElements] for {}
2021-03-21T18:11:26.814+0100 [DEBUG] [org.gradle.internal.component.model.LoggingAttributeMatchingExplanationBuilder] Selected match org.ow2.asm:asm-util:9.0 variant runtimeElements from candidates [org.ow2.asm:asm-util:9.0 variant runtimeElements] for {}
2021-03-21T18:11:26.814+0100 [DEBUG] [org.gradle.internal.component.model.LoggingAttributeMatchingExplanationBuilder] Selected match org.ow2.asm:asm-analysis:9.0 variant runtimeElements from candidates [org.ow2.asm:asm-analysis:9.0 variant runtimeElements] for {}
2021-03-21T18:11:26.814+0100 [DEBUG] [org.gradle.internal.component.model.LoggingAttributeMatchingExplanationBuilder] Selected match org.ow2.asm:asm-tree:9.0 variant runtimeElements from candidates [org.ow2.asm:asm-tree:9.0 variant runtimeElements] for {}
2021-03-21T18:11:26.816+0100 [DEBUG] [org.gradle.internal.component.model.LoggingAttributeMatchingExplanationBuilder] Selected match org.ow2.asm:asm:9.0 variant runtimeElements from candidates [org.ow2.asm:asm:9.0 variant runtimeElements] for {}
2021-03-21T18:11:26.817+0100 [DEBUG] [org.gradle.internal.component.model.LoggingAttributeMatchingExplanationBuilder] Selected match cpw.mods:grossjava9hacks:1.3.0 variant runtimeElements from candidates [cpw.mods:grossjava9hacks:1.3.0 variant runtimeElements] for {}
2021-03-21T18:11:26.817+0100 [DEBUG] [org.gradle.internal.component.model.LoggingAttributeMatchingExplanationBuilder] Selected match org.antlr:antlr4-runtime:4.9.1 configuration runtime from candidates [org.antlr:antlr4-runtime:4.9.1 configuration runtime] for {}
2021-03-21T18:11:26.817+0100 [DEBUG] [org.gradle.internal.component.model.LoggingAttributeMatchingExplanationBuilder] Selected match net.minecraftforge:unsafe:0.2.0 configuration runtime from candidates [net.minecraftforge:unsafe:0.2.0 configuration runtime] for {}
2021-03-21T18:11:26.817+0100 [DEBUG] [org.gradle.internal.component.model.LoggingAttributeMatchingExplanationBuilder] Selected match com.electronwill.night-config:toml:3.6.3 configuration runtime from candidates [com.electronwill.night-config:toml:3.6.3 configuration runtime] for {}
2021-03-21T18:11:26.818+0100 [DEBUG] [org.gradle.internal.component.model.LoggingAttributeMatchingExplanationBuilder] Selected match com.electronwill.night-config:core:3.6.3 configuration runtime from candidates [com.electronwill.night-config:core:3.6.3 configuration runtime] for {}
2021-03-21T18:11:26.818+0100 [DEBUG] [org.gradle.internal.component.model.LoggingAttributeMatchingExplanationBuilder] Selected match org.jline:jline:3.12.1 configuration runtime from candidates [org.jline:jline:3.12.1 configuration runtime] for {}
2021-03-21T18:11:26.819+0100 [DEBUG] [org.gradle.internal.component.model.LoggingAttributeMatchingExplanationBuilder] Selected match org.apache.maven:maven-artifact:3.6.3 configuration runtime from candidates [org.apache.maven:maven-artifact:3.6.3 configuration runtime] for {}
2021-03-21T18:11:26.820+0100 [DEBUG] [org.gradle.internal.component.model.LoggingAttributeMatchingExplanationBuilder] Selected match net.jodah:typetools:0.8.3 variant runtimeElements from candidates [net.jodah:typetools:0.8.3 variant runtimeElements] for {}
2021-03-21T18:11:26.820+0100 [DEBUG] [org.gradle.internal.component.model.LoggingAttributeMatchingExplanationBuilder] Selected match net.minecrell:terminalconsoleappender:1.2.0 configuration runtime from candidates [net.minecrell:terminalconsoleappender:1.2.0 configuration runtime] for {}
2021-03-21T18:11:26.820+0100 [DEBUG] [org.gradle.internal.component.model.LoggingAttributeMatchingExplanationBuilder] Selected match org.apache.logging.log4j:log4j-core:2.11.2 configuration runtime from candidates [org.apache.logging.log4j:log4j-core:2.11.2 configuration runtime] for {}
2021-03-21T18:11:26.820+0100 [DEBUG] [org.gradle.internal.component.model.LoggingAttributeMatchingExplanationBuilder] Selected match org.apache.logging.log4j:log4j-api:2.11.2 configuration runtime from candidates [org.apache.logging.log4j:log4j-api:2.11.2 configuration runtime] for {}
2021-03-21T18:11:26.820+0100 [DEBUG] [org.gradle.internal.component.model.LoggingAttributeMatchingExplanationBuilder] Selected match net.sf.jopt-simple:jopt-simple:5.0.4 configuration runtime from candidates [net.sf.jopt-simple:jopt-simple:5.0.4 configuration runtime] for {}
2021-03-21T18:11:26.820+0100 [DEBUG] [org.gradle.internal.component.model.LoggingAttributeMatchingExplanationBuilder] Selected match org.spongepowered:mixin:0.8.2 configuration runtime from candidates [org.spongepowered:mixin:0.8.2 configuration runtime] for {}
2021-03-21T18:11:26.820+0100 [DEBUG] [org.gradle.internal.component.model.LoggingAttributeMatchingExplanationBuilder] Selected match net.minecraftforge:nashorn-core-compat:15.1.1.1 configuration runtime from candidates [net.minecraftforge:nashorn-core-compat:15.1.1.1 configuration runtime] for {}
2021-03-21T18:11:26.820+0100 [DEBUG] [org.gradle.internal.component.model.LoggingAttributeMatchingExplanationBuilder] Selected match net.minecraftforge:forge:1.16.5-36.1.0 from candidates [net.minecraftforge:forge:1.16.5-36.1.0] for {}
2021-03-21T18:11:26.820+0100 [DEBUG] [org.gradle.internal.component.model.LoggingAttributeMatchingExplanationBuilder] Selected match com.mojang:patchy:1.1 configuration runtime from candidates [com.mojang:patchy:1.1 configuration runtime] for {}
2021-03-21T18:11:26.821+0100 [DEBUG] [org.gradle.internal.component.model.LoggingAttributeMatchingExplanationBuilder] Selected match oshi-project:oshi-core:1.1 configuration runtime from candidates [oshi-project:oshi-core:1.1 configuration runtime] for {}
2021-03-21T18:11:26.821+0100 [DEBUG] [org.gradle.internal.component.model.LoggingAttributeMatchingExplanationBuilder] Selected match net.java.dev.jna:jna:4.4.0 configuration runtime from candidates [net.java.dev.jna:jna:4.4.0 configuration runtime] for {}
2021-03-21T18:11:26.821+0100 [DEBUG] [org.gradle.internal.component.model.LoggingAttributeMatchingExplanationBuilder] Selected match net.java.dev.jna:platform:3.4.0 configuration runtime from candidates [net.java.dev.jna:platform:3.4.0 configuration runtime] for {}
2021-03-21T18:11:26.821+0100 [DEBUG] [org.gradle.internal.component.model.LoggingAttributeMatchingExplanationBuilder] Selected match com.ibm.icu:icu4j:66.1 configuration runtime from candidates [com.ibm.icu:icu4j:66.1 configuration runtime] for {}
2021-03-21T18:11:26.821+0100 [DEBUG] [org.gradle.internal.component.model.LoggingAttributeMatchingExplanationBuilder] Selected match com.mojang:javabridge:1.0.22 configuration runtime from candidates [com.mojang:javabridge:1.0.22 configuration runtime] for {}
2021-03-21T18:11:26.821+0100 [DEBUG] [org.gradle.internal.component.model.LoggingAttributeMatchingExplanationBuilder] Selected match io.netty:netty-all:4.1.25.Final configuration runtime from candidates [io.netty:netty-all:4.1.25.Final configuration runtime] for {}
2021-03-21T18:11:26.821+0100 [DEBUG] [org.gradle.internal.component.model.LoggingAttributeMatchingExplanationBuilder] Selected match com.google.guava:guava:21.0 configuration runtime from candidates [com.google.guava:guava:21.0 configuration runtime] for {}
2021-03-21T18:11:26.821+0100 [DEBUG] [org.gradle.internal.component.model.LoggingAttributeMatchingExplanationBuilder] Selected match org.apache.commons:commons-lang3:3.8.1 configuration runtime from candidates [org.apache.commons:commons-lang3:3.8.1 configuration runtime] for {}
2021-03-21T18:11:26.821+0100 [DEBUG] [org.gradle.internal.component.model.LoggingAttributeMatchingExplanationBuilder] Selected match commons-io:commons-io:2.5 configuration runtime from candidates [commons-io:commons-io:2.5 configuration runtime] for {}
2021-03-21T18:11:26.822+0100 [DEBUG] [org.gradle.internal.component.model.LoggingAttributeMatchingExplanationBuilder] Selected match org.apache.httpcomponents:httpclient:4.3.3 configuration runtime from candidates [org.apache.httpcomponents:httpclient:4.3.3 configuration runtime] for {}
2021-03-21T18:11:26.822+0100 [DEBUG] [org.gradle.internal.component.model.LoggingAttributeMatchingExplanationBuilder] Selected match commons-codec:commons-codec:1.10 configuration runtime from candidates [commons-codec:commons-codec:1.10 configuration runtime] for {}
2021-03-21T18:11:26.822+0100 [DEBUG] [org.gradle.internal.component.model.LoggingAttributeMatchingExplanationBuilder] Selected match net.java.jinput:jinput:2.0.5 configuration runtime from candidates [net.java.jinput:jinput:2.0.5 configuration runtime] for {}
2021-03-21T18:11:26.822+0100 [DEBUG] [org.gradle.internal.component.model.LoggingAttributeMatchingExplanationBuilder] Selected match net.java.jutils:jutils:1.0.0 configuration runtime from candidates [net.java.jutils:jutils:1.0.0 configuration runtime] for {}
2021-03-21T18:11:26.822+0100 [DEBUG] [org.gradle.internal.component.model.LoggingAttributeMatchingExplanationBuilder] Selected match com.mojang:brigadier:1.0.17 configuration runtime from candidates [com.mojang:brigadier:1.0.17 configuration runtime] for {}
2021-03-21T18:11:26.822+0100 [DEBUG] [org.gradle.internal.component.model.LoggingAttributeMatchingExplanationBuilder] Selected match com.mojang:datafixerupper:4.0.26 configuration runtime from candidates [com.mojang:datafixerupper:4.0.26 configuration runtime] for {}
2021-03-21T18:11:26.822+0100 [DEBUG] [org.gradle.internal.component.model.LoggingAttributeMatchingExplanationBuilder] Selected match com.google.code.gson:gson:2.8.0 configuration runtime from candidates [com.google.code.gson:gson:2.8.0 configuration runtime] for {}
2021-03-21T18:11:26.823+0100 [DEBUG] [org.gradle.internal.component.model.LoggingAttributeMatchingExplanationBuilder] Selected match com.mojang:authlib:2.1.28 configuration runtime from candidates [com.mojang:authlib:2.1.28 configuration runtime] for {}
2021-03-21T18:11:26.823+0100 [DEBUG] [org.gradle.internal.component.model.LoggingAttributeMatchingExplanationBuilder] Selected match org.apache.commons:commons-compress:1.8.1 configuration runtime from candidates [org.apache.commons:commons-compress:1.8.1 configuration runtime] for {}
2021-03-21T18:11:26.823+0100 [DEBUG] [org.gradle.internal.component.model.LoggingAttributeMatchingExplanationBuilder] Selected match commons-logging:commons-logging:1.1.3 configuration runtime from candidates [commons-logging:commons-logging:1.1.3 configuration runtime] for {}
2021-03-21T18:11:26.823+0100 [DEBUG] [org.gradle.internal.component.model.LoggingAttributeMatchingExplanationBuilder] Selected match org.apache.httpcomponents:httpcore:4.3.2 configuration runtime from candidates [org.apache.httpcomponents:httpcore:4.3.2 configuration runtime] for {}
2021-03-21T18:11:26.823+0100 [DEBUG] [org.gradle.internal.component.model.LoggingAttributeMatchingExplanationBuilder] Selected match it.unimi.dsi:fastutil:8.2.1 configuration runtime from candidates [it.unimi.dsi:fastutil:8.2.1 configuration runtime] for {}
2021-03-21T18:11:26.823+0100 [DEBUG] [org.gradle.internal.component.model.LoggingAttributeMatchingExplanationBuilder] Selected match org.lwjgl:lwjgl-jemalloc:3.2.2 configuration runtime from candidates [org.lwjgl:lwjgl-jemalloc:3.2.2 configuration runtime] for {}
2021-03-21T18:11:26.823+0100 [DEBUG] [org.gradle.internal.component.model.LoggingAttributeMatchingExplanationBuilder] Selected match org.lwjgl:lwjgl-jemalloc:3.2.2 from candidates [org.lwjgl:lwjgl-jemalloc:3.2.2] for {}
2021-03-21T18:11:26.823+0100 [DEBUG] [org.gradle.internal.component.model.LoggingAttributeMatchingExplanationBuilder] Selected match org.lwjgl:lwjgl-openal:3.2.2 configuration runtime from candidates [org.lwjgl:lwjgl-openal:3.2.2 configuration runtime] for {}
2021-03-21T18:11:26.824+0100 [DEBUG] [org.gradle.internal.component.model.LoggingAttributeMatchingExplanationBuilder] Selected match org.lwjgl:lwjgl-openal:3.2.2 from candidates [org.lwjgl:lwjgl-openal:3.2.2] for {}
2021-03-21T18:11:26.824+0100 [DEBUG] [org.gradle.internal.component.model.LoggingAttributeMatchingExplanationBuilder] Selected match org.lwjgl:lwjgl-opengl:3.2.2 configuration runtime from candidates [org.lwjgl:lwjgl-opengl:3.2.2 configuration runtime] for {}
2021-03-21T18:11:26.824+0100 [DEBUG] [org.gradle.internal.component.model.LoggingAttributeMatchingExplanationBuilder] Selected match org.lwjgl:lwjgl-opengl:3.2.2 from candidates [org.lwjgl:lwjgl-opengl:3.2.2] for {}
2021-03-21T18:11:26.824+0100 [DEBUG] [org.gradle.internal.component.model.LoggingAttributeMatchingExplanationBuilder] Selected match org.lwjgl:lwjgl-glfw:3.2.2 configuration runtime from candidates [org.lwjgl:lwjgl-glfw:3.2.2 configuration runtime] for {}
2021-03-21T18:11:26.825+0100 [DEBUG] [org.gradle.internal.component.model.LoggingAttributeMatchingExplanationBuilder] Selected match org.lwjgl:lwjgl-glfw:3.2.2 from candidates [org.lwjgl:lwjgl-glfw:3.2.2] for {}
2021-03-21T18:11:26.825+0100 [DEBUG] [org.gradle.internal.component.model.LoggingAttributeMatchingExplanationBuilder] Selected match org.lwjgl:lwjgl-stb:3.2.2 configuration runtime from candidates [org.lwjgl:lwjgl-stb:3.2.2 configuration runtime] for {}
2021-03-21T18:11:26.825+0100 [DEBUG] [org.gradle.internal.component.model.LoggingAttributeMatchingExplanationBuilder] Selected match org.lwjgl:lwjgl-stb:3.2.2 from candidates [org.lwjgl:lwjgl-stb:3.2.2] for {}
2021-03-21T18:11:26.825+0100 [DEBUG] [org.gradle.internal.component.model.LoggingAttributeMatchingExplanationBuilder] Selected match org.lwjgl:lwjgl-tinyfd:3.2.2 configuration runtime from candidates [org.lwjgl:lwjgl-tinyfd:3.2.2 configuration runtime] for {}
2021-03-21T18:11:26.825+0100 [DEBUG] [org.gradle.internal.component.model.LoggingAttributeMatchingExplanationBuilder] Selected match org.lwjgl:lwjgl-tinyfd:3.2.2 from candidates [org.lwjgl:lwjgl-tinyfd:3.2.2] for {}
2021-03-21T18:11:26.825+0100 [DEBUG] [org.gradle.internal.component.model.LoggingAttributeMatchingExplanationBuilder] Selected match org.lwjgl:lwjgl:3.2.2 configuration runtime from candidates [org.lwjgl:lwjgl:3.2.2 configuration runtime] for {}
2021-03-21T18:11:26.825+0100 [DEBUG] [org.gradle.internal.component.model.LoggingAttributeMatchingExplanationBuilder] Selected match org.lwjgl:lwjgl:3.2.2 from candidates [org.lwjgl:lwjgl:3.2.2] for {}
2021-03-21T18:11:26.825+0100 [DEBUG] [org.gradle.internal.component.model.LoggingAttributeMatchingExplanationBuilder] Selected match com.mojang:text2speech:1.11.3 configuration runtime from candidates [com.mojang:text2speech:1.11.3 configuration runtime] for {}
2021-03-21T18:11:26.826+0100 [DEBUG] [org.gradle.internal.component.model.LoggingAttributeMatchingExplanationBuilder] Selected match com.mojang:text2speech:1.11.3 from candidates [com.mojang:text2speech:1.11.3] for {}
2021-03-21T18:11:26.826+0100 [DEBUG] [org.gradle.internal.component.model.LoggingAttributeMatchingExplanationBuilder] Selected match org.codehaus.plexus:plexus-utils:3.2.1 configuration runtime from candidates [org.codehaus.plexus:plexus-utils:3.2.1 configuration runtime] for {}
2021-03-21T18:11:26.826+0100 [DEBUG] [org.gradle.internal.component.model.LoggingAttributeMatchingExplanationBuilder] Selected match org.jline:jline-reader:3.12.1 configuration runtime from candidates [org.jline:jline-reader:3.12.1 configuration runtime] for {}
2021-03-21T18:11:26.826+0100 [DEBUG] [org.gradle.internal.component.model.LoggingAttributeMatchingExplanationBuilder] Selected match net.java.jinput:jinput-platform:2.0.5 from candidates [net.java.jinput:jinput-platform:2.0.5] for {}
2021-03-21T18:11:26.826+0100 [DEBUG] [org.gradle.internal.component.model.LoggingAttributeMatchingExplanationBuilder] Selected match net.java.jinput:jinput-platform:2.0.5 from candidates [net.java.jinput:jinput-platform:2.0.5] for {}
2021-03-21T18:11:26.826+0100 [DEBUG] [org.gradle.internal.component.model.LoggingAttributeMatchingExplanationBuilder] Selected match net.java.jinput:jinput-platform:2.0.5 from candidates [net.java.jinput:jinput-platform:2.0.5] for {}
2021-03-21T18:11:26.826+0100 [DEBUG] [org.gradle.internal.component.model.LoggingAttributeMatchingExplanationBuilder] Selected match org.jline:jline-terminal:3.12.1 configuration runtime from candidates [org.jline:jline-terminal:3.12.1 configuration runtime] for {}
2021-03-21T18:11:26.829+0100 [DEBUG] [org.gradle.api.internal.artifacts.ivyservice.ivyresolve.CachingModuleComponentRepository] Found artifact 'org.gradle.internal.component.external.model.UrlBackedArtifactMetadata@5bc41a24' in resolver cache: C:\Users\troyvs\.gradle\caches\modules-2\files-2.1\net.minecraftforge\accesstransformers\3.0.1\6d23c1b9cb0607fddc38d09730796f68db96f546\accesstransformers-3.0.1.jar
2021-03-21T18:11:26.830+0100 [DEBUG] [org.gradle.internal.work.DefaultWorkerLeaseService] Worker lease root.1.20.33 started (6 worker(s) in use).
2021-03-21T18:11:26.830+0100 [DEBUG] [org.gradle.internal.resources.AbstractTrackedResourceLock] Daemon worker: acquired lock on root.1.20.33
2021-03-21T18:11:26.831+0100 [DEBUG] [org.gradle.api.internal.artifacts.ivyservice.ivyresolve.CachingModuleComponentRepository] Found artifact 'org.gradle.internal.component.external.model.UrlBackedArtifactMetadata@258d90ae' in resolver cache: C:\Users\troyvs\.gradle\caches\modules-2\files-2.1\org.ow2.asm\asm-util\9.0\7c059a94ab5eed3347bf954e27fab58e52968848\asm-util-9.0.jar
2021-03-21T18:11:26.831+0100 [DEBUG] [org.gradle.api.internal.artifacts.ivyservice.ivyresolve.CachingModuleComponentRepository] Found artifact 'org.gradle.internal.component.external.model.UrlBackedArtifactMetadata@3cd5ef67' in resolver cache: C:\Users\troyvs\.gradle\caches\modules-2\files-2.1\org.ow2.asm\asm-analysis\9.0\4630afefbb43939c739445dde0af1a5729a0fb4e\asm-analysis-9.0.jar
2021-03-21T18:11:26.832+0100 [DEBUG] [org.gradle.api.internal.artifacts.ivyservice.ivyresolve.CachingModuleComponentRepository] Found artifact 'org.gradle.internal.component.external.model.UrlBackedArtifactMetadata@608f0a7b' in resolver cache: C:\Users\troyvs\.gradle\caches\modules-2\files-2.1\org.ow2.asm\asm\9.0\af582ff60bc567c42d931500c3fdc20e0141ddf9\asm-9.0.jar
2021-03-21T18:11:26.831+0100 [DEBUG] [org.gradle.api.internal.artifacts.repositories.resolver.DefaultExternalResourceArtifactResolver] Loading file:/C:/Users/troyvs/.gradle/caches/forge_gradle/bundeled_repo/net/minecraft/client/1.16.5/client-1.16.5-extra.jar
2021-03-21T18:11:26.833+0100 [DEBUG] [org.gradle.api.internal.artifacts.ivyservice.ivyresolve.CachingModuleComponentRepository] Found artifact 'org.gradle.internal.component.external.model.UrlBackedArtifactMetadata@21a06ff0' in resolver cache: C:\Users\troyvs\.gradle\caches\modules-2\files-2.1\org.ow2.asm\asm-commons\9.0\5a34a3a9ac44f362f35d1b27932380b0031a3334\asm-commons-9.0.jar
2021-03-21T18:11:26.832+0100 [DEBUG] [org.gradle.api.internal.artifacts.ivyservice.ivyresolve.CachingModuleComponentRepository] Found artifact 'org.gradle.internal.component.external.model.UrlBackedArtifactMetadata@7c694e91' in resolver cache: C:\Users\troyvs\.gradle\caches\modules-2\files-2.1\net.minecraftforge\eventbus\4.0.0\260e34800723e4c098c4e247cf2b900535e01b6d\eventbus-4.0.0.jar
2021-03-21T18:11:26.842+0100 [DEBUG] [org.gradle.api.internal.artifacts.ivyservice.ivyresolve.CachingModuleComponentRepository] Found artifact 'org.gradle.internal.component.external.model.UrlBackedArtifactMetadata@5a307709' in resolver cache: C:\Users\troyvs\.gradle\caches\modules-2\files-2.1\cpw.mods\modlauncher\8.0.9\bb848f57758808692b9108df61c909c0a961ba81\modlauncher-8.0.9.jar
2021-03-21T18:11:26.834+0100 [DEBUG] [org.gradle.api.internal.artifacts.ivyservice.ivyresolve.CachingModuleComponentRepository] Found artifact 'org.gradle.internal.component.external.model.UrlBackedArtifactMetadata@44d1a5be' in resolver cache: C:\Users\troyvs\.gradle\caches\modules-2\files-2.1\org.ow2.asm\asm-tree\9.0\9df939f25c556b0c7efe00701d47e77a49837f24\asm-tree-9.0.jar
2021-03-21T18:11:26.844+0100 [DEBUG] [org.gradle.api.internal.artifacts.ivyservice.ivyresolve.CachingModuleComponentRepository] Found artifact 'antlr4-runtime-4.9.1.jar (org.antlr:antlr4-runtime:4.9.1)' in resolver cache: C:\Users\troyvs\.gradle\caches\modules-2\files-2.1\org.antlr\antlr4-runtime\4.9.1\428664f05d2b7f7b7610204b5aa7c1763f62011a\antlr4-runtime-4.9.1.jar
2021-03-21T18:11:26.844+0100 [DEBUG] [org.gradle.api.internal.artifacts.ivyservice.ivyresolve.CachingModuleComponentRepository] Found artifact 'unsafe-0.2.0.jar (net.minecraftforge:unsafe:0.2.0)' in resolver cache: C:\Users\troyvs\.gradle\caches\modules-2\files-2.1\net.minecraftforge\unsafe\0.2.0\54d7a0a5e8fdb71b973025caa46f341ae5904f39\unsafe-0.2.0.jar
2021-03-21T18:11:26.844+0100 [DEBUG] [org.gradle.api.internal.artifacts.ivyservice.ivyresolve.CachingModuleComponentRepository] Found artifact 'org.gradle.internal.component.external.model.UrlBackedArtifactMetadata@1ec69f38' in resolver cache: C:\Users\troyvs\.gradle\caches\modules-2\files-2.1\cpw.mods\grossjava9hacks\1.3.0\1a922de964d0c19d864fbcba2678c1a1c4602c35\grossjava9hacks-1.3.0.jar
2021-03-21T18:11:26.856+0100 [DEBUG] [org.gradle.api.internal.artifacts.ivyservice.ivyresolve.CachingModuleComponentRepository] Found artifact 'jline-3.12.1.jar (org.jline:jline:3.12.1)' in resolver cache: C:\Users\troyvs\.gradle\caches\modules-2\files-2.1\org.jline\jline\3.12.1\de2bd909cb9f8eaa741bd03df4a1bd3f6eb593c7\jline-3.12.1.jar
2021-03-21T18:11:26.859+0100 [DEBUG] [org.gradle.api.internal.artifacts.ivyservice.ivyresolve.CachingModuleComponentRepository] Found artifact 'log4j-api-2.11.2.jar (org.apache.logging.log4j:log4j-api:2.11.2)' in resolver cache: C:\Users\troyvs\.gradle\caches\modules-2\files-2.1\org.apache.logging.log4j\log4j-api\2.11.2\f5e9a2ffca496057d6891a3de65128efc636e26e\log4j-api-2.11.2.jar
2021-03-21T18:11:26.862+0100 [DEBUG] [org.gradle.api.internal.artifacts.ivyservice.ivyresolve.CachingModuleComponentRepository] Found artifact 'mixin-0.8.2.jar (org.spongepowered:mixin:0.8.2)' in resolver cache: C:\Users\troyvs\.gradle\caches\modules-2\files-2.1\org.spongepowered\mixin\0.8.2\1cf212283d26f706fd3074318870bebd14d2a9ed\mixin-0.8.2.jar
2021-03-21T18:11:26.864+0100 [DEBUG] [org.gradle.api.internal.artifacts.ivyservice.ivyresolve.CachingModuleComponentRepository] Found artifact 'nashorn-core-compat-15.1.1.1.jar (net.minecraftforge:nashorn-core-compat:15.1.1.1)' in resolver cache: C:\Users\troyvs\.gradle\caches\modules-2\files-2.1\net.minecraftforge\nashorn-core-compat\15.1.1.1\1817deb38a5a8811148dca0d23161d92bdbd6184\nashorn-core-compat-15.1.1.1.jar
2021-03-21T18:11:26.870+0100 [DEBUG] [org.gradle.api.internal.artifacts.ivyservice.ivyresolve.CachingModuleComponentRepository] Found artifact 'forge-1.16.5-36.1.0-launcher.jar (net.minecraftforge:forge:1.16.5-36.1.0)' in resolver cache: C:\Users\troyvs\.gradle\caches\modules-2\files-2.1\net.minecraftforge\forge\1.16.5-36.1.0\d52c14b0c8248b69b89adf39683ea7da058e5abc\forge-1.16.5-36.1.0-launcher.jar
2021-03-21T18:11:26.872+0100 [DEBUG] [org.gradle.api.internal.artifacts.ivyservice.ivyresolve.CachingModuleComponentRepository] Found artifact 'patchy-1.1.jar (com.mojang:patchy:1.1)' in resolver cache: C:\Users\troyvs\.gradle\caches\modules-2\files-2.1\com.mojang\patchy\1.1\aef610b34a1be37fa851825f12372b78424d8903\patchy-1.1.jar
2021-03-21T18:11:26.847+0100 [DEBUG] [org.gradle.api.internal.artifacts.ivyservice.ivyresolve.CachingModuleComponentRepository] Found artifact 'mergetool-1.0.9-api.jar (net.minecraftforge:mergetool:1.0.9)' in resolver cache: C:\Users\troyvs\.gradle\caches\modules-2\files-2.1\net.minecraftforge\mergetool\1.0.9\d1e1ba354a40b5703340b5cb02fdca489cff3646\mergetool-1.0.9-api.jar
2021-03-21T18:11:26.846+0100 [DEBUG] [org.gradle.api.internal.artifacts.ivyservice.ivyresolve.CachingModuleComponentRepository] Found artifact 'modlauncher-8.0.9-api.jar (cpw.mods:modlauncher:8.0.9)' in resolver cache: C:\Users\troyvs\.gradle\caches\modules-2\files-2.1\cpw.mods\modlauncher\8.0.9\476a62d2a2ebd3573134b8bcd8f0bc21bbdf29ac\modlauncher-8.0.9-api.jar
2021-03-21T18:11:26.858+0100 [DEBUG] [org.gradle.api.internal.artifacts.ivyservice.ivyresolve.CachingModuleComponentRepository] Found artifact 'toml-3.6.3.jar (com.electronwill.night-config:toml:3.6.3)' in resolver cache: C:\Users\troyvs\.gradle\caches\modules-2\files-2.1\com.electronwill.night-config\toml\3.6.3\2b05b4d606c517da4d1a7b6d2b97d751c92887d7\toml-3.6.3.jar
2021-03-21T18:11:26.875+0100 [DEBUG] [org.gradle.api.internal.artifacts.ivyservice.ivyresolve.CachingModuleComponentRepository] Found artifact 'platform-3.4.0.jar (net.java.dev.jna:platform:3.4.0)' in resolver cache: C:\Users\troyvs\.gradle\caches\modules-2\files-2.1\net.java.dev.jna\platform\3.4.0\e3f70017be8100d3d6923f50b3d2ee17714e9c13\platform-3.4.0.jar
2021-03-21T18:11:26.877+0100 [DEBUG] [org.gradle.api.internal.artifacts.ivyservice.ivyresolve.CachingModuleComponentRepository] Found artifact 'terminalconsoleappender-1.2.0.jar (net.minecrell:terminalconsoleappender:1.2.0)' in resolver cache: C:\Users\troyvs\.gradle\caches\modules-2\files-2.1\net.minecrell\terminalconsoleappender\1.2.0\96d02cd3b384ff015a8fef4223bcb4ccf1717c95\terminalconsoleappender-1.2.0.jar
2021-03-21T18:11:26.875+0100 [DEBUG] [org.gradle.api.internal.artifacts.ivyservice.ivyresolve.CachingModuleComponentRepository] Found artifact 'core-3.6.3.jar (com.electronwill.night-config:core:3.6.3)' in resolver cache: C:\Users\troyvs\.gradle\caches\modules-2\files-2.1\com.electronwill.night-config\core\3.6.3\c601bfeaeb2c0abe7aaa901b0bbe6d1beff49281\core-3.6.3.jar
2021-03-21T18:11:26.875+0100 [DEBUG] [org.gradle.api.internal.artifacts.ivyservice.ivyresolve.CachingModuleComponentRepository] Found artifact 'jna-4.4.0.jar (net.java.dev.jna:jna:4.4.0)' in resolver cache: C:\Users\troyvs\.gradle\caches\modules-2\files-2.1\net.java.dev.jna\jna\4.4.0\cb208278274bf12ebdb56c61bd7407e6f774d65a\jna-4.4.0.jar
2021-03-21T18:11:26.878+0100 [DEBUG] [org.gradle.internal.operations.DefaultBuildOperationRunner] Build operation 'Resolve asm-tree-9.0.jar (org.ow2.asm:asm-tree:9.0)' completed
2021-03-21T18:11:26.878+0100 [DEBUG] [org.gradle.api.internal.artifacts.ivyservice.ivyresolve.CachingModuleComponentRepository] Found artifact 'org.gradle.internal.component.external.model.UrlBackedArtifactMetadata@313ac5d' in resolver cache: C:\Users\troyvs\.gradle\caches\modules-2\files-2.1\net.minecraftforge\coremods\4.0.6\d6d761379c841e2610abebcbf70ed20b65f728f0\coremods-4.0.6.jar
2021-03-21T18:11:26.877+0100 [DEBUG] [org.gradle.api.internal.artifacts.ivyservice.ivyresolve.CachingModuleComponentRepository] Found artifact 'javabridge-1.0.22.jar (com.mojang:javabridge:1.0.22)' in resolver cache: C:\Users\troyvs\.gradle\caches\modules-2\files-2.1\com.mojang\javabridge\1.0.22\6aa6453aa99a52a5cd91749da1af6ab70e082ab3\javabridge-1.0.22.jar
2021-03-21T18:11:26.877+0100 [DEBUG] [org.gradle.api.internal.artifacts.ivyservice.ivyresolve.CachingModuleComponentRepository] Found artifact 'org.gradle.internal.component.external.model.UrlBackedArtifactMetadata@1f32e22b' in resolver cache: C:\Users\troyvs\.gradle\caches\modules-2\files-2.1\net.jodah\typetools\0.8.3\98f84f353457629e81cc6827224871b1a8faa7af\typetools-0.8.3.jar
2021-03-21T18:11:26.877+0100 [DEBUG] [org.gradle.api.internal.artifacts.ivyservice.ivyresolve.CachingModuleComponentRepository] Found artifact 'icu4j-66.1.jar (com.ibm.icu:icu4j:66.1)' in resolver cache: C:\Users\troyvs\.gradle\caches\modules-2\files-2.1\com.ibm.icu\icu4j\66.1\72c7519b6d91f7a1f993bd44a99fe95d67211b27\icu4j-66.1.jar
2021-03-21T18:11:26.877+0100 [DEBUG] [org.gradle.api.internal.artifacts.ivyservice.ivyresolve.CachingModuleComponentRepository] Found artifact 'log4j-core-2.11.2.jar (org.apache.logging.log4j:log4j-core:2.11.2)' in resolver cache: C:\Users\troyvs\.gradle\caches\modules-2\files-2.1\org.apache.logging.log4j\log4j-core\2.11.2\6c2fb3f5b7cd27504726aef1b674b542a0c9cf53\log4j-core-2.11.2.jar
2021-03-21T18:11:26.876+0100 [DEBUG] [org.gradle.api.internal.artifacts.ivyservice.ivyresolve.CachingModuleComponentRepository] Found artifact 'oshi-core-1.1.jar (oshi-project:oshi-core:1.1)' in resolver cache: C:\Users\troyvs\.gradle\caches\modules-2\files-2.1\oshi-project\oshi-core\1.1\9ddf7b048a8d701be231c0f4f95fd986198fd2d8\oshi-core-1.1.jar
2021-03-21T18:11:26.882+0100 [DEBUG] [org.gradle.api.internal.artifacts.ivyservice.ivyresolve.CachingModuleComponentRepository] Found artifact 'netty-all-4.1.25.Final.jar (io.netty:netty-all:4.1.25.Final)' in resolver cache: C:\Users\troyvs\.gradle\caches\modules-2\files-2.1\io.netty\netty-all\4.1.25.Final\d0626cd3108294d1d58c05859add27b4ef21f83b\netty-all-4.1.25.Final.jar
2021-03-21T18:11:26.882+0100 [DEBUG] [org.gradle.internal.operations.DefaultBuildOperationRunner] Build operation 'Resolve netty-all-4.1.25.Final.jar (io.netty:netty-all:4.1.25.Final)' completed
2021-03-21T18:11:26.881+0100 [DEBUG] [org.gradle.api.internal.artifacts.ivyservice.ivyresolve.CachingModuleComponentRepository] Found artifact 'httpclient-4.3.3.jar (org.apache.httpcomponents:httpclient:4.3.3)' in resolver cache: C:\Users\troyvs\.gradle\caches\modules-2\files-2.1\org.apache.httpcomponents\httpclient\4.3.3\18f4247ff4572a074444572cee34647c43e7c9c7\httpclient-4.3.3.jar
2021-03-21T18:11:26.880+0100 [DEBUG] [org.gradle.api.internal.artifacts.ivyservice.ivyresolve.CachingModuleComponentRepository] Found artifact 'commons-lang3-3.8.1.jar (org.apache.commons:commons-lang3:3.8.1)' in resolver cache: C:\Users\troyvs\.gradle\caches\modules-2\files-2.1\org.apache.commons\commons-lang3\3.8.1\6505a72a097d9270f7a9e7bf42c4238283247755\commons-lang3-3.8.1.jar
2021-03-21T18:11:26.885+0100 [DEBUG] [org.gradle.api.internal.artifacts.ivyservice.ivyresolve.CachingModuleComponentRepository] Found artifact 'commons-io-2.5.jar (commons-io:commons-io:2.5)' in resolver cache: C:\Users\troyvs\.gradle\caches\modules-2\files-2.1\commons-io\commons-io\2.5\2852e6e05fbb95076fc091f6d1780f1f8fe35e0f\commons-io-2.5.jar
2021-03-21T18:11:26.886+0100 [DEBUG] [org.gradle.api.internal.artifacts.ivyservice.ivyresolve.CachingModuleComponentRepository] Found artifact 'gson-2.8.0.jar (com.google.code.gson:gson:2.8.0)' in resolver cache: C:\Users\troyvs\.gradle\caches\modules-2\files-2.1\com.google.code.gson\gson\2.8.0\c4ba5371a29ac9b2ad6129b1d39ea38750043eff\gson-2.8.0.jar
2021-03-21T18:11:26.884+0100 [DEBUG] [org.gradle.api.internal.artifacts.ivyservice.ivyresolve.CachingModuleComponentRepository] Found artifact 'jutils-1.0.0.jar (net.java.jutils:jutils:1.0.0)' in resolver cache: C:\Users\troyvs\.gradle\caches\modules-2\files-2.1\net.java.jutils\jutils\1.0.0\e12fe1fda814bd348c1579329c86943d2cd3c6a6\jutils-1.0.0.jar
2021-03-21T18:11:26.887+0100 [DEBUG] [org.gradle.internal.operations.DefaultBuildOperationRunner] Build operation 'Resolve jutils-1.0.0.jar (net.java.jutils:jutils:1.0.0)' completed
2021-03-21T18:11:26.884+0100 [DEBUG] [org.gradle.api.internal.artifacts.ivyservice.ivyresolve.CachingModuleComponentRepository] Found artifact 'commons-codec-1.10.jar (commons-codec:commons-codec:1.10)' in resolver cache: C:\Users\troyvs\.gradle\caches\modules-2\files-2.1\commons-codec\commons-codec\1.10\4b95f4897fa13f2cd904aee711aeafc0c5295cd8\commons-codec-1.10.jar
2021-03-21T18:11:26.889+0100 [DEBUG] [org.gradle.api.internal.artifacts.ivyservice.ivyresolve.CachingModuleComponentRepository] Found artifact 'jinput-2.0.5.jar (net.java.jinput:jinput:2.0.5)' in resolver cache: C:\Users\troyvs\.gradle\caches\modules-2\files-2.1\net.java.jinput\jinput\2.0.5\39c7796b469a600f72380316f6b1f11db6c2c7c4\jinput-2.0.5.jar
2021-03-21T18:11:26.887+0100 [DEBUG] [org.gradle.api.internal.artifacts.ivyservice.ivyresolve.CachingModuleComponentRepository] Found artifact 'commons-compress-1.8.1.jar (org.apache.commons:commons-compress:1.8.1)' in resolver cache: C:\Users\troyvs\.gradle\caches\modules-2\files-2.1\org.apache.commons\commons-compress\1.8.1\a698750c16740fd5b3871425f4cb3bbaa87f529d\commons-compress-1.8.1.jar
2021-03-21T18:11:26.891+0100 [DEBUG] [org.gradle.api.internal.artifacts.ivyservice.ivyresolve.CachingModuleComponentRepository] Found artifact 'lwjgl-jemalloc-3.2.2.jar (org.lwjgl:lwjgl-jemalloc:3.2.2)' in resolver cache: C:\Users\troyvs\.gradle\caches\modules-2\files-2.1\org.lwjgl\lwjgl-jemalloc\3.2.2\ee8e57a79300f78294576d87c4a587f8c99402e2\lwjgl-jemalloc-3.2.2.jar
2021-03-21T18:11:26.891+0100 [DEBUG] [org.gradle.api.internal.artifacts.ivyservice.ivyresolve.CachingModuleComponentRepository] Found artifact 'httpcore-4.3.2.jar (org.apache.httpcomponents:httpcore:4.3.2)' in resolver cache: C:\Users\troyvs\.gradle\caches\modules-2\files-2.1\org.apache.httpcomponents\httpcore\4.3.2\31fbbff1ddbf98f3aa7377c94d33b0447c646b6e\httpcore-4.3.2.jar
2021-03-21T18:11:26.892+0100 [DEBUG] [org.gradle.api.internal.artifacts.ivyservice.ivyresolve.CachingModuleComponentRepository] Found artifact 'lwjgl-jemalloc-3.2.2-natives-windows.jar (org.lwjgl:lwjgl-jemalloc:3.2.2)' in resolver cache: C:\Users\troyvs\.gradle\caches\modules-2\files-2.1\org.lwjgl\lwjgl-jemalloc\3.2.2\338b25b99da3ba5f441f6492f2ce2a9c608860ed\lwjgl-jemalloc-3.2.2-natives-windows.jar
2021-03-21T18:11:26.886+0100 [DEBUG] [org.gradle.api.internal.artifacts.ivyservice.ivyresolve.CachingModuleComponentRepository] Found artifact 'brigadier-1.0.17.jar (com.mojang:brigadier:1.0.17)' in resolver cache: C:\Users\troyvs\.gradle\caches\modules-2\files-2.1\com.mojang\brigadier\1.0.17\c6b7dc51dd44379cc751b7504816006e9be4b1e6\brigadier-1.0.17.jar
2021-03-21T18:11:26.886+0100 [DEBUG] [org.gradle.api.internal.artifacts.ivyservice.ivyresolve.CachingModuleComponentRepository] Found artifact 'guava-21.0.jar (com.google.guava:guava:21.0)' in resolver cache: C:\Users\troyvs\.gradle\caches\modules-2\files-2.1\com.google.guava\guava\21.0\3a3d111be1be1b745edfa7d91678a12d7ed38709\guava-21.0.jar
2021-03-21T18:11:26.893+0100 [DEBUG] [org.gradle.api.internal.artifacts.ivyservice.ivyresolve.CachingModuleComponentRepository] Found artifact 'commons-logging-1.1.3.jar (commons-logging:commons-logging:1.1.3)' in resolver cache: C:\Users\troyvs\.gradle\caches\modules-2\files-2.1\commons-logging\commons-logging\1.1.3\f6f66e966c70a83ffbdb6f17a0919eaf7c8aca7f\commons-logging-1.1.3.jar
2021-03-21T18:11:26.892+0100 [DEBUG] [org.gradle.internal.operations.DefaultBuildOperationRunner] Build operation 'Resolve httpcore-4.3.2.jar (org.apache.httpcomponents:httpcore:4.3.2)' completed
2021-03-21T18:11:26.894+0100 [DEBUG] [org.gradle.api.internal.artifacts.ivyservice.ivyresolve.CachingModuleComponentRepository] Found artifact 'lwjgl-openal-3.2.2-natives-windows.jar (org.lwjgl:lwjgl-openal:3.2.2)' in resolver cache: C:\Users\troyvs\.gradle\caches\modules-2\files-2.1\org.lwjgl\lwjgl-openal\3.2.2\ec20a7d42a2438528fca87e60b1705f1e2339ddb\lwjgl-openal-3.2.2-natives-windows.jar
2021-03-21T18:11:26.894+0100 [DEBUG] [org.gradle.api.internal.artifacts.ivyservice.ivyresolve.CachingModuleComponentRepository] Found artifact 'lwjgl-opengl-3.2.2.jar (org.lwjgl:lwjgl-opengl:3.2.2)' in resolver cache: C:\Users\troyvs\.gradle\caches\modules-2\files-2.1\org.lwjgl\lwjgl-opengl\3.2.2\6ac5bb88b44c43ea195a570aab059f63da004cd8\lwjgl-opengl-3.2.2.jar
2021-03-21T18:11:26.895+0100 [DEBUG] [org.gradle.internal.operations.DefaultBuildOperationRunner] Build operation 'Resolve lwjgl-opengl-3.2.2.jar (org.lwjgl:lwjgl-opengl:3.2.2)' completed
2021-03-21T18:11:26.894+0100 [DEBUG] [org.gradle.api.internal.artifacts.ivyservice.ivyresolve.CachingModuleComponentRepository] Found artifact 'authlib-2.1.28.jar (com.mojang:authlib:2.1.28)' in resolver cache: C:\Users\troyvs\.gradle\caches\modules-2\files-2.1\com.mojang\authlib\2.1.28\ad54da276bf59983d02d5ed16fc14541354c71fd\authlib-2.1.28.jar
2021-03-21T18:11:26.893+0100 [DEBUG] [org.gradle.api.internal.artifacts.ivyservice.ivyresolve.CachingModuleComponentRepository] Found artifact 'datafixerupper-4.0.26.jar (com.mojang:datafixerupper:4.0.26)' in resolver cache: C:\Users\troyvs\.gradle\caches\modules-2\files-2.1\com.mojang\datafixerupper\4.0.26\ebd6690f33871ccee9b6132c6480668ee2e35020\datafixerupper-4.0.26.jar
2021-03-21T18:11:26.896+0100 [DEBUG] [org.gradle.api.internal.artifacts.ivyservice.ivyresolve.CachingModuleComponentRepository] Found artifact 'fastutil-8.2.1.jar (it.unimi.dsi:fastutil:8.2.1)' in resolver cache: C:\Users\troyvs\.gradle\caches\modules-2\files-2.1\it.unimi.dsi\fastutil\8.2.1\5ad88f325e424f8dbc2be5459e21ea5cab3864e9\fastutil-8.2.1.jar
2021-03-21T18:11:26.897+0100 [DEBUG] [org.gradle.api.internal.artifacts.ivyservice.ivyresolve.CachingModuleComponentRepository] Found artifact 'lwjgl-openal-3.2.2.jar (org.lwjgl:lwjgl-openal:3.2.2)' in resolver cache: C:\Users\troyvs\.gradle\caches\modules-2\files-2.1\org.lwjgl\lwjgl-openal\3.2.2\2b772a102b0a11ee5f2109a5b136f4dc7c630827\lwjgl-openal-3.2.2.jar
2021-03-21T18:11:26.895+0100 [DEBUG] [org.gradle.api.internal.artifacts.ivyservice.ivyresolve.CachingModuleComponentRepository] Found artifact 'lwjgl-opengl-3.2.2-natives-windows.jar (org.lwjgl:lwjgl-opengl:3.2.2)' in resolver cache: C:\Users\troyvs\.gradle\caches\modules-2\files-2.1\org.lwjgl\lwjgl-opengl\3.2.2\d8dcdc91066cae2d2d8279cb4a9f9f05d9525826\lwjgl-opengl-3.2.2-natives-windows.jar
2021-03-21T18:11:26.905+0100 [DEBUG] [org.gradle.api.internal.artifacts.ivyservice.ivyresolve.CachingModuleComponentRepository] Found artifact 'lwjgl-stb-3.2.2.jar (org.lwjgl:lwjgl-stb:3.2.2)' in resolver cache: C:\Users\troyvs\.gradle\caches\modules-2\files-2.1\org.lwjgl\lwjgl-stb\3.2.2\3b8e6ebc5851dd3d17e37e5cadce2eff2a429f0f\lwjgl-stb-3.2.2.jar
2021-03-21T18:11:26.905+0100 [DEBUG] [org.gradle.api.internal.artifacts.ivyservice.ivyresolve.CachingModuleComponentRepository] Found artifact 'lwjgl-glfw-3.2.2-natives-windows.jar (org.lwjgl:lwjgl-glfw:3.2.2)' in resolver cache: C:\Users\troyvs\.gradle\caches\modules-2\files-2.1\org.lwjgl\lwjgl-glfw\3.2.2\dc6826d636bf796b33a49038c354210e661bfc17\lwjgl-glfw-3.2.2-natives-windows.jar
2021-03-21T18:11:26.906+0100 [DEBUG] [org.gradle.internal.operations.DefaultBuildOperationRunner] Build operation 'Resolve lwjgl-glfw-3.2.2-natives-windows.jar (org.lwjgl:lwjgl-glfw:3.2.2)' completed
2021-03-21T18:11:26.908+0100 [DEBUG] [org.gradle.api.internal.artifacts.ivyservice.ivyresolve.CachingModuleComponentRepository] Found artifact 'text2speech-1.11.3.jar (com.mojang:text2speech:1.11.3)' in resolver cache: C:\Users\troyvs\.gradle\caches\modules-2\files-2.1\com.mojang\text2speech\1.11.3\f378f889797edd7df8d32272c06ca80a1b6b0f58\text2speech-1.11.3.jar
2021-03-21T18:11:26.904+0100 [DEBUG] [org.gradle.api.internal.artifacts.ivyservice.ivyresolve.CachingModuleComponentRepository] Found artifact 'lwjgl-3.2.2-natives-windows.jar (org.lwjgl:lwjgl:3.2.2)' in resolver cache: C:\Users\troyvs\.gradle\caches\modules-2\files-2.1\org.lwjgl\lwjgl\3.2.2\5359f3aa50d36352815fc662ea73e1c00d22170\lwjgl-3.2.2-natives-windows.jar
2021-03-21T18:11:26.910+0100 [DEBUG] [org.gradle.api.internal.artifacts.ivyservice.ivyresolve.CachingModuleComponentRepository] Found artifact 'text2speech-1.11.3-natives-windows.jar (com.mojang:text2speech:1.11.3)' in resolver cache: C:\Users\troyvs\.gradle\caches\modules-2\files-2.1\com.mojang\text2speech\1.11.3\c0b242c0091be5acbf303263c7eeeaedd70544c7\text2speech-1.11.3-natives-windows.jar
2021-03-21T18:11:26.911+0100 [DEBUG] [org.gradle.internal.operations.DefaultBuildOperationRunner] Build operation 'Resolve text2speech-1.11.3-natives-windows.jar (com.mojang:text2speech:1.11.3)' completed
2021-03-21T18:11:26.898+0100 [DEBUG] [org.gradle.api.internal.artifacts.ivyservice.ivyresolve.CachingModuleComponentRepository] Found artifact 'lwjgl-tinyfd-3.2.2.jar (org.lwjgl:lwjgl-tinyfd:3.2.2)' in resolver cache: C:\Users\troyvs\.gradle\caches\modules-2\files-2.1\org.lwjgl\lwjgl-tinyfd\3.2.2\fcbe606c8f8da6f8f9a05e2c540eb1ee8632b0e9\lwjgl-tinyfd-3.2.2.jar
2021-03-21T18:11:26.912+0100 [DEBUG] [org.gradle.api.internal.artifacts.ivyservice.ivyresolve.CachingModuleComponentRepository] Found artifact 'jline-reader-3.12.1.jar (org.jline:jline-reader:3.12.1)' in resolver cache: C:\Users\troyvs\.gradle\caches\modules-2\files-2.1\org.jline\jline-reader\3.12.1\4382ab1382c7b6f379377ed5f665dc2f6e1218bc\jline-reader-3.12.1.jar
2021-03-21T18:11:26.912+0100 [DEBUG] [org.gradle.api.internal.artifacts.ivyservice.ivyresolve.CachingModuleComponentRepository] Found artifact 'lwjgl-3.2.2.jar (org.lwjgl:lwjgl:3.2.2)' in resolver cache: C:\Users\troyvs\.gradle\caches\modules-2\files-2.1\org.lwjgl\lwjgl\3.2.2\8ad6294407e15780b43e84929c40e4c5e997972e\lwjgl-3.2.2.jar
2021-03-21T18:11:26.912+0100 [DEBUG] [org.gradle.api.internal.artifacts.ivyservice.ivyresolve.CachingModuleComponentRepository] Found artifact 'lwjgl-tinyfd-3.2.2-natives-windows.jar (org.lwjgl:lwjgl-tinyfd:3.2.2)' in resolver cache: C:\Users\troyvs\.gradle\caches\modules-2\files-2.1\org.lwjgl\lwjgl-tinyfd\3.2.2\e9115958773644e863332a6a06488d26f9e1fc9f\lwjgl-tinyfd-3.2.2-natives-windows.jar
2021-03-21T18:11:26.912+0100 [DEBUG] [org.gradle.api.internal.artifacts.ivyservice.ivyresolve.CachingModuleComponentRepository] Found artifact 'jinput-platform-2.0.5-natives-linux.jar (net.java.jinput:jinput-platform:2.0.5)' in resolver cache: C:\Users\troyvs\.gradle\caches\modules-2\files-2.1\net.java.jinput\jinput-platform\2.0.5\7ff832a6eb9ab6a767f1ade2b548092d0fa64795\jinput-platform-2.0.5-natives-linux.jar
2021-03-21T18:11:26.911+0100 [DEBUG] [org.gradle.api.internal.artifacts.ivyservice.ivyresolve.CachingModuleComponentRepository] Found artifact 'lwjgl-glfw-3.2.2.jar (org.lwjgl:lwjgl-glfw:3.2.2)' in resolver cache: C:\Users\troyvs\.gradle\caches\modules-2\files-2.1\org.lwjgl\lwjgl-glfw\3.2.2\d3ad4df38e400b8afba1de63f84338809399df5b\lwjgl-glfw-3.2.2.jar
2021-03-21T18:11:26.917+0100 [DEBUG] [org.gradle.api.internal.artifacts.ivyservice.ivyresolve.CachingModuleComponentRepository] Found artifact 'jinput-platform-2.0.5-natives-windows.jar (net.java.jinput:jinput-platform:2.0.5)' in resolver cache: C:\Users\troyvs\.gradle\caches\modules-2\files-2.1\net.java.jinput\jinput-platform\2.0.5\385ee093e01f587f30ee1c8a2ee7d408fd732e16\jinput-platform-2.0.5-natives-windows.jar
2021-03-21T18:11:26.917+0100 [DEBUG] [org.gradle.internal.operations.DefaultBuildOperationRunner] Build operation 'Resolve jinput-platform-2.0.5-natives-windows.jar (net.java.jinput:jinput-platform:2.0.5)' completed
2021-03-21T18:11:26.913+0100 [DEBUG] [org.gradle.api.internal.artifacts.ivyservice.ivyresolve.CachingModuleComponentRepository] Found artifact 'lwjgl-stb-3.2.2-natives-windows.jar (org.lwjgl:lwjgl-stb:3.2.2)' in resolver cache: C:\Users\troyvs\.gradle\caches\modules-2\files-2.1\org.lwjgl\lwjgl-stb\3.2.2\811f705cbb29e8ae8d60bdf8fdd38c0c123ad3ef\lwjgl-stb-3.2.2-natives-windows.jar
2021-03-21T18:11:26.919+0100 [DEBUG] [org.gradle.api.internal.artifacts.ivyservice.ivyresolve.CachingModuleComponentRepository] Found artifact 'jinput-platform-2.0.5-natives-osx.jar (net.java.jinput:jinput-platform:2.0.5)' in resolver cache: C:\Users\troyvs\.gradle\caches\modules-2\files-2.1\net.java.jinput\jinput-platform\2.0.5\53f9c919f34d2ca9de8c51fc4e1e8282029a9232\jinput-platform-2.0.5-natives-osx.jar
2021-03-21T18:11:26.920+0100 [DEBUG] [org.gradle.api.internal.artifacts.ivyservice.ivyresolve.CachingModuleComponentRepository] Found artifact 'jline-terminal-3.12.1.jar (org.jline:jline-terminal:3.12.1)' in resolver cache: C:\Users\troyvs\.gradle\caches\modules-2\files-2.1\org.jline\jline-terminal\3.12.1\c777448314e050d980a6b697c140f3bfe9eb7416\jline-terminal-3.12.1.jar
2021-03-21T18:11:26.921+0100 [DEBUG] [org.gradle.api.internal.artifacts.ivyservice.ivyresolve.CachingModuleComponentRepository] Found artifact 'org.gradle.internal.component.external.model.UrlBackedArtifactMetadata@6919dfb0' in resolver cache: C:\Users\troyvs\.gradle\caches\modules-2\files-2.1\net.minecraftforge\forgespi\3.2.0\c6ca4e4e4a0343701407c760e642537b613b543\forgespi-3.2.0.jar
2021-03-21T18:11:26.922+0100 [DEBUG] [org.gradle.internal.work.DefaultWorkerLeaseService] Worker lease root.1.20.33 completed (3 worker(s) in use)
2021-03-21T18:11:26.922+0100 [DEBUG] [org.gradle.internal.resources.AbstractTrackedResourceLock] Daemon worker: released lock on root.1.20.33
2021-03-21T18:11:27.183+0100 [DEBUG] [org.gradle.api.internal.artifacts.ivyservice.ivyresolve.CachingModuleComponentRepository] Downloaded artifact 'client-1.16.5-extra.jar (net.minecraft:client:1.16.5)' from resolver: BUNDELED_377664982
2021-03-21T18:11:27.183+0100 [LIFECYCLE] [org.gradle.internal.operations.DefaultBuildOperationRunner] 
2021-03-21T18:11:27.183+0100 [DEBUG] [org.gradle.internal.operations.DefaultBuildOperationRunner] Completing Build operation 'Resolve client-1.16.5-extra.jar (net.minecraft:client:1.16.5)'
2021-03-21T18:11:27.183+0100 [DEBUG] [org.gradle.internal.operations.DefaultBuildOperationRunner] Build operation 'Resolve client-1.16.5-extra.jar (net.minecraft:client:1.16.5)' completed
2021-03-21T18:11:27.183+0100 [DEBUG] [org.gradle.internal.work.DefaultWorkerLeaseService] Worker lease root.1.20.21 completed (1 worker(s) in use)
2021-03-21T18:11:27.183+0100 [DEBUG] [org.gradle.internal.resources.AbstractTrackedResourceLock] Build operations Thread 7: released lock on root.1.20.21
2021-03-21T18:11:27.184+0100 [DEBUG] [org.gradle.internal.operations.DefaultBuildOperationRunner] Completing Build operation 'Resolve files of :_compileJava_1'
2021-03-21T18:11:27.185+0100 [DEBUG] [org.gradle.internal.operations.DefaultBuildOperationRunner] Build operation 'Realize task :downloadMcpConfig' started
2021-03-21T18:11:27.189+0100 [DEBUG] [org.gradle.internal.operations.DefaultBuildOperationRunner] Completing Build operation 'Realize task :downloadMcpConfig'
2021-03-21T18:11:27.190+0100 [DEBUG] [org.gradle.internal.operations.DefaultBuildOperationRunner] Build operation 'Realize task :reobfJar' started
2021-03-21T18:11:27.196+0100 [DEBUG] [org.gradle.internal.operations.DefaultBuildOperationRunner] Completing Build operation 'Realize task :reobfJar'
2021-03-21T18:11:27.197+0100 [DEBUG] [org.gradle.internal.operations.DefaultBuildOperationRunner] Build operation 'Realize task :createMcpToSrg' started
2021-03-21T18:11:27.197+0100 [DEBUG] [org.gradle.internal.operations.DefaultBuildOperationRunner] Build operation 'Execute container callback action' started
2021-03-21T18:11:27.197+0100 [DEBUG] [org.gradle.internal.operations.DefaultBuildOperationRunner] Completing Build operation 'Execute container callback action'
2021-03-21T18:11:27.198+0100 [DEBUG] [org.gradle.internal.operations.DefaultBuildOperationRunner] Completing Build operation 'Realize task :createMcpToSrg'
2021-03-21T18:11:27.199+0100 [DEBUG] [org.gradle.internal.operations.DefaultBuildOperationRunner] Build operation 'Realize task :assemble' started
2021-03-21T18:11:27.202+0100 [DEBUG] [org.gradle.internal.operations.DefaultBuildOperationRunner] Build operation 'Execute container callback action' started
2021-03-21T18:11:27.202+0100 [DEBUG] [org.gradle.internal.operations.DefaultBuildOperationRunner] Completing Build operation 'Execute container callback action'
2021-03-21T18:11:27.202+0100 [DEBUG] [org.gradle.internal.operations.DefaultBuildOperationRunner] Build operation 'Execute container callback action' started
2021-03-21T18:11:27.202+0100 [DEBUG] [org.gradle.internal.operations.DefaultBuildOperationRunner] Completing Build operation 'Execute container callback action'
2021-03-21T18:11:27.202+0100 [DEBUG] [org.gradle.internal.operations.DefaultBuildOperationRunner] Completing Build operation 'Realize task :assemble'
2021-03-21T18:11:27.222+0100 [DEBUG] [org.gradle.internal.operations.DefaultBuildOperationRunner] Build operation 'Register task :prepareRuns' started
2021-03-21T18:11:27.222+0100 [DEBUG] [org.gradle.internal.operations.DefaultBuildOperationRunner] Completing Build operation 'Register task :prepareRuns'
2021-03-21T18:11:27.223+0100 [DEBUG] [org.gradle.internal.operations.DefaultBuildOperationRunner] Build operation 'Register task :makeSrcDirs' started
2021-03-21T18:11:27.223+0100 [DEBUG] [org.gradle.internal.operations.DefaultBuildOperationRunner] Completing Build operation 'Register task :makeSrcDirs'
2021-03-21T18:11:27.223+0100 [DEBUG] [org.gradle.internal.operations.DefaultBuildOperationRunner] Build operation 'Realize task :makeSrcDirs' started
2021-03-21T18:11:27.223+0100 [DEBUG] [org.gradle.internal.operations.DefaultBuildOperationRunner] Build operation 'Execute container callback action' started
2021-03-21T18:11:27.225+0100 [DEBUG] [org.gradle.internal.operations.DefaultBuildOperationRunner] Completing Build operation 'Execute container callback action'
2021-03-21T18:11:27.225+0100 [DEBUG] [org.gradle.internal.operations.DefaultBuildOperationRunner] Completing Build operation 'Realize task :makeSrcDirs'
2021-03-21T18:11:27.229+0100 [DEBUG] [org.gradle.internal.operations.DefaultBuildOperationRunner] Completing Build operation 'Execute Project.afterEvaluate listener'
2021-03-21T18:11:27.229+0100 [DEBUG] [org.gradle.internal.operations.DefaultBuildOperationRunner] Build operation 'Execute Project.afterEvaluate listener' started
2021-03-21T18:11:27.235+0100 [DEBUG] [org.gradle.internal.operations.DefaultBuildOperationRunner] Completing Build operation 'Execute Project.afterEvaluate listener'
2021-03-21T18:11:27.235+0100 [DEBUG] [org.gradle.internal.operations.DefaultBuildOperationRunner] Build operation 'Execute Project.afterEvaluate listener' started
2021-03-21T18:11:27.235+0100 [DEBUG] [org.gradle.internal.operations.DefaultBuildOperationRunner] Completing Build operation 'Execute Project.afterEvaluate listener'
2021-03-21T18:11:27.235+0100 [DEBUG] [org.gradle.internal.operations.DefaultBuildOperationRunner] Build operation 'Execute Project.afterEvaluate listener' started
2021-03-21T18:11:27.260+0100 [DEBUG] [org.gradle.internal.operations.DefaultBuildOperationRunner] Completing Build operation 'Execute Project.afterEvaluate listener'
2021-03-21T18:11:27.260+0100 [DEBUG] [org.gradle.internal.operations.DefaultBuildOperationRunner] Completing Build operation 'Notify afterEvaluate listeners of :'
2021-03-21T18:11:27.104+0100 [LIFECYCLE] [org.gradle.internal.logging.progress.ProgressLoggerFactory] 
2021-03-21T18:11:27.104+0100 [LIFECYCLE] [org.gradle.internal.logging.progress.ProgressLoggerFactory] > Configure project :
2021-03-21T18:11:27.184+0100 [DEBUG] [org.gradle.internal.operations.DefaultBuildOperationRunner] Build operation 'Resolve files of :_compileJava_1' completed
2021-03-21T18:11:27.189+0100 [DEBUG] [org.gradle.internal.operations.DefaultBuildOperationRunner] Build operation 'Realize task :downloadMcpConfig' completed
2021-03-21T18:11:27.196+0100 [DEBUG] [org.gradle.internal.operations.DefaultBuildOperationRunner] Build operation 'Realize task :reobfJar' completed
2021-03-21T18:11:27.197+0100 [DEBUG] [org.gradle.internal.operations.DefaultBuildOperationRunner] Build operation 'Execute container callback action' completed
2021-03-21T18:11:27.198+0100 [DEBUG] [org.gradle.internal.operations.DefaultBuildOperationRunner] Build operation 'Realize task :createMcpToSrg' completed
2021-03-21T18:11:27.202+0100 [DEBUG] [org.gradle.internal.operations.DefaultBuildOperationRunner] Build operation 'Execute container callback action' completed
2021-03-21T18:11:27.202+0100 [DEBUG] [org.gradle.internal.operations.DefaultBuildOperationRunner] Build operation 'Execute container callback action' completed
2021-03-21T18:11:27.202+0100 [DEBUG] [org.gradle.internal.operations.DefaultBuildOperationRunner] Build operation 'Realize task :assemble' completed
2021-03-21T18:11:27.222+0100 [DEBUG] [org.gradle.internal.operations.DefaultBuildOperationRunner] Build operation 'Register task :prepareRuns' completed
2021-03-21T18:11:27.223+0100 [DEBUG] [org.gradle.internal.operations.DefaultBuildOperationRunner] Build operation 'Register task :makeSrcDirs' completed
2021-03-21T18:11:27.225+0100 [DEBUG] [org.gradle.internal.operations.DefaultBuildOperationRunner] Build operation 'Execute container callback action' completed
2021-03-21T18:11:27.225+0100 [DEBUG] [org.gradle.internal.operations.DefaultBuildOperationRunner] Build operation 'Realize task :makeSrcDirs' completed
2021-03-21T18:11:27.229+0100 [DEBUG] [org.gradle.internal.operations.DefaultBuildOperationRunner] Build operation 'Execute Project.afterEvaluate listener' completed
2021-03-21T18:11:27.235+0100 [DEBUG] [org.gradle.internal.operations.DefaultBuildOperationRunner] Build operation 'Execute Project.afterEvaluate listener' completed
2021-03-21T18:11:27.235+0100 [DEBUG] [org.gradle.internal.operations.DefaultBuildOperationRunner] Build operation 'Execute Project.afterEvaluate listener' completed
2021-03-21T18:11:27.260+0100 [DEBUG] [org.gradle.internal.operations.DefaultBuildOperationRunner] Build operation 'Execute Project.afterEvaluate listener' completed
2021-03-21T18:11:27.260+0100 [DEBUG] [org.gradle.internal.operations.DefaultBuildOperationRunner] Build operation 'Notify afterEvaluate listeners of :' completed
2021-03-21T18:11:27.260+0100 [DEBUG] [org.gradle.internal.resources.AbstractTrackedResourceLock] Daemon worker: released lock on :
2021-03-21T18:11:27.261+0100 [DEBUG] [org.gradle.internal.operations.DefaultBuildOperationRunner] Completing Build operation 'Configure project :'
2021-03-21T18:11:27.261+0100 [DEBUG] [org.gradle.internal.operations.DefaultBuildOperationRunner] Build operation 'Configure project :' completed
2021-03-21T18:11:27.261+0100 [DEBUG] [org.gradle.internal.operations.DefaultBuildOperationRunner] Build operation 'Notify projectsEvaluated listeners' started
2021-03-21T18:11:27.262+0100 [INFO] [org.gradle.internal.buildevents.BuildLogger] All projects evaluated.
2021-03-21T18:11:27.262+0100 [DEBUG] [org.gradle.internal.operations.DefaultBuildOperationRunner] Build operation 'Execute Gradle.projectsEvaluated listener' started
2021-03-21T18:11:27.269+0100 [DEBUG] [org.gradle.internal.operations.DefaultBuildOperationRunner] Build operation 'Realize task :prepareRuns' started
2021-03-21T18:11:27.269+0100 [DEBUG] [org.gradle.internal.operations.DefaultBuildOperationRunner] Build operation 'Execute container callback action' started
2021-03-21T18:11:27.270+0100 [DEBUG] [org.gradle.internal.operations.DefaultBuildOperationRunner] Completing Build operation 'Execute container callback action'
2021-03-21T18:11:27.270+0100 [DEBUG] [org.gradle.internal.operations.DefaultBuildOperationRunner] Build operation 'Execute container callback action' completed
2021-03-21T18:11:27.270+0100 [DEBUG] [org.gradle.internal.operations.DefaultBuildOperationRunner] Completing Build operation 'Realize task :prepareRuns'
2021-03-21T18:11:27.270+0100 [DEBUG] [org.gradle.internal.operations.DefaultBuildOperationRunner] Build operation 'Realize task :prepareRuns' completed
2021-03-21T18:11:27.285+0100 [DEBUG] [org.gradle.internal.operations.DefaultBuildOperationRunner] Build operation 'Register task :prepareRunClient' started
2021-03-21T18:11:27.285+0100 [DEBUG] [org.gradle.internal.operations.DefaultBuildOperationRunner] Completing Build operation 'Register task :prepareRunClient'
2021-03-21T18:11:27.285+0100 [DEBUG] [org.gradle.internal.operations.DefaultBuildOperationRunner] Build operation 'Register task :prepareRunClient' completed
2021-03-21T18:11:27.288+0100 [DEBUG] [org.gradle.internal.operations.DefaultBuildOperationRunner] Build operation 'Register task :runClient' started
2021-03-21T18:11:27.288+0100 [DEBUG] [org.gradle.internal.operations.DefaultBuildOperationRunner] Completing Build operation 'Register task :runClient'
2021-03-21T18:11:27.288+0100 [DEBUG] [org.gradle.internal.operations.DefaultBuildOperationRunner] Build operation 'Register task :runClient' completed
2021-03-21T18:11:27.289+0100 [DEBUG] [org.gradle.internal.operations.DefaultBuildOperationRunner] Build operation 'Register task :prepareRunData' started
2021-03-21T18:11:27.290+0100 [DEBUG] [org.gradle.internal.operations.DefaultBuildOperationRunner] Completing Build operation 'Register task :prepareRunData'
2021-03-21T18:11:27.290+0100 [DEBUG] [org.gradle.internal.operations.DefaultBuildOperationRunner] Build operation 'Register task :prepareRunData' completed
2021-03-21T18:11:27.290+0100 [DEBUG] [org.gradle.internal.operations.DefaultBuildOperationRunner] Build operation 'Register task :runData' started
2021-03-21T18:11:27.290+0100 [DEBUG] [org.gradle.internal.operations.DefaultBuildOperationRunner] Completing Build operation 'Register task :runData'
2021-03-21T18:11:27.290+0100 [DEBUG] [org.gradle.internal.operations.DefaultBuildOperationRunner] Build operation 'Register task :runData' completed
2021-03-21T18:11:27.291+0100 [DEBUG] [org.gradle.internal.operations.DefaultBuildOperationRunner] Build operation 'Register task :prepareRunServer' started
2021-03-21T18:11:27.291+0100 [DEBUG] [org.gradle.internal.operations.DefaultBuildOperationRunner] Completing Build operation 'Register task :prepareRunServer'
2021-03-21T18:11:27.291+0100 [DEBUG] [org.gradle.internal.operations.DefaultBuildOperationRunner] Build operation 'Register task :prepareRunServer' completed
2021-03-21T18:11:27.291+0100 [DEBUG] [org.gradle.internal.operations.DefaultBuildOperationRunner] Build operation 'Register task :runServer' started
2021-03-21T18:11:27.291+0100 [DEBUG] [org.gradle.internal.operations.DefaultBuildOperationRunner] Completing Build operation 'Register task :runServer'
2021-03-21T18:11:27.291+0100 [DEBUG] [org.gradle.internal.operations.DefaultBuildOperationRunner] Build operation 'Register task :runServer' completed
2021-03-21T18:11:27.293+0100 [DEBUG] [org.gradle.internal.operations.DefaultBuildOperationRunner] Build operation 'Realize task :eclipseClasspath' started
2021-03-21T18:11:27.305+0100 [DEBUG] [org.gradle.internal.operations.DefaultBuildOperationRunner] Build operation 'Execute container callback action' started
2021-03-21T18:11:27.305+0100 [DEBUG] [org.gradle.internal.operations.DefaultBuildOperationRunner] Completing Build operation 'Execute container callback action'
2021-03-21T18:11:27.306+0100 [DEBUG] [org.gradle.internal.operations.DefaultBuildOperationRunner] Build operation 'Execute container callback action' completed
2021-03-21T18:11:27.306+0100 [DEBUG] [org.gradle.internal.operations.DefaultBuildOperationRunner] Build operation 'Execute container callback action' started
2021-03-21T18:11:27.306+0100 [DEBUG] [org.gradle.internal.operations.DefaultBuildOperationRunner] Completing Build operation 'Execute container callback action'
2021-03-21T18:11:27.307+0100 [DEBUG] [org.gradle.internal.operations.DefaultBuildOperationRunner] Build operation 'Execute container callback action' completed
2021-03-21T18:11:27.307+0100 [DEBUG] [org.gradle.internal.operations.DefaultBuildOperationRunner] Build operation 'Execute container callback action' started
2021-03-21T18:11:27.307+0100 [DEBUG] [org.gradle.internal.operations.DefaultBuildOperationRunner] Completing Build operation 'Execute container callback action'
2021-03-21T18:11:27.307+0100 [DEBUG] [org.gradle.internal.operations.DefaultBuildOperationRunner] Build operation 'Execute container callback action' completed
2021-03-21T18:11:27.307+0100 [DEBUG] [org.gradle.internal.operations.DefaultBuildOperationRunner] Completing Build operation 'Realize task :eclipseClasspath'
2021-03-21T18:11:27.307+0100 [DEBUG] [org.gradle.internal.operations.DefaultBuildOperationRunner] Build operation 'Realize task :eclipseClasspath' completed
2021-03-21T18:11:27.307+0100 [DEBUG] [org.gradle.internal.operations.DefaultBuildOperationRunner] Build operation 'Execute container callback action' started
2021-03-21T18:11:27.308+0100 [DEBUG] [org.gradle.internal.operations.DefaultBuildOperationRunner] Completing Build operation 'Execute container callback action'
2021-03-21T18:11:27.309+0100 [DEBUG] [org.gradle.internal.operations.DefaultBuildOperationRunner] Build operation 'Execute container callback action' completed
2021-03-21T18:11:27.393+0100 [DEBUG] [org.gradle.internal.operations.DefaultBuildOperationRunner] Build operation 'Register task :genIntellijRuns' started
2021-03-21T18:11:27.393+0100 [DEBUG] [org.gradle.internal.operations.DefaultBuildOperationRunner] Completing Build operation 'Register task :genIntellijRuns'
2021-03-21T18:11:27.393+0100 [DEBUG] [org.gradle.internal.operations.DefaultBuildOperationRunner] Build operation 'Register task :genIntellijRuns' completed
2021-03-21T18:11:27.393+0100 [DEBUG] [org.gradle.internal.operations.DefaultBuildOperationRunner] Build operation 'Register task :genEclipseRuns' started
2021-03-21T18:11:27.394+0100 [DEBUG] [org.gradle.internal.operations.DefaultBuildOperationRunner] Completing Build operation 'Register task :genEclipseRuns'
2021-03-21T18:11:27.394+0100 [DEBUG] [org.gradle.internal.operations.DefaultBuildOperationRunner] Build operation 'Register task :genEclipseRuns' completed
2021-03-21T18:11:27.394+0100 [DEBUG] [org.gradle.internal.operations.DefaultBuildOperationRunner] Build operation 'Register task :genVSCodeRuns' started
2021-03-21T18:11:27.394+0100 [DEBUG] [org.gradle.internal.operations.DefaultBuildOperationRunner] Completing Build operation 'Register task :genVSCodeRuns'
2021-03-21T18:11:27.394+0100 [DEBUG] [org.gradle.internal.operations.DefaultBuildOperationRunner] Build operation 'Register task :genVSCodeRuns' completed
2021-03-21T18:11:27.394+0100 [DEBUG] [org.gradle.internal.operations.DefaultBuildOperationRunner] Completing Build operation 'Execute Gradle.projectsEvaluated listener'
2021-03-21T18:11:27.394+0100 [DEBUG] [org.gradle.internal.operations.DefaultBuildOperationRunner] Build operation 'Execute Gradle.projectsEvaluated listener' completed
2021-03-21T18:11:27.394+0100 [DEBUG] [org.gradle.internal.operations.DefaultBuildOperationRunner] Completing Build operation 'Notify projectsEvaluated listeners'
2021-03-21T18:11:27.394+0100 [DEBUG] [org.gradle.internal.operations.DefaultBuildOperationRunner] Build operation 'Notify projectsEvaluated listeners' completed
2021-03-21T18:11:27.394+0100 [DEBUG] [org.gradle.internal.operations.DefaultBuildOperationRunner] Completing Build operation 'Configure build'
2021-03-21T18:11:27.394+0100 [DEBUG] [org.gradle.internal.operations.DefaultBuildOperationRunner] Build operation 'Configure build' completed
2021-03-21T18:11:27.397+0100 [DEBUG] [org.gradle.internal.operations.DefaultBuildOperationRunner] Build operation 'Calculate task graph' started
2021-03-21T18:11:27.409+0100 [DEBUG] [org.gradle.internal.operations.DefaultBuildOperationRunner] Build operation 'Realize task :runData' started
2021-03-21T18:11:27.442+0100 [DEBUG] [org.gradle.internal.operations.DefaultBuildOperationRunner] Build operation 'Execute container callback action' started
2021-03-21T18:11:27.443+0100 [DEBUG] [org.gradle.internal.operations.DefaultBuildOperationRunner] Build operation 'Realize task :prepareRunData' started
2021-03-21T18:11:27.443+0100 [DEBUG] [org.gradle.internal.operations.DefaultBuildOperationRunner] Build operation 'Execute container callback action' started
2021-03-21T18:11:27.450+0100 [DEBUG] [org.gradle.internal.operations.DefaultBuildOperationRunner] Completing Build operation 'Execute container callback action'
2021-03-21T18:11:27.451+0100 [DEBUG] [org.gradle.internal.operations.DefaultBuildOperationRunner] Build operation 'Execute container callback action' completed
2021-03-21T18:11:27.451+0100 [DEBUG] [org.gradle.internal.operations.DefaultBuildOperationRunner] Completing Build operation 'Realize task :prepareRunData'
2021-03-21T18:11:27.451+0100 [DEBUG] [org.gradle.internal.operations.DefaultBuildOperationRunner] Build operation 'Realize task :prepareRunData' completed
2021-03-21T18:11:27.463+0100 [DEBUG] [org.gradle.internal.operations.DefaultBuildOperationRunner] Completing Build operation 'Execute container callback action'
2021-03-21T18:11:27.463+0100 [DEBUG] [org.gradle.internal.operations.DefaultBuildOperationRunner] Build operation 'Execute container callback action' completed
2021-03-21T18:11:27.464+0100 [DEBUG] [org.gradle.internal.operations.DefaultBuildOperationRunner] Completing Build operation 'Realize task :runData'
2021-03-21T18:11:27.464+0100 [DEBUG] [org.gradle.internal.operations.DefaultBuildOperationRunner] Build operation 'Realize task :runData' completed
2021-03-21T18:11:27.464+0100 [INFO] [org.gradle.execution.TaskNameResolvingBuildConfigurationAction] Selected primary task 'runData' from project :
2021-03-21T18:11:27.556+0100 [DEBUG] [org.gradle.api.internal.artifacts.ivyservice.resolveengine.DefaultArtifactDependencyResolver] Resolving configuration ':runtimeClasspath'
2021-03-21T18:11:27.558+0100 [DEBUG] [org.gradle.api.internal.artifacts.ivyservice.resolveengine.graph.builder.DependencyGraphBuilder] Visiting configuration tk.tvshome.testmod:forge-1.16.5-36.1.0-mdk:1.0(runtimeClasspath).
2021-03-21T18:11:27.559+0100 [DEBUG] [org.gradle.api.internal.artifacts.ivyservice.resolveengine.graph.builder.NodeState] dependency: net.minecraftforge:forge:1.16.5-36.1.0_mapped_official_1.16.5 from-conf: minecraft to-conf: null is filtered.
2021-03-21T18:11:27.559+0100 [DEBUG] [org.gradle.api.internal.artifacts.ivyservice.resolveengine.graph.builder.NodeState] dependency: net.minecraftforge:forge:1.16.5-36.1.0_mapped_official_1.16.5 from-conf: minecraft to-conf: null is filtered.
2021-03-21T18:11:27.563+0100 [DEBUG] [org.gradle.internal.operations.DefaultBuildOperationRunner] Build operation 'Realize task :classes' started
2021-03-21T18:11:27.564+0100 [DEBUG] [org.gradle.internal.operations.DefaultBuildOperationRunner] Build operation 'Execute container callback action' started
2021-03-21T18:11:27.564+0100 [DEBUG] [org.gradle.internal.operations.DefaultBuildOperationRunner] Completing Build operation 'Execute container callback action'
2021-03-21T18:11:27.564+0100 [DEBUG] [org.gradle.internal.operations.DefaultBuildOperationRunner] Build operation 'Execute container callback action' completed
2021-03-21T18:11:27.564+0100 [DEBUG] [org.gradle.internal.operations.DefaultBuildOperationRunner] Completing Build operation 'Realize task :classes'
2021-03-21T18:11:27.565+0100 [DEBUG] [org.gradle.internal.operations.DefaultBuildOperationRunner] Build operation 'Realize task :classes' completed
2021-03-21T18:11:27.643+0100 [DEBUG] [org.gradle.api.internal.artifacts.ivyservice.resolveengine.DefaultArtifactDependencyResolver] Resolving configuration ':compileClasspath'
2021-03-21T18:11:27.643+0100 [DEBUG] [org.gradle.api.internal.artifacts.ivyservice.resolveengine.graph.builder.DependencyGraphBuilder] Visiting configuration tk.tvshome.testmod:forge-1.16.5-36.1.0-mdk:1.0(compileClasspath).
2021-03-21T18:11:27.644+0100 [DEBUG] [org.gradle.api.internal.artifacts.ivyservice.resolveengine.graph.builder.NodeState] dependency: net.minecraftforge:forge:1.16.5-36.1.0_mapped_official_1.16.5 from-conf: minecraft to-conf: null is filtered.
2021-03-21T18:11:27.644+0100 [DEBUG] [org.gradle.api.internal.artifacts.ivyservice.resolveengine.graph.builder.NodeState] dependency: net.minecraftforge:forge:1.16.5-36.1.0_mapped_official_1.16.5 from-conf: minecraft to-conf: null is filtered.
2021-03-21T18:11:27.644+0100 [DEBUG] [org.gradle.execution.taskgraph.DefaultTaskExecutionGraph] Timing: Creating the DAG took 0.179 secs
2021-03-21T18:11:27.696+0100 [DEBUG] [org.gradle.execution.plan.Node] Checking if all dependencies are complete for :compileJava
2021-03-21T18:11:27.697+0100 [DEBUG] [org.gradle.execution.plan.Node] All dependencies are complete for :compileJava
2021-03-21T18:11:27.697+0100 [DEBUG] [org.gradle.execution.plan.TaskNode] Checking if all must successors are complete for :compileJava
2021-03-21T18:11:27.697+0100 [DEBUG] [org.gradle.execution.plan.TaskNode] Checking if all finalizing successors are complete for :compileJava
2021-03-21T18:11:27.697+0100 [DEBUG] [org.gradle.execution.plan.TaskNode] All task dependencies are complete for :compileJava
2021-03-21T18:11:27.698+0100 [DEBUG] [org.gradle.execution.plan.Node] Checking if all dependencies are complete for :processResources
2021-03-21T18:11:27.698+0100 [DEBUG] [org.gradle.execution.plan.Node] All dependencies are complete for :processResources
2021-03-21T18:11:27.698+0100 [DEBUG] [org.gradle.execution.plan.TaskNode] Checking if all must successors are complete for :processResources
2021-03-21T18:11:27.698+0100 [DEBUG] [org.gradle.execution.plan.TaskNode] Checking if all finalizing successors are complete for :processResources
2021-03-21T18:11:27.698+0100 [DEBUG] [org.gradle.execution.plan.TaskNode] All task dependencies are complete for :processResources
2021-03-21T18:11:27.698+0100 [DEBUG] [org.gradle.execution.plan.Node] Checking if all dependencies are complete for :classes
2021-03-21T18:11:27.701+0100 [DEBUG] [org.gradle.execution.plan.Node] Dependency :compileJava for :classes not yet completed
2021-03-21T18:11:27.703+0100 [DEBUG] [org.gradle.execution.plan.Node] Checking if all dependencies are complete for :downloadMcpConfig
2021-03-21T18:11:27.703+0100 [DEBUG] [org.gradle.execution.plan.Node] All dependencies are complete for :downloadMcpConfig
2021-03-21T18:11:27.703+0100 [DEBUG] [org.gradle.execution.plan.TaskNode] Checking if all must successors are complete for :downloadMcpConfig
2021-03-21T18:11:27.703+0100 [DEBUG] [org.gradle.execution.plan.TaskNode] Checking if all finalizing successors are complete for :downloadMcpConfig
2021-03-21T18:11:27.703+0100 [DEBUG] [org.gradle.execution.plan.TaskNode] All task dependencies are complete for :downloadMcpConfig
2021-03-21T18:11:27.703+0100 [DEBUG] [org.gradle.execution.plan.Node] Checking if all dependencies are complete for :extractSrg
2021-03-21T18:11:27.703+0100 [DEBUG] [org.gradle.execution.plan.Node] Dependency :downloadMcpConfig for :extractSrg not yet completed
2021-03-21T18:11:27.703+0100 [DEBUG] [org.gradle.execution.plan.Node] Checking if all dependencies are complete for :createSrgToMcp
2021-03-21T18:11:27.704+0100 [DEBUG] [org.gradle.execution.plan.Node] Dependency :extractSrg for :createSrgToMcp not yet completed
2021-03-21T18:11:27.704+0100 [DEBUG] [org.gradle.execution.plan.Node] Checking if all dependencies are complete for :downloadMCMeta
2021-03-21T18:11:27.704+0100 [DEBUG] [org.gradle.execution.plan.Node] All dependencies are complete for :downloadMCMeta
2021-03-21T18:11:27.704+0100 [DEBUG] [org.gradle.execution.plan.TaskNode] Checking if all must successors are complete for :downloadMCMeta
2021-03-21T18:11:27.704+0100 [DEBUG] [org.gradle.execution.plan.TaskNode] Checking if all finalizing successors are complete for :downloadMCMeta
2021-03-21T18:11:27.704+0100 [DEBUG] [org.gradle.execution.plan.TaskNode] All task dependencies are complete for :downloadMCMeta
2021-03-21T18:11:27.705+0100 [DEBUG] [org.gradle.execution.plan.Node] Checking if all dependencies are complete for :downloadAssets
2021-03-21T18:11:27.705+0100 [DEBUG] [org.gradle.execution.plan.Node] Dependency :downloadMCMeta for :downloadAssets not yet completed
2021-03-21T18:11:27.705+0100 [DEBUG] [org.gradle.execution.plan.Node] Checking if all dependencies are complete for :extractNatives
2021-03-21T18:11:27.705+0100 [DEBUG] [org.gradle.execution.plan.Node] Dependency :downloadMCMeta for :extractNatives not yet completed
2021-03-21T18:11:27.705+0100 [DEBUG] [org.gradle.execution.plan.Node] Checking if all dependencies are complete for :makeSrcDirs
2021-03-21T18:11:27.705+0100 [DEBUG] [org.gradle.execution.plan.Node] All dependencies are complete for :makeSrcDirs
2021-03-21T18:11:27.705+0100 [DEBUG] [org.gradle.execution.plan.TaskNode] Checking if all must successors are complete for :makeSrcDirs
2021-03-21T18:11:27.705+0100 [DEBUG] [org.gradle.execution.plan.TaskNode] Checking if all finalizing successors are complete for :makeSrcDirs
2021-03-21T18:11:27.705+0100 [DEBUG] [org.gradle.execution.plan.TaskNode] All task dependencies are complete for :makeSrcDirs
2021-03-21T18:11:27.705+0100 [DEBUG] [org.gradle.execution.plan.Node] Checking if all dependencies are complete for :prepareRuns
2021-03-21T18:11:27.705+0100 [DEBUG] [org.gradle.execution.plan.Node] Dependency :createSrgToMcp for :prepareRuns not yet completed
2021-03-21T18:11:27.706+0100 [DEBUG] [org.gradle.execution.plan.Node] Checking if all dependencies are complete for :prepareRunData
2021-03-21T18:11:27.706+0100 [DEBUG] [org.gradle.execution.plan.Node] Dependency :classes for :prepareRunData not yet completed
2021-03-21T18:11:27.706+0100 [DEBUG] [org.gradle.execution.plan.Node] Checking if all dependencies are complete for :runData
2021-03-21T18:11:27.706+0100 [DEBUG] [org.gradle.execution.plan.Node] Dependency :classes for :runData not yet completed
2021-03-21T18:11:27.709+0100 [DEBUG] [org.gradle.internal.operations.DefaultBuildOperationRunner] Build operation 'Notify task graph whenReady listeners' started
2021-03-21T18:11:27.710+0100 [INFO] [org.gradle.internal.buildevents.BuildLogger] Tasks to be executed: [task ':compileJava', task ':processResources', task ':classes', task ':downloadMcpConfig', task ':extractSrg', task ':createSrgToMcp', task ':downloadMCMeta', task ':downloadAssets', task ':extractNatives', task ':makeSrcDirs', task ':prepareRuns', task ':prepareRunData', task ':runData']
2021-03-21T18:11:27.711+0100 [INFO] [org.gradle.internal.buildevents.BuildLogger] Tasks that were excluded: []
2021-03-21T18:11:27.712+0100 [DEBUG] [org.gradle.internal.operations.DefaultBuildOperationRunner] Build operation 'Execute TaskExecutionGraph.addTaskExecutionGraphListener listener' started
2021-03-21T18:11:27.713+0100 [DEBUG] [org.gradle.internal.operations.DefaultBuildOperationRunner] Completing Build operation 'Execute TaskExecutionGraph.addTaskExecutionGraphListener listener'
2021-03-21T18:11:27.713+0100 [DEBUG] [org.gradle.internal.operations.DefaultBuildOperationRunner] Build operation 'Execute TaskExecutionGraph.addTaskExecutionGraphListener listener' completed
2021-03-21T18:11:27.714+0100 [DEBUG] [org.gradle.internal.operations.DefaultBuildOperationRunner] Completing Build operation 'Notify task graph whenReady listeners'
2021-03-21T18:11:27.714+0100 [DEBUG] [org.gradle.internal.operations.DefaultBuildOperationRunner] Build operation 'Notify task graph whenReady listeners' completed
2021-03-21T18:11:27.717+0100 [DEBUG] [org.gradle.internal.operations.DefaultBuildOperationRunner] Completing Build operation 'Calculate task graph'
2021-03-21T18:11:27.717+0100 [DEBUG] [org.gradle.internal.operations.DefaultBuildOperationRunner] Build operation 'Calculate task graph' completed
2021-03-21T18:11:27.726+0100 [DEBUG] [org.gradle.internal.operations.DefaultBuildOperationRunner] Build operation 'Run tasks' started
2021-03-21T18:11:27.737+0100 [DEBUG] [org.gradle.execution.plan.DefaultPlanExecutor] Using 12 parallel executor threads
2021-03-21T18:11:27.768+0100 [DEBUG] [org.gradle.internal.resources.AbstractTrackedResourceLock] Execution worker for ':' Thread 3: acquired lock on :
2021-03-21T18:11:27.770+0100 [DEBUG] [org.gradle.internal.work.DefaultWorkerLeaseService] Worker lease root.1.35 started (1 worker(s) in use).
2021-03-21T18:11:27.770+0100 [DEBUG] [org.gradle.internal.resources.AbstractTrackedResourceLock] Execution worker for ':' Thread 3: acquired lock on root.1.35
2021-03-21T18:11:27.771+0100 [INFO] [org.gradle.execution.plan.DefaultPlanExecutor] :compileJava (Thread[Execution worker for ':' Thread 3,5,main]) started.
2021-03-21T18:11:27.794+0100 [DEBUG] [org.gradle.cache.internal.DefaultCacheAccess] Creating new cache for executionHistory, path D:\troy\Downloads\forge-1.16.5-36.1.0-mdk\.gradle\6.8.1\executionHistory\executionHistory.bin, access org.gradle.cache.internal.DefaultCacheAccess@2173ff10
2021-03-21T18:11:27.794+0100 [DEBUG] [org.gradle.cache.internal.DefaultInMemoryCacheDecoratorFactory] Creating cache D:\troy\Downloads\forge-1.16.5-36.1.0-mdk\.gradle\6.8.1\executionHistory\executionHistory.bin without in-memory store.
2021-03-21T18:11:27.795+0100 [DEBUG] [org.gradle.cache.internal.LockOnDemandCrossProcessCacheAccess] Acquiring file lock for execution history cache (D:\troy\Downloads\forge-1.16.5-36.1.0-mdk\.gradle\6.8.1\executionHistory)
2021-03-21T18:11:27.795+0100 [DEBUG] [org.gradle.cache.internal.DefaultFileLockManager] Waiting to acquire exclusive lock on execution history cache (D:\troy\Downloads\forge-1.16.5-36.1.0-mdk\.gradle\6.8.1\executionHistory).
2021-03-21T18:11:27.796+0100 [DEBUG] [org.gradle.cache.internal.DefaultFileLockManager] Lock acquired on execution history cache (D:\troy\Downloads\forge-1.16.5-36.1.0-mdk\.gradle\6.8.1\executionHistory).
2021-03-21T18:11:27.833+0100 [DEBUG] [org.gradle.internal.operations.DefaultBuildOperationRunner] Build operation 'Task :compileJava' started
2021-03-21T18:11:27.910+0100 [DEBUG] [org.gradle.internal.operations.DefaultBuildOperationRunner] Build operation 'Realize task :clean' started
2021-03-21T18:11:27.940+0100 [DEBUG] [org.gradle.internal.operations.DefaultBuildOperationRunner] Build operation 'Execute container callback action' started
2021-03-21T18:11:27.940+0100 [DEBUG] [org.gradle.internal.operations.DefaultBuildOperationRunner] Completing Build operation 'Execute container callback action'
2021-03-21T18:11:27.940+0100 [DEBUG] [org.gradle.internal.operations.DefaultBuildOperationRunner] Completing Build operation 'Realize task :clean'
2021-03-21T18:11:27.944+0100 [DEBUG] [org.gradle.cache.internal.btree.BTreePersistentIndexedCache] Opening cache outputFiles.bin (D:\troy\Downloads\forge-1.16.5-36.1.0-mdk\.gradle\buildOutputCleanup\outputFiles.bin)
2021-03-21T18:11:27.971+0100 [DEBUG] [org.gradle.cache.internal.btree.BTreePersistentIndexedCache] Opening cache executionHistory.bin (D:\troy\Downloads\forge-1.16.5-36.1.0-mdk\.gradle\6.8.1\executionHistory\executionHistory.bin)
2021-03-21T18:11:28.064+0100 [DEBUG] [org.gradle.internal.operations.DefaultBuildOperationRunner] Build operation 'Snapshot task inputs for :compileJava' started
2021-03-21T18:11:28.098+0100 [DEBUG] [org.gradle.internal.operations.DefaultBuildOperationRunner] Build operation 'Snapshot inputs and outputs before executing task ':compileJava'' started
2021-03-21T18:11:28.103+0100 [DEBUG] [org.gradle.cache.internal.btree.BTreePersistentIndexedCache] Opening cache fileHashes.bin (D:\troy\Downloads\forge-1.16.5-36.1.0-mdk\.gradle\6.8.1\fileHashes\fileHashes.bin)
2021-03-21T18:11:28.127+0100 [DEBUG] [org.gradle.internal.operations.DefaultBuildOperationRunner] Build operation 'Resolve dependencies of :compileClasspath' started
2021-03-21T18:11:28.144+0100 [DEBUG] [org.gradle.internal.operations.DefaultBuildOperationRunner] Build operation 'Resolve net.minecraftforge:forge:1.16.5-36.1.0_mapped_official_1.16.5' started
2021-03-21T18:11:28.144+0100 [DEBUG] [org.gradle.internal.work.DefaultWorkerLeaseService] Worker lease root.1.35.46.48 started (2 worker(s) in use).
2021-03-21T18:11:28.144+0100 [DEBUG] [org.gradle.internal.resources.AbstractTrackedResourceLock] Build operations Thread 12: acquired lock on root.1.35.46.48
2021-03-21T18:11:28.145+0100 [DEBUG] [org.gradle.internal.operations.DefaultBuildOperationRunner] Build operation 'Resolve net.minecraftforge:forge:1.16.5-36.1.0_mapped_official_1.16.5' started
2021-03-21T18:11:28.621+0100 [DEBUG] [org.gradle.internal.operations.DefaultBuildOperationRunner] Completing Build operation 'Resolve net.minecraftforge:forge:1.16.5-36.1.0_mapped_official_1.16.5'
2021-03-21T18:11:28.677+0100 [DEBUG] [org.gradle.internal.operations.DefaultBuildOperationRunner] Completing Build operation 'Resolve net.minecraftforge:forge:1.16.5-36.1.0_mapped_official_1.16.5'
2021-03-21T18:11:28.677+0100 [DEBUG] [org.gradle.internal.operations.DefaultBuildOperationRunner] Build operation 'Resolve net.minecraftforge:forge:1.16.5-36.1.0_mapped_official_1.16.5' completed
2021-03-21T18:11:28.677+0100 [DEBUG] [org.gradle.internal.work.DefaultWorkerLeaseService] Worker lease root.1.35.46.48 completed (1 worker(s) in use)
2021-03-21T18:11:28.677+0100 [DEBUG] [org.gradle.internal.resources.AbstractTrackedResourceLock] Build operations Thread 12: released lock on root.1.35.46.48
2021-03-21T18:11:28.682+0100 [DEBUG] [org.gradle.internal.operations.DefaultBuildOperationRunner] Build operation 'Resolve net.minecraft:client:1.16.5' started
2021-03-21T18:11:28.682+0100 [DEBUG] [org.gradle.internal.work.DefaultWorkerLeaseService] Worker lease root.1.35.49.51 started (2 worker(s) in use).
2021-03-21T18:11:28.682+0100 [DEBUG] [org.gradle.internal.resources.AbstractTrackedResourceLock] Build operations Thread 6: acquired lock on root.1.35.49.51
2021-03-21T18:11:28.682+0100 [DEBUG] [org.gradle.internal.operations.DefaultBuildOperationRunner] Build operation 'Resolve net.minecraft:mappings_official:1.16.5' started
2021-03-21T18:11:28.684+0100 [DEBUG] [org.gradle.internal.operations.DefaultBuildOperationRunner] Completing Build operation 'Resolve net.minecraft:client:1.16.5'
2021-03-21T18:11:28.804+0100 [DEBUG] [org.gradle.internal.operations.DefaultBuildOperationRunner] Completing Build operation 'Resolve net.minecraft:mappings_official:1.16.5'
2021-03-21T18:11:28.804+0100 [DEBUG] [org.gradle.internal.operations.DefaultBuildOperationRunner] Build operation 'Resolve net.minecraft:mappings_official:1.16.5' completed
2021-03-21T18:11:28.804+0100 [DEBUG] [org.gradle.internal.work.DefaultWorkerLeaseService] Worker lease root.1.35.49.51 completed (1 worker(s) in use)
2021-03-21T18:11:28.804+0100 [DEBUG] [org.gradle.internal.resources.AbstractTrackedResourceLock] Build operations Thread 6: released lock on root.1.35.49.51
2021-03-21T18:11:28.909+0100 [DEBUG] [org.gradle.internal.operations.DefaultBuildOperationRunner] Completing Build operation 'Resolve dependencies of :compileClasspath'
2021-03-21T18:11:28.916+0100 [DEBUG] [org.gradle.internal.operations.DefaultBuildOperationRunner] Build operation 'Resolve files of :compileClasspath' started
2021-03-21T18:11:28.917+0100 [DEBUG] [org.gradle.internal.work.DefaultWorkerLeaseService] Worker lease root.1.35.52.53 started (1 worker(s) in use).
2021-03-21T18:11:28.917+0100 [DEBUG] [org.gradle.internal.resources.AbstractTrackedResourceLock] Build operations Thread 3: acquired lock on root.1.35.52.53
2021-03-21T18:11:28.917+0100 [DEBUG] [org.gradle.internal.operations.DefaultBuildOperationRunner] Build operation 'Resolve forge-1.16.5-36.1.0_mapped_official_1.16.5.jar (net.minecraftforge:forge:1.16.5-36.1.0_mapped_official_1.16.5)' started
2021-03-21T18:11:28.918+0100 [DEBUG] [org.gradle.internal.operations.DefaultBuildOperationRunner] Build operation 'Resolve forge-1.16.5-36.1.0_mapped_official_1.16.5-launcher.jar (net.minecraftforge:forge:1.16.5-36.1.0_mapped_official_1.16.5)' started
2021-03-21T18:11:28.918+0100 [DEBUG] [org.gradle.internal.work.DefaultWorkerLeaseService] Worker lease root.1.35.52.56 started (3 worker(s) in use).
2021-03-21T18:11:28.919+0100 [DEBUG] [org.gradle.internal.resources.AbstractTrackedResourceLock] Build operations Thread 10: acquired lock on root.1.35.52.56
2021-03-21T18:11:28.919+0100 [DEBUG] [org.gradle.internal.work.DefaultWorkerLeaseService] Worker lease root.1.35.52.55 started (4 worker(s) in use).
2021-03-21T18:11:28.919+0100 [DEBUG] [org.gradle.internal.operations.DefaultBuildOperationRunner] Build operation 'Resolve jsr305-3.0.1.jar (com.google.code.findbugs:jsr305:3.0.1)' started
2021-03-21T18:11:28.919+0100 [DEBUG] [org.gradle.internal.resources.AbstractTrackedResourceLock] Build operations Thread 4: acquired lock on root.1.35.52.55
2021-03-21T18:11:28.919+0100 [DEBUG] [org.gradle.internal.operations.DefaultBuildOperationRunner] Build operation 'Resolve client-1.16.5-extra.jar (net.minecraft:client:1.16.5)' started
2021-03-21T18:11:28.919+0100 [DEBUG] [org.gradle.internal.operations.DefaultBuildOperationRunner] Completing Build operation 'Resolve client-1.16.5-extra.jar (net.minecraft:client:1.16.5)'
2021-03-21T18:11:28.919+0100 [DEBUG] [org.gradle.internal.operations.DefaultBuildOperationRunner] Build operation 'Resolve client-1.16.5-extra.jar (net.minecraft:client:1.16.5)' completed
2021-03-21T18:11:28.920+0100 [DEBUG] [org.gradle.internal.operations.DefaultBuildOperationRunner] Completing Build operation 'Resolve jsr305-3.0.1.jar (com.google.code.findbugs:jsr305:3.0.1)'
2021-03-21T18:11:28.920+0100 [DEBUG] [org.gradle.internal.operations.DefaultBuildOperationRunner] Build operation 'Resolve jsr305-3.0.1.jar (com.google.code.findbugs:jsr305:3.0.1)' completed
2021-03-21T18:11:28.920+0100 [DEBUG] [org.gradle.internal.work.DefaultWorkerLeaseService] Worker lease root.1.35.52.55 completed (3 worker(s) in use)
2021-03-21T18:11:28.921+0100 [DEBUG] [org.gradle.internal.resources.AbstractTrackedResourceLock] Build operations Thread 4: released lock on root.1.35.52.55
2021-03-21T18:11:28.921+0100 [DEBUG] [org.gradle.internal.work.DefaultWorkerLeaseService] Worker lease root.1.35.52.58 started (4 worker(s) in use).
2021-03-21T18:11:28.921+0100 [DEBUG] [org.gradle.internal.resources.AbstractTrackedResourceLock] Build operations Thread 5: acquired lock on root.1.35.52.58
2021-03-21T18:11:28.921+0100 [DEBUG] [org.gradle.internal.operations.DefaultBuildOperationRunner] Build operation 'Resolve mappings_official-1.16.5.zip (net.minecraft:mappings_official:1.16.5)' started
2021-03-21T18:11:28.922+0100 [DEBUG] [org.gradle.api.internal.artifacts.ivyservice.resolveengine.result.StreamingResolutionResultBuilder$RootFactory] Loaded resolution results (0.006 secs) from Binary store in C:\Users\troyvs\AppData\Local\Temp\gradle31916489648141876.bin offset 0 exists? true
2021-03-21T18:11:28.923+0100 [DEBUG] [org.gradle.internal.work.DefaultWorkerLeaseService] Worker lease root.1.35.52.57 started (5 worker(s) in use).
2021-03-21T18:11:28.925+0100 [DEBUG] [org.gradle.internal.resources.AbstractTrackedResourceLock] Build operations Thread 9: acquired lock on root.1.35.52.57
2021-03-21T18:11:28.925+0100 [DEBUG] [org.gradle.internal.operations.DefaultBuildOperationRunner] Build operation 'Resolve mergetool-1.0.9-api.jar (net.minecraftforge:mergetool:1.0.9)' started
2021-03-21T18:11:28.925+0100 [DEBUG] [org.gradle.internal.operations.DefaultBuildOperationRunner] Completing Build operation 'Resolve mergetool-1.0.9-api.jar (net.minecraftforge:mergetool:1.0.9)'
2021-03-21T18:11:28.926+0100 [DEBUG] [org.gradle.internal.operations.DefaultBuildOperationRunner] Build operation 'Resolve mergetool-1.0.9-api.jar (net.minecraftforge:mergetool:1.0.9)' completed
2021-03-21T18:11:28.926+0100 [DEBUG] [org.gradle.internal.work.DefaultWorkerLeaseService] Worker lease root.1.35.52.57 completed (4 worker(s) in use)
2021-03-21T18:11:28.926+0100 [DEBUG] [org.gradle.internal.resources.AbstractTrackedResourceLock] Build operations Thread 9: released lock on root.1.35.52.57
2021-03-21T18:11:28.927+0100 [DEBUG] [org.gradle.internal.work.DefaultWorkerLeaseService] Worker lease root.1.35.52.56 completed (3 worker(s) in use)
2021-03-21T18:11:28.928+0100 [DEBUG] [org.gradle.internal.resources.AbstractTrackedResourceLock] Build operations Thread 10: released lock on root.1.35.52.56
2021-03-21T18:11:28.961+0100 [DEBUG] [org.gradle.internal.operations.DefaultBuildOperationRunner] Completing Build operation 'Resolve forge-1.16.5-36.1.0_mapped_official_1.16.5-launcher.jar (net.minecraftforge:forge:1.16.5-36.1.0_mapped_official_1.16.5)'
2021-03-21T18:11:28.981+0100 [DEBUG] [org.gradle.internal.operations.DefaultBuildOperationRunner] Completing Build operation 'Resolve forge-1.16.5-36.1.0_mapped_official_1.16.5.jar (net.minecraftforge:forge:1.16.5-36.1.0_mapped_official_1.16.5)'
2021-03-21T18:11:28.981+0100 [DEBUG] [org.gradle.internal.operations.DefaultBuildOperationRunner] Build operation 'Resolve forge-1.16.5-36.1.0_mapped_official_1.16.5.jar (net.minecraftforge:forge:1.16.5-36.1.0_mapped_official_1.16.5)' completed
2021-03-21T18:11:28.981+0100 [DEBUG] [org.gradle.internal.work.DefaultWorkerLeaseService] Worker lease root.1.35.52.53 completed (1 worker(s) in use)
2021-03-21T18:11:28.982+0100 [DEBUG] [org.gradle.internal.resources.AbstractTrackedResourceLock] Build operations Thread 3: released lock on root.1.35.52.53
2021-03-21T18:11:29.037+0100 [DEBUG] [org.gradle.internal.operations.DefaultBuildOperationRunner] Completing Build operation 'Resolve mappings_official-1.16.5.zip (net.minecraft:mappings_official:1.16.5)'
2021-03-21T18:11:29.037+0100 [DEBUG] [org.gradle.internal.operations.DefaultBuildOperationRunner] Build operation 'Resolve mappings_official-1.16.5.zip (net.minecraft:mappings_official:1.16.5)' completed
2021-03-21T18:11:29.037+0100 [DEBUG] [org.gradle.internal.work.DefaultWorkerLeaseService] Worker lease root.1.35.52.58 completed (1 worker(s) in use)
2021-03-21T18:11:29.037+0100 [DEBUG] [org.gradle.internal.resources.AbstractTrackedResourceLock] Build operations Thread 5: released lock on root.1.35.52.58
2021-03-21T18:11:29.063+0100 [DEBUG] [org.gradle.internal.operations.DefaultBuildOperationRunner] Completing Build operation 'Resolve files of :compileClasspath'
2021-03-21T18:11:29.074+0100 [DEBUG] [org.gradle.internal.operations.DefaultBuildOperationRunner] Build operation 'Resolve dependencies of :annotationProcessor' started
2021-03-21T18:11:29.074+0100 [DEBUG] [org.gradle.internal.operations.DefaultBuildOperationRunner] Completing Build operation 'Resolve dependencies of :annotationProcessor'
2021-03-21T18:11:29.086+0100 [DEBUG] [org.gradle.internal.operations.DefaultBuildOperationRunner] Completing Build operation 'Snapshot inputs and outputs before executing task ':compileJava''
2021-03-21T18:11:29.093+0100 [DEBUG] [org.gradle.internal.operations.DefaultBuildOperationRunner] Completing Build operation 'Snapshot task inputs for :compileJava'
2021-03-21T18:11:27.833+0100 [LIFECYCLE] [class org.gradle.internal.buildevents.TaskExecutionLogger] 
2021-03-21T18:11:27.833+0100 [LIFECYCLE] [class org.gradle.internal.buildevents.TaskExecutionLogger] > Task :compileJava UP-TO-DATE
2021-03-21T18:11:27.898+0100 [DEBUG] [org.gradle.api.internal.tasks.execution.ResolveTaskExecutionModeExecuter] Putting task artifact state for task ':compileJava' into context took 0.064 secs.
2021-03-21T18:11:27.940+0100 [DEBUG] [org.gradle.internal.operations.DefaultBuildOperationRunner] Build operation 'Execute container callback action' completed
2021-03-21T18:11:27.940+0100 [DEBUG] [org.gradle.internal.operations.DefaultBuildOperationRunner] Build operation 'Realize task :clean' completed
2021-03-21T18:11:28.099+0100 [DEBUG] [org.gradle.internal.execution.steps.CaptureStateBeforeExecutionStep] Implementation for task ':compileJava': org.gradle.api.tasks.compile.JavaCompile_Decorated@a540afd78650fc2af28413e6da7b6b81
2021-03-21T18:11:28.099+0100 [DEBUG] [org.gradle.internal.execution.steps.CaptureStateBeforeExecutionStep] Additional implementations for task ':compileJava': [org.gradle.api.tasks.compile.JavaCompile_Decorated@a540afd78650fc2af28413e6da7b6b81]
2021-03-21T18:11:28.133+0100 [DEBUG] [org.gradle.api.internal.artifacts.ivyservice.resolveengine.DefaultArtifactDependencyResolver] Resolving configuration ':compileClasspath'
2021-03-21T18:11:28.134+0100 [DEBUG] [org.gradle.api.internal.artifacts.ivyservice.modulecache.ResolvedArtifactCaches] Reusing in-memory cache for repo 'maven' [969e58526ff055bf654e44cf6fb76f15].
2021-03-21T18:11:28.136+0100 [DEBUG] [org.gradle.api.internal.artifacts.ivyservice.modulecache.ResolvedArtifactCaches] Reusing in-memory cache for repo 'BUNDELED_377664982' [27c9d1476da0f3c57af18a6227b60995].
2021-03-21T18:11:28.137+0100 [DEBUG] [org.gradle.api.internal.artifacts.ivyservice.modulecache.ResolvedArtifactCaches] Reusing in-memory cache for repo 'maven2' [8c0af8cccaf55f190e38e62d2089fed9].
2021-03-21T18:11:28.137+0100 [DEBUG] [org.gradle.api.internal.artifacts.ivyservice.modulecache.ResolvedArtifactCaches] Reusing in-memory cache for repo 'MavenRepo' [a8be1fe3b3911d3d3425fe720cf42835].
2021-03-21T18:11:28.138+0100 [DEBUG] [org.gradle.api.internal.artifacts.ivyservice.resolveengine.graph.builder.DependencyGraphBuilder] Visiting configuration tk.tvshome.testmod:forge-1.16.5-36.1.0-mdk:1.0(compileClasspath).
2021-03-21T18:11:28.142+0100 [DEBUG] [org.gradle.api.internal.artifacts.ivyservice.resolveengine.graph.builder.DependencyGraphBuilder] Submitting 2 metadata files to resolve in parallel for tk.tvshome.testmod:forge-1.16.5-36.1.0-mdk:1.0(compileClasspath)
2021-03-21T18:11:28.144+0100 [DEBUG] [org.gradle.internal.work.DefaultWorkerLeaseService] Worker lease root.1.35.46.47 started (1 worker(s) in use).
2021-03-21T18:11:28.144+0100 [DEBUG] [org.gradle.internal.resources.AbstractTrackedResourceLock] Execution worker for ':' Thread 3: acquired lock on root.1.35.46.47
2021-03-21T18:11:28.144+0100 [DEBUG] [org.gradle.api.internal.artifacts.ivyservice.ivyresolve.RepositoryChainComponentMetaDataResolver] Attempting to resolve component for net.minecraftforge:forge:1.16.5-36.1.0_mapped_official_1.16.5 using repositories [maven, BUNDELED_377664982, maven2, MavenRepo]
2021-03-21T18:11:28.144+0100 [DEBUG] [org.gradle.api.internal.artifacts.ivyservice.ivyresolve.CachingModuleComponentRepository] Detected non-existence of module 'net.minecraftforge:forge:1.16.5-36.1.0_mapped_official_1.16.5' in resolver cache 'maven'
2021-03-21T18:11:28.145+0100 [DEBUG] [org.gradle.api.internal.artifacts.repositories.resolver.DefaultExternalResourceArtifactResolver] Loading file:/C:/Users/troyvs/.gradle/caches/forge_gradle/bundeled_repo/net/minecraftforge/forge/1.16.5-36.1.0_mapped_official_1.16.5/forge-1.16.5-36.1.0_mapped_official_1.16.5.pom
2021-03-21T18:11:28.147+0100 [DEBUG] [org.gradle.api.internal.artifacts.ivyservice.ivyresolve.RepositoryChainComponentMetaDataResolver] Attempting to resolve component for net.minecraftforge:forge:1.16.5-36.1.0_mapped_official_1.16.5 using repositories [maven, BUNDELED_377664982, maven2, MavenRepo]
2021-03-21T18:11:28.147+0100 [DEBUG] [org.gradle.api.internal.artifacts.ivyservice.ivyresolve.CachingModuleComponentRepository] Detected non-existence of module 'net.minecraftforge:forge:1.16.5-36.1.0_mapped_official_1.16.5' in resolver cache 'maven'
2021-03-21T18:11:28.147+0100 [DEBUG] [org.gradle.api.internal.artifacts.repositories.resolver.DefaultExternalResourceArtifactResolver] Loading file:/C:/Users/troyvs/.gradle/caches/forge_gradle/bundeled_repo/net/minecraftforge/forge/1.16.5-36.1.0_mapped_official_1.16.5/forge-1.16.5-36.1.0_mapped_official_1.16.5.pom
2021-03-21T18:11:28.304+0100 [DEBUG] [org.gradle.api.internal.artifacts.repositories.resolver.DefaultExternalResourceArtifactResolver] Loading file:/C:/Users/troyvs/.gradle/caches/forge_gradle/bundeled_repo/net/minecraftforge/forge/1.16.5-36.1.0_mapped_official_1.16.5/forge-1.16.5-36.1.0_mapped_official_1.16.5.jar
2021-03-21T18:11:28.304+0100 [DEBUG] [org.gradle.api.internal.artifacts.repositories.resolver.DefaultExternalResourceArtifactResolver] Loading file:/C:/Users/troyvs/.gradle/caches/forge_gradle/bundeled_repo/net/minecraftforge/forge/1.16.5-36.1.0_mapped_official_1.16.5/forge-1.16.5-36.1.0_mapped_official_1.16.5.jar
2021-03-21T18:11:28.621+0100 [DEBUG] [org.gradle.api.internal.artifacts.repositories.resolver.ExternalResourceResolver] Metadata file found for module 'net.minecraftforge:forge:1.16.5-36.1.0_mapped_official_1.16.5' in repository 'BUNDELED_377664982'.
2021-03-21T18:11:28.621+0100 [DEBUG] [org.gradle.api.internal.artifacts.ivyservice.modulecache.PersistentModuleMetadataCache] Recording module descriptor in cache: net.minecraftforge:forge:1.16.5-36.1.0_mapped_official_1.16.5 [changing = false]
2021-03-21T18:11:28.621+0100 [DEBUG] [org.gradle.api.internal.artifacts.ivyservice.ivyresolve.RepositoryChainComponentMetaDataResolver] Using net.minecraftforge:forge:1.16.5-36.1.0_mapped_official_1.16.5 from net.minecraftforge.artifactural.gradle.GradleRepositoryAdapter$1@71a08bf1
2021-03-21T18:11:28.621+0100 [DEBUG] [org.gradle.internal.operations.DefaultBuildOperationRunner] Build operation 'Resolve net.minecraftforge:forge:1.16.5-36.1.0_mapped_official_1.16.5' completed
2021-03-21T18:11:28.621+0100 [DEBUG] [org.gradle.internal.work.DefaultWorkerLeaseService] Worker lease root.1.35.46.47 completed (1 worker(s) in use)
2021-03-21T18:11:28.621+0100 [DEBUG] [org.gradle.internal.resources.AbstractTrackedResourceLock] Execution worker for ':' Thread 3: released lock on root.1.35.46.47
2021-03-21T18:11:28.677+0100 [DEBUG] [org.gradle.api.internal.artifacts.repositories.resolver.ExternalResourceResolver] Metadata file found for module 'net.minecraftforge:forge:1.16.5-36.1.0_mapped_official_1.16.5' in repository 'BUNDELED_377664982'.
2021-03-21T18:11:28.677+0100 [DEBUG] [org.gradle.api.internal.artifacts.ivyservice.modulecache.PersistentModuleMetadataCache] Recording module descriptor in cache: net.minecraftforge:forge:1.16.5-36.1.0_mapped_official_1.16.5 [changing = false]
2021-03-21T18:11:28.677+0100 [DEBUG] [org.gradle.api.internal.artifacts.ivyservice.ivyresolve.RepositoryChainComponentMetaDataResolver] Using net.minecraftforge:forge:1.16.5-36.1.0_mapped_official_1.16.5 from net.minecraftforge.artifactural.gradle.GradleRepositoryAdapter$1@71a08bf1
2021-03-21T18:11:28.678+0100 [DEBUG] [org.gradle.internal.component.model.LoggingAttributeMatchingExplanationBuilder] Candidate net.minecraftforge:forge:1.16.5-36.1.0_mapped_official_1.16.5 configuration compile doesn't have attribute org.gradle.dependency.bundling
2021-03-21T18:11:28.678+0100 [DEBUG] [org.gradle.internal.component.model.LoggingAttributeMatchingExplanationBuilder] Candidate net.minecraftforge:forge:1.16.5-36.1.0_mapped_official_1.16.5 configuration compile doesn't have attribute org.gradle.jvm.version
2021-03-21T18:11:28.678+0100 [DEBUG] [org.gradle.internal.component.model.LoggingAttributeMatchingExplanationBuilder] Candidate net.minecraftforge:forge:1.16.5-36.1.0_mapped_official_1.16.5 configuration runtime doesn't have attribute org.gradle.dependency.bundling
2021-03-21T18:11:28.678+0100 [DEBUG] [org.gradle.internal.component.model.LoggingAttributeMatchingExplanationBuilder] Candidate net.minecraftforge:forge:1.16.5-36.1.0_mapped_official_1.16.5 configuration runtime doesn't have attribute org.gradle.jvm.version
2021-03-21T18:11:28.679+0100 [DEBUG] [org.gradle.internal.component.model.LoggingAttributeMatchingExplanationBuilder] Candidate net.minecraftforge:forge:1.16.5-36.1.0_mapped_official_1.16.5 configuration platform-compile attribute org.gradle.category value {org.gradle.category=platform, org.gradle.status=release, org.gradle.usage=java-api} doesn't requested value library
2021-03-21T18:11:28.679+0100 [DEBUG] [org.gradle.internal.component.model.LoggingAttributeMatchingExplanationBuilder] Candidate net.minecraftforge:forge:1.16.5-36.1.0_mapped_official_1.16.5 configuration platform-runtime attribute org.gradle.category value {org.gradle.category=platform, org.gradle.status=release, org.gradle.usage=java-runtime} doesn't requested value library
2021-03-21T18:11:28.679+0100 [DEBUG] [org.gradle.internal.component.model.LoggingAttributeMatchingExplanationBuilder] Candidate net.minecraftforge:forge:1.16.5-36.1.0_mapped_official_1.16.5 configuration enforced-platform-compile attribute org.gradle.category value {org.gradle.category=enforced-platform, org.gradle.status=release, org.gradle.usage=java-api} doesn't requested value library
2021-03-21T18:11:28.679+0100 [DEBUG] [org.gradle.internal.component.model.LoggingAttributeMatchingExplanationBuilder] Candidate net.minecraftforge:forge:1.16.5-36.1.0_mapped_official_1.16.5 configuration enforced-platform-runtime attribute org.gradle.category value {org.gradle.category=enforced-platform, org.gradle.status=release, org.gradle.usage=java-runtime} doesn't requested value library
2021-03-21T18:11:28.679+0100 [DEBUG] [org.gradle.internal.component.model.ComponentAttributeMatcher] Selected matches [net.minecraftforge:forge:1.16.5-36.1.0_mapped_official_1.16.5 configuration compile] from candidates [net.minecraftforge:forge:1.16.5-36.1.0_mapped_official_1.16.5 configuration compile, net.minecraftforge:forge:1.16.5-36.1.0_mapped_official_1.16.5 configuration runtime, net.minecraftforge:forge:1.16.5-36.1.0_mapped_official_1.16.5 configuration platform-compile, net.minecraftforge:forge:1.16.5-36.1.0_mapped_official_1.16.5 configuration platform-runtime, net.minecraftforge:forge:1.16.5-36.1.0_mapped_official_1.16.5 configuration enforced-platform-compile, net.minecraftforge:forge:1.16.5-36.1.0_mapped_official_1.16.5 configuration enforced-platform-runtime] for {org.gradle.category=library, org.gradle.dependency.bundling=external, org.gradle.jvm.version=8, org.gradle.libraryelements=classes, org.gradle.usage=java-api}
2021-03-21T18:11:28.679+0100 [DEBUG] [org.gradle.api.internal.artifacts.ivyservice.resolveengine.graph.builder.DependencyGraphBuilder] Visiting configuration net.minecraftforge:forge:1.16.5-36.1.0_mapped_official_1.16.5(compile).
2021-03-21T18:11:28.681+0100 [DEBUG] [org.gradle.api.internal.artifacts.ivyservice.resolveengine.graph.builder.DependencyGraphBuilder] Submitting 2 metadata files to resolve in parallel for net.minecraftforge:forge:1.16.5-36.1.0_mapped_official_1.16.5(compile)
2021-03-21T18:11:28.682+0100 [DEBUG] [org.gradle.internal.work.DefaultWorkerLeaseService] Worker lease root.1.35.49.50 started (1 worker(s) in use).
2021-03-21T18:11:28.682+0100 [DEBUG] [org.gradle.internal.resources.AbstractTrackedResourceLock] Execution worker for ':' Thread 3: acquired lock on root.1.35.49.50
2021-03-21T18:11:28.682+0100 [DEBUG] [org.gradle.api.internal.artifacts.ivyservice.ivyresolve.RepositoryChainComponentMetaDataResolver] Attempting to resolve component for net.minecraft:client:1.16.5 using repositories [maven, BUNDELED_377664982, maven2, MavenRepo]
2021-03-21T18:11:28.683+0100 [DEBUG] [org.gradle.api.internal.artifacts.ivyservice.ivyresolve.CachingModuleComponentRepository] Detected non-existence of module 'net.minecraft:client:1.16.5' in resolver cache 'maven'
2021-03-21T18:11:28.683+0100 [DEBUG] [org.gradle.api.internal.artifacts.ivyservice.ivyresolve.CachingModuleComponentRepository] Using cached module metadata for module 'net.minecraft:client:1.16.5' in 'BUNDELED_377664982'
2021-03-21T18:11:28.683+0100 [DEBUG] [org.gradle.api.internal.artifacts.ivyservice.ivyresolve.RepositoryChainComponentMetaDataResolver] Attempting to resolve component for net.minecraft:mappings_official:1.16.5 using repositories [maven, BUNDELED_377664982, maven2, MavenRepo]
2021-03-21T18:11:28.683+0100 [DEBUG] [org.gradle.api.internal.artifacts.ivyservice.ivyresolve.RepositoryChainComponentMetaDataResolver] Using net.minecraft:client:1.16.5 from net.minecraftforge.artifactural.gradle.GradleRepositoryAdapter$1@71a08bf1
2021-03-21T18:11:28.683+0100 [DEBUG] [org.gradle.api.internal.artifacts.ivyservice.ivyresolve.CachingModuleComponentRepository] Detected non-existence of module 'net.minecraft:mappings_official:1.16.5' in resolver cache 'maven'
2021-03-21T18:11:28.684+0100 [DEBUG] [org.gradle.internal.operations.DefaultBuildOperationRunner] Build operation 'Resolve net.minecraft:client:1.16.5' completed
2021-03-21T18:11:28.684+0100 [DEBUG] [org.gradle.internal.work.DefaultWorkerLeaseService] Worker lease root.1.35.49.50 completed (1 worker(s) in use)
2021-03-21T18:11:28.684+0100 [DEBUG] [org.gradle.internal.resources.AbstractTrackedResourceLock] Execution worker for ':' Thread 3: released lock on root.1.35.49.50
2021-03-21T18:11:28.684+0100 [DEBUG] [org.gradle.api.internal.artifacts.repositories.resolver.DefaultExternalResourceArtifactResolver] Loading file:/C:/Users/troyvs/.gradle/caches/forge_gradle/bundeled_repo/net/minecraft/mappings_official/1.16.5/mappings_official-1.16.5.pom
2021-03-21T18:11:28.691+0100 [DEBUG] [org.gradle.api.internal.artifacts.repositories.resolver.DefaultExternalResourceArtifactResolver] Loading file:/C:/Users/troyvs/.gradle/caches/forge_gradle/bundeled_repo/net/minecraft/mappings_official/1.16.5/mappings_official-1.16.5.jar
2021-03-21T18:11:28.692+0100 [DEBUG] [org.gradle.api.internal.artifacts.repositories.resolver.MavenResolver] POM file found for module 'net.minecraft:mappings_official:1.16.5' in repository 'BUNDELED_377664982' but no artifact found. Ignoring.
2021-03-21T18:11:28.692+0100 [DEBUG] [org.gradle.api.internal.artifacts.repositories.resolver.DefaultExternalResourceArtifactResolver] Loading file:/C:/Users/troyvs/.gradle/caches/forge_gradle/bundeled_repo/net/minecraft/mappings_official/1.16.5/mappings_official-1.16.5.zip
2021-03-21T18:11:28.803+0100 [DEBUG] [org.gradle.api.internal.artifacts.repositories.resolver.ExternalResourceResolver] Found artifact but no meta-data for module 'net.minecraft:mappings_official:1.16.5' in repository 'BUNDELED_377664982', using default meta-data.
2021-03-21T18:11:28.804+0100 [DEBUG] [org.gradle.api.internal.artifacts.ivyservice.modulecache.PersistentModuleMetadataCache] Recording module descriptor in cache: net.minecraft:mappings_official:1.16.5 [changing = true]
2021-03-21T18:11:28.804+0100 [DEBUG] [org.gradle.api.internal.artifacts.ivyservice.ivyresolve.RepositoryChainComponentMetaDataResolver] Using net.minecraft:mappings_official:1.16.5 from net.minecraftforge.artifactural.gradle.GradleRepositoryAdapter$1@71a08bf1
2021-03-21T18:11:28.805+0100 [DEBUG] [org.gradle.api.internal.artifacts.ivyservice.ivyresolve.RepositoryChainComponentMetaDataResolver] Attempting to resolve component for com.google.code.findbugs:jsr305:3.0.1 using repositories [maven, BUNDELED_377664982, maven2, MavenRepo]
2021-03-21T18:11:28.805+0100 [DEBUG] [org.gradle.api.internal.artifacts.ivyservice.ivyresolve.CachingModuleComponentRepository] Using cached module metadata for module 'com.google.code.findbugs:jsr305:3.0.1' in 'maven'
2021-03-21T18:11:28.805+0100 [DEBUG] [org.gradle.api.internal.artifacts.ivyservice.ivyresolve.CachingModuleComponentRepository] Detected non-existence of module 'com.google.code.findbugs:jsr305:3.0.1' in resolver cache 'BUNDELED_377664982'
2021-03-21T18:11:28.805+0100 [DEBUG] [org.gradle.api.internal.artifacts.ivyservice.ivyresolve.CachingModuleComponentRepository] Detected non-existence of module 'com.google.code.findbugs:jsr305:3.0.1' in resolver cache 'maven2'
2021-03-21T18:11:28.805+0100 [DEBUG] [org.gradle.api.internal.artifacts.ivyservice.ivyresolve.CachingModuleComponentRepository] Using cached module metadata for module 'com.google.code.findbugs:jsr305:3.0.1' in 'MavenRepo'
2021-03-21T18:11:28.805+0100 [DEBUG] [org.gradle.api.internal.artifacts.ivyservice.ivyresolve.RepositoryChainComponentMetaDataResolver] Using com.google.code.findbugs:jsr305:3.0.1 from Maven repository 'MavenRepo'
2021-03-21T18:11:28.806+0100 [DEBUG] [org.gradle.internal.component.model.LoggingAttributeMatchingExplanationBuilder] Candidate com.google.code.findbugs:jsr305:3.0.1 configuration compile doesn't have attribute org.gradle.dependency.bundling
2021-03-21T18:11:28.806+0100 [DEBUG] [org.gradle.internal.component.model.LoggingAttributeMatchingExplanationBuilder] Candidate com.google.code.findbugs:jsr305:3.0.1 configuration compile doesn't have attribute org.gradle.jvm.version
2021-03-21T18:11:28.806+0100 [DEBUG] [org.gradle.internal.component.model.LoggingAttributeMatchingExplanationBuilder] Candidate com.google.code.findbugs:jsr305:3.0.1 configuration runtime doesn't have attribute org.gradle.dependency.bundling
2021-03-21T18:11:28.806+0100 [DEBUG] [org.gradle.internal.component.model.LoggingAttributeMatchingExplanationBuilder] Candidate com.google.code.findbugs:jsr305:3.0.1 configuration runtime doesn't have attribute org.gradle.jvm.version
2021-03-21T18:11:28.806+0100 [DEBUG] [org.gradle.internal.component.model.LoggingAttributeMatchingExplanationBuilder] Candidate com.google.code.findbugs:jsr305:3.0.1 configuration platform-compile attribute org.gradle.category value {org.gradle.category=platform, org.gradle.status=release, org.gradle.usage=java-api} doesn't requested value library
2021-03-21T18:11:28.806+0100 [DEBUG] [org.gradle.internal.component.model.LoggingAttributeMatchingExplanationBuilder] Candidate com.google.code.findbugs:jsr305:3.0.1 configuration platform-runtime attribute org.gradle.category value {org.gradle.category=platform, org.gradle.status=release, org.gradle.usage=java-runtime} doesn't requested value library
2021-03-21T18:11:28.806+0100 [DEBUG] [org.gradle.internal.component.model.LoggingAttributeMatchingExplanationBuilder] Candidate com.google.code.findbugs:jsr305:3.0.1 configuration enforced-platform-compile attribute org.gradle.category value {org.gradle.category=enforced-platform, org.gradle.status=release, org.gradle.usage=java-api} doesn't requested value library
2021-03-21T18:11:28.806+0100 [DEBUG] [org.gradle.internal.component.model.LoggingAttributeMatchingExplanationBuilder] Candidate com.google.code.findbugs:jsr305:3.0.1 configuration enforced-platform-runtime attribute org.gradle.category value {org.gradle.category=enforced-platform, org.gradle.status=release, org.gradle.usage=java-runtime} doesn't requested value library
2021-03-21T18:11:28.806+0100 [DEBUG] [org.gradle.internal.component.model.ComponentAttributeMatcher] Selected matches [com.google.code.findbugs:jsr305:3.0.1 configuration compile] from candidates [com.google.code.findbugs:jsr305:3.0.1 configuration compile, com.google.code.findbugs:jsr305:3.0.1 configuration runtime, com.google.code.findbugs:jsr305:3.0.1 configuration platform-compile, com.google.code.findbugs:jsr305:3.0.1 configuration platform-runtime, com.google.code.findbugs:jsr305:3.0.1 configuration enforced-platform-compile, com.google.code.findbugs:jsr305:3.0.1 configuration enforced-platform-runtime] for {org.gradle.category=library, org.gradle.dependency.bundling=external, org.gradle.jvm.version=8, org.gradle.libraryelements=classes, org.gradle.usage=java-api}
2021-03-21T18:11:28.806+0100 [DEBUG] [org.gradle.api.internal.artifacts.ivyservice.ivyresolve.RepositoryChainComponentMetaDataResolver] Attempting to resolve component for net.minecraftforge:mergetool:1.0.9 using repositories [maven, BUNDELED_377664982, maven2, MavenRepo]
2021-03-21T18:11:28.806+0100 [DEBUG] [org.gradle.api.internal.artifacts.ivyservice.ivyresolve.CachingModuleComponentRepository] Using cached module metadata for module 'net.minecraftforge:mergetool:1.0.9' in 'maven'
2021-03-21T18:11:28.806+0100 [DEBUG] [org.gradle.api.internal.artifacts.ivyservice.ivyresolve.RepositoryChainComponentMetaDataResolver] Using net.minecraftforge:mergetool:1.0.9 from Maven repository 'maven'
2021-03-21T18:11:28.808+0100 [DEBUG] [org.gradle.internal.component.model.LoggingAttributeMatchingExplanationBuilder] Candidate net.minecraft:mappings_official:1.16.5 configuration compile doesn't have attribute org.gradle.dependency.bundling
2021-03-21T18:11:28.808+0100 [DEBUG] [org.gradle.internal.component.model.LoggingAttributeMatchingExplanationBuilder] Candidate net.minecraft:mappings_official:1.16.5 configuration compile doesn't have attribute org.gradle.jvm.version
2021-03-21T18:11:28.808+0100 [DEBUG] [org.gradle.internal.component.model.LoggingAttributeMatchingExplanationBuilder] Candidate net.minecraft:mappings_official:1.16.5 configuration runtime doesn't have attribute org.gradle.dependency.bundling
2021-03-21T18:11:28.808+0100 [DEBUG] [org.gradle.internal.component.model.LoggingAttributeMatchingExplanationBuilder] Candidate net.minecraft:mappings_official:1.16.5 configuration runtime doesn't have attribute org.gradle.jvm.version
2021-03-21T18:11:28.808+0100 [DEBUG] [org.gradle.internal.component.model.LoggingAttributeMatchingExplanationBuilder] Candidate net.minecraft:mappings_official:1.16.5 configuration platform-compile attribute org.gradle.category value {org.gradle.category=platform, org.gradle.status=integration, org.gradle.usage=java-api} doesn't requested value library
2021-03-21T18:11:28.809+0100 [DEBUG] [org.gradle.internal.component.model.LoggingAttributeMatchingExplanationBuilder] Candidate net.minecraft:mappings_official:1.16.5 configuration platform-runtime attribute org.gradle.category value {org.gradle.category=platform, org.gradle.status=integration, org.gradle.usage=java-runtime} doesn't requested value library
2021-03-21T18:11:28.809+0100 [DEBUG] [org.gradle.internal.component.model.LoggingAttributeMatchingExplanationBuilder] Candidate net.minecraft:mappings_official:1.16.5 configuration enforced-platform-compile attribute org.gradle.category value {org.gradle.category=enforced-platform, org.gradle.status=integration, org.gradle.usage=java-api} doesn't requested value library
2021-03-21T18:11:28.809+0100 [DEBUG] [org.gradle.internal.component.model.LoggingAttributeMatchingExplanationBuilder] Candidate net.minecraft:mappings_official:1.16.5 configuration enforced-platform-runtime attribute org.gradle.category value {org.gradle.category=enforced-platform, org.gradle.status=integration, org.gradle.usage=java-runtime} doesn't requested value library
2021-03-21T18:11:28.809+0100 [DEBUG] [org.gradle.internal.component.model.ComponentAttributeMatcher] Selected matches [net.minecraft:mappings_official:1.16.5 configuration compile] from candidates [net.minecraft:mappings_official:1.16.5 configuration compile, net.minecraft:mappings_official:1.16.5 configuration runtime, net.minecraft:mappings_official:1.16.5 configuration platform-compile, net.minecraft:mappings_official:1.16.5 configuration platform-runtime, net.minecraft:mappings_official:1.16.5 configuration enforced-platform-compile, net.minecraft:mappings_official:1.16.5 configuration enforced-platform-runtime] for {org.gradle.category=library, org.gradle.dependency.bundling=external, org.gradle.jvm.version=8, org.gradle.libraryelements=classes, org.gradle.usage=java-api}
2021-03-21T18:11:28.809+0100 [DEBUG] [org.gradle.api.internal.artifacts.ivyservice.ivyresolve.RepositoryChainComponentMetaDataResolver] Attempting to resolve component for org.ow2.asm:asm:9.0 using repositories [maven, BUNDELED_377664982, maven2, MavenRepo]
2021-03-21T18:11:28.809+0100 [DEBUG] [org.gradle.api.internal.artifacts.ivyservice.ivyresolve.CachingModuleComponentRepository] Using cached module metadata for module 'org.ow2.asm:asm:9.0' in 'maven'
2021-03-21T18:11:28.809+0100 [DEBUG] [org.gradle.api.internal.artifacts.ivyservice.ivyresolve.CachingModuleComponentRepository] Detected non-existence of module 'org.ow2.asm:asm:9.0' in resolver cache 'BUNDELED_377664982'
2021-03-21T18:11:28.809+0100 [DEBUG] [org.gradle.api.internal.artifacts.ivyservice.ivyresolve.CachingModuleComponentRepository] Detected non-existence of module 'org.ow2.asm:asm:9.0' in resolver cache 'maven2'
2021-03-21T18:11:28.809+0100 [DEBUG] [org.gradle.api.internal.artifacts.ivyservice.ivyresolve.CachingModuleComponentRepository] Using cached module metadata for module 'org.ow2.asm:asm:9.0' in 'MavenRepo'
2021-03-21T18:11:28.809+0100 [DEBUG] [org.gradle.api.internal.artifacts.ivyservice.ivyresolve.RepositoryChainComponentMetaDataResolver] Using org.ow2.asm:asm:9.0 from Maven repository 'MavenRepo'
2021-03-21T18:11:28.810+0100 [DEBUG] [org.gradle.internal.component.model.LoggingAttributeMatchingExplanationBuilder] Candidate org.ow2.asm:asm:9.0 variant javadocElements attribute org.gradle.category value {org.gradle.category=documentation} doesn't requested value library
2021-03-21T18:11:28.810+0100 [DEBUG] [org.gradle.internal.component.model.LoggingAttributeMatchingExplanationBuilder] Candidate org.ow2.asm:asm:9.0 variant sourcesElements attribute org.gradle.category value {org.gradle.category=documentation} doesn't requested value library
2021-03-21T18:11:28.810+0100 [DEBUG] [org.gradle.internal.component.model.ComponentAttributeMatcher] Selected matches [org.ow2.asm:asm:9.0 variant apiElements] from candidates [org.ow2.asm:asm:9.0 variant apiElements, org.ow2.asm:asm:9.0 variant runtimeElements, org.ow2.asm:asm:9.0 variant javadocElements, org.ow2.asm:asm:9.0 variant sourcesElements] for {org.gradle.category=library, org.gradle.dependency.bundling=external, org.gradle.jvm.version=8, org.gradle.libraryelements=classes, org.gradle.usage=java-api}
2021-03-21T18:11:28.811+0100 [DEBUG] [org.gradle.api.internal.artifacts.ivyservice.ivyresolve.RepositoryChainComponentMetaDataResolver] Attempting to resolve component for org.ow2.asm:asm-commons:9.0 using repositories [maven, BUNDELED_377664982, maven2, MavenRepo]
2021-03-21T18:11:28.811+0100 [DEBUG] [org.gradle.api.internal.artifacts.ivyservice.ivyresolve.CachingModuleComponentRepository] Using cached module metadata for module 'org.ow2.asm:asm-commons:9.0' in 'maven'
2021-03-21T18:11:28.811+0100 [DEBUG] [org.gradle.api.internal.artifacts.ivyservice.ivyresolve.CachingModuleComponentRepository] Detected non-existence of module 'org.ow2.asm:asm-commons:9.0' in resolver cache 'BUNDELED_377664982'
2021-03-21T18:11:28.811+0100 [DEBUG] [org.gradle.api.internal.artifacts.ivyservice.ivyresolve.CachingModuleComponentRepository] Detected non-existence of module 'org.ow2.asm:asm-commons:9.0' in resolver cache 'maven2'
2021-03-21T18:11:28.811+0100 [DEBUG] [org.gradle.api.internal.artifacts.ivyservice.ivyresolve.CachingModuleComponentRepository] Using cached module metadata for module 'org.ow2.asm:asm-commons:9.0' in 'MavenRepo'
2021-03-21T18:11:28.811+0100 [DEBUG] [org.gradle.api.internal.artifacts.ivyservice.ivyresolve.RepositoryChainComponentMetaDataResolver] Using org.ow2.asm:asm-commons:9.0 from Maven repository 'MavenRepo'
2021-03-21T18:11:28.812+0100 [DEBUG] [org.gradle.api.internal.artifacts.ivyservice.ivyresolve.RepositoryChainComponentMetaDataResolver] Attempting to resolve component for org.ow2.asm:asm-tree:9.0 using repositories [maven, BUNDELED_377664982, maven2, MavenRepo]
2021-03-21T18:11:28.812+0100 [DEBUG] [org.gradle.api.internal.artifacts.ivyservice.ivyresolve.CachingModuleComponentRepository] Using cached module metadata for module 'org.ow2.asm:asm-tree:9.0' in 'maven'
2021-03-21T18:11:28.812+0100 [DEBUG] [org.gradle.api.internal.artifacts.ivyservice.ivyresolve.CachingModuleComponentRepository] Detected non-existence of module 'org.ow2.asm:asm-tree:9.0' in resolver cache 'BUNDELED_377664982'
2021-03-21T18:11:28.812+0100 [DEBUG] [org.gradle.api.internal.artifacts.ivyservice.ivyresolve.CachingModuleComponentRepository] Detected non-existence of module 'org.ow2.asm:asm-tree:9.0' in resolver cache 'maven2'
2021-03-21T18:11:28.812+0100 [DEBUG] [org.gradle.api.internal.artifacts.ivyservice.ivyresolve.CachingModuleComponentRepository] Using cached module metadata for module 'org.ow2.asm:asm-tree:9.0' in 'MavenRepo'
2021-03-21T18:11:28.812+0100 [DEBUG] [org.gradle.api.internal.artifacts.ivyservice.ivyresolve.RepositoryChainComponentMetaDataResolver] Using org.ow2.asm:asm-tree:9.0 from Maven repository 'MavenRepo'
2021-03-21T18:11:28.812+0100 [DEBUG] [org.gradle.api.internal.artifacts.ivyservice.ivyresolve.RepositoryChainComponentMetaDataResolver] Attempting to resolve component for org.ow2.asm:asm-util:9.0 using repositories [maven, BUNDELED_377664982, maven2, MavenRepo]
2021-03-21T18:11:28.813+0100 [DEBUG] [org.gradle.api.internal.artifacts.ivyservice.ivyresolve.CachingModuleComponentRepository] Using cached module metadata for module 'org.ow2.asm:asm-util:9.0' in 'maven'
2021-03-21T18:11:28.813+0100 [DEBUG] [org.gradle.api.internal.artifacts.ivyservice.ivyresolve.CachingModuleComponentRepository] Detected non-existence of module 'org.ow2.asm:asm-util:9.0' in resolver cache 'BUNDELED_377664982'
2021-03-21T18:11:28.813+0100 [DEBUG] [org.gradle.api.internal.artifacts.ivyservice.ivyresolve.CachingModuleComponentRepository] Detected non-existence of module 'org.ow2.asm:asm-util:9.0' in resolver cache 'maven2'
2021-03-21T18:11:28.813+0100 [DEBUG] [org.gradle.api.internal.artifacts.ivyservice.ivyresolve.CachingModuleComponentRepository] Using cached module metadata for module 'org.ow2.asm:asm-util:9.0' in 'MavenRepo'
2021-03-21T18:11:28.813+0100 [DEBUG] [org.gradle.api.internal.artifacts.ivyservice.ivyresolve.RepositoryChainComponentMetaDataResolver] Using org.ow2.asm:asm-util:9.0 from Maven repository 'MavenRepo'
2021-03-21T18:11:28.814+0100 [DEBUG] [org.gradle.api.internal.artifacts.ivyservice.ivyresolve.RepositoryChainComponentMetaDataResolver] Attempting to resolve component for org.ow2.asm:asm-analysis:9.0 using repositories [maven, BUNDELED_377664982, maven2, MavenRepo]
2021-03-21T18:11:28.814+0100 [DEBUG] [org.gradle.api.internal.artifacts.ivyservice.ivyresolve.CachingModuleComponentRepository] Using cached module metadata for module 'org.ow2.asm:asm-analysis:9.0' in 'maven'
2021-03-21T18:11:28.814+0100 [DEBUG] [org.gradle.api.internal.artifacts.ivyservice.ivyresolve.CachingModuleComponentRepository] Detected non-existence of module 'org.ow2.asm:asm-analysis:9.0' in resolver cache 'BUNDELED_377664982'
2021-03-21T18:11:28.814+0100 [DEBUG] [org.gradle.api.internal.artifacts.ivyservice.ivyresolve.CachingModuleComponentRepository] Detected non-existence of module 'org.ow2.asm:asm-analysis:9.0' in resolver cache 'maven2'
2021-03-21T18:11:28.814+0100 [DEBUG] [org.gradle.api.internal.artifacts.ivyservice.ivyresolve.CachingModuleComponentRepository] Using cached module metadata for module 'org.ow2.asm:asm-analysis:9.0' in 'MavenRepo'
2021-03-21T18:11:28.814+0100 [DEBUG] [org.gradle.api.internal.artifacts.ivyservice.ivyresolve.RepositoryChainComponentMetaDataResolver] Using org.ow2.asm:asm-analysis:9.0 from Maven repository 'MavenRepo'
2021-03-21T18:11:28.815+0100 [DEBUG] [org.gradle.api.internal.artifacts.ivyservice.ivyresolve.RepositoryChainComponentMetaDataResolver] Attempting to resolve component for cpw.mods:modlauncher:8.0.9 using repositories [maven, BUNDELED_377664982, maven2, MavenRepo]
2021-03-21T18:11:28.815+0100 [DEBUG] [org.gradle.api.internal.artifacts.ivyservice.ivyresolve.CachingModuleComponentRepository] Using cached module metadata for module 'cpw.mods:modlauncher:8.0.9' in 'maven'
2021-03-21T18:11:28.815+0100 [DEBUG] [org.gradle.api.internal.artifacts.ivyservice.ivyresolve.RepositoryChainComponentMetaDataResolver] Using cpw.mods:modlauncher:8.0.9 from Maven repository 'maven'
2021-03-21T18:11:28.817+0100 [DEBUG] [org.gradle.internal.component.model.ComponentAttributeMatcher] Selected matches [cpw.mods:modlauncher:8.0.9 variant apiElements] from candidates [cpw.mods:modlauncher:8.0.9 variant apiElements, cpw.mods:modlauncher:8.0.9 variant runtimeElements] for {org.gradle.category=library, org.gradle.dependency.bundling=external, org.gradle.jvm.version=8, org.gradle.libraryelements=classes, org.gradle.usage=java-api}
2021-03-21T18:11:28.818+0100 [DEBUG] [org.gradle.api.internal.artifacts.ivyservice.ivyresolve.RepositoryChainComponentMetaDataResolver] Attempting to resolve component for cpw.mods:grossjava9hacks:1.3.0 using repositories [maven, BUNDELED_377664982, maven2, MavenRepo]
2021-03-21T18:11:28.818+0100 [DEBUG] [org.gradle.api.internal.artifacts.ivyservice.ivyresolve.CachingModuleComponentRepository] Using cached module metadata for module 'cpw.mods:grossjava9hacks:1.3.0' in 'maven'
2021-03-21T18:11:28.818+0100 [DEBUG] [org.gradle.api.internal.artifacts.ivyservice.ivyresolve.RepositoryChainComponentMetaDataResolver] Using cpw.mods:grossjava9hacks:1.3.0 from Maven repository 'maven'
2021-03-21T18:11:28.819+0100 [DEBUG] [org.gradle.api.internal.artifacts.ivyservice.ivyresolve.RepositoryChainComponentMetaDataResolver] Attempting to resolve component for net.minecraftforge:accesstransformers:3.0.1 using repositories [maven, BUNDELED_377664982, maven2, MavenRepo]
2021-03-21T18:11:28.819+0100 [DEBUG] [org.gradle.api.internal.artifacts.ivyservice.ivyresolve.CachingModuleComponentRepository] Using cached module metadata for module 'net.minecraftforge:accesstransformers:3.0.1' in 'maven'
2021-03-21T18:11:28.819+0100 [DEBUG] [org.gradle.api.internal.artifacts.ivyservice.ivyresolve.RepositoryChainComponentMetaDataResolver] Using net.minecraftforge:accesstransformers:3.0.1 from Maven repository 'maven'
2021-03-21T18:11:28.820+0100 [DEBUG] [org.gradle.internal.component.model.LoggingAttributeMatchingExplanationBuilder] Candidate net.minecraftforge:accesstransformers:3.0.1 variant shadowRuntimeElements doesn't have attribute org.gradle.jvm.version
2021-03-21T18:11:28.821+0100 [DEBUG] [org.gradle.internal.component.model.ComponentAttributeMatcher] Selected matches [net.minecraftforge:accesstransformers:3.0.1 variant apiElements] from candidates [net.minecraftforge:accesstransformers:3.0.1 variant apiElements, net.minecraftforge:accesstransformers:3.0.1 variant runtimeElements, net.minecraftforge:accesstransformers:3.0.1 variant shadowRuntimeElements] for {org.gradle.category=library, org.gradle.dependency.bundling=external, org.gradle.jvm.version=8, org.gradle.libraryelements=classes, org.gradle.usage=java-api}
2021-03-21T18:11:28.821+0100 [DEBUG] [org.gradle.api.internal.artifacts.ivyservice.ivyresolve.RepositoryChainComponentMetaDataResolver] Attempting to resolve component for org.antlr:antlr4-runtime:4.9.1 using repositories [maven, BUNDELED_377664982, maven2, MavenRepo]
2021-03-21T18:11:28.821+0100 [DEBUG] [org.gradle.api.internal.artifacts.ivyservice.ivyresolve.CachingModuleComponentRepository] Using cached module metadata for module 'org.antlr:antlr4-runtime:4.9.1' in 'maven'
2021-03-21T18:11:28.821+0100 [DEBUG] [org.gradle.api.internal.artifacts.ivyservice.ivyresolve.CachingModuleComponentRepository] Detected non-existence of module 'org.antlr:antlr4-runtime:4.9.1' in resolver cache 'BUNDELED_377664982'
2021-03-21T18:11:28.821+0100 [DEBUG] [org.gradle.api.internal.artifacts.ivyservice.ivyresolve.CachingModuleComponentRepository] Detected non-existence of module 'org.antlr:antlr4-runtime:4.9.1' in resolver cache 'maven2'
2021-03-21T18:11:28.822+0100 [DEBUG] [org.gradle.api.internal.artifacts.ivyservice.ivyresolve.CachingModuleComponentRepository] Using cached module metadata for module 'org.antlr:antlr4-runtime:4.9.1' in 'MavenRepo'
2021-03-21T18:11:28.822+0100 [DEBUG] [org.gradle.api.internal.artifacts.ivyservice.ivyresolve.RepositoryChainComponentMetaDataResolver] Using org.antlr:antlr4-runtime:4.9.1 from Maven repository 'MavenRepo'
2021-03-21T18:11:28.823+0100 [DEBUG] [org.gradle.api.internal.artifacts.ivyservice.ivyresolve.RepositoryChainComponentMetaDataResolver] Attempting to resolve component for net.minecraftforge:eventbus:4.0.0 using repositories [maven, BUNDELED_377664982, maven2, MavenRepo]
2021-03-21T18:11:28.823+0100 [DEBUG] [org.gradle.api.internal.artifacts.ivyservice.ivyresolve.CachingModuleComponentRepository] Using cached module metadata for module 'net.minecraftforge:eventbus:4.0.0' in 'maven'
2021-03-21T18:11:28.823+0100 [DEBUG] [org.gradle.api.internal.artifacts.ivyservice.ivyresolve.RepositoryChainComponentMetaDataResolver] Using net.minecraftforge:eventbus:4.0.0 from Maven repository 'maven'
2021-03-21T18:11:28.824+0100 [DEBUG] [org.gradle.api.internal.artifacts.ivyservice.ivyresolve.RepositoryChainComponentMetaDataResolver] Attempting to resolve component for net.minecraftforge:forgespi:3.2.0 using repositories [maven, BUNDELED_377664982, maven2, MavenRepo]
2021-03-21T18:11:28.824+0100 [DEBUG] [org.gradle.api.internal.artifacts.ivyservice.ivyresolve.CachingModuleComponentRepository] Using cached module metadata for module 'net.minecraftforge:forgespi:3.2.0' in 'maven'
2021-03-21T18:11:28.824+0100 [DEBUG] [org.gradle.api.internal.artifacts.ivyservice.ivyresolve.RepositoryChainComponentMetaDataResolver] Using net.minecraftforge:forgespi:3.2.0 from Maven repository 'maven'
2021-03-21T18:11:28.825+0100 [DEBUG] [org.gradle.api.internal.artifacts.ivyservice.ivyresolve.RepositoryChainComponentMetaDataResolver] Attempting to resolve component for net.minecraftforge:coremods:4.0.6 using repositories [maven, BUNDELED_377664982, maven2, MavenRepo]
2021-03-21T18:11:28.825+0100 [DEBUG] [org.gradle.api.internal.artifacts.ivyservice.ivyresolve.CachingModuleComponentRepository] Using cached module metadata for module 'net.minecraftforge:coremods:4.0.6' in 'maven'
2021-03-21T18:11:28.825+0100 [DEBUG] [org.gradle.api.internal.artifacts.ivyservice.ivyresolve.RepositoryChainComponentMetaDataResolver] Using net.minecraftforge:coremods:4.0.6 from Maven repository 'maven'
2021-03-21T18:11:28.826+0100 [DEBUG] [org.gradle.api.internal.artifacts.ivyservice.ivyresolve.RepositoryChainComponentMetaDataResolver] Attempting to resolve component for net.minecraftforge:unsafe:0.2.0 using repositories [maven, BUNDELED_377664982, maven2, MavenRepo]
2021-03-21T18:11:28.826+0100 [DEBUG] [org.gradle.api.internal.artifacts.ivyservice.ivyresolve.CachingModuleComponentRepository] Using cached module metadata for module 'net.minecraftforge:unsafe:0.2.0' in 'maven'
2021-03-21T18:11:28.826+0100 [DEBUG] [org.gradle.api.internal.artifacts.ivyservice.ivyresolve.RepositoryChainComponentMetaDataResolver] Using net.minecraftforge:unsafe:0.2.0 from Maven repository 'maven'
2021-03-21T18:11:28.827+0100 [DEBUG] [org.gradle.api.internal.artifacts.ivyservice.ivyresolve.RepositoryChainComponentMetaDataResolver] Attempting to resolve component for com.electronwill.night-config:core:3.6.3 using repositories [maven, BUNDELED_377664982, maven2, MavenRepo]
2021-03-21T18:11:28.827+0100 [DEBUG] [org.gradle.api.internal.artifacts.ivyservice.ivyresolve.CachingModuleComponentRepository] Using cached module metadata for module 'com.electronwill.night-config:core:3.6.3' in 'maven'
2021-03-21T18:11:28.827+0100 [DEBUG] [org.gradle.api.internal.artifacts.ivyservice.ivyresolve.CachingModuleComponentRepository] Detected non-existence of module 'com.electronwill.night-config:core:3.6.3' in resolver cache 'BUNDELED_377664982'
2021-03-21T18:11:28.827+0100 [DEBUG] [org.gradle.api.internal.artifacts.ivyservice.ivyresolve.CachingModuleComponentRepository] Detected non-existence of module 'com.electronwill.night-config:core:3.6.3' in resolver cache 'maven2'
2021-03-21T18:11:28.827+0100 [DEBUG] [org.gradle.api.internal.artifacts.ivyservice.ivyresolve.CachingModuleComponentRepository] Using cached module metadata for module 'com.electronwill.night-config:core:3.6.3' in 'MavenRepo'
2021-03-21T18:11:28.827+0100 [DEBUG] [org.gradle.api.internal.artifacts.ivyservice.ivyresolve.RepositoryChainComponentMetaDataResolver] Using com.electronwill.night-config:core:3.6.3 from Maven repository 'MavenRepo'
2021-03-21T18:11:28.828+0100 [DEBUG] [org.gradle.api.internal.artifacts.ivyservice.ivyresolve.RepositoryChainComponentMetaDataResolver] Attempting to resolve component for com.electronwill.night-config:toml:3.6.3 using repositories [maven, BUNDELED_377664982, maven2, MavenRepo]
2021-03-21T18:11:28.828+0100 [DEBUG] [org.gradle.api.internal.artifacts.ivyservice.ivyresolve.CachingModuleComponentRepository] Using cached module metadata for module 'com.electronwill.night-config:toml:3.6.3' in 'maven'
2021-03-21T18:11:28.828+0100 [DEBUG] [org.gradle.api.internal.artifacts.ivyservice.ivyresolve.CachingModuleComponentRepository] Detected non-existence of module 'com.electronwill.night-config:toml:3.6.3' in resolver cache 'BUNDELED_377664982'
2021-03-21T18:11:28.828+0100 [DEBUG] [org.gradle.api.internal.artifacts.ivyservice.ivyresolve.CachingModuleComponentRepository] Detected non-existence of module 'com.electronwill.night-config:toml:3.6.3' in resolver cache 'maven2'
2021-03-21T18:11:28.828+0100 [DEBUG] [org.gradle.api.internal.artifacts.ivyservice.ivyresolve.CachingModuleComponentRepository] Using cached module metadata for module 'com.electronwill.night-config:toml:3.6.3' in 'MavenRepo'
2021-03-21T18:11:28.828+0100 [DEBUG] [org.gradle.api.internal.artifacts.ivyservice.ivyresolve.RepositoryChainComponentMetaDataResolver] Using com.electronwill.night-config:toml:3.6.3 from Maven repository 'MavenRepo'
2021-03-21T18:11:28.829+0100 [DEBUG] [org.gradle.api.internal.artifacts.ivyservice.ivyresolve.RepositoryChainComponentMetaDataResolver] Attempting to resolve component for org.jline:jline:3.12.1 using repositories [maven, BUNDELED_377664982, maven2, MavenRepo]
2021-03-21T18:11:28.829+0100 [DEBUG] [org.gradle.api.internal.artifacts.ivyservice.ivyresolve.CachingModuleComponentRepository] Using cached module metadata for module 'org.jline:jline:3.12.1' in 'maven'
2021-03-21T18:11:28.829+0100 [DEBUG] [org.gradle.api.internal.artifacts.ivyservice.ivyresolve.CachingModuleComponentRepository] Detected non-existence of module 'org.jline:jline:3.12.1' in resolver cache 'BUNDELED_377664982'
2021-03-21T18:11:28.829+0100 [DEBUG] [org.gradle.api.internal.artifacts.ivyservice.ivyresolve.CachingModuleComponentRepository] Detected non-existence of module 'org.jline:jline:3.12.1' in resolver cache 'maven2'
2021-03-21T18:11:28.829+0100 [DEBUG] [org.gradle.api.internal.artifacts.ivyservice.ivyresolve.CachingModuleComponentRepository] Using cached module metadata for module 'org.jline:jline:3.12.1' in 'MavenRepo'
2021-03-21T18:11:28.829+0100 [DEBUG] [org.gradle.api.internal.artifacts.ivyservice.ivyresolve.RepositoryChainComponentMetaDataResolver] Using org.jline:jline:3.12.1 from Maven repository 'MavenRepo'
2021-03-21T18:11:28.830+0100 [DEBUG] [org.gradle.api.internal.artifacts.ivyservice.ivyresolve.RepositoryChainComponentMetaDataResolver] Attempting to resolve component for org.apache.maven:maven-artifact:3.6.3 using repositories [maven, BUNDELED_377664982, maven2, MavenRepo]
2021-03-21T18:11:28.830+0100 [DEBUG] [org.gradle.api.internal.artifacts.ivyservice.ivyresolve.CachingModuleComponentRepository] Using cached module metadata for module 'org.apache.maven:maven-artifact:3.6.3' in 'maven'
2021-03-21T18:11:28.830+0100 [DEBUG] [org.gradle.api.internal.artifacts.ivyservice.ivyresolve.CachingModuleComponentRepository] Detected non-existence of module 'org.apache.maven:maven-artifact:3.6.3' in resolver cache 'BUNDELED_377664982'
2021-03-21T18:11:28.830+0100 [DEBUG] [org.gradle.api.internal.artifacts.ivyservice.ivyresolve.CachingModuleComponentRepository] Detected non-existence of module 'org.apache.maven:maven-artifact:3.6.3' in resolver cache 'maven2'
2021-03-21T18:11:28.830+0100 [DEBUG] [org.gradle.api.internal.artifacts.ivyservice.ivyresolve.CachingModuleComponentRepository] Using cached module metadata for module 'org.apache.maven:maven-artifact:3.6.3' in 'MavenRepo'
2021-03-21T18:11:28.830+0100 [DEBUG] [org.gradle.api.internal.artifacts.ivyservice.ivyresolve.RepositoryChainComponentMetaDataResolver] Using org.apache.maven:maven-artifact:3.6.3 from Maven repository 'MavenRepo'
2021-03-21T18:11:28.831+0100 [DEBUG] [org.gradle.api.internal.artifacts.ivyservice.ivyresolve.RepositoryChainComponentMetaDataResolver] Attempting to resolve component for net.jodah:typetools:0.8.3 using repositories [maven, BUNDELED_377664982, maven2, MavenRepo]
2021-03-21T18:11:28.832+0100 [DEBUG] [org.gradle.api.internal.artifacts.ivyservice.ivyresolve.CachingModuleComponentRepository] Using cached module metadata for module 'net.jodah:typetools:0.8.3' in 'maven'
2021-03-21T18:11:28.832+0100 [DEBUG] [org.gradle.api.internal.artifacts.ivyservice.ivyresolve.RepositoryChainComponentMetaDataResolver] Using net.jodah:typetools:0.8.3 from Maven repository 'maven'
2021-03-21T18:11:28.832+0100 [DEBUG] [org.gradle.internal.component.model.LoggingAttributeMatchingExplanationBuilder] Candidate net.jodah:typetools:0.8.3 variant javadocElements attribute org.gradle.category value {org.gradle.category=documentation} doesn't requested value library
2021-03-21T18:11:28.832+0100 [DEBUG] [org.gradle.internal.component.model.ComponentAttributeMatcher] Selected matches [net.jodah:typetools:0.8.3 variant apiElements] from candidates [net.jodah:typetools:0.8.3 variant apiElements, net.jodah:typetools:0.8.3 variant runtimeElements, net.jodah:typetools:0.8.3 variant javadocElements] for {org.gradle.category=library, org.gradle.dependency.bundling=external, org.gradle.jvm.version=8, org.gradle.libraryelements=classes, org.gradle.usage=java-api}
2021-03-21T18:11:28.832+0100 [DEBUG] [org.gradle.api.internal.artifacts.ivyservice.ivyresolve.RepositoryChainComponentMetaDataResolver] Attempting to resolve component for org.apache.logging.log4j:log4j-api:2.11.2 using repositories [maven, BUNDELED_377664982, maven2, MavenRepo]
2021-03-21T18:11:28.833+0100 [DEBUG] [org.gradle.api.internal.artifacts.ivyservice.ivyresolve.CachingModuleComponentRepository] Using cached module metadata for module 'org.apache.logging.log4j:log4j-api:2.11.2' in 'maven'
2021-03-21T18:11:28.833+0100 [DEBUG] [org.gradle.api.internal.artifacts.ivyservice.ivyresolve.CachingModuleComponentRepository] Detected non-existence of module 'org.apache.logging.log4j:log4j-api:2.11.2' in resolver cache 'BUNDELED_377664982'
2021-03-21T18:11:28.833+0100 [DEBUG] [org.gradle.api.internal.artifacts.ivyservice.ivyresolve.CachingModuleComponentRepository] Detected non-existence of module 'org.apache.logging.log4j:log4j-api:2.11.2' in resolver cache 'maven2'
2021-03-21T18:11:28.833+0100 [DEBUG] [org.gradle.api.internal.artifacts.ivyservice.ivyresolve.CachingModuleComponentRepository] Using cached module metadata for module 'org.apache.logging.log4j:log4j-api:2.11.2' in 'MavenRepo'
2021-03-21T18:11:28.833+0100 [DEBUG] [org.gradle.api.internal.artifacts.ivyservice.ivyresolve.RepositoryChainComponentMetaDataResolver] Using org.apache.logging.log4j:log4j-api:2.11.2 from Maven repository 'MavenRepo'
2021-03-21T18:11:28.833+0100 [DEBUG] [org.gradle.api.internal.artifacts.ivyservice.ivyresolve.RepositoryChainComponentMetaDataResolver] Attempting to resolve component for org.apache.logging.log4j:log4j-core:2.11.2 using repositories [maven, BUNDELED_377664982, maven2, MavenRepo]
2021-03-21T18:11:28.833+0100 [DEBUG] [org.gradle.api.internal.artifacts.ivyservice.ivyresolve.CachingModuleComponentRepository] Using cached module metadata for module 'org.apache.logging.log4j:log4j-core:2.11.2' in 'maven'
2021-03-21T18:11:28.833+0100 [DEBUG] [org.gradle.api.internal.artifacts.ivyservice.ivyresolve.CachingModuleComponentRepository] Detected non-existence of module 'org.apache.logging.log4j:log4j-core:2.11.2' in resolver cache 'BUNDELED_377664982'
2021-03-21T18:11:28.833+0100 [DEBUG] [org.gradle.api.internal.artifacts.ivyservice.ivyresolve.CachingModuleComponentRepository] Detected non-existence of module 'org.apache.logging.log4j:log4j-core:2.11.2' in resolver cache 'maven2'
2021-03-21T18:11:28.834+0100 [DEBUG] [org.gradle.api.internal.artifacts.ivyservice.ivyresolve.CachingModuleComponentRepository] Using cached module metadata for module 'org.apache.logging.log4j:log4j-core:2.11.2' in 'MavenRepo'
2021-03-21T18:11:28.834+0100 [DEBUG] [org.gradle.api.internal.artifacts.ivyservice.ivyresolve.RepositoryChainComponentMetaDataResolver] Using org.apache.logging.log4j:log4j-core:2.11.2 from Maven repository 'MavenRepo'
2021-03-21T18:11:28.834+0100 [DEBUG] [org.gradle.api.internal.artifacts.ivyservice.ivyresolve.RepositoryChainComponentMetaDataResolver] Attempting to resolve component for net.minecrell:terminalconsoleappender:1.2.0 using repositories [maven, BUNDELED_377664982, maven2, MavenRepo]
2021-03-21T18:11:28.834+0100 [DEBUG] [org.gradle.api.internal.artifacts.ivyservice.ivyresolve.CachingModuleComponentRepository] Using cached module metadata for module 'net.minecrell:terminalconsoleappender:1.2.0' in 'maven'
2021-03-21T18:11:28.834+0100 [DEBUG] [org.gradle.api.internal.artifacts.ivyservice.ivyresolve.CachingModuleComponentRepository] Detected non-existence of module 'net.minecrell:terminalconsoleappender:1.2.0' in resolver cache 'BUNDELED_377664982'
2021-03-21T18:11:28.834+0100 [DEBUG] [org.gradle.api.internal.artifacts.ivyservice.ivyresolve.CachingModuleComponentRepository] Detected non-existence of module 'net.minecrell:terminalconsoleappender:1.2.0' in resolver cache 'maven2'
2021-03-21T18:11:28.834+0100 [DEBUG] [org.gradle.api.internal.artifacts.ivyservice.ivyresolve.CachingModuleComponentRepository] Using cached module metadata for module 'net.minecrell:terminalconsoleappender:1.2.0' in 'MavenRepo'
2021-03-21T18:11:28.834+0100 [DEBUG] [org.gradle.api.internal.artifacts.ivyservice.ivyresolve.RepositoryChainComponentMetaDataResolver] Using net.minecrell:terminalconsoleappender:1.2.0 from Maven repository 'MavenRepo'
2021-03-21T18:11:28.835+0100 [DEBUG] [org.gradle.api.internal.artifacts.ivyservice.ivyresolve.RepositoryChainComponentMetaDataResolver] Attempting to resolve component for net.sf.jopt-simple:jopt-simple:5.0.4 using repositories [maven, BUNDELED_377664982, maven2, MavenRepo]
2021-03-21T18:11:28.835+0100 [DEBUG] [org.gradle.api.internal.artifacts.ivyservice.ivyresolve.CachingModuleComponentRepository] Using cached module metadata for module 'net.sf.jopt-simple:jopt-simple:5.0.4' in 'maven'
2021-03-21T18:11:28.835+0100 [DEBUG] [org.gradle.api.internal.artifacts.ivyservice.ivyresolve.CachingModuleComponentRepository] Detected non-existence of module 'net.sf.jopt-simple:jopt-simple:5.0.4' in resolver cache 'BUNDELED_377664982'
2021-03-21T18:11:28.835+0100 [DEBUG] [org.gradle.api.internal.artifacts.ivyservice.ivyresolve.CachingModuleComponentRepository] Detected non-existence of module 'net.sf.jopt-simple:jopt-simple:5.0.4' in resolver cache 'maven2'
2021-03-21T18:11:28.835+0100 [DEBUG] [org.gradle.api.internal.artifacts.ivyservice.ivyresolve.CachingModuleComponentRepository] Using cached module metadata for module 'net.sf.jopt-simple:jopt-simple:5.0.4' in 'MavenRepo'
2021-03-21T18:11:28.835+0100 [DEBUG] [org.gradle.api.internal.artifacts.ivyservice.ivyresolve.RepositoryChainComponentMetaDataResolver] Using net.sf.jopt-simple:jopt-simple:5.0.4 from Maven repository 'MavenRepo'
2021-03-21T18:11:28.835+0100 [DEBUG] [org.gradle.api.internal.artifacts.ivyservice.ivyresolve.RepositoryChainComponentMetaDataResolver] Attempting to resolve component for org.spongepowered:mixin:0.8.2 using repositories [maven, BUNDELED_377664982, maven2, MavenRepo]
2021-03-21T18:11:28.835+0100 [DEBUG] [org.gradle.api.internal.artifacts.ivyservice.ivyresolve.CachingModuleComponentRepository] Using cached module metadata for module 'org.spongepowered:mixin:0.8.2' in 'maven'
2021-03-21T18:11:28.835+0100 [DEBUG] [org.gradle.api.internal.artifacts.ivyservice.ivyresolve.RepositoryChainComponentMetaDataResolver] Using org.spongepowered:mixin:0.8.2 from Maven repository 'maven'
2021-03-21T18:11:28.836+0100 [DEBUG] [org.gradle.api.internal.artifacts.ivyservice.ivyresolve.RepositoryChainComponentMetaDataResolver] Attempting to resolve component for net.minecraftforge:nashorn-core-compat:15.1.1.1 using repositories [maven, BUNDELED_377664982, maven2, MavenRepo]
2021-03-21T18:11:28.836+0100 [DEBUG] [org.gradle.api.internal.artifacts.ivyservice.ivyresolve.CachingModuleComponentRepository] Using cached module metadata for module 'net.minecraftforge:nashorn-core-compat:15.1.1.1' in 'maven'
2021-03-21T18:11:28.836+0100 [DEBUG] [org.gradle.api.internal.artifacts.ivyservice.ivyresolve.RepositoryChainComponentMetaDataResolver] Using net.minecraftforge:nashorn-core-compat:15.1.1.1 from Maven repository 'maven'
2021-03-21T18:11:28.836+0100 [DEBUG] [org.gradle.api.internal.artifacts.ivyservice.resolveengine.graph.builder.DependencyGraphBuilder] Visiting configuration net.minecraft:client:1.16.5(compile).
2021-03-21T18:11:28.839+0100 [DEBUG] [org.gradle.api.internal.artifacts.ivyservice.ivyresolve.RepositoryChainComponentMetaDataResolver] Attempting to resolve component for com.mojang:patchy:1.1 using repositories [maven, BUNDELED_377664982, maven2, MavenRepo]
2021-03-21T18:11:28.839+0100 [DEBUG] [org.gradle.api.internal.artifacts.ivyservice.ivyresolve.CachingModuleComponentRepository] Detected non-existence of module 'com.mojang:patchy:1.1' in resolver cache 'maven'
2021-03-21T18:11:28.839+0100 [DEBUG] [org.gradle.api.internal.artifacts.ivyservice.ivyresolve.CachingModuleComponentRepository] Detected non-existence of module 'com.mojang:patchy:1.1' in resolver cache 'BUNDELED_377664982'
2021-03-21T18:11:28.839+0100 [DEBUG] [org.gradle.api.internal.artifacts.ivyservice.ivyresolve.CachingModuleComponentRepository] Using cached module metadata for module 'com.mojang:patchy:1.1' in 'maven2'
2021-03-21T18:11:28.840+0100 [DEBUG] [org.gradle.api.internal.artifacts.ivyservice.ivyresolve.CachingModuleComponentRepository] Detected non-existence of module 'com.mojang:patchy:1.1' in resolver cache 'MavenRepo'
2021-03-21T18:11:28.840+0100 [DEBUG] [org.gradle.api.internal.artifacts.ivyservice.ivyresolve.RepositoryChainComponentMetaDataResolver] Using com.mojang:patchy:1.1 from Maven repository 'maven2'
2021-03-21T18:11:28.840+0100 [DEBUG] [org.gradle.api.internal.artifacts.ivyservice.ivyresolve.RepositoryChainComponentMetaDataResolver] Attempting to resolve component for oshi-project:oshi-core:1.1 using repositories [maven, BUNDELED_377664982, maven2, MavenRepo]
2021-03-21T18:11:28.840+0100 [DEBUG] [org.gradle.api.internal.artifacts.ivyservice.ivyresolve.CachingModuleComponentRepository] Detected non-existence of module 'oshi-project:oshi-core:1.1' in resolver cache 'maven'
2021-03-21T18:11:28.840+0100 [DEBUG] [org.gradle.api.internal.artifacts.ivyservice.ivyresolve.CachingModuleComponentRepository] Detected non-existence of module 'oshi-project:oshi-core:1.1' in resolver cache 'BUNDELED_377664982'
2021-03-21T18:11:28.841+0100 [DEBUG] [org.gradle.api.internal.artifacts.ivyservice.ivyresolve.CachingModuleComponentRepository] Using cached module metadata for module 'oshi-project:oshi-core:1.1' in 'maven2'
2021-03-21T18:11:28.841+0100 [DEBUG] [org.gradle.api.internal.artifacts.ivyservice.ivyresolve.CachingModuleComponentRepository] Detected non-existence of module 'oshi-project:oshi-core:1.1' in resolver cache 'MavenRepo'
2021-03-21T18:11:28.841+0100 [DEBUG] [org.gradle.api.internal.artifacts.ivyservice.ivyresolve.RepositoryChainComponentMetaDataResolver] Using oshi-project:oshi-core:1.1 from Maven repository 'maven2'
2021-03-21T18:11:28.841+0100 [DEBUG] [org.gradle.api.internal.artifacts.ivyservice.ivyresolve.RepositoryChainComponentMetaDataResolver] Attempting to resolve component for net.java.dev.jna:jna:4.4.0 using repositories [maven, BUNDELED_377664982, maven2, MavenRepo]
2021-03-21T18:11:28.841+0100 [DEBUG] [org.gradle.api.internal.artifacts.ivyservice.ivyresolve.CachingModuleComponentRepository] Detected non-existence of module 'net.java.dev.jna:jna:4.4.0' in resolver cache 'maven'
2021-03-21T18:11:28.842+0100 [DEBUG] [org.gradle.api.internal.artifacts.ivyservice.ivyresolve.CachingModuleComponentRepository] Detected non-existence of module 'net.java.dev.jna:jna:4.4.0' in resolver cache 'BUNDELED_377664982'
2021-03-21T18:11:28.842+0100 [DEBUG] [org.gradle.api.internal.artifacts.ivyservice.ivyresolve.CachingModuleComponentRepository] Using cached module metadata for module 'net.java.dev.jna:jna:4.4.0' in 'maven2'
2021-03-21T18:11:28.842+0100 [DEBUG] [org.gradle.api.internal.artifacts.ivyservice.ivyresolve.CachingModuleComponentRepository] Using cached module metadata for module 'net.java.dev.jna:jna:4.4.0' in 'MavenRepo'
2021-03-21T18:11:28.842+0100 [DEBUG] [org.gradle.api.internal.artifacts.ivyservice.ivyresolve.RepositoryChainComponentMetaDataResolver] Using net.java.dev.jna:jna:4.4.0 from Maven repository 'MavenRepo'
2021-03-21T18:11:28.842+0100 [DEBUG] [org.gradle.api.internal.artifacts.ivyservice.ivyresolve.RepositoryChainComponentMetaDataResolver] Attempting to resolve component for net.java.dev.jna:platform:3.4.0 using repositories [maven, BUNDELED_377664982, maven2, MavenRepo]
2021-03-21T18:11:28.842+0100 [DEBUG] [org.gradle.api.internal.artifacts.ivyservice.ivyresolve.CachingModuleComponentRepository] Detected non-existence of module 'net.java.dev.jna:platform:3.4.0' in resolver cache 'maven'
2021-03-21T18:11:28.843+0100 [DEBUG] [org.gradle.api.internal.artifacts.ivyservice.ivyresolve.CachingModuleComponentRepository] Detected non-existence of module 'net.java.dev.jna:platform:3.4.0' in resolver cache 'BUNDELED_377664982'
2021-03-21T18:11:28.843+0100 [DEBUG] [org.gradle.api.internal.artifacts.ivyservice.ivyresolve.CachingModuleComponentRepository] Using cached module metadata for module 'net.java.dev.jna:platform:3.4.0' in 'maven2'
2021-03-21T18:11:28.843+0100 [DEBUG] [org.gradle.api.internal.artifacts.ivyservice.ivyresolve.CachingModuleComponentRepository] Using cached module metadata for module 'net.java.dev.jna:platform:3.4.0' in 'MavenRepo'
2021-03-21T18:11:28.843+0100 [DEBUG] [org.gradle.api.internal.artifacts.ivyservice.ivyresolve.RepositoryChainComponentMetaDataResolver] Using net.java.dev.jna:platform:3.4.0 from Maven repository 'MavenRepo'
2021-03-21T18:11:28.844+0100 [DEBUG] [org.gradle.api.internal.artifacts.ivyservice.ivyresolve.RepositoryChainComponentMetaDataResolver] Attempting to resolve component for com.ibm.icu:icu4j:66.1 using repositories [maven, BUNDELED_377664982, maven2, MavenRepo]
2021-03-21T18:11:28.844+0100 [DEBUG] [org.gradle.api.internal.artifacts.ivyservice.ivyresolve.CachingModuleComponentRepository] Detected non-existence of module 'com.ibm.icu:icu4j:66.1' in resolver cache 'maven'
2021-03-21T18:11:28.844+0100 [DEBUG] [org.gradle.api.internal.artifacts.ivyservice.ivyresolve.CachingModuleComponentRepository] Detected non-existence of module 'com.ibm.icu:icu4j:66.1' in resolver cache 'BUNDELED_377664982'
2021-03-21T18:11:28.844+0100 [DEBUG] [org.gradle.api.internal.artifacts.ivyservice.ivyresolve.CachingModuleComponentRepository] Using cached module metadata for module 'com.ibm.icu:icu4j:66.1' in 'maven2'
2021-03-21T18:11:28.844+0100 [DEBUG] [org.gradle.api.internal.artifacts.ivyservice.ivyresolve.CachingModuleComponentRepository] Using cached module metadata for module 'com.ibm.icu:icu4j:66.1' in 'MavenRepo'
2021-03-21T18:11:28.844+0100 [DEBUG] [org.gradle.api.internal.artifacts.ivyservice.ivyresolve.RepositoryChainComponentMetaDataResolver] Using com.ibm.icu:icu4j:66.1 from Maven repository 'MavenRepo'
2021-03-21T18:11:28.844+0100 [DEBUG] [org.gradle.api.internal.artifacts.ivyservice.ivyresolve.RepositoryChainComponentMetaDataResolver] Attempting to resolve component for com.mojang:javabridge:1.0.22 using repositories [maven, BUNDELED_377664982, maven2, MavenRepo]
2021-03-21T18:11:28.844+0100 [DEBUG] [org.gradle.api.internal.artifacts.ivyservice.ivyresolve.CachingModuleComponentRepository] Detected non-existence of module 'com.mojang:javabridge:1.0.22' in resolver cache 'maven'
2021-03-21T18:11:28.844+0100 [DEBUG] [org.gradle.api.internal.artifacts.ivyservice.ivyresolve.CachingModuleComponentRepository] Detected non-existence of module 'com.mojang:javabridge:1.0.22' in resolver cache 'BUNDELED_377664982'
2021-03-21T18:11:28.845+0100 [DEBUG] [org.gradle.api.internal.artifacts.ivyservice.ivyresolve.CachingModuleComponentRepository] Using cached module metadata for module 'com.mojang:javabridge:1.0.22' in 'maven2'
2021-03-21T18:11:28.845+0100 [DEBUG] [org.gradle.api.internal.artifacts.ivyservice.ivyresolve.CachingModuleComponentRepository] Detected non-existence of module 'com.mojang:javabridge:1.0.22' in resolver cache 'MavenRepo'
2021-03-21T18:11:28.845+0100 [DEBUG] [org.gradle.api.internal.artifacts.ivyservice.ivyresolve.RepositoryChainComponentMetaDataResolver] Using com.mojang:javabridge:1.0.22 from Maven repository 'maven2'
2021-03-21T18:11:28.845+0100 [DEBUG] [org.gradle.api.internal.artifacts.ivyservice.ivyresolve.RepositoryChainComponentMetaDataResolver] Attempting to resolve component for io.netty:netty-all:4.1.25.Final using repositories [maven, BUNDELED_377664982, maven2, MavenRepo]
2021-03-21T18:11:28.845+0100 [DEBUG] [org.gradle.api.internal.artifacts.ivyservice.ivyresolve.CachingModuleComponentRepository] Detected non-existence of module 'io.netty:netty-all:4.1.25.Final' in resolver cache 'maven'
2021-03-21T18:11:28.845+0100 [DEBUG] [org.gradle.api.internal.artifacts.ivyservice.ivyresolve.CachingModuleComponentRepository] Detected non-existence of module 'io.netty:netty-all:4.1.25.Final' in resolver cache 'BUNDELED_377664982'
2021-03-21T18:11:28.845+0100 [DEBUG] [org.gradle.api.internal.artifacts.ivyservice.ivyresolve.CachingModuleComponentRepository] Using cached module metadata for module 'io.netty:netty-all:4.1.25.Final' in 'maven2'
2021-03-21T18:11:28.845+0100 [DEBUG] [org.gradle.api.internal.artifacts.ivyservice.ivyresolve.CachingModuleComponentRepository] Using cached module metadata for module 'io.netty:netty-all:4.1.25.Final' in 'MavenRepo'
2021-03-21T18:11:28.845+0100 [DEBUG] [org.gradle.api.internal.artifacts.ivyservice.ivyresolve.RepositoryChainComponentMetaDataResolver] Using io.netty:netty-all:4.1.25.Final from Maven repository 'MavenRepo'
2021-03-21T18:11:28.846+0100 [DEBUG] [org.gradle.api.internal.artifacts.ivyservice.ivyresolve.RepositoryChainComponentMetaDataResolver] Attempting to resolve component for com.google.guava:guava:21.0 using repositories [maven, BUNDELED_377664982, maven2, MavenRepo]
2021-03-21T18:11:28.846+0100 [DEBUG] [org.gradle.api.internal.artifacts.ivyservice.ivyresolve.CachingModuleComponentRepository] Detected non-existence of module 'com.google.guava:guava:21.0' in resolver cache 'maven'
2021-03-21T18:11:28.846+0100 [DEBUG] [org.gradle.api.internal.artifacts.ivyservice.ivyresolve.CachingModuleComponentRepository] Detected non-existence of module 'com.google.guava:guava:21.0' in resolver cache 'BUNDELED_377664982'
2021-03-21T18:11:28.846+0100 [DEBUG] [org.gradle.api.internal.artifacts.ivyservice.ivyresolve.CachingModuleComponentRepository] Using cached module metadata for module 'com.google.guava:guava:21.0' in 'maven2'
2021-03-21T18:11:28.846+0100 [DEBUG] [org.gradle.api.internal.artifacts.ivyservice.ivyresolve.CachingModuleComponentRepository] Using cached module metadata for module 'com.google.guava:guava:21.0' in 'MavenRepo'
2021-03-21T18:11:28.847+0100 [DEBUG] [org.gradle.api.internal.artifacts.ivyservice.ivyresolve.RepositoryChainComponentMetaDataResolver] Using com.google.guava:guava:21.0 from Maven repository 'MavenRepo'
2021-03-21T18:11:28.848+0100 [DEBUG] [org.gradle.api.internal.artifacts.ivyservice.ivyresolve.RepositoryChainComponentMetaDataResolver] Attempting to resolve component for org.apache.commons:commons-lang3:3.5 using repositories [maven, BUNDELED_377664982, maven2, MavenRepo]
2021-03-21T18:11:28.848+0100 [DEBUG] [org.gradle.api.internal.artifacts.ivyservice.ivyresolve.CachingModuleComponentRepository] Detected non-existence of module 'org.apache.commons:commons-lang3:3.5' in resolver cache 'maven'
2021-03-21T18:11:28.848+0100 [DEBUG] [org.gradle.api.internal.artifacts.ivyservice.ivyresolve.CachingModuleComponentRepository] Detected non-existence of module 'org.apache.commons:commons-lang3:3.5' in resolver cache 'BUNDELED_377664982'
2021-03-21T18:11:28.848+0100 [DEBUG] [org.gradle.api.internal.artifacts.ivyservice.ivyresolve.CachingModuleComponentRepository] Using cached module metadata for module 'org.apache.commons:commons-lang3:3.5' in 'maven2'
2021-03-21T18:11:28.850+0100 [DEBUG] [org.gradle.api.internal.artifacts.ivyservice.ivyresolve.CachingModuleComponentRepository] Using cached module metadata for module 'org.apache.commons:commons-lang3:3.5' in 'MavenRepo'
2021-03-21T18:11:28.850+0100 [DEBUG] [org.gradle.api.internal.artifacts.ivyservice.ivyresolve.RepositoryChainComponentMetaDataResolver] Using org.apache.commons:commons-lang3:3.5 from Maven repository 'MavenRepo'
2021-03-21T18:11:28.851+0100 [DEBUG] [org.gradle.api.internal.artifacts.ivyservice.ivyresolve.RepositoryChainComponentMetaDataResolver] Attempting to resolve component for commons-io:commons-io:2.5 using repositories [maven, BUNDELED_377664982, maven2, MavenRepo]
2021-03-21T18:11:28.851+0100 [DEBUG] [org.gradle.api.internal.artifacts.ivyservice.ivyresolve.CachingModuleComponentRepository] Detected non-existence of module 'commons-io:commons-io:2.5' in resolver cache 'maven'
2021-03-21T18:11:28.851+0100 [DEBUG] [org.gradle.api.internal.artifacts.ivyservice.ivyresolve.CachingModuleComponentRepository] Detected non-existence of module 'commons-io:commons-io:2.5' in resolver cache 'BUNDELED_377664982'
2021-03-21T18:11:28.851+0100 [DEBUG] [org.gradle.api.internal.artifacts.ivyservice.ivyresolve.CachingModuleComponentRepository] Using cached module metadata for module 'commons-io:commons-io:2.5' in 'maven2'
2021-03-21T18:11:28.851+0100 [DEBUG] [org.gradle.api.internal.artifacts.ivyservice.ivyresolve.CachingModuleComponentRepository] Using cached module metadata for module 'commons-io:commons-io:2.5' in 'MavenRepo'
2021-03-21T18:11:28.852+0100 [DEBUG] [org.gradle.api.internal.artifacts.ivyservice.ivyresolve.RepositoryChainComponentMetaDataResolver] Using commons-io:commons-io:2.5 from Maven repository 'MavenRepo'
2021-03-21T18:11:28.853+0100 [DEBUG] [org.gradle.api.internal.artifacts.ivyservice.ivyresolve.RepositoryChainComponentMetaDataResolver] Attempting to resolve component for commons-codec:commons-codec:1.10 using repositories [maven, BUNDELED_377664982, maven2, MavenRepo]
2021-03-21T18:11:28.854+0100 [DEBUG] [org.gradle.api.internal.artifacts.ivyservice.ivyresolve.CachingModuleComponentRepository] Detected non-existence of module 'commons-codec:commons-codec:1.10' in resolver cache 'maven'
2021-03-21T18:11:28.854+0100 [DEBUG] [org.gradle.api.internal.artifacts.ivyservice.ivyresolve.CachingModuleComponentRepository] Detected non-existence of module 'commons-codec:commons-codec:1.10' in resolver cache 'BUNDELED_377664982'
2021-03-21T18:11:28.855+0100 [DEBUG] [org.gradle.api.internal.artifacts.ivyservice.ivyresolve.CachingModuleComponentRepository] Using cached module metadata for module 'commons-codec:commons-codec:1.10' in 'maven2'
2021-03-21T18:11:28.855+0100 [DEBUG] [org.gradle.api.internal.artifacts.ivyservice.ivyresolve.CachingModuleComponentRepository] Using cached module metadata for module 'commons-codec:commons-codec:1.10' in 'MavenRepo'
2021-03-21T18:11:28.855+0100 [DEBUG] [org.gradle.api.internal.artifacts.ivyservice.ivyresolve.RepositoryChainComponentMetaDataResolver] Using commons-codec:commons-codec:1.10 from Maven repository 'MavenRepo'
2021-03-21T18:11:28.856+0100 [DEBUG] [org.gradle.api.internal.artifacts.ivyservice.ivyresolve.RepositoryChainComponentMetaDataResolver] Attempting to resolve component for net.java.jinput:jinput:2.0.5 using repositories [maven, BUNDELED_377664982, maven2, MavenRepo]
2021-03-21T18:11:28.856+0100 [DEBUG] [org.gradle.api.internal.artifacts.ivyservice.ivyresolve.CachingModuleComponentRepository] Detected non-existence of module 'net.java.jinput:jinput:2.0.5' in resolver cache 'maven'
2021-03-21T18:11:28.857+0100 [DEBUG] [org.gradle.api.internal.artifacts.ivyservice.ivyresolve.CachingModuleComponentRepository] Detected non-existence of module 'net.java.jinput:jinput:2.0.5' in resolver cache 'BUNDELED_377664982'
2021-03-21T18:11:28.857+0100 [DEBUG] [org.gradle.api.internal.artifacts.ivyservice.ivyresolve.CachingModuleComponentRepository] Using cached module metadata for module 'net.java.jinput:jinput:2.0.5' in 'maven2'
2021-03-21T18:11:28.857+0100 [DEBUG] [org.gradle.api.internal.artifacts.ivyservice.ivyresolve.CachingModuleComponentRepository] Using cached module metadata for module 'net.java.jinput:jinput:2.0.5' in 'MavenRepo'
2021-03-21T18:11:28.857+0100 [DEBUG] [org.gradle.api.internal.artifacts.ivyservice.ivyresolve.RepositoryChainComponentMetaDataResolver] Using net.java.jinput:jinput:2.0.5 from Maven repository 'MavenRepo'
2021-03-21T18:11:28.857+0100 [DEBUG] [org.gradle.api.internal.artifacts.ivyservice.ivyresolve.RepositoryChainComponentMetaDataResolver] Attempting to resolve component for net.java.jutils:jutils:1.0.0 using repositories [maven, BUNDELED_377664982, maven2, MavenRepo]
2021-03-21T18:11:28.858+0100 [DEBUG] [org.gradle.api.internal.artifacts.ivyservice.ivyresolve.CachingModuleComponentRepository] Detected non-existence of module 'net.java.jutils:jutils:1.0.0' in resolver cache 'maven'
2021-03-21T18:11:28.858+0100 [DEBUG] [org.gradle.api.internal.artifacts.ivyservice.ivyresolve.CachingModuleComponentRepository] Detected non-existence of module 'net.java.jutils:jutils:1.0.0' in resolver cache 'BUNDELED_377664982'
2021-03-21T18:11:28.858+0100 [DEBUG] [org.gradle.api.internal.artifacts.ivyservice.ivyresolve.CachingModuleComponentRepository] Using cached module metadata for module 'net.java.jutils:jutils:1.0.0' in 'maven2'
2021-03-21T18:11:28.858+0100 [DEBUG] [org.gradle.api.internal.artifacts.ivyservice.ivyresolve.CachingModuleComponentRepository] Using cached module metadata for module 'net.java.jutils:jutils:1.0.0' in 'MavenRepo'
2021-03-21T18:11:28.859+0100 [DEBUG] [org.gradle.api.internal.artifacts.ivyservice.ivyresolve.RepositoryChainComponentMetaDataResolver] Using net.java.jutils:jutils:1.0.0 from Maven repository 'MavenRepo'
2021-03-21T18:11:28.860+0100 [DEBUG] [org.gradle.api.internal.artifacts.ivyservice.ivyresolve.RepositoryChainComponentMetaDataResolver] Attempting to resolve component for com.mojang:brigadier:1.0.17 using repositories [maven, BUNDELED_377664982, maven2, MavenRepo]
2021-03-21T18:11:28.860+0100 [DEBUG] [org.gradle.api.internal.artifacts.ivyservice.ivyresolve.CachingModuleComponentRepository] Detected non-existence of module 'com.mojang:brigadier:1.0.17' in resolver cache 'maven'
2021-03-21T18:11:28.860+0100 [DEBUG] [org.gradle.api.internal.artifacts.ivyservice.ivyresolve.CachingModuleComponentRepository] Detected non-existence of module 'com.mojang:brigadier:1.0.17' in resolver cache 'BUNDELED_377664982'
2021-03-21T18:11:28.860+0100 [DEBUG] [org.gradle.api.internal.artifacts.ivyservice.ivyresolve.CachingModuleComponentRepository] Using cached module metadata for module 'com.mojang:brigadier:1.0.17' in 'maven2'
2021-03-21T18:11:28.860+0100 [DEBUG] [org.gradle.api.internal.artifacts.ivyservice.ivyresolve.CachingModuleComponentRepository] Detected non-existence of module 'com.mojang:brigadier:1.0.17' in resolver cache 'MavenRepo'
2021-03-21T18:11:28.860+0100 [DEBUG] [org.gradle.api.internal.artifacts.ivyservice.ivyresolve.RepositoryChainComponentMetaDataResolver] Using com.mojang:brigadier:1.0.17 from Maven repository 'maven2'
2021-03-21T18:11:28.860+0100 [DEBUG] [org.gradle.api.internal.artifacts.ivyservice.ivyresolve.RepositoryChainComponentMetaDataResolver] Attempting to resolve component for com.mojang:datafixerupper:4.0.26 using repositories [maven, BUNDELED_377664982, maven2, MavenRepo]
2021-03-21T18:11:28.860+0100 [DEBUG] [org.gradle.api.internal.artifacts.ivyservice.ivyresolve.CachingModuleComponentRepository] Detected non-existence of module 'com.mojang:datafixerupper:4.0.26' in resolver cache 'maven'
2021-03-21T18:11:28.861+0100 [DEBUG] [org.gradle.api.internal.artifacts.ivyservice.ivyresolve.CachingModuleComponentRepository] Detected non-existence of module 'com.mojang:datafixerupper:4.0.26' in resolver cache 'BUNDELED_377664982'
2021-03-21T18:11:28.861+0100 [DEBUG] [org.gradle.api.internal.artifacts.ivyservice.ivyresolve.CachingModuleComponentRepository] Using cached module metadata for module 'com.mojang:datafixerupper:4.0.26' in 'maven2'
2021-03-21T18:11:28.861+0100 [DEBUG] [org.gradle.api.internal.artifacts.ivyservice.ivyresolve.CachingModuleComponentRepository] Detected non-existence of module 'com.mojang:datafixerupper:4.0.26' in resolver cache 'MavenRepo'
2021-03-21T18:11:28.861+0100 [DEBUG] [org.gradle.api.internal.artifacts.ivyservice.ivyresolve.RepositoryChainComponentMetaDataResolver] Using com.mojang:datafixerupper:4.0.26 from Maven repository 'maven2'
2021-03-21T18:11:28.861+0100 [DEBUG] [org.gradle.api.internal.artifacts.ivyservice.ivyresolve.RepositoryChainComponentMetaDataResolver] Attempting to resolve component for com.google.code.gson:gson:2.8.0 using repositories [maven, BUNDELED_377664982, maven2, MavenRepo]
2021-03-21T18:11:28.862+0100 [DEBUG] [org.gradle.api.internal.artifacts.ivyservice.ivyresolve.CachingModuleComponentRepository] Detected non-existence of module 'com.google.code.gson:gson:2.8.0' in resolver cache 'maven'
2021-03-21T18:11:28.862+0100 [DEBUG] [org.gradle.api.internal.artifacts.ivyservice.ivyresolve.CachingModuleComponentRepository] Detected non-existence of module 'com.google.code.gson:gson:2.8.0' in resolver cache 'BUNDELED_377664982'
2021-03-21T18:11:28.862+0100 [DEBUG] [org.gradle.api.internal.artifacts.ivyservice.ivyresolve.CachingModuleComponentRepository] Using cached module metadata for module 'com.google.code.gson:gson:2.8.0' in 'maven2'
2021-03-21T18:11:28.862+0100 [DEBUG] [org.gradle.api.internal.artifacts.ivyservice.ivyresolve.CachingModuleComponentRepository] Using cached module metadata for module 'com.google.code.gson:gson:2.8.0' in 'MavenRepo'
2021-03-21T18:11:28.862+0100 [DEBUG] [org.gradle.api.internal.artifacts.ivyservice.ivyresolve.RepositoryChainComponentMetaDataResolver] Using com.google.code.gson:gson:2.8.0 from Maven repository 'MavenRepo'
2021-03-21T18:11:28.862+0100 [DEBUG] [org.gradle.api.internal.artifacts.ivyservice.ivyresolve.RepositoryChainComponentMetaDataResolver] Attempting to resolve component for com.mojang:authlib:2.1.28 using repositories [maven, BUNDELED_377664982, maven2, MavenRepo]
2021-03-21T18:11:28.862+0100 [DEBUG] [org.gradle.api.internal.artifacts.ivyservice.ivyresolve.CachingModuleComponentRepository] Detected non-existence of module 'com.mojang:authlib:2.1.28' in resolver cache 'maven'
2021-03-21T18:11:28.862+0100 [DEBUG] [org.gradle.api.internal.artifacts.ivyservice.ivyresolve.CachingModuleComponentRepository] Detected non-existence of module 'com.mojang:authlib:2.1.28' in resolver cache 'BUNDELED_377664982'
2021-03-21T18:11:28.862+0100 [DEBUG] [org.gradle.api.internal.artifacts.ivyservice.ivyresolve.CachingModuleComponentRepository] Using cached module metadata for module 'com.mojang:authlib:2.1.28' in 'maven2'
2021-03-21T18:11:28.862+0100 [DEBUG] [org.gradle.api.internal.artifacts.ivyservice.ivyresolve.CachingModuleComponentRepository] Detected non-existence of module 'com.mojang:authlib:2.1.28' in resolver cache 'MavenRepo'
2021-03-21T18:11:28.863+0100 [DEBUG] [org.gradle.api.internal.artifacts.ivyservice.ivyresolve.RepositoryChainComponentMetaDataResolver] Using com.mojang:authlib:2.1.28 from Maven repository 'maven2'
2021-03-21T18:11:28.863+0100 [DEBUG] [org.gradle.api.internal.artifacts.ivyservice.ivyresolve.RepositoryChainComponentMetaDataResolver] Attempting to resolve component for org.apache.commons:commons-compress:1.8.1 using repositories [maven, BUNDELED_377664982, maven2, MavenRepo]
2021-03-21T18:11:28.863+0100 [DEBUG] [org.gradle.api.internal.artifacts.ivyservice.ivyresolve.CachingModuleComponentRepository] Detected non-existence of module 'org.apache.commons:commons-compress:1.8.1' in resolver cache 'maven'
2021-03-21T18:11:28.863+0100 [DEBUG] [org.gradle.api.internal.artifacts.ivyservice.ivyresolve.CachingModuleComponentRepository] Detected non-existence of module 'org.apache.commons:commons-compress:1.8.1' in resolver cache 'BUNDELED_377664982'
2021-03-21T18:11:28.863+0100 [DEBUG] [org.gradle.api.internal.artifacts.ivyservice.ivyresolve.CachingModuleComponentRepository] Using cached module metadata for module 'org.apache.commons:commons-compress:1.8.1' in 'maven2'
2021-03-21T18:11:28.863+0100 [DEBUG] [org.gradle.api.internal.artifacts.ivyservice.ivyresolve.CachingModuleComponentRepository] Using cached module metadata for module 'org.apache.commons:commons-compress:1.8.1' in 'MavenRepo'
2021-03-21T18:11:28.863+0100 [DEBUG] [org.gradle.api.internal.artifacts.ivyservice.ivyresolve.RepositoryChainComponentMetaDataResolver] Using org.apache.commons:commons-compress:1.8.1 from Maven repository 'MavenRepo'
2021-03-21T18:11:28.864+0100 [DEBUG] [org.gradle.api.internal.artifacts.ivyservice.ivyresolve.RepositoryChainComponentMetaDataResolver] Attempting to resolve component for org.apache.httpcomponents:httpclient:4.3.3 using repositories [maven, BUNDELED_377664982, maven2, MavenRepo]
2021-03-21T18:11:28.864+0100 [DEBUG] [org.gradle.api.internal.artifacts.ivyservice.ivyresolve.CachingModuleComponentRepository] Detected non-existence of module 'org.apache.httpcomponents:httpclient:4.3.3' in resolver cache 'maven'
2021-03-21T18:11:28.864+0100 [DEBUG] [org.gradle.api.internal.artifacts.ivyservice.ivyresolve.CachingModuleComponentRepository] Detected non-existence of module 'org.apache.httpcomponents:httpclient:4.3.3' in resolver cache 'BUNDELED_377664982'
2021-03-21T18:11:28.864+0100 [DEBUG] [org.gradle.api.internal.artifacts.ivyservice.ivyresolve.CachingModuleComponentRepository] Using cached module metadata for module 'org.apache.httpcomponents:httpclient:4.3.3' in 'maven2'
2021-03-21T18:11:28.864+0100 [DEBUG] [org.gradle.api.internal.artifacts.ivyservice.ivyresolve.CachingModuleComponentRepository] Using cached module metadata for module 'org.apache.httpcomponents:httpclient:4.3.3' in 'MavenRepo'
2021-03-21T18:11:28.865+0100 [DEBUG] [org.gradle.api.internal.artifacts.ivyservice.ivyresolve.RepositoryChainComponentMetaDataResolver] Using org.apache.httpcomponents:httpclient:4.3.3 from Maven repository 'MavenRepo'
2021-03-21T18:11:28.865+0100 [DEBUG] [org.gradle.api.internal.artifacts.ivyservice.ivyresolve.RepositoryChainComponentMetaDataResolver] Attempting to resolve component for commons-logging:commons-logging:1.1.3 using repositories [maven, BUNDELED_377664982, maven2, MavenRepo]
2021-03-21T18:11:28.865+0100 [DEBUG] [org.gradle.api.internal.artifacts.ivyservice.ivyresolve.CachingModuleComponentRepository] Detected non-existence of module 'commons-logging:commons-logging:1.1.3' in resolver cache 'maven'
2021-03-21T18:11:28.865+0100 [DEBUG] [org.gradle.api.internal.artifacts.ivyservice.ivyresolve.CachingModuleComponentRepository] Detected non-existence of module 'commons-logging:commons-logging:1.1.3' in resolver cache 'BUNDELED_377664982'
2021-03-21T18:11:28.866+0100 [DEBUG] [org.gradle.api.internal.artifacts.ivyservice.ivyresolve.CachingModuleComponentRepository] Using cached module metadata for module 'commons-logging:commons-logging:1.1.3' in 'maven2'
2021-03-21T18:11:28.867+0100 [DEBUG] [org.gradle.api.internal.artifacts.ivyservice.ivyresolve.CachingModuleComponentRepository] Using cached module metadata for module 'commons-logging:commons-logging:1.1.3' in 'MavenRepo'
2021-03-21T18:11:28.868+0100 [DEBUG] [org.gradle.api.internal.artifacts.ivyservice.ivyresolve.RepositoryChainComponentMetaDataResolver] Using commons-logging:commons-logging:1.1.3 from Maven repository 'MavenRepo'
2021-03-21T18:11:28.869+0100 [DEBUG] [org.gradle.api.internal.artifacts.ivyservice.ivyresolve.RepositoryChainComponentMetaDataResolver] Attempting to resolve component for org.apache.httpcomponents:httpcore:4.3.2 using repositories [maven, BUNDELED_377664982, maven2, MavenRepo]
2021-03-21T18:11:28.869+0100 [DEBUG] [org.gradle.api.internal.artifacts.ivyservice.ivyresolve.CachingModuleComponentRepository] Detected non-existence of module 'org.apache.httpcomponents:httpcore:4.3.2' in resolver cache 'maven'
2021-03-21T18:11:28.869+0100 [DEBUG] [org.gradle.api.internal.artifacts.ivyservice.ivyresolve.CachingModuleComponentRepository] Detected non-existence of module 'org.apache.httpcomponents:httpcore:4.3.2' in resolver cache 'BUNDELED_377664982'
2021-03-21T18:11:28.869+0100 [DEBUG] [org.gradle.api.internal.artifacts.ivyservice.ivyresolve.CachingModuleComponentRepository] Using cached module metadata for module 'org.apache.httpcomponents:httpcore:4.3.2' in 'maven2'
2021-03-21T18:11:28.870+0100 [DEBUG] [org.gradle.api.internal.artifacts.ivyservice.ivyresolve.CachingModuleComponentRepository] Using cached module metadata for module 'org.apache.httpcomponents:httpcore:4.3.2' in 'MavenRepo'
2021-03-21T18:11:28.870+0100 [DEBUG] [org.gradle.api.internal.artifacts.ivyservice.ivyresolve.RepositoryChainComponentMetaDataResolver] Using org.apache.httpcomponents:httpcore:4.3.2 from Maven repository 'MavenRepo'
2021-03-21T18:11:28.870+0100 [DEBUG] [org.gradle.api.internal.artifacts.ivyservice.ivyresolve.RepositoryChainComponentMetaDataResolver] Attempting to resolve component for it.unimi.dsi:fastutil:8.2.1 using repositories [maven, BUNDELED_377664982, maven2, MavenRepo]
2021-03-21T18:11:28.870+0100 [DEBUG] [org.gradle.api.internal.artifacts.ivyservice.ivyresolve.CachingModuleComponentRepository] Detected non-existence of module 'it.unimi.dsi:fastutil:8.2.1' in resolver cache 'maven'
2021-03-21T18:11:28.870+0100 [DEBUG] [org.gradle.api.internal.artifacts.ivyservice.ivyresolve.CachingModuleComponentRepository] Detected non-existence of module 'it.unimi.dsi:fastutil:8.2.1' in resolver cache 'BUNDELED_377664982'
2021-03-21T18:11:28.870+0100 [DEBUG] [org.gradle.api.internal.artifacts.ivyservice.ivyresolve.CachingModuleComponentRepository] Using cached module metadata for module 'it.unimi.dsi:fastutil:8.2.1' in 'maven2'
2021-03-21T18:11:28.871+0100 [DEBUG] [org.gradle.api.internal.artifacts.ivyservice.ivyresolve.CachingModuleComponentRepository] Using cached module metadata for module 'it.unimi.dsi:fastutil:8.2.1' in 'MavenRepo'
2021-03-21T18:11:28.871+0100 [DEBUG] [org.gradle.api.internal.artifacts.ivyservice.ivyresolve.RepositoryChainComponentMetaDataResolver] Using it.unimi.dsi:fastutil:8.2.1 from Maven repository 'MavenRepo'
2021-03-21T18:11:28.871+0100 [DEBUG] [org.gradle.api.internal.artifacts.ivyservice.ivyresolve.RepositoryChainComponentMetaDataResolver] Attempting to resolve component for org.lwjgl:lwjgl:3.2.2 using repositories [maven, BUNDELED_377664982, maven2, MavenRepo]
2021-03-21T18:11:28.871+0100 [DEBUG] [org.gradle.api.internal.artifacts.ivyservice.ivyresolve.CachingModuleComponentRepository] Detected non-existence of module 'org.lwjgl:lwjgl:3.2.2' in resolver cache 'maven'
2021-03-21T18:11:28.871+0100 [DEBUG] [org.gradle.api.internal.artifacts.ivyservice.ivyresolve.CachingModuleComponentRepository] Detected non-existence of module 'org.lwjgl:lwjgl:3.2.2' in resolver cache 'BUNDELED_377664982'
2021-03-21T18:11:28.871+0100 [DEBUG] [org.gradle.api.internal.artifacts.ivyservice.ivyresolve.CachingModuleComponentRepository] Using cached module metadata for module 'org.lwjgl:lwjgl:3.2.2' in 'maven2'
2021-03-21T18:11:28.871+0100 [DEBUG] [org.gradle.api.internal.artifacts.ivyservice.ivyresolve.CachingModuleComponentRepository] Using cached module metadata for module 'org.lwjgl:lwjgl:3.2.2' in 'MavenRepo'
2021-03-21T18:11:28.872+0100 [DEBUG] [org.gradle.api.internal.artifacts.ivyservice.ivyresolve.RepositoryChainComponentMetaDataResolver] Using org.lwjgl:lwjgl:3.2.2 from Maven repository 'MavenRepo'
2021-03-21T18:11:28.872+0100 [DEBUG] [org.gradle.api.internal.artifacts.ivyservice.ivyresolve.RepositoryChainComponentMetaDataResolver] Attempting to resolve component for org.lwjgl:lwjgl-jemalloc:3.2.2 using repositories [maven, BUNDELED_377664982, maven2, MavenRepo]
2021-03-21T18:11:28.872+0100 [DEBUG] [org.gradle.api.internal.artifacts.ivyservice.ivyresolve.CachingModuleComponentRepository] Detected non-existence of module 'org.lwjgl:lwjgl-jemalloc:3.2.2' in resolver cache 'maven'
2021-03-21T18:11:28.872+0100 [DEBUG] [org.gradle.api.internal.artifacts.ivyservice.ivyresolve.CachingModuleComponentRepository] Detected non-existence of module 'org.lwjgl:lwjgl-jemalloc:3.2.2' in resolver cache 'BUNDELED_377664982'
2021-03-21T18:11:28.872+0100 [DEBUG] [org.gradle.api.internal.artifacts.ivyservice.ivyresolve.CachingModuleComponentRepository] Using cached module metadata for module 'org.lwjgl:lwjgl-jemalloc:3.2.2' in 'maven2'
2021-03-21T18:11:28.873+0100 [DEBUG] [org.gradle.api.internal.artifacts.ivyservice.ivyresolve.CachingModuleComponentRepository] Using cached module metadata for module 'org.lwjgl:lwjgl-jemalloc:3.2.2' in 'MavenRepo'
2021-03-21T18:11:28.873+0100 [DEBUG] [org.gradle.api.internal.artifacts.ivyservice.ivyresolve.RepositoryChainComponentMetaDataResolver] Using org.lwjgl:lwjgl-jemalloc:3.2.2 from Maven repository 'MavenRepo'
2021-03-21T18:11:28.873+0100 [DEBUG] [org.gradle.api.internal.artifacts.ivyservice.ivyresolve.RepositoryChainComponentMetaDataResolver] Attempting to resolve component for org.lwjgl:lwjgl-openal:3.2.2 using repositories [maven, BUNDELED_377664982, maven2, MavenRepo]
2021-03-21T18:11:28.873+0100 [DEBUG] [org.gradle.api.internal.artifacts.ivyservice.ivyresolve.CachingModuleComponentRepository] Detected non-existence of module 'org.lwjgl:lwjgl-openal:3.2.2' in resolver cache 'maven'
2021-03-21T18:11:28.873+0100 [DEBUG] [org.gradle.api.internal.artifacts.ivyservice.ivyresolve.CachingModuleComponentRepository] Detected non-existence of module 'org.lwjgl:lwjgl-openal:3.2.2' in resolver cache 'BUNDELED_377664982'
2021-03-21T18:11:28.873+0100 [DEBUG] [org.gradle.api.internal.artifacts.ivyservice.ivyresolve.CachingModuleComponentRepository] Using cached module metadata for module 'org.lwjgl:lwjgl-openal:3.2.2' in 'maven2'
2021-03-21T18:11:28.873+0100 [DEBUG] [org.gradle.api.internal.artifacts.ivyservice.ivyresolve.CachingModuleComponentRepository] Using cached module metadata for module 'org.lwjgl:lwjgl-openal:3.2.2' in 'MavenRepo'
2021-03-21T18:11:28.873+0100 [DEBUG] [org.gradle.api.internal.artifacts.ivyservice.ivyresolve.RepositoryChainComponentMetaDataResolver] Using org.lwjgl:lwjgl-openal:3.2.2 from Maven repository 'MavenRepo'
2021-03-21T18:11:28.873+0100 [DEBUG] [org.gradle.api.internal.artifacts.ivyservice.ivyresolve.RepositoryChainComponentMetaDataResolver] Attempting to resolve component for org.lwjgl:lwjgl-opengl:3.2.2 using repositories [maven, BUNDELED_377664982, maven2, MavenRepo]
2021-03-21T18:11:28.874+0100 [DEBUG] [org.gradle.api.internal.artifacts.ivyservice.ivyresolve.CachingModuleComponentRepository] Detected non-existence of module 'org.lwjgl:lwjgl-opengl:3.2.2' in resolver cache 'maven'
2021-03-21T18:11:28.874+0100 [DEBUG] [org.gradle.api.internal.artifacts.ivyservice.ivyresolve.CachingModuleComponentRepository] Detected non-existence of module 'org.lwjgl:lwjgl-opengl:3.2.2' in resolver cache 'BUNDELED_377664982'
2021-03-21T18:11:28.874+0100 [DEBUG] [org.gradle.api.internal.artifacts.ivyservice.ivyresolve.CachingModuleComponentRepository] Using cached module metadata for module 'org.lwjgl:lwjgl-opengl:3.2.2' in 'maven2'
2021-03-21T18:11:28.874+0100 [DEBUG] [org.gradle.api.internal.artifacts.ivyservice.ivyresolve.CachingModuleComponentRepository] Using cached module metadata for module 'org.lwjgl:lwjgl-opengl:3.2.2' in 'MavenRepo'
2021-03-21T18:11:28.874+0100 [DEBUG] [org.gradle.api.internal.artifacts.ivyservice.ivyresolve.RepositoryChainComponentMetaDataResolver] Using org.lwjgl:lwjgl-opengl:3.2.2 from Maven repository 'MavenRepo'
2021-03-21T18:11:28.874+0100 [DEBUG] [org.gradle.api.internal.artifacts.ivyservice.ivyresolve.RepositoryChainComponentMetaDataResolver] Attempting to resolve component for org.lwjgl:lwjgl-glfw:3.2.2 using repositories [maven, BUNDELED_377664982, maven2, MavenRepo]
2021-03-21T18:11:28.874+0100 [DEBUG] [org.gradle.api.internal.artifacts.ivyservice.ivyresolve.CachingModuleComponentRepository] Detected non-existence of module 'org.lwjgl:lwjgl-glfw:3.2.2' in resolver cache 'maven'
2021-03-21T18:11:28.874+0100 [DEBUG] [org.gradle.api.internal.artifacts.ivyservice.ivyresolve.CachingModuleComponentRepository] Detected non-existence of module 'org.lwjgl:lwjgl-glfw:3.2.2' in resolver cache 'BUNDELED_377664982'
2021-03-21T18:11:28.874+0100 [DEBUG] [org.gradle.api.internal.artifacts.ivyservice.ivyresolve.CachingModuleComponentRepository] Using cached module metadata for module 'org.lwjgl:lwjgl-glfw:3.2.2' in 'maven2'
2021-03-21T18:11:28.874+0100 [DEBUG] [org.gradle.api.internal.artifacts.ivyservice.ivyresolve.CachingModuleComponentRepository] Using cached module metadata for module 'org.lwjgl:lwjgl-glfw:3.2.2' in 'MavenRepo'
2021-03-21T18:11:28.874+0100 [DEBUG] [org.gradle.api.internal.artifacts.ivyservice.ivyresolve.RepositoryChainComponentMetaDataResolver] Using org.lwjgl:lwjgl-glfw:3.2.2 from Maven repository 'MavenRepo'
2021-03-21T18:11:28.874+0100 [DEBUG] [org.gradle.api.internal.artifacts.ivyservice.ivyresolve.RepositoryChainComponentMetaDataResolver] Attempting to resolve component for org.lwjgl:lwjgl-stb:3.2.2 using repositories [maven, BUNDELED_377664982, maven2, MavenRepo]
2021-03-21T18:11:28.875+0100 [DEBUG] [org.gradle.api.internal.artifacts.ivyservice.ivyresolve.CachingModuleComponentRepository] Detected non-existence of module 'org.lwjgl:lwjgl-stb:3.2.2' in resolver cache 'maven'
2021-03-21T18:11:28.875+0100 [DEBUG] [org.gradle.api.internal.artifacts.ivyservice.ivyresolve.CachingModuleComponentRepository] Detected non-existence of module 'org.lwjgl:lwjgl-stb:3.2.2' in resolver cache 'BUNDELED_377664982'
2021-03-21T18:11:28.875+0100 [DEBUG] [org.gradle.api.internal.artifacts.ivyservice.ivyresolve.CachingModuleComponentRepository] Using cached module metadata for module 'org.lwjgl:lwjgl-stb:3.2.2' in 'maven2'
2021-03-21T18:11:28.875+0100 [DEBUG] [org.gradle.api.internal.artifacts.ivyservice.ivyresolve.CachingModuleComponentRepository] Using cached module metadata for module 'org.lwjgl:lwjgl-stb:3.2.2' in 'MavenRepo'
2021-03-21T18:11:28.875+0100 [DEBUG] [org.gradle.api.internal.artifacts.ivyservice.ivyresolve.RepositoryChainComponentMetaDataResolver] Using org.lwjgl:lwjgl-stb:3.2.2 from Maven repository 'MavenRepo'
2021-03-21T18:11:28.875+0100 [DEBUG] [org.gradle.api.internal.artifacts.ivyservice.ivyresolve.RepositoryChainComponentMetaDataResolver] Attempting to resolve component for org.lwjgl:lwjgl-tinyfd:3.2.2 using repositories [maven, BUNDELED_377664982, maven2, MavenRepo]
2021-03-21T18:11:28.875+0100 [DEBUG] [org.gradle.api.internal.artifacts.ivyservice.ivyresolve.CachingModuleComponentRepository] Detected non-existence of module 'org.lwjgl:lwjgl-tinyfd:3.2.2' in resolver cache 'maven'
2021-03-21T18:11:28.875+0100 [DEBUG] [org.gradle.api.internal.artifacts.ivyservice.ivyresolve.CachingModuleComponentRepository] Detected non-existence of module 'org.lwjgl:lwjgl-tinyfd:3.2.2' in resolver cache 'BUNDELED_377664982'
2021-03-21T18:11:28.875+0100 [DEBUG] [org.gradle.api.internal.artifacts.ivyservice.ivyresolve.CachingModuleComponentRepository] Using cached module metadata for module 'org.lwjgl:lwjgl-tinyfd:3.2.2' in 'maven2'
2021-03-21T18:11:28.875+0100 [DEBUG] [org.gradle.api.internal.artifacts.ivyservice.ivyresolve.CachingModuleComponentRepository] Using cached module metadata for module 'org.lwjgl:lwjgl-tinyfd:3.2.2' in 'MavenRepo'
2021-03-21T18:11:28.875+0100 [DEBUG] [org.gradle.api.internal.artifacts.ivyservice.ivyresolve.RepositoryChainComponentMetaDataResolver] Using org.lwjgl:lwjgl-tinyfd:3.2.2 from Maven repository 'MavenRepo'
2021-03-21T18:11:28.875+0100 [DEBUG] [org.gradle.api.internal.artifacts.ivyservice.ivyresolve.RepositoryChainComponentMetaDataResolver] Attempting to resolve component for com.mojang:text2speech:1.11.3 using repositories [maven, BUNDELED_377664982, maven2, MavenRepo]
2021-03-21T18:11:28.875+0100 [DEBUG] [org.gradle.api.internal.artifacts.ivyservice.ivyresolve.CachingModuleComponentRepository] Detected non-existence of module 'com.mojang:text2speech:1.11.3' in resolver cache 'maven'
2021-03-21T18:11:28.876+0100 [DEBUG] [org.gradle.api.internal.artifacts.ivyservice.ivyresolve.CachingModuleComponentRepository] Detected non-existence of module 'com.mojang:text2speech:1.11.3' in resolver cache 'BUNDELED_377664982'
2021-03-21T18:11:28.876+0100 [DEBUG] [org.gradle.api.internal.artifacts.ivyservice.ivyresolve.CachingModuleComponentRepository] Using cached module metadata for module 'com.mojang:text2speech:1.11.3' in 'maven2'
2021-03-21T18:11:28.876+0100 [DEBUG] [org.gradle.api.internal.artifacts.ivyservice.ivyresolve.CachingModuleComponentRepository] Detected non-existence of module 'com.mojang:text2speech:1.11.3' in resolver cache 'MavenRepo'
2021-03-21T18:11:28.876+0100 [DEBUG] [org.gradle.api.internal.artifacts.ivyservice.ivyresolve.RepositoryChainComponentMetaDataResolver] Using com.mojang:text2speech:1.11.3 from Maven repository 'maven2'
2021-03-21T18:11:28.876+0100 [DEBUG] [org.gradle.api.internal.artifacts.ivyservice.resolveengine.graph.builder.DependencyGraphBuilder] Visiting configuration com.google.code.findbugs:jsr305:3.0.1(compile).
2021-03-21T18:11:28.876+0100 [DEBUG] [org.gradle.api.internal.artifacts.ivyservice.resolveengine.graph.builder.DependencyGraphBuilder] Visiting configuration net.minecraftforge:mergetool:1.0.9(compile).
2021-03-21T18:11:28.877+0100 [DEBUG] [org.gradle.api.internal.artifacts.ivyservice.resolveengine.graph.builder.DependencyGraphBuilder] Visiting configuration net.minecraft:mappings_official:1.16.5(compile).
2021-03-21T18:11:28.877+0100 [DEBUG] [org.gradle.api.internal.artifacts.ivyservice.resolveengine.graph.builder.DependencyGraphBuilder] Visiting configuration org.ow2.asm:asm:9.0(apiElements).
2021-03-21T18:11:28.877+0100 [DEBUG] [org.gradle.api.internal.artifacts.ivyservice.resolveengine.graph.builder.DependencyGraphBuilder] Visiting configuration org.ow2.asm:asm-commons:9.0(apiElements).
2021-03-21T18:11:28.877+0100 [DEBUG] [org.gradle.api.internal.artifacts.ivyservice.resolveengine.graph.builder.DependencyGraphBuilder] Visiting configuration org.ow2.asm:asm-tree:9.0(apiElements).
2021-03-21T18:11:28.877+0100 [DEBUG] [org.gradle.api.internal.artifacts.ivyservice.resolveengine.graph.builder.DependencyGraphBuilder] Visiting configuration org.ow2.asm:asm-util:9.0(apiElements).
2021-03-21T18:11:28.878+0100 [DEBUG] [org.gradle.api.internal.artifacts.ivyservice.resolveengine.graph.builder.DependencyGraphBuilder] Visiting configuration org.ow2.asm:asm-analysis:9.0(apiElements).
2021-03-21T18:11:28.878+0100 [DEBUG] [org.gradle.api.internal.artifacts.ivyservice.resolveengine.graph.builder.DependencyGraphBuilder] Visiting configuration cpw.mods:modlauncher:8.0.9(apiElements).
2021-03-21T18:11:28.878+0100 [DEBUG] [org.gradle.api.internal.artifacts.ivyservice.resolveengine.graph.builder.DependencyGraphBuilder] Visiting configuration cpw.mods:grossjava9hacks:1.3.0(apiElements).
2021-03-21T18:11:28.878+0100 [DEBUG] [org.gradle.api.internal.artifacts.ivyservice.resolveengine.graph.builder.DependencyGraphBuilder] Visiting configuration net.minecraftforge:accesstransformers:3.0.1(apiElements).
2021-03-21T18:11:28.878+0100 [DEBUG] [org.gradle.api.internal.artifacts.ivyservice.resolveengine.graph.builder.DependencyGraphBuilder] Visiting configuration org.antlr:antlr4-runtime:4.9.1(compile).
2021-03-21T18:11:28.879+0100 [DEBUG] [org.gradle.api.internal.artifacts.ivyservice.resolveengine.graph.builder.DependencyGraphBuilder] Visiting configuration net.minecraftforge:eventbus:4.0.0(apiElements).
2021-03-21T18:11:28.879+0100 [DEBUG] [org.gradle.api.internal.artifacts.ivyservice.ivyresolve.DynamicVersionResolver] Attempting to resolve version for net.jodah:typetools:0.8.+ using repositories [maven, BUNDELED_377664982, maven2, MavenRepo]
2021-03-21T18:11:28.881+0100 [DEBUG] [org.gradle.api.internal.artifacts.ivyservice.ivyresolve.CachingModuleComponentRepository] Using cached module metadata for module 'net.jodah:typetools:0.8.3' in 'maven'
2021-03-21T18:11:28.882+0100 [DEBUG] [org.gradle.api.internal.artifacts.ivyservice.ivyresolve.DynamicVersionResolver] Using net.jodah:typetools:0.8.3 from Maven repository 'maven'
2021-03-21T18:11:28.882+0100 [DEBUG] [org.gradle.api.internal.artifacts.ivyservice.resolveengine.graph.builder.DependencyGraphBuilder] Visiting configuration net.minecraftforge:forgespi:3.2.0(apiElements).
2021-03-21T18:11:28.882+0100 [DEBUG] [org.gradle.api.internal.artifacts.ivyservice.resolveengine.graph.builder.DependencyGraphBuilder] Visiting configuration net.minecraftforge:coremods:4.0.6(apiElements).
2021-03-21T18:11:28.883+0100 [DEBUG] [org.gradle.api.internal.artifacts.ivyservice.resolveengine.graph.builder.DependencyGraphBuilder] Visiting configuration net.minecraftforge:unsafe:0.2.0(compile).
2021-03-21T18:11:28.883+0100 [DEBUG] [org.gradle.api.internal.artifacts.ivyservice.resolveengine.graph.builder.DependencyGraphBuilder] Visiting configuration com.electronwill.night-config:core:3.6.3(compile).
2021-03-21T18:11:28.883+0100 [DEBUG] [org.gradle.api.internal.artifacts.ivyservice.resolveengine.graph.builder.DependencyGraphBuilder] Visiting configuration com.electronwill.night-config:toml:3.6.3(compile).
2021-03-21T18:11:28.883+0100 [DEBUG] [org.gradle.api.internal.artifacts.ivyservice.resolveengine.graph.builder.DependencyGraphBuilder] Visiting configuration org.jline:jline:3.12.1(compile).
2021-03-21T18:11:28.883+0100 [DEBUG] [org.gradle.api.internal.artifacts.ivyservice.resolveengine.graph.builder.DependencyGraphBuilder] Visiting configuration org.apache.maven:maven-artifact:3.6.3(compile).
2021-03-21T18:11:28.884+0100 [DEBUG] [org.gradle.api.internal.artifacts.ivyservice.ivyresolve.RepositoryChainComponentMetaDataResolver] Attempting to resolve component for org.apache.commons:commons-lang3:3.8.1 using repositories [maven, BUNDELED_377664982, maven2, MavenRepo]
2021-03-21T18:11:28.884+0100 [DEBUG] [org.gradle.api.internal.artifacts.ivyservice.ivyresolve.CachingModuleComponentRepository] Using cached module metadata for module 'org.apache.commons:commons-lang3:3.8.1' in 'maven'
2021-03-21T18:11:28.884+0100 [DEBUG] [org.gradle.api.internal.artifacts.ivyservice.ivyresolve.CachingModuleComponentRepository] Detected non-existence of module 'org.apache.commons:commons-lang3:3.8.1' in resolver cache 'BUNDELED_377664982'
2021-03-21T18:11:28.884+0100 [DEBUG] [org.gradle.api.internal.artifacts.ivyservice.ivyresolve.CachingModuleComponentRepository] Detected non-existence of module 'org.apache.commons:commons-lang3:3.8.1' in resolver cache 'maven2'
2021-03-21T18:11:28.884+0100 [DEBUG] [org.gradle.api.internal.artifacts.ivyservice.ivyresolve.CachingModuleComponentRepository] Using cached module metadata for module 'org.apache.commons:commons-lang3:3.8.1' in 'MavenRepo'
2021-03-21T18:11:28.884+0100 [DEBUG] [org.gradle.api.internal.artifacts.ivyservice.ivyresolve.RepositoryChainComponentMetaDataResolver] Using org.apache.commons:commons-lang3:3.8.1 from Maven repository 'MavenRepo'
2021-03-21T18:11:28.885+0100 [DEBUG] [org.gradle.api.internal.artifacts.ivyservice.ivyresolve.RepositoryChainComponentMetaDataResolver] Attempting to resolve component for org.codehaus.plexus:plexus-utils:3.2.1 using repositories [maven, BUNDELED_377664982, maven2, MavenRepo]
2021-03-21T18:11:28.885+0100 [DEBUG] [org.gradle.api.internal.artifacts.ivyservice.ivyresolve.CachingModuleComponentRepository] Using cached module metadata for module 'org.codehaus.plexus:plexus-utils:3.2.1' in 'maven'
2021-03-21T18:11:28.885+0100 [DEBUG] [org.gradle.api.internal.artifacts.ivyservice.ivyresolve.CachingModuleComponentRepository] Detected non-existence of module 'org.codehaus.plexus:plexus-utils:3.2.1' in resolver cache 'BUNDELED_377664982'
2021-03-21T18:11:28.885+0100 [DEBUG] [org.gradle.api.internal.artifacts.ivyservice.ivyresolve.CachingModuleComponentRepository] Detected non-existence of module 'org.codehaus.plexus:plexus-utils:3.2.1' in resolver cache 'maven2'
2021-03-21T18:11:28.885+0100 [DEBUG] [org.gradle.api.internal.artifacts.ivyservice.ivyresolve.CachingModuleComponentRepository] Using cached module metadata for module 'org.codehaus.plexus:plexus-utils:3.2.1' in 'MavenRepo'
2021-03-21T18:11:28.885+0100 [DEBUG] [org.gradle.api.internal.artifacts.ivyservice.ivyresolve.RepositoryChainComponentMetaDataResolver] Using org.codehaus.plexus:plexus-utils:3.2.1 from Maven repository 'MavenRepo'
2021-03-21T18:11:28.886+0100 [DEBUG] [org.gradle.api.internal.artifacts.ivyservice.resolveengine.graph.builder.DependencyGraphBuilder] Visiting configuration net.jodah:typetools:0.8.3(apiElements).
2021-03-21T18:11:28.886+0100 [DEBUG] [org.gradle.api.internal.artifacts.ivyservice.resolveengine.graph.builder.DependencyGraphBuilder] Visiting configuration org.apache.logging.log4j:log4j-api:2.11.2(compile).
2021-03-21T18:11:28.886+0100 [DEBUG] [org.gradle.api.internal.artifacts.ivyservice.resolveengine.graph.builder.DependencyGraphBuilder] Visiting configuration org.apache.logging.log4j:log4j-core:2.11.2(compile).
2021-03-21T18:11:28.886+0100 [DEBUG] [org.gradle.api.internal.artifacts.ivyservice.resolveengine.graph.builder.DependencyGraphBuilder] Visiting configuration net.minecrell:terminalconsoleappender:1.2.0(compile).
2021-03-21T18:11:28.887+0100 [DEBUG] [org.gradle.api.internal.artifacts.ivyservice.ivyresolve.RepositoryChainComponentMetaDataResolver] Attempting to resolve component for org.jline:jline-reader:3.12.1 using repositories [maven, BUNDELED_377664982, maven2, MavenRepo]
2021-03-21T18:11:28.887+0100 [DEBUG] [org.gradle.api.internal.artifacts.ivyservice.ivyresolve.CachingModuleComponentRepository] Detected non-existence of module 'org.jline:jline-reader:3.12.1' in resolver cache 'maven'
2021-03-21T18:11:28.887+0100 [DEBUG] [org.gradle.api.internal.artifacts.ivyservice.ivyresolve.CachingModuleComponentRepository] Detected non-existence of module 'org.jline:jline-reader:3.12.1' in resolver cache 'BUNDELED_377664982'
2021-03-21T18:11:28.887+0100 [DEBUG] [org.gradle.api.internal.artifacts.ivyservice.ivyresolve.CachingModuleComponentRepository] Detected non-existence of module 'org.jline:jline-reader:3.12.1' in resolver cache 'maven2'
2021-03-21T18:11:28.887+0100 [DEBUG] [org.gradle.api.internal.artifacts.ivyservice.ivyresolve.CachingModuleComponentRepository] Using cached module metadata for module 'org.jline:jline-reader:3.12.1' in 'MavenRepo'
2021-03-21T18:11:28.887+0100 [DEBUG] [org.gradle.api.internal.artifacts.ivyservice.ivyresolve.RepositoryChainComponentMetaDataResolver] Using org.jline:jline-reader:3.12.1 from Maven repository 'MavenRepo'
2021-03-21T18:11:28.887+0100 [DEBUG] [org.gradle.api.internal.artifacts.ivyservice.resolveengine.graph.builder.DependencyGraphBuilder] Visiting configuration net.sf.jopt-simple:jopt-simple:5.0.4(compile).
2021-03-21T18:11:28.888+0100 [DEBUG] [org.gradle.api.internal.artifacts.ivyservice.resolveengine.graph.builder.DependencyGraphBuilder] Visiting configuration org.spongepowered:mixin:0.8.2(compile).
2021-03-21T18:11:28.888+0100 [DEBUG] [org.gradle.api.internal.artifacts.ivyservice.resolveengine.graph.builder.DependencyGraphBuilder] Visiting configuration net.minecraftforge:nashorn-core-compat:15.1.1.1(compile).
2021-03-21T18:11:28.888+0100 [DEBUG] [org.gradle.api.internal.artifacts.ivyservice.resolveengine.graph.builder.DependencyGraphBuilder] Visiting configuration com.mojang:patchy:1.1(compile).
2021-03-21T18:11:28.888+0100 [DEBUG] [org.gradle.api.internal.artifacts.ivyservice.resolveengine.graph.builder.DependencyGraphBuilder] Visiting configuration oshi-project:oshi-core:1.1(compile).
2021-03-21T18:11:28.888+0100 [DEBUG] [org.gradle.api.internal.artifacts.ivyservice.resolveengine.graph.builder.DependencyGraphBuilder] Visiting configuration net.java.dev.jna:jna:4.4.0(compile).
2021-03-21T18:11:28.888+0100 [DEBUG] [org.gradle.api.internal.artifacts.ivyservice.resolveengine.graph.builder.DependencyGraphBuilder] Visiting configuration net.java.dev.jna:platform:3.4.0(compile).
2021-03-21T18:11:28.888+0100 [DEBUG] [org.gradle.api.internal.artifacts.ivyservice.resolveengine.graph.builder.DependencyGraphBuilder] Visiting configuration com.ibm.icu:icu4j:66.1(compile).
2021-03-21T18:11:28.888+0100 [DEBUG] [org.gradle.api.internal.artifacts.ivyservice.resolveengine.graph.builder.DependencyGraphBuilder] Visiting configuration com.mojang:javabridge:1.0.22(compile).
2021-03-21T18:11:28.889+0100 [DEBUG] [org.gradle.api.internal.artifacts.ivyservice.resolveengine.graph.builder.DependencyGraphBuilder] Visiting configuration io.netty:netty-all:4.1.25.Final(compile).
2021-03-21T18:11:28.889+0100 [DEBUG] [org.gradle.api.internal.artifacts.ivyservice.resolveengine.graph.builder.DependencyGraphBuilder] Visiting configuration com.google.guava:guava:21.0(compile).
2021-03-21T18:11:28.889+0100 [DEBUG] [org.gradle.api.internal.artifacts.ivyservice.resolveengine.graph.builder.DependencyGraphBuilder] Visiting configuration org.apache.commons:commons-lang3:3.5(compile).
2021-03-21T18:11:28.889+0100 [DEBUG] [org.gradle.api.internal.artifacts.ivyservice.resolveengine.graph.builder.NodeState] version for org.apache.commons:commons-lang3:3.5(compile) is not selected. ignoring.
2021-03-21T18:11:28.889+0100 [DEBUG] [org.gradle.api.internal.artifacts.ivyservice.resolveengine.graph.builder.DependencyGraphBuilder] Visiting configuration commons-io:commons-io:2.5(compile).
2021-03-21T18:11:28.889+0100 [DEBUG] [org.gradle.api.internal.artifacts.ivyservice.resolveengine.graph.builder.DependencyGraphBuilder] Visiting configuration commons-codec:commons-codec:1.10(compile).
2021-03-21T18:11:28.889+0100 [DEBUG] [org.gradle.api.internal.artifacts.ivyservice.resolveengine.graph.builder.DependencyGraphBuilder] Visiting configuration net.java.jinput:jinput:2.0.5(compile).
2021-03-21T18:11:28.889+0100 [DEBUG] [org.gradle.api.internal.artifacts.ivyservice.resolveengine.graph.builder.DependencyGraphBuilder] Visiting configuration net.java.jutils:jutils:1.0.0(compile).
2021-03-21T18:11:28.890+0100 [DEBUG] [org.gradle.api.internal.artifacts.ivyservice.resolveengine.graph.builder.DependencyGraphBuilder] Visiting configuration com.mojang:brigadier:1.0.17(compile).
2021-03-21T18:11:28.890+0100 [DEBUG] [org.gradle.api.internal.artifacts.ivyservice.resolveengine.graph.builder.DependencyGraphBuilder] Visiting configuration com.mojang:datafixerupper:4.0.26(compile).
2021-03-21T18:11:28.890+0100 [DEBUG] [org.gradle.api.internal.artifacts.ivyservice.resolveengine.graph.builder.DependencyGraphBuilder] Visiting configuration com.google.code.gson:gson:2.8.0(compile).
2021-03-21T18:11:28.890+0100 [DEBUG] [org.gradle.api.internal.artifacts.ivyservice.resolveengine.graph.builder.DependencyGraphBuilder] Visiting configuration com.mojang:authlib:2.1.28(compile).
2021-03-21T18:11:28.890+0100 [DEBUG] [org.gradle.api.internal.artifacts.ivyservice.resolveengine.graph.builder.DependencyGraphBuilder] Visiting configuration org.apache.commons:commons-compress:1.8.1(compile).
2021-03-21T18:11:28.890+0100 [DEBUG] [org.gradle.api.internal.artifacts.ivyservice.resolveengine.graph.builder.DependencyGraphBuilder] Visiting configuration org.apache.httpcomponents:httpclient:4.3.3(compile).
2021-03-21T18:11:28.890+0100 [DEBUG] [org.gradle.api.internal.artifacts.ivyservice.resolveengine.graph.builder.DependencyGraphBuilder] Visiting configuration commons-logging:commons-logging:1.1.3(compile).
2021-03-21T18:11:28.891+0100 [DEBUG] [org.gradle.api.internal.artifacts.ivyservice.resolveengine.graph.builder.DependencyGraphBuilder] Visiting configuration org.apache.httpcomponents:httpcore:4.3.2(compile).
2021-03-21T18:11:28.891+0100 [DEBUG] [org.gradle.api.internal.artifacts.ivyservice.resolveengine.graph.builder.DependencyGraphBuilder] Visiting configuration it.unimi.dsi:fastutil:8.2.1(compile).
2021-03-21T18:11:28.891+0100 [DEBUG] [org.gradle.api.internal.artifacts.ivyservice.resolveengine.graph.builder.DependencyGraphBuilder] Visiting configuration org.lwjgl:lwjgl:3.2.2(compile).
2021-03-21T18:11:28.891+0100 [DEBUG] [org.gradle.api.internal.artifacts.ivyservice.resolveengine.graph.builder.DependencyGraphBuilder] Visiting configuration org.lwjgl:lwjgl-jemalloc:3.2.2(compile).
2021-03-21T18:11:28.891+0100 [DEBUG] [org.gradle.api.internal.artifacts.ivyservice.resolveengine.graph.builder.DependencyGraphBuilder] Visiting configuration org.lwjgl:lwjgl-openal:3.2.2(compile).
2021-03-21T18:11:28.891+0100 [DEBUG] [org.gradle.api.internal.artifacts.ivyservice.resolveengine.graph.builder.DependencyGraphBuilder] Visiting configuration org.lwjgl:lwjgl-opengl:3.2.2(compile).
2021-03-21T18:11:28.891+0100 [DEBUG] [org.gradle.api.internal.artifacts.ivyservice.resolveengine.graph.builder.DependencyGraphBuilder] Visiting configuration org.lwjgl:lwjgl-glfw:3.2.2(compile).
2021-03-21T18:11:28.892+0100 [DEBUG] [org.gradle.api.internal.artifacts.ivyservice.resolveengine.graph.builder.DependencyGraphBuilder] Visiting configuration org.lwjgl:lwjgl-stb:3.2.2(compile).
2021-03-21T18:11:28.892+0100 [DEBUG] [org.gradle.api.internal.artifacts.ivyservice.resolveengine.graph.builder.DependencyGraphBuilder] Visiting configuration org.lwjgl:lwjgl-tinyfd:3.2.2(compile).
2021-03-21T18:11:28.892+0100 [DEBUG] [org.gradle.api.internal.artifacts.ivyservice.resolveengine.graph.builder.DependencyGraphBuilder] Visiting configuration com.mojang:text2speech:1.11.3(compile).
2021-03-21T18:11:28.892+0100 [DEBUG] [org.gradle.api.internal.artifacts.ivyservice.resolveengine.graph.builder.DependencyGraphBuilder] Visiting configuration org.ow2.asm:asm:9.0(apiElements).
2021-03-21T18:11:28.892+0100 [DEBUG] [org.gradle.api.internal.artifacts.ivyservice.resolveengine.graph.builder.NodeState] Changed edges for org.ow2.asm:asm:9.0(apiElements) selects same versions as previous traversal. ignoring
2021-03-21T18:11:28.892+0100 [DEBUG] [org.gradle.api.internal.artifacts.ivyservice.resolveengine.graph.builder.DependencyGraphBuilder] Visiting configuration org.ow2.asm:asm-tree:9.0(apiElements).
2021-03-21T18:11:28.892+0100 [DEBUG] [org.gradle.api.internal.artifacts.ivyservice.resolveengine.graph.builder.NodeState] Changed edges for org.ow2.asm:asm-tree:9.0(apiElements) selects same versions as previous traversal. ignoring
2021-03-21T18:11:28.892+0100 [DEBUG] [org.gradle.api.internal.artifacts.ivyservice.resolveengine.graph.builder.DependencyGraphBuilder] Visiting configuration org.ow2.asm:asm-commons:9.0(apiElements).
2021-03-21T18:11:28.893+0100 [DEBUG] [org.gradle.api.internal.artifacts.ivyservice.resolveengine.graph.builder.NodeState] Changed edges for org.ow2.asm:asm-commons:9.0(apiElements) selects same versions as previous traversal. ignoring
2021-03-21T18:11:28.893+0100 [DEBUG] [org.gradle.api.internal.artifacts.ivyservice.resolveengine.graph.builder.DependencyGraphBuilder] Visiting configuration com.electronwill.night-config:core:3.6.3(compile).
2021-03-21T18:11:28.893+0100 [DEBUG] [org.gradle.api.internal.artifacts.ivyservice.resolveengine.graph.builder.NodeState] Changed edges for com.electronwill.night-config:core:3.6.3(compile) selects same versions as previous traversal. ignoring
2021-03-21T18:11:28.893+0100 [DEBUG] [org.gradle.api.internal.artifacts.ivyservice.resolveengine.graph.builder.DependencyGraphBuilder] Visiting configuration org.apache.commons:commons-lang3:3.8.1(compile).
2021-03-21T18:11:28.893+0100 [DEBUG] [org.gradle.api.internal.artifacts.ivyservice.resolveengine.graph.builder.DependencyGraphBuilder] Visiting configuration org.codehaus.plexus:plexus-utils:3.2.1(compile).
2021-03-21T18:11:28.893+0100 [DEBUG] [org.gradle.api.internal.artifacts.ivyservice.resolveengine.graph.builder.DependencyGraphBuilder] Visiting configuration org.apache.logging.log4j:log4j-api:2.11.2(compile).
2021-03-21T18:11:28.893+0100 [DEBUG] [org.gradle.api.internal.artifacts.ivyservice.resolveengine.graph.builder.NodeState] Changed edges for org.apache.logging.log4j:log4j-api:2.11.2(compile) selects same versions as previous traversal. ignoring
2021-03-21T18:11:28.893+0100 [DEBUG] [org.gradle.api.internal.artifacts.ivyservice.resolveengine.graph.builder.DependencyGraphBuilder] Visiting configuration org.apache.logging.log4j:log4j-core:2.11.2(compile).
2021-03-21T18:11:28.893+0100 [DEBUG] [org.gradle.api.internal.artifacts.ivyservice.resolveengine.graph.builder.NodeState] Changed edges for org.apache.logging.log4j:log4j-core:2.11.2(compile) selects same versions as previous traversal. ignoring
2021-03-21T18:11:28.893+0100 [DEBUG] [org.gradle.api.internal.artifacts.ivyservice.resolveengine.graph.builder.DependencyGraphBuilder] Visiting configuration org.jline:jline-reader:3.12.1(compile).
2021-03-21T18:11:28.894+0100 [DEBUG] [org.gradle.api.internal.artifacts.ivyservice.ivyresolve.RepositoryChainComponentMetaDataResolver] Attempting to resolve component for org.jline:jline-terminal:3.12.1 using repositories [maven, BUNDELED_377664982, maven2, MavenRepo]
2021-03-21T18:11:28.894+0100 [DEBUG] [org.gradle.api.internal.artifacts.ivyservice.ivyresolve.CachingModuleComponentRepository] Detected non-existence of module 'org.jline:jline-terminal:3.12.1' in resolver cache 'maven'
2021-03-21T18:11:28.894+0100 [DEBUG] [org.gradle.api.internal.artifacts.ivyservice.ivyresolve.CachingModuleComponentRepository] Detected non-existence of module 'org.jline:jline-terminal:3.12.1' in resolver cache 'BUNDELED_377664982'
2021-03-21T18:11:28.894+0100 [DEBUG] [org.gradle.api.internal.artifacts.ivyservice.ivyresolve.CachingModuleComponentRepository] Detected non-existence of module 'org.jline:jline-terminal:3.12.1' in resolver cache 'maven2'
2021-03-21T18:11:28.894+0100 [DEBUG] [org.gradle.api.internal.artifacts.ivyservice.ivyresolve.CachingModuleComponentRepository] Using cached module metadata for module 'org.jline:jline-terminal:3.12.1' in 'MavenRepo'
2021-03-21T18:11:28.894+0100 [DEBUG] [org.gradle.api.internal.artifacts.ivyservice.ivyresolve.RepositoryChainComponentMetaDataResolver] Using org.jline:jline-terminal:3.12.1 from Maven repository 'MavenRepo'
2021-03-21T18:11:28.895+0100 [DEBUG] [org.gradle.api.internal.artifacts.ivyservice.resolveengine.graph.builder.DependencyGraphBuilder] Visiting configuration commons-codec:commons-codec:1.10(compile).
2021-03-21T18:11:28.895+0100 [DEBUG] [org.gradle.api.internal.artifacts.ivyservice.resolveengine.graph.builder.NodeState] Changed edges for commons-codec:commons-codec:1.10(compile) selects same versions as previous traversal. ignoring
2021-03-21T18:11:28.895+0100 [DEBUG] [org.gradle.api.internal.artifacts.ivyservice.resolveengine.graph.builder.DependencyGraphBuilder] Visiting configuration org.lwjgl:lwjgl:3.2.2(compile).
2021-03-21T18:11:28.896+0100 [DEBUG] [org.gradle.api.internal.artifacts.ivyservice.resolveengine.graph.builder.NodeState] Changed edges for org.lwjgl:lwjgl:3.2.2(compile) selects same versions as previous traversal. ignoring
2021-03-21T18:11:28.896+0100 [DEBUG] [org.gradle.api.internal.artifacts.ivyservice.resolveengine.graph.builder.DependencyGraphBuilder] Visiting configuration org.jline:jline-terminal:3.12.1(compile).
2021-03-21T18:11:28.909+0100 [DEBUG] [org.gradle.api.internal.artifacts.ivyservice.resolveengine.oldresult.TransientConfigurationResultsBuilder] Flushing resolved configuration data in Binary store in C:\Users\troyvs\AppData\Local\Temp\gradle621882659317474757.bin. Wrote root 2.
2021-03-21T18:11:28.909+0100 [DEBUG] [org.gradle.internal.operations.DefaultBuildOperationRunner] Build operation 'Resolve dependencies of :compileClasspath' completed
2021-03-21T18:11:28.909+0100 [DEBUG] [org.gradle.internal.component.model.LoggingAttributeMatchingExplanationBuilder] Selected match net.minecraftforge:forge:1.16.5-36.1.0_mapped_official_1.16.5 configuration compile from candidates [net.minecraftforge:forge:1.16.5-36.1.0_mapped_official_1.16.5 configuration compile] for {org.gradle.category=library, org.gradle.dependency.bundling=external, org.gradle.jvm.version=8, org.gradle.libraryelements=classes, org.gradle.usage=java-api}
2021-03-21T18:11:28.910+0100 [DEBUG] [org.gradle.internal.component.model.LoggingAttributeMatchingExplanationBuilder] Selected match net.minecraftforge:forge:1.16.5-36.1.0_mapped_official_1.16.5 from candidates [net.minecraftforge:forge:1.16.5-36.1.0_mapped_official_1.16.5] for {org.gradle.category=library, org.gradle.dependency.bundling=external, org.gradle.jvm.version=8, org.gradle.libraryelements=classes, org.gradle.usage=java-api}
2021-03-21T18:11:28.910+0100 [DEBUG] [org.gradle.internal.component.model.LoggingAttributeMatchingExplanationBuilder] Selected match net.minecraft:client:1.16.5 from candidates [net.minecraft:client:1.16.5] for {org.gradle.category=library, org.gradle.dependency.bundling=external, org.gradle.jvm.version=8, org.gradle.libraryelements=classes, org.gradle.usage=java-api}
2021-03-21T18:11:28.910+0100 [DEBUG] [org.gradle.internal.component.model.LoggingAttributeMatchingExplanationBuilder] Selected match com.google.code.findbugs:jsr305:3.0.1 configuration compile from candidates [com.google.code.findbugs:jsr305:3.0.1 configuration compile] for {org.gradle.category=library, org.gradle.dependency.bundling=external, org.gradle.jvm.version=8, org.gradle.libraryelements=classes, org.gradle.usage=java-api}
2021-03-21T18:11:28.910+0100 [DEBUG] [org.gradle.internal.component.model.LoggingAttributeMatchingExplanationBuilder] Selected match net.minecraftforge:mergetool:1.0.9 from candidates [net.minecraftforge:mergetool:1.0.9] for {org.gradle.category=library, org.gradle.dependency.bundling=external, org.gradle.jvm.version=8, org.gradle.libraryelements=classes, org.gradle.usage=java-api}
2021-03-21T18:11:28.910+0100 [DEBUG] [org.gradle.internal.component.model.LoggingAttributeMatchingExplanationBuilder] Selected match net.minecraft:mappings_official:1.16.5 from candidates [net.minecraft:mappings_official:1.16.5] for {org.gradle.category=library, org.gradle.dependency.bundling=external, org.gradle.jvm.version=8, org.gradle.libraryelements=classes, org.gradle.usage=java-api}
2021-03-21T18:11:28.910+0100 [DEBUG] [org.gradle.internal.component.model.LoggingAttributeMatchingExplanationBuilder] Selected match cpw.mods:modlauncher:8.0.9 variant apiElements from candidates [cpw.mods:modlauncher:8.0.9 variant apiElements] for {org.gradle.category=library, org.gradle.dependency.bundling=external, org.gradle.jvm.version=8, org.gradle.libraryelements=classes, org.gradle.usage=java-api}
2021-03-21T18:11:28.910+0100 [DEBUG] [org.gradle.internal.component.model.LoggingAttributeMatchingExplanationBuilder] Selected match org.ow2.asm:asm-commons:9.0 variant apiElements from candidates [org.ow2.asm:asm-commons:9.0 variant apiElements] for {org.gradle.category=library, org.gradle.dependency.bundling=external, org.gradle.jvm.version=8, org.gradle.libraryelements=classes, org.gradle.usage=java-api}
2021-03-21T18:11:28.910+0100 [DEBUG] [org.gradle.internal.component.model.LoggingAttributeMatchingExplanationBuilder] Selected match org.ow2.asm:asm-util:9.0 variant apiElements from candidates [org.ow2.asm:asm-util:9.0 variant apiElements] for {org.gradle.category=library, org.gradle.dependency.bundling=external, org.gradle.jvm.version=8, org.gradle.libraryelements=classes, org.gradle.usage=java-api}
2021-03-21T18:11:28.910+0100 [DEBUG] [org.gradle.internal.component.model.LoggingAttributeMatchingExplanationBuilder] Selected match org.ow2.asm:asm-analysis:9.0 variant apiElements from candidates [org.ow2.asm:asm-analysis:9.0 variant apiElements] for {org.gradle.category=library, org.gradle.dependency.bundling=external, org.gradle.jvm.version=8, org.gradle.libraryelements=classes, org.gradle.usage=java-api}
2021-03-21T18:11:28.910+0100 [DEBUG] [org.gradle.internal.component.model.LoggingAttributeMatchingExplanationBuilder] Selected match org.ow2.asm:asm-tree:9.0 variant apiElements from candidates [org.ow2.asm:asm-tree:9.0 variant apiElements] for {org.gradle.category=library, org.gradle.dependency.bundling=external, org.gradle.jvm.version=8, org.gradle.libraryelements=classes, org.gradle.usage=java-api}
2021-03-21T18:11:28.910+0100 [DEBUG] [org.gradle.internal.component.model.LoggingAttributeMatchingExplanationBuilder] Selected match org.ow2.asm:asm:9.0 variant apiElements from candidates [org.ow2.asm:asm:9.0 variant apiElements] for {org.gradle.category=library, org.gradle.dependency.bundling=external, org.gradle.jvm.version=8, org.gradle.libraryelements=classes, org.gradle.usage=java-api}
2021-03-21T18:11:28.910+0100 [DEBUG] [org.gradle.internal.component.model.LoggingAttributeMatchingExplanationBuilder] Selected match cpw.mods:grossjava9hacks:1.3.0 variant apiElements from candidates [cpw.mods:grossjava9hacks:1.3.0 variant apiElements] for {org.gradle.category=library, org.gradle.dependency.bundling=external, org.gradle.jvm.version=8, org.gradle.libraryelements=classes, org.gradle.usage=java-api}
2021-03-21T18:11:28.910+0100 [DEBUG] [org.gradle.internal.component.model.LoggingAttributeMatchingExplanationBuilder] Selected match net.minecraftforge:accesstransformers:3.0.1 variant apiElements from candidates [net.minecraftforge:accesstransformers:3.0.1 variant apiElements] for {org.gradle.category=library, org.gradle.dependency.bundling=external, org.gradle.jvm.version=8, org.gradle.libraryelements=classes, org.gradle.usage=java-api}
2021-03-21T18:11:28.910+0100 [DEBUG] [org.gradle.internal.component.model.LoggingAttributeMatchingExplanationBuilder] Selected match org.antlr:antlr4-runtime:4.9.1 configuration compile from candidates [org.antlr:antlr4-runtime:4.9.1 configuration compile] for {org.gradle.category=library, org.gradle.dependency.bundling=external, org.gradle.jvm.version=8, org.gradle.libraryelements=classes, org.gradle.usage=java-api}
2021-03-21T18:11:28.911+0100 [DEBUG] [org.gradle.internal.component.model.LoggingAttributeMatchingExplanationBuilder] Selected match net.minecraftforge:eventbus:4.0.0 variant apiElements from candidates [net.minecraftforge:eventbus:4.0.0 variant apiElements] for {org.gradle.category=library, org.gradle.dependency.bundling=external, org.gradle.jvm.version=8, org.gradle.libraryelements=classes, org.gradle.usage=java-api}
2021-03-21T18:11:28.911+0100 [DEBUG] [org.gradle.internal.component.model.LoggingAttributeMatchingExplanationBuilder] Selected match net.minecraftforge:forgespi:3.2.0 variant apiElements from candidates [net.minecraftforge:forgespi:3.2.0 variant apiElements] for {org.gradle.category=library, org.gradle.dependency.bundling=external, org.gradle.jvm.version=8, org.gradle.libraryelements=classes, org.gradle.usage=java-api}
2021-03-21T18:11:28.911+0100 [DEBUG] [org.gradle.internal.component.model.LoggingAttributeMatchingExplanationBuilder] Selected match net.minecraftforge:coremods:4.0.6 variant apiElements from candidates [net.minecraftforge:coremods:4.0.6 variant apiElements] for {org.gradle.category=library, org.gradle.dependency.bundling=external, org.gradle.jvm.version=8, org.gradle.libraryelements=classes, org.gradle.usage=java-api}
2021-03-21T18:11:28.911+0100 [DEBUG] [org.gradle.internal.component.model.LoggingAttributeMatchingExplanationBuilder] Selected match net.minecraftforge:unsafe:0.2.0 configuration compile from candidates [net.minecraftforge:unsafe:0.2.0 configuration compile] for {org.gradle.category=library, org.gradle.dependency.bundling=external, org.gradle.jvm.version=8, org.gradle.libraryelements=classes, org.gradle.usage=java-api}
2021-03-21T18:11:28.911+0100 [DEBUG] [org.gradle.internal.component.model.LoggingAttributeMatchingExplanationBuilder] Selected match com.electronwill.night-config:toml:3.6.3 configuration compile from candidates [com.electronwill.night-config:toml:3.6.3 configuration compile] for {org.gradle.category=library, org.gradle.dependency.bundling=external, org.gradle.jvm.version=8, org.gradle.libraryelements=classes, org.gradle.usage=java-api}
2021-03-21T18:11:28.911+0100 [DEBUG] [org.gradle.internal.component.model.LoggingAttributeMatchingExplanationBuilder] Selected match com.electronwill.night-config:core:3.6.3 configuration compile from candidates [com.electronwill.night-config:core:3.6.3 configuration compile] for {org.gradle.category=library, org.gradle.dependency.bundling=external, org.gradle.jvm.version=8, org.gradle.libraryelements=classes, org.gradle.usage=java-api}
2021-03-21T18:11:28.911+0100 [DEBUG] [org.gradle.internal.component.model.LoggingAttributeMatchingExplanationBuilder] Selected match org.jline:jline:3.12.1 configuration compile from candidates [org.jline:jline:3.12.1 configuration compile] for {org.gradle.category=library, org.gradle.dependency.bundling=external, org.gradle.jvm.version=8, org.gradle.libraryelements=classes, org.gradle.usage=java-api}
2021-03-21T18:11:28.911+0100 [DEBUG] [org.gradle.internal.component.model.LoggingAttributeMatchingExplanationBuilder] Selected match org.apache.maven:maven-artifact:3.6.3 configuration compile from candidates [org.apache.maven:maven-artifact:3.6.3 configuration compile] for {org.gradle.category=library, org.gradle.dependency.bundling=external, org.gradle.jvm.version=8, org.gradle.libraryelements=classes, org.gradle.usage=java-api}
2021-03-21T18:11:28.911+0100 [DEBUG] [org.gradle.internal.component.model.LoggingAttributeMatchingExplanationBuilder] Selected match net.jodah:typetools:0.8.3 variant apiElements from candidates [net.jodah:typetools:0.8.3 variant apiElements] for {org.gradle.category=library, org.gradle.dependency.bundling=external, org.gradle.jvm.version=8, org.gradle.libraryelements=classes, org.gradle.usage=java-api}
2021-03-21T18:11:28.912+0100 [DEBUG] [org.gradle.internal.component.model.LoggingAttributeMatchingExplanationBuilder] Selected match net.minecrell:terminalconsoleappender:1.2.0 configuration compile from candidates [net.minecrell:terminalconsoleappender:1.2.0 configuration compile] for {org.gradle.category=library, org.gradle.dependency.bundling=external, org.gradle.jvm.version=8, org.gradle.libraryelements=classes, org.gradle.usage=java-api}
2021-03-21T18:11:28.912+0100 [DEBUG] [org.gradle.internal.component.model.LoggingAttributeMatchingExplanationBuilder] Selected match org.apache.logging.log4j:log4j-core:2.11.2 configuration compile from candidates [org.apache.logging.log4j:log4j-core:2.11.2 configuration compile] for {org.gradle.category=library, org.gradle.dependency.bundling=external, org.gradle.jvm.version=8, org.gradle.libraryelements=classes, org.gradle.usage=java-api}
2021-03-21T18:11:28.912+0100 [DEBUG] [org.gradle.internal.component.model.LoggingAttributeMatchingExplanationBuilder] Selected match org.apache.logging.log4j:log4j-api:2.11.2 configuration compile from candidates [org.apache.logging.log4j:log4j-api:2.11.2 configuration compile] for {org.gradle.category=library, org.gradle.dependency.bundling=external, org.gradle.jvm.version=8, org.gradle.libraryelements=classes, org.gradle.usage=java-api}
2021-03-21T18:11:28.912+0100 [DEBUG] [org.gradle.internal.component.model.LoggingAttributeMatchingExplanationBuilder] Selected match net.sf.jopt-simple:jopt-simple:5.0.4 configuration compile from candidates [net.sf.jopt-simple:jopt-simple:5.0.4 configuration compile] for {org.gradle.category=library, org.gradle.dependency.bundling=external, org.gradle.jvm.version=8, org.gradle.libraryelements=classes, org.gradle.usage=java-api}
2021-03-21T18:11:28.912+0100 [DEBUG] [org.gradle.internal.component.model.LoggingAttributeMatchingExplanationBuilder] Selected match org.spongepowered:mixin:0.8.2 configuration compile from candidates [org.spongepowered:mixin:0.8.2 configuration compile] for {org.gradle.category=library, org.gradle.dependency.bundling=external, org.gradle.jvm.version=8, org.gradle.libraryelements=classes, org.gradle.usage=java-api}
2021-03-21T18:11:28.912+0100 [DEBUG] [org.gradle.internal.component.model.LoggingAttributeMatchingExplanationBuilder] Selected match net.minecraftforge:nashorn-core-compat:15.1.1.1 configuration compile from candidates [net.minecraftforge:nashorn-core-compat:15.1.1.1 configuration compile] for {org.gradle.category=library, org.gradle.dependency.bundling=external, org.gradle.jvm.version=8, org.gradle.libraryelements=classes, org.gradle.usage=java-api}
2021-03-21T18:11:28.912+0100 [DEBUG] [org.gradle.internal.component.model.LoggingAttributeMatchingExplanationBuilder] Selected match com.mojang:patchy:1.1 configuration compile from candidates [com.mojang:patchy:1.1 configuration compile] for {org.gradle.category=library, org.gradle.dependency.bundling=external, org.gradle.jvm.version=8, org.gradle.libraryelements=classes, org.gradle.usage=java-api}
2021-03-21T18:11:28.912+0100 [DEBUG] [org.gradle.internal.component.model.LoggingAttributeMatchingExplanationBuilder] Selected match oshi-project:oshi-core:1.1 configuration compile from candidates [oshi-project:oshi-core:1.1 configuration compile] for {org.gradle.category=library, org.gradle.dependency.bundling=external, org.gradle.jvm.version=8, org.gradle.libraryelements=classes, org.gradle.usage=java-api}
2021-03-21T18:11:28.913+0100 [DEBUG] [org.gradle.internal.component.model.LoggingAttributeMatchingExplanationBuilder] Selected match net.java.dev.jna:jna:4.4.0 configuration compile from candidates [net.java.dev.jna:jna:4.4.0 configuration compile] for {org.gradle.category=library, org.gradle.dependency.bundling=external, org.gradle.jvm.version=8, org.gradle.libraryelements=classes, org.gradle.usage=java-api}
2021-03-21T18:11:28.913+0100 [DEBUG] [org.gradle.internal.component.model.LoggingAttributeMatchingExplanationBuilder] Selected match net.java.dev.jna:platform:3.4.0 configuration compile from candidates [net.java.dev.jna:platform:3.4.0 configuration compile] for {org.gradle.category=library, org.gradle.dependency.bundling=external, org.gradle.jvm.version=8, org.gradle.libraryelements=classes, org.gradle.usage=java-api}
2021-03-21T18:11:28.913+0100 [DEBUG] [org.gradle.internal.component.model.LoggingAttributeMatchingExplanationBuilder] Selected match com.ibm.icu:icu4j:66.1 configuration compile from candidates [com.ibm.icu:icu4j:66.1 configuration compile] for {org.gradle.category=library, org.gradle.dependency.bundling=external, org.gradle.jvm.version=8, org.gradle.libraryelements=classes, org.gradle.usage=java-api}
2021-03-21T18:11:28.913+0100 [DEBUG] [org.gradle.internal.component.model.LoggingAttributeMatchingExplanationBuilder] Selected match com.mojang:javabridge:1.0.22 configuration compile from candidates [com.mojang:javabridge:1.0.22 configuration compile] for {org.gradle.category=library, org.gradle.dependency.bundling=external, org.gradle.jvm.version=8, org.gradle.libraryelements=classes, org.gradle.usage=java-api}
2021-03-21T18:11:28.913+0100 [DEBUG] [org.gradle.internal.component.model.LoggingAttributeMatchingExplanationBuilder] Selected match io.netty:netty-all:4.1.25.Final configuration compile from candidates [io.netty:netty-all:4.1.25.Final configuration compile] for {org.gradle.category=library, org.gradle.dependency.bundling=external, org.gradle.jvm.version=8, org.gradle.libraryelements=classes, org.gradle.usage=java-api}
2021-03-21T18:11:28.913+0100 [DEBUG] [org.gradle.internal.component.model.LoggingAttributeMatchingExplanationBuilder] Selected match com.google.guava:guava:21.0 configuration compile from candidates [com.google.guava:guava:21.0 configuration compile] for {org.gradle.category=library, org.gradle.dependency.bundling=external, org.gradle.jvm.version=8, org.gradle.libraryelements=classes, org.gradle.usage=java-api}
2021-03-21T18:11:28.913+0100 [DEBUG] [org.gradle.internal.component.model.LoggingAttributeMatchingExplanationBuilder] Selected match org.apache.commons:commons-lang3:3.8.1 configuration compile from candidates [org.apache.commons:commons-lang3:3.8.1 configuration compile] for {org.gradle.category=library, org.gradle.dependency.bundling=external, org.gradle.jvm.version=8, org.gradle.libraryelements=classes, org.gradle.usage=java-api}
2021-03-21T18:11:28.913+0100 [DEBUG] [org.gradle.internal.component.model.LoggingAttributeMatchingExplanationBuilder] Selected match commons-io:commons-io:2.5 configuration compile from candidates [commons-io:commons-io:2.5 configuration compile] for {org.gradle.category=library, org.gradle.dependency.bundling=external, org.gradle.jvm.version=8, org.gradle.libraryelements=classes, org.gradle.usage=java-api}
2021-03-21T18:11:28.914+0100 [DEBUG] [org.gradle.internal.component.model.LoggingAttributeMatchingExplanationBuilder] Selected match org.apache.httpcomponents:httpclient:4.3.3 configuration compile from candidates [org.apache.httpcomponents:httpclient:4.3.3 configuration compile] for {org.gradle.category=library, org.gradle.dependency.bundling=external, org.gradle.jvm.version=8, org.gradle.libraryelements=classes, org.gradle.usage=java-api}
2021-03-21T18:11:28.914+0100 [DEBUG] [org.gradle.internal.component.model.LoggingAttributeMatchingExplanationBuilder] Selected match commons-codec:commons-codec:1.10 configuration compile from candidates [commons-codec:commons-codec:1.10 configuration compile] for {org.gradle.category=library, org.gradle.dependency.bundling=external, org.gradle.jvm.version=8, org.gradle.libraryelements=classes, org.gradle.usage=java-api}
2021-03-21T18:11:28.914+0100 [DEBUG] [org.gradle.internal.component.model.LoggingAttributeMatchingExplanationBuilder] Selected match net.java.jinput:jinput:2.0.5 configuration compile from candidates [net.java.jinput:jinput:2.0.5 configuration compile] for {org.gradle.category=library, org.gradle.dependency.bundling=external, org.gradle.jvm.version=8, org.gradle.libraryelements=classes, org.gradle.usage=java-api}
2021-03-21T18:11:28.914+0100 [DEBUG] [org.gradle.internal.component.model.LoggingAttributeMatchingExplanationBuilder] Selected match net.java.jutils:jutils:1.0.0 configuration compile from candidates [net.java.jutils:jutils:1.0.0 configuration compile] for {org.gradle.category=library, org.gradle.dependency.bundling=external, org.gradle.jvm.version=8, org.gradle.libraryelements=classes, org.gradle.usage=java-api}
2021-03-21T18:11:28.914+0100 [DEBUG] [org.gradle.internal.component.model.LoggingAttributeMatchingExplanationBuilder] Selected match com.mojang:brigadier:1.0.17 configuration compile from candidates [com.mojang:brigadier:1.0.17 configuration compile] for {org.gradle.category=library, org.gradle.dependency.bundling=external, org.gradle.jvm.version=8, org.gradle.libraryelements=classes, org.gradle.usage=java-api}
2021-03-21T18:11:28.914+0100 [DEBUG] [org.gradle.internal.component.model.LoggingAttributeMatchingExplanationBuilder] Selected match com.mojang:datafixerupper:4.0.26 configuration compile from candidates [com.mojang:datafixerupper:4.0.26 configuration compile] for {org.gradle.category=library, org.gradle.dependency.bundling=external, org.gradle.jvm.version=8, org.gradle.libraryelements=classes, org.gradle.usage=java-api}
2021-03-21T18:11:28.914+0100 [DEBUG] [org.gradle.internal.component.model.LoggingAttributeMatchingExplanationBuilder] Selected match com.google.code.gson:gson:2.8.0 configuration compile from candidates [com.google.code.gson:gson:2.8.0 configuration compile] for {org.gradle.category=library, org.gradle.dependency.bundling=external, org.gradle.jvm.version=8, org.gradle.libraryelements=classes, org.gradle.usage=java-api}
2021-03-21T18:11:28.914+0100 [DEBUG] [org.gradle.internal.component.model.LoggingAttributeMatchingExplanationBuilder] Selected match com.mojang:authlib:2.1.28 configuration compile from candidates [com.mojang:authlib:2.1.28 configuration compile] for {org.gradle.category=library, org.gradle.dependency.bundling=external, org.gradle.jvm.version=8, org.gradle.libraryelements=classes, org.gradle.usage=java-api}
2021-03-21T18:11:28.914+0100 [DEBUG] [org.gradle.internal.component.model.LoggingAttributeMatchingExplanationBuilder] Selected match org.apache.commons:commons-compress:1.8.1 configuration compile from candidates [org.apache.commons:commons-compress:1.8.1 configuration compile] for {org.gradle.category=library, org.gradle.dependency.bundling=external, org.gradle.jvm.version=8, org.gradle.libraryelements=classes, org.gradle.usage=java-api}
2021-03-21T18:11:28.915+0100 [DEBUG] [org.gradle.internal.component.model.LoggingAttributeMatchingExplanationBuilder] Selected match commons-logging:commons-logging:1.1.3 configuration compile from candidates [commons-logging:commons-logging:1.1.3 configuration compile] for {org.gradle.category=library, org.gradle.dependency.bundling=external, org.gradle.jvm.version=8, org.gradle.libraryelements=classes, org.gradle.usage=java-api}
2021-03-21T18:11:28.915+0100 [DEBUG] [org.gradle.internal.component.model.LoggingAttributeMatchingExplanationBuilder] Selected match org.apache.httpcomponents:httpcore:4.3.2 configuration compile from candidates [org.apache.httpcomponents:httpcore:4.3.2 configuration compile] for {org.gradle.category=library, org.gradle.dependency.bundling=external, org.gradle.jvm.version=8, org.gradle.libraryelements=classes, org.gradle.usage=java-api}
2021-03-21T18:11:28.915+0100 [DEBUG] [org.gradle.internal.component.model.LoggingAttributeMatchingExplanationBuilder] Selected match it.unimi.dsi:fastutil:8.2.1 configuration compile from candidates [it.unimi.dsi:fastutil:8.2.1 configuration compile] for {org.gradle.category=library, org.gradle.dependency.bundling=external, org.gradle.jvm.version=8, org.gradle.libraryelements=classes, org.gradle.usage=java-api}
2021-03-21T18:11:28.915+0100 [DEBUG] [org.gradle.internal.component.model.LoggingAttributeMatchingExplanationBuilder] Selected match org.lwjgl:lwjgl-jemalloc:3.2.2 configuration compile from candidates [org.lwjgl:lwjgl-jemalloc:3.2.2 configuration compile] for {org.gradle.category=library, org.gradle.dependency.bundling=external, org.gradle.jvm.version=8, org.gradle.libraryelements=classes, org.gradle.usage=java-api}
2021-03-21T18:11:28.915+0100 [DEBUG] [org.gradle.internal.component.model.LoggingAttributeMatchingExplanationBuilder] Selected match org.lwjgl:lwjgl-openal:3.2.2 configuration compile from candidates [org.lwjgl:lwjgl-openal:3.2.2 configuration compile] for {org.gradle.category=library, org.gradle.dependency.bundling=external, org.gradle.jvm.version=8, org.gradle.libraryelements=classes, org.gradle.usage=java-api}
2021-03-21T18:11:28.915+0100 [DEBUG] [org.gradle.internal.component.model.LoggingAttributeMatchingExplanationBuilder] Selected match org.lwjgl:lwjgl-opengl:3.2.2 configuration compile from candidates [org.lwjgl:lwjgl-opengl:3.2.2 configuration compile] for {org.gradle.category=library, org.gradle.dependency.bundling=external, org.gradle.jvm.version=8, org.gradle.libraryelements=classes, org.gradle.usage=java-api}
2021-03-21T18:11:28.915+0100 [DEBUG] [org.gradle.internal.component.model.LoggingAttributeMatchingExplanationBuilder] Selected match org.lwjgl:lwjgl-glfw:3.2.2 configuration compile from candidates [org.lwjgl:lwjgl-glfw:3.2.2 configuration compile] for {org.gradle.category=library, org.gradle.dependency.bundling=external, org.gradle.jvm.version=8, org.gradle.libraryelements=classes, org.gradle.usage=java-api}
2021-03-21T18:11:28.915+0100 [DEBUG] [org.gradle.internal.component.model.LoggingAttributeMatchingExplanationBuilder] Selected match org.lwjgl:lwjgl-stb:3.2.2 configuration compile from candidates [org.lwjgl:lwjgl-stb:3.2.2 configuration compile] for {org.gradle.category=library, org.gradle.dependency.bundling=external, org.gradle.jvm.version=8, org.gradle.libraryelements=classes, org.gradle.usage=java-api}
2021-03-21T18:11:28.916+0100 [DEBUG] [org.gradle.internal.component.model.LoggingAttributeMatchingExplanationBuilder] Selected match org.lwjgl:lwjgl-tinyfd:3.2.2 configuration compile from candidates [org.lwjgl:lwjgl-tinyfd:3.2.2 configuration compile] for {org.gradle.category=library, org.gradle.dependency.bundling=external, org.gradle.jvm.version=8, org.gradle.libraryelements=classes, org.gradle.usage=java-api}
2021-03-21T18:11:28.916+0100 [DEBUG] [org.gradle.internal.component.model.LoggingAttributeMatchingExplanationBuilder] Selected match org.lwjgl:lwjgl:3.2.2 configuration compile from candidates [org.lwjgl:lwjgl:3.2.2 configuration compile] for {org.gradle.category=library, org.gradle.dependency.bundling=external, org.gradle.jvm.version=8, org.gradle.libraryelements=classes, org.gradle.usage=java-api}
2021-03-21T18:11:28.916+0100 [DEBUG] [org.gradle.internal.component.model.LoggingAttributeMatchingExplanationBuilder] Selected match com.mojang:text2speech:1.11.3 configuration compile from candidates [com.mojang:text2speech:1.11.3 configuration compile] for {org.gradle.category=library, org.gradle.dependency.bundling=external, org.gradle.jvm.version=8, org.gradle.libraryelements=classes, org.gradle.usage=java-api}
2021-03-21T18:11:28.916+0100 [DEBUG] [org.gradle.internal.component.model.LoggingAttributeMatchingExplanationBuilder] Selected match org.codehaus.plexus:plexus-utils:3.2.1 configuration compile from candidates [org.codehaus.plexus:plexus-utils:3.2.1 configuration compile] for {org.gradle.category=library, org.gradle.dependency.bundling=external, org.gradle.jvm.version=8, org.gradle.libraryelements=classes, org.gradle.usage=java-api}
2021-03-21T18:11:28.916+0100 [DEBUG] [org.gradle.internal.component.model.LoggingAttributeMatchingExplanationBuilder] Selected match org.jline:jline-reader:3.12.1 configuration compile from candidates [org.jline:jline-reader:3.12.1 configuration compile] for {org.gradle.category=library, org.gradle.dependency.bundling=external, org.gradle.jvm.version=8, org.gradle.libraryelements=classes, org.gradle.usage=java-api}
2021-03-21T18:11:28.916+0100 [DEBUG] [org.gradle.internal.component.model.LoggingAttributeMatchingExplanationBuilder] Selected match org.jline:jline-terminal:3.12.1 configuration compile from candidates [org.jline:jline-terminal:3.12.1 configuration compile] for {org.gradle.category=library, org.gradle.dependency.bundling=external, org.gradle.jvm.version=8, org.gradle.libraryelements=classes, org.gradle.usage=java-api}
2021-03-21T18:11:28.918+0100 [DEBUG] [org.gradle.api.internal.artifacts.repositories.resolver.DefaultExternalResourceArtifactResolver] Loading file:/C:/Users/troyvs/.gradle/caches/forge_gradle/bundeled_repo/net/minecraftforge/forge/1.16.5-36.1.0_mapped_official_1.16.5/forge-1.16.5-36.1.0_mapped_official_1.16.5.jar
2021-03-21T18:11:28.918+0100 [DEBUG] [org.gradle.internal.work.DefaultWorkerLeaseService] Worker lease root.1.35.52.54 started (2 worker(s) in use).
2021-03-21T18:11:28.918+0100 [DEBUG] [org.gradle.internal.resources.AbstractTrackedResourceLock] Execution worker for ':' Thread 3: acquired lock on root.1.35.52.54
2021-03-21T18:11:28.919+0100 [DEBUG] [org.gradle.api.internal.artifacts.repositories.resolver.DefaultExternalResourceArtifactResolver] Loading file:/C:/Users/troyvs/.gradle/caches/forge_gradle/bundeled_repo/net/minecraftforge/forge/1.16.5-36.1.0_mapped_official_1.16.5/forge-1.16.5-36.1.0_mapped_official_1.16.5-launcher.jar
2021-03-21T18:11:28.919+0100 [DEBUG] [org.gradle.api.internal.artifacts.ivyservice.ivyresolve.CachingModuleComponentRepository] Found artifact 'client-1.16.5-extra.jar (net.minecraft:client:1.16.5)' in resolver cache: C:\Users\troyvs\.gradle\caches\forge_gradle\minecraft_repo\versions\1.16.5\client-extra.jar
2021-03-21T18:11:28.919+0100 [DEBUG] [org.gradle.api.internal.artifacts.ivyservice.ivyresolve.CachingModuleComponentRepository] Found artifact 'jsr305-3.0.1.jar (com.google.code.findbugs:jsr305:3.0.1)' in resolver cache: C:\Users\troyvs\.gradle\caches\modules-2\files-2.1\com.google.code.findbugs\jsr305\3.0.1\f7be08ec23c21485b9b5a1cf1654c2ec8c58168d\jsr305-3.0.1.jar
2021-03-21T18:11:28.922+0100 [DEBUG] [org.gradle.api.internal.artifacts.repositories.resolver.DefaultExternalResourceArtifactResolver] Loading file:/C:/Users/troyvs/.gradle/caches/forge_gradle/bundeled_repo/net/minecraft/mappings_official/1.16.5/mappings_official-1.16.5.zip
2021-03-21T18:11:28.925+0100 [DEBUG] [org.gradle.api.internal.artifacts.ivyservice.ivyresolve.CachingModuleComponentRepository] Found artifact 'mergetool-1.0.9-api.jar (net.minecraftforge:mergetool:1.0.9)' in resolver cache: C:\Users\troyvs\.gradle\caches\modules-2\files-2.1\net.minecraftforge\mergetool\1.0.9\d1e1ba354a40b5703340b5cb02fdca489cff3646\mergetool-1.0.9-api.jar
2021-03-21T18:11:28.961+0100 [DEBUG] [org.gradle.api.internal.artifacts.ivyservice.ivyresolve.CachingModuleComponentRepository] Downloaded artifact 'forge-1.16.5-36.1.0_mapped_official_1.16.5-launcher.jar (net.minecraftforge:forge:1.16.5-36.1.0_mapped_official_1.16.5)' from resolver: BUNDELED_377664982
2021-03-21T18:11:28.961+0100 [DEBUG] [org.gradle.internal.operations.DefaultBuildOperationRunner] Build operation 'Resolve forge-1.16.5-36.1.0_mapped_official_1.16.5-launcher.jar (net.minecraftforge:forge:1.16.5-36.1.0_mapped_official_1.16.5)' completed
2021-03-21T18:11:28.961+0100 [DEBUG] [org.gradle.internal.work.DefaultWorkerLeaseService] Worker lease root.1.35.52.54 completed (2 worker(s) in use)
2021-03-21T18:11:28.961+0100 [DEBUG] [org.gradle.internal.resources.AbstractTrackedResourceLock] Execution worker for ':' Thread 3: released lock on root.1.35.52.54
2021-03-21T18:11:28.981+0100 [DEBUG] [org.gradle.api.internal.artifacts.ivyservice.ivyresolve.CachingModuleComponentRepository] Downloaded artifact 'forge-1.16.5-36.1.0_mapped_official_1.16.5.jar (net.minecraftforge:forge:1.16.5-36.1.0_mapped_official_1.16.5)' from resolver: BUNDELED_377664982
2021-03-21T18:11:29.037+0100 [DEBUG] [org.gradle.api.internal.artifacts.ivyservice.ivyresolve.CachingModuleComponentRepository] Downloaded artifact 'mappings_official-1.16.5.zip (net.minecraft:mappings_official:1.16.5)' from resolver: BUNDELED_377664982
2021-03-21T18:11:29.063+0100 [DEBUG] [org.gradle.internal.operations.DefaultBuildOperationRunner] Build operation 'Resolve files of :compileClasspath' completed
2021-03-21T18:11:29.074+0100 [DEBUG] [org.gradle.internal.operations.DefaultBuildOperationRunner] Build operation 'Resolve dependencies of :annotationProcessor' completed
2021-03-21T18:11:29.086+0100 [DEBUG] [org.gradle.internal.operations.DefaultBuildOperationRunner] Build operation 'Snapshot inputs and outputs before executing task ':compileJava'' completed
2021-03-21T18:11:29.092+0100 [INFO] [org.gradle.internal.execution.steps.ResolveCachingStateStep] Caching disabled for task ':compileJava' because:
  Build cache is disabled
2021-03-21T18:11:29.094+0100 [DEBUG] [org.gradle.internal.operations.DefaultBuildOperationRunner] Build operation 'Snapshot task inputs for :compileJava' completed
2021-03-21T18:11:29.139+0100 [DEBUG] [org.gradle.internal.execution.steps.SkipUpToDateStep] Determining if task ':compileJava' is up-to-date
2021-03-21T18:11:29.140+0100 [INFO] [org.gradle.internal.execution.steps.SkipUpToDateStep] Skipping task ':compileJava' as it is up-to-date.
2021-03-21T18:11:29.144+0100 [DEBUG] [org.gradle.api.internal.tasks.execution.ResolveTaskExecutionModeExecuter] Removed task artifact state for task ':compileJava' from context.
2021-03-21T18:11:29.145+0100 [DEBUG] [org.gradle.internal.operations.DefaultBuildOperationRunner] Completing Build operation 'Task :compileJava'
2021-03-21T18:11:29.145+0100 [DEBUG] [org.gradle.internal.operations.DefaultBuildOperationRunner] Build operation 'Task :compileJava' completed
2021-03-21T18:11:29.145+0100 [INFO] [org.gradle.execution.plan.DefaultPlanExecutor] :compileJava (Thread[Execution worker for ':' Thread 3,5,main]) completed. Took 1.374 secs.
2021-03-21T18:11:29.145+0100 [DEBUG] [org.gradle.execution.plan.DefaultExecutionPlan] Node :compileJava finished executing
2021-03-21T18:11:29.146+0100 [DEBUG] [org.gradle.execution.plan.DefaultExecutionPlan] Node :compileJava completed, executed: true
2021-03-21T18:11:29.146+0100 [DEBUG] [org.gradle.execution.plan.Node] Checking if all dependencies are complete for :classes
2021-03-21T18:11:29.146+0100 [DEBUG] [org.gradle.execution.plan.Node] Dependency :processResources for :classes not yet completed
2021-03-21T18:11:29.146+0100 [DEBUG] [org.gradle.internal.resources.AbstractTrackedResourceLock] Execution worker for ':' Thread 3: released lock on :
2021-03-21T18:11:29.146+0100 [DEBUG] [org.gradle.internal.work.DefaultWorkerLeaseService] Worker lease root.1.35 completed (1 worker(s) in use)
2021-03-21T18:11:29.146+0100 [DEBUG] [org.gradle.internal.resources.AbstractTrackedResourceLock] Execution worker for ':' Thread 3: released lock on root.1.35
2021-03-21T18:11:29.147+0100 [DEBUG] [org.gradle.internal.resources.AbstractTrackedResourceLock] Execution worker for ':' Thread 3: acquired lock on :
2021-03-21T18:11:29.147+0100 [DEBUG] [org.gradle.internal.work.DefaultWorkerLeaseService] Worker lease root.1.35 started (1 worker(s) in use).
2021-03-21T18:11:29.147+0100 [DEBUG] [org.gradle.internal.resources.AbstractTrackedResourceLock] Execution worker for ':' Thread 3: acquired lock on root.1.35
2021-03-21T18:11:29.147+0100 [INFO] [org.gradle.execution.plan.DefaultPlanExecutor] :processResources (Thread[Execution worker for ':' Thread 3,5,main]) started.
2021-03-21T18:11:29.147+0100 [DEBUG] [org.gradle.internal.operations.DefaultBuildOperationRunner] Build operation 'Task :processResources' started
2021-03-21T18:11:29.149+0100 [DEBUG] [org.gradle.internal.operations.DefaultBuildOperationRunner] Build operation 'Snapshot task inputs for :processResources' started
2021-03-21T18:11:29.154+0100 [DEBUG] [org.gradle.internal.operations.DefaultBuildOperationRunner] Build operation 'Snapshot inputs and outputs before executing task ':processResources'' started
2021-03-21T18:11:29.165+0100 [DEBUG] [org.gradle.internal.operations.DefaultBuildOperationRunner] Completing Build operation 'Snapshot inputs and outputs before executing task ':processResources''
2021-03-21T18:11:29.166+0100 [DEBUG] [org.gradle.internal.operations.DefaultBuildOperationRunner] Completing Build operation 'Snapshot task inputs for :processResources'
2021-03-21T18:11:29.147+0100 [LIFECYCLE] [class org.gradle.internal.buildevents.TaskExecutionLogger] 
2021-03-21T18:11:29.147+0100 [LIFECYCLE] [class org.gradle.internal.buildevents.TaskExecutionLogger] > Task :processResources UP-TO-DATE
2021-03-21T18:11:29.147+0100 [DEBUG] [org.gradle.api.internal.tasks.execution.ResolveTaskExecutionModeExecuter] Putting task artifact state for task ':processResources' into context took 0.0 secs.
2021-03-21T18:11:29.154+0100 [DEBUG] [org.gradle.internal.execution.steps.CaptureStateBeforeExecutionStep] Implementation for task ':processResources': org.gradle.language.jvm.tasks.ProcessResources_Decorated@a540afd78650fc2af28413e6da7b6b81
2021-03-21T18:11:29.154+0100 [DEBUG] [org.gradle.internal.execution.steps.CaptureStateBeforeExecutionStep] Additional implementations for task ':processResources': [org.gradle.language.jvm.tasks.ProcessResources_Decorated@29864e42ddece3158da95030d36a03c7]
2021-03-21T18:11:29.165+0100 [DEBUG] [org.gradle.internal.operations.DefaultBuildOperationRunner] Build operation 'Snapshot inputs and outputs before executing task ':processResources'' completed
2021-03-21T18:11:29.166+0100 [INFO] [org.gradle.internal.execution.steps.ResolveCachingStateStep] Caching disabled for task ':processResources' because:
  Build cache is disabled
  Caching has not been enabled for the task
2021-03-21T18:11:29.166+0100 [DEBUG] [org.gradle.internal.operations.DefaultBuildOperationRunner] Build operation 'Snapshot task inputs for :processResources' completed
2021-03-21T18:11:29.170+0100 [DEBUG] [org.gradle.internal.execution.steps.SkipUpToDateStep] Determining if task ':processResources' is up-to-date
2021-03-21T18:11:29.170+0100 [INFO] [org.gradle.internal.execution.steps.SkipUpToDateStep] Skipping task ':processResources' as it is up-to-date.
2021-03-21T18:11:29.170+0100 [DEBUG] [org.gradle.api.internal.tasks.execution.ResolveTaskExecutionModeExecuter] Removed task artifact state for task ':processResources' from context.
2021-03-21T18:11:29.170+0100 [DEBUG] [org.gradle.internal.operations.DefaultBuildOperationRunner] Completing Build operation 'Task :processResources'
2021-03-21T18:11:29.170+0100 [DEBUG] [org.gradle.internal.operations.DefaultBuildOperationRunner] Build operation 'Task :processResources' completed
2021-03-21T18:11:29.170+0100 [INFO] [org.gradle.execution.plan.DefaultPlanExecutor] :processResources (Thread[Execution worker for ':' Thread 3,5,main]) completed. Took 0.023 secs.
2021-03-21T18:11:29.170+0100 [DEBUG] [org.gradle.execution.plan.DefaultExecutionPlan] Node :processResources finished executing
2021-03-21T18:11:29.170+0100 [DEBUG] [org.gradle.execution.plan.DefaultExecutionPlan] Node :processResources completed, executed: true
2021-03-21T18:11:29.170+0100 [DEBUG] [org.gradle.execution.plan.Node] Checking if all dependencies are complete for :classes
2021-03-21T18:11:29.171+0100 [DEBUG] [org.gradle.execution.plan.Node] All dependencies are complete for :classes
2021-03-21T18:11:29.171+0100 [DEBUG] [org.gradle.execution.plan.TaskNode] Checking if all must successors are complete for :classes
2021-03-21T18:11:29.171+0100 [DEBUG] [org.gradle.execution.plan.TaskNode] Checking if all finalizing successors are complete for :classes
2021-03-21T18:11:29.171+0100 [DEBUG] [org.gradle.execution.plan.TaskNode] All task dependencies are complete for :classes
2021-03-21T18:11:29.171+0100 [DEBUG] [org.gradle.internal.resources.AbstractTrackedResourceLock] Execution worker for ':' Thread 3: released lock on :
2021-03-21T18:11:29.171+0100 [DEBUG] [org.gradle.internal.work.DefaultWorkerLeaseService] Worker lease root.1.35 completed (1 worker(s) in use)
2021-03-21T18:11:29.171+0100 [DEBUG] [org.gradle.internal.resources.AbstractTrackedResourceLock] Execution worker for ':' Thread 3: released lock on root.1.35
2021-03-21T18:11:29.171+0100 [DEBUG] [org.gradle.internal.resources.AbstractTrackedResourceLock] Execution worker for ':' Thread 3: acquired lock on :
2021-03-21T18:11:29.171+0100 [DEBUG] [org.gradle.internal.work.DefaultWorkerLeaseService] Worker lease root.1.35 started (1 worker(s) in use).
2021-03-21T18:11:29.171+0100 [DEBUG] [org.gradle.internal.resources.AbstractTrackedResourceLock] Execution worker for ':' Thread 3: acquired lock on root.1.35
2021-03-21T18:11:29.171+0100 [INFO] [org.gradle.execution.plan.DefaultPlanExecutor] :classes (Thread[Execution worker for ':' Thread 3,5,main]) started.
2021-03-21T18:11:29.171+0100 [DEBUG] [org.gradle.internal.operations.DefaultBuildOperationRunner] Build operation 'Task :classes' started
2021-03-21T18:11:29.171+0100 [LIFECYCLE] [class org.gradle.internal.buildevents.TaskExecutionLogger] 
2021-03-21T18:11:29.171+0100 [LIFECYCLE] [class org.gradle.internal.buildevents.TaskExecutionLogger] > Task :classes UP-TO-DATE
2021-03-21T18:11:29.172+0100 [INFO] [org.gradle.api.internal.tasks.execution.SkipTaskWithNoActionsExecuter] Skipping task ':classes' as it has no actions.
2021-03-21T18:11:29.172+0100 [DEBUG] [org.gradle.internal.operations.DefaultBuildOperationRunner] Completing Build operation 'Task :classes'
2021-03-21T18:11:29.172+0100 [DEBUG] [org.gradle.internal.operations.DefaultBuildOperationRunner] Build operation 'Task :classes' completed
2021-03-21T18:11:29.173+0100 [INFO] [org.gradle.execution.plan.DefaultPlanExecutor] :classes (Thread[Execution worker for ':' Thread 3,5,main]) completed. Took 0.001 secs.
2021-03-21T18:11:29.173+0100 [DEBUG] [org.gradle.execution.plan.DefaultExecutionPlan] Node :classes finished executing
2021-03-21T18:11:29.173+0100 [DEBUG] [org.gradle.execution.plan.DefaultExecutionPlan] Node :classes completed, executed: true
2021-03-21T18:11:29.173+0100 [DEBUG] [org.gradle.execution.plan.Node] Checking if all dependencies are complete for :prepareRunData
2021-03-21T18:11:29.173+0100 [DEBUG] [org.gradle.execution.plan.Node] Dependency :prepareRuns for :prepareRunData not yet completed
2021-03-21T18:11:29.173+0100 [DEBUG] [org.gradle.execution.plan.Node] Checking if all dependencies are complete for :runData
2021-03-21T18:11:29.173+0100 [DEBUG] [org.gradle.execution.plan.Node] Dependency :prepareRunData for :runData not yet completed
2021-03-21T18:11:29.173+0100 [DEBUG] [org.gradle.internal.resources.AbstractTrackedResourceLock] Execution worker for ':' Thread 3: released lock on :
2021-03-21T18:11:29.173+0100 [DEBUG] [org.gradle.internal.work.DefaultWorkerLeaseService] Worker lease root.1.35 completed (1 worker(s) in use)
2021-03-21T18:11:29.173+0100 [DEBUG] [org.gradle.internal.resources.AbstractTrackedResourceLock] Execution worker for ':' Thread 3: released lock on root.1.35
2021-03-21T18:11:29.174+0100 [DEBUG] [org.gradle.internal.resources.AbstractTrackedResourceLock] Execution worker for ':' Thread 3: acquired lock on :
2021-03-21T18:11:29.174+0100 [DEBUG] [org.gradle.internal.work.DefaultWorkerLeaseService] Worker lease root.1.35 started (1 worker(s) in use).
2021-03-21T18:11:29.174+0100 [DEBUG] [org.gradle.internal.resources.AbstractTrackedResourceLock] Execution worker for ':' Thread 3: acquired lock on root.1.35
2021-03-21T18:11:29.174+0100 [INFO] [org.gradle.execution.plan.DefaultPlanExecutor] :downloadMcpConfig (Thread[Execution worker for ':' Thread 3,5,main]) started.
2021-03-21T18:11:29.174+0100 [DEBUG] [org.gradle.internal.operations.DefaultBuildOperationRunner] Build operation 'Task :downloadMcpConfig' started
2021-03-21T18:11:29.175+0100 [DEBUG] [org.gradle.internal.operations.DefaultBuildOperationRunner] Build operation 'Snapshot task inputs for :downloadMcpConfig' started
2021-03-21T18:11:29.177+0100 [DEBUG] [org.gradle.internal.operations.DefaultBuildOperationRunner] Build operation 'Snapshot inputs and outputs before executing task ':downloadMcpConfig'' started
2021-03-21T18:11:29.179+0100 [DEBUG] [org.gradle.internal.operations.DefaultBuildOperationRunner] Completing Build operation 'Snapshot inputs and outputs before executing task ':downloadMcpConfig''
2021-03-21T18:11:29.180+0100 [DEBUG] [org.gradle.internal.operations.DefaultBuildOperationRunner] Completing Build operation 'Snapshot task inputs for :downloadMcpConfig'
2021-03-21T18:11:29.193+0100 [DEBUG] [org.gradle.internal.operations.DefaultBuildOperationRunner] Build operation 'Executing task ':downloadMcpConfig'' started
2021-03-21T18:11:29.199+0100 [DEBUG] [org.gradle.internal.operations.DefaultBuildOperationRunner] Build operation 'Execute run for :downloadMcpConfig' started
2021-03-21T18:11:29.223+0100 [DEBUG] [org.gradle.internal.operations.DefaultBuildOperationRunner] Completing Build operation 'Execute run for :downloadMcpConfig'
2021-03-21T18:11:29.225+0100 [DEBUG] [org.gradle.internal.operations.DefaultBuildOperationRunner] Completing Build operation 'Executing task ':downloadMcpConfig''
2021-03-21T18:11:29.226+0100 [DEBUG] [org.gradle.internal.operations.DefaultBuildOperationRunner] Build operation 'Snapshot outputs after executing task ':downloadMcpConfig'' started
2021-03-21T18:11:29.229+0100 [DEBUG] [org.gradle.internal.operations.DefaultBuildOperationRunner] Completing Build operation 'Snapshot outputs after executing task ':downloadMcpConfig''
2021-03-21T18:11:29.174+0100 [LIFECYCLE] [class org.gradle.internal.buildevents.TaskExecutionLogger] 
2021-03-21T18:11:29.174+0100 [LIFECYCLE] [class org.gradle.internal.buildevents.TaskExecutionLogger] > Task :downloadMcpConfig
2021-03-21T18:11:29.174+0100 [DEBUG] [org.gradle.api.internal.tasks.execution.ResolveTaskExecutionModeExecuter] Putting task artifact state for task ':downloadMcpConfig' into context took 0.0 secs.
2021-03-21T18:11:29.178+0100 [DEBUG] [org.gradle.internal.execution.steps.CaptureStateBeforeExecutionStep] Implementation for task ':downloadMcpConfig': net.minecraftforge.gradle.common.task.DownloadMavenArtifact_Decorated@4a45e1a7b0b5401b749e7ada3fe493aa
2021-03-21T18:11:29.178+0100 [DEBUG] [org.gradle.internal.execution.steps.CaptureStateBeforeExecutionStep] Additional implementations for task ':downloadMcpConfig': [net.minecraftforge.gradle.common.task.DownloadMavenArtifact_Decorated@4a45e1a7b0b5401b749e7ada3fe493aa]
2021-03-21T18:11:29.179+0100 [DEBUG] [org.gradle.internal.operations.DefaultBuildOperationRunner] Build operation 'Snapshot inputs and outputs before executing task ':downloadMcpConfig'' completed
2021-03-21T18:11:29.179+0100 [INFO] [org.gradle.internal.execution.steps.ResolveCachingStateStep] Caching disabled for task ':downloadMcpConfig' because:
  Build cache is disabled
  Caching has not been enabled for the task
2021-03-21T18:11:29.180+0100 [DEBUG] [org.gradle.internal.operations.DefaultBuildOperationRunner] Build operation 'Snapshot task inputs for :downloadMcpConfig' completed
2021-03-21T18:11:29.181+0100 [DEBUG] [org.gradle.internal.execution.steps.SkipUpToDateStep] Determining if task ':downloadMcpConfig' is up-to-date
2021-03-21T18:11:29.181+0100 [INFO] [org.gradle.internal.execution.steps.SkipUpToDateStep] Task ':downloadMcpConfig' is not up-to-date because:
  Task.upToDateWhen is false.
2021-03-21T18:11:29.189+0100 [DEBUG] [org.gradle.internal.execution.steps.CreateOutputsStep] Ensuring parent directory exists for property output at D:\troy\Downloads\forge-1.16.5-36.1.0-mdk\build\downloadMcpConfig\output.zip
2021-03-21T18:11:29.196+0100 [DEBUG] [org.gradle.api.internal.tasks.execution.ExecuteActionsTaskExecuter] Executing actions for task ':downloadMcpConfig'.
2021-03-21T18:11:29.223+0100 [DEBUG] [org.gradle.internal.operations.DefaultBuildOperationRunner] Build operation 'Execute run for :downloadMcpConfig' completed
2021-03-21T18:11:29.225+0100 [DEBUG] [org.gradle.internal.operations.DefaultBuildOperationRunner] Build operation 'Executing task ':downloadMcpConfig'' completed
2021-03-21T18:11:29.229+0100 [DEBUG] [org.gradle.internal.operations.DefaultBuildOperationRunner] Build operation 'Snapshot outputs after executing task ':downloadMcpConfig'' completed
2021-03-21T18:11:29.234+0100 [DEBUG] [org.gradle.api.internal.tasks.execution.ResolveTaskExecutionModeExecuter] Removed task artifact state for task ':downloadMcpConfig' from context.
2021-03-21T18:11:29.235+0100 [DEBUG] [org.gradle.internal.operations.DefaultBuildOperationRunner] Completing Build operation 'Task :downloadMcpConfig'
2021-03-21T18:11:29.235+0100 [DEBUG] [org.gradle.internal.operations.DefaultBuildOperationRunner] Build operation 'Task :downloadMcpConfig' completed
2021-03-21T18:11:29.235+0100 [INFO] [org.gradle.execution.plan.DefaultPlanExecutor] :downloadMcpConfig (Thread[Execution worker for ':' Thread 3,5,main]) completed. Took 0.06 secs.
2021-03-21T18:11:29.235+0100 [DEBUG] [org.gradle.execution.plan.DefaultExecutionPlan] Node :downloadMcpConfig finished executing
2021-03-21T18:11:29.235+0100 [DEBUG] [org.gradle.execution.plan.DefaultExecutionPlan] Node :downloadMcpConfig completed, executed: true
2021-03-21T18:11:29.235+0100 [DEBUG] [org.gradle.execution.plan.Node] Checking if all dependencies are complete for :extractSrg
2021-03-21T18:11:29.235+0100 [DEBUG] [org.gradle.execution.plan.Node] All dependencies are complete for :extractSrg
2021-03-21T18:11:29.235+0100 [DEBUG] [org.gradle.execution.plan.TaskNode] Checking if all must successors are complete for :extractSrg
2021-03-21T18:11:29.235+0100 [DEBUG] [org.gradle.execution.plan.TaskNode] Checking if all finalizing successors are complete for :extractSrg
2021-03-21T18:11:29.235+0100 [DEBUG] [org.gradle.execution.plan.TaskNode] All task dependencies are complete for :extractSrg
2021-03-21T18:11:29.236+0100 [DEBUG] [org.gradle.internal.resources.AbstractTrackedResourceLock] Execution worker for ':' Thread 3: released lock on :
2021-03-21T18:11:29.236+0100 [DEBUG] [org.gradle.internal.work.DefaultWorkerLeaseService] Worker lease root.1.35 completed (1 worker(s) in use)
2021-03-21T18:11:29.236+0100 [DEBUG] [org.gradle.internal.resources.AbstractTrackedResourceLock] Execution worker for ':' Thread 3: released lock on root.1.35
2021-03-21T18:11:29.236+0100 [DEBUG] [org.gradle.internal.resources.AbstractTrackedResourceLock] Execution worker for ':' Thread 3: acquired lock on :
2021-03-21T18:11:29.236+0100 [DEBUG] [org.gradle.internal.work.DefaultWorkerLeaseService] Worker lease root.1.35 started (1 worker(s) in use).
2021-03-21T18:11:29.236+0100 [DEBUG] [org.gradle.internal.resources.AbstractTrackedResourceLock] Execution worker for ':' Thread 3: acquired lock on root.1.35
2021-03-21T18:11:29.236+0100 [INFO] [org.gradle.execution.plan.DefaultPlanExecutor] :extractSrg (Thread[Execution worker for ':' Thread 3,5,main]) started.
2021-03-21T18:11:29.238+0100 [DEBUG] [org.gradle.internal.operations.DefaultBuildOperationRunner] Build operation 'Task :extractSrg' started
2021-03-21T18:11:29.240+0100 [DEBUG] [org.gradle.internal.operations.DefaultBuildOperationRunner] Build operation 'Snapshot task inputs for :extractSrg' started
2021-03-21T18:11:29.240+0100 [DEBUG] [org.gradle.internal.operations.DefaultBuildOperationRunner] Build operation 'Snapshot inputs and outputs before executing task ':extractSrg'' started
2021-03-21T18:11:29.243+0100 [DEBUG] [org.gradle.internal.operations.DefaultBuildOperationRunner] Completing Build operation 'Snapshot inputs and outputs before executing task ':extractSrg''
2021-03-21T18:11:29.243+0100 [DEBUG] [org.gradle.internal.operations.DefaultBuildOperationRunner] Completing Build operation 'Snapshot task inputs for :extractSrg'
2021-03-21T18:11:29.238+0100 [LIFECYCLE] [class org.gradle.internal.buildevents.TaskExecutionLogger] 
2021-03-21T18:11:29.238+0100 [LIFECYCLE] [class org.gradle.internal.buildevents.TaskExecutionLogger] > Task :extractSrg UP-TO-DATE
2021-03-21T18:11:29.239+0100 [DEBUG] [org.gradle.api.internal.tasks.execution.ResolveTaskExecutionModeExecuter] Putting task artifact state for task ':extractSrg' into context took 0.0 secs.
2021-03-21T18:11:29.241+0100 [DEBUG] [org.gradle.internal.execution.steps.CaptureStateBeforeExecutionStep] Implementation for task ':extractSrg': net.minecraftforge.gradle.common.task.ExtractMCPData_Decorated@4a45e1a7b0b5401b749e7ada3fe493aa
2021-03-21T18:11:29.241+0100 [DEBUG] [org.gradle.internal.execution.steps.CaptureStateBeforeExecutionStep] Additional implementations for task ':extractSrg': [net.minecraftforge.gradle.common.task.ExtractMCPData_Decorated@4a45e1a7b0b5401b749e7ada3fe493aa]
2021-03-21T18:11:29.243+0100 [DEBUG] [org.gradle.internal.operations.DefaultBuildOperationRunner] Build operation 'Snapshot inputs and outputs before executing task ':extractSrg'' completed
2021-03-21T18:11:29.243+0100 [INFO] [org.gradle.internal.execution.steps.ResolveCachingStateStep] Caching disabled for task ':extractSrg' because:
  Build cache is disabled
  Caching has not been enabled for the task
2021-03-21T18:11:29.243+0100 [DEBUG] [org.gradle.internal.operations.DefaultBuildOperationRunner] Build operation 'Snapshot task inputs for :extractSrg' completed
2021-03-21T18:11:29.244+0100 [DEBUG] [org.gradle.internal.execution.steps.SkipUpToDateStep] Determining if task ':extractSrg' is up-to-date
2021-03-21T18:11:29.244+0100 [INFO] [org.gradle.internal.execution.steps.SkipUpToDateStep] Skipping task ':extractSrg' as it is up-to-date.
2021-03-21T18:11:29.244+0100 [DEBUG] [org.gradle.api.internal.tasks.execution.ResolveTaskExecutionModeExecuter] Removed task artifact state for task ':extractSrg' from context.
2021-03-21T18:11:29.244+0100 [DEBUG] [org.gradle.internal.operations.DefaultBuildOperationRunner] Completing Build operation 'Task :extractSrg'
2021-03-21T18:11:29.244+0100 [DEBUG] [org.gradle.internal.operations.DefaultBuildOperationRunner] Build operation 'Task :extractSrg' completed
2021-03-21T18:11:29.244+0100 [INFO] [org.gradle.execution.plan.DefaultPlanExecutor] :extractSrg (Thread[Execution worker for ':' Thread 3,5,main]) completed. Took 0.008 secs.
2021-03-21T18:11:29.245+0100 [DEBUG] [org.gradle.execution.plan.DefaultExecutionPlan] Node :extractSrg finished executing
2021-03-21T18:11:29.245+0100 [DEBUG] [org.gradle.execution.plan.DefaultExecutionPlan] Node :extractSrg completed, executed: true
2021-03-21T18:11:29.245+0100 [DEBUG] [org.gradle.execution.plan.Node] Checking if all dependencies are complete for :createSrgToMcp
2021-03-21T18:11:29.245+0100 [DEBUG] [org.gradle.execution.plan.Node] All dependencies are complete for :createSrgToMcp
2021-03-21T18:11:29.245+0100 [DEBUG] [org.gradle.execution.plan.TaskNode] Checking if all must successors are complete for :createSrgToMcp
2021-03-21T18:11:29.245+0100 [DEBUG] [org.gradle.execution.plan.TaskNode] Checking if all finalizing successors are complete for :createSrgToMcp
2021-03-21T18:11:29.245+0100 [DEBUG] [org.gradle.execution.plan.TaskNode] All task dependencies are complete for :createSrgToMcp
2021-03-21T18:11:29.245+0100 [DEBUG] [org.gradle.internal.resources.AbstractTrackedResourceLock] Execution worker for ':' Thread 3: released lock on :
2021-03-21T18:11:29.245+0100 [DEBUG] [org.gradle.internal.work.DefaultWorkerLeaseService] Worker lease root.1.35 completed (1 worker(s) in use)
2021-03-21T18:11:29.245+0100 [DEBUG] [org.gradle.internal.resources.AbstractTrackedResourceLock] Execution worker for ':' Thread 3: released lock on root.1.35
2021-03-21T18:11:29.246+0100 [DEBUG] [org.gradle.internal.resources.AbstractTrackedResourceLock] Execution worker for ':' Thread 3: acquired lock on :
2021-03-21T18:11:29.246+0100 [DEBUG] [org.gradle.internal.work.DefaultWorkerLeaseService] Worker lease root.1.35 started (1 worker(s) in use).
2021-03-21T18:11:29.246+0100 [DEBUG] [org.gradle.internal.resources.AbstractTrackedResourceLock] Execution worker for ':' Thread 3: acquired lock on root.1.35
2021-03-21T18:11:29.246+0100 [INFO] [org.gradle.execution.plan.DefaultPlanExecutor] :createSrgToMcp (Thread[Execution worker for ':' Thread 3,5,main]) started.
2021-03-21T18:11:29.246+0100 [DEBUG] [org.gradle.internal.operations.DefaultBuildOperationRunner] Build operation 'Task :createSrgToMcp' started
2021-03-21T18:11:29.247+0100 [DEBUG] [org.gradle.internal.operations.DefaultBuildOperationRunner] Build operation 'Snapshot task inputs for :createSrgToMcp' started
2021-03-21T18:11:29.248+0100 [DEBUG] [org.gradle.internal.operations.DefaultBuildOperationRunner] Build operation 'Snapshot inputs and outputs before executing task ':createSrgToMcp'' started
2021-03-21T18:11:29.250+0100 [DEBUG] [org.gradle.internal.operations.DefaultBuildOperationRunner] Completing Build operation 'Snapshot inputs and outputs before executing task ':createSrgToMcp''
2021-03-21T18:11:29.251+0100 [DEBUG] [org.gradle.internal.operations.DefaultBuildOperationRunner] Completing Build operation 'Snapshot task inputs for :createSrgToMcp'
2021-03-21T18:11:29.246+0100 [LIFECYCLE] [class org.gradle.internal.buildevents.TaskExecutionLogger] 
2021-03-21T18:11:29.246+0100 [LIFECYCLE] [class org.gradle.internal.buildevents.TaskExecutionLogger] > Task :createSrgToMcp UP-TO-DATE
2021-03-21T18:11:29.246+0100 [DEBUG] [org.gradle.api.internal.tasks.execution.ResolveTaskExecutionModeExecuter] Putting task artifact state for task ':createSrgToMcp' into context took 0.0 secs.
2021-03-21T18:11:29.249+0100 [DEBUG] [org.gradle.internal.execution.steps.CaptureStateBeforeExecutionStep] Implementation for task ':createSrgToMcp': net.minecraftforge.gradle.mcp.task.GenerateSRG_Decorated@4a45e1a7b0b5401b749e7ada3fe493aa
2021-03-21T18:11:29.249+0100 [DEBUG] [org.gradle.internal.execution.steps.CaptureStateBeforeExecutionStep] Additional implementations for task ':createSrgToMcp': [net.minecraftforge.gradle.mcp.task.GenerateSRG_Decorated@4a45e1a7b0b5401b749e7ada3fe493aa]
2021-03-21T18:11:29.250+0100 [DEBUG] [org.gradle.internal.operations.DefaultBuildOperationRunner] Build operation 'Snapshot inputs and outputs before executing task ':createSrgToMcp'' completed
2021-03-21T18:11:29.251+0100 [INFO] [org.gradle.internal.execution.steps.ResolveCachingStateStep] Caching disabled for task ':createSrgToMcp' because:
  Build cache is disabled
  Caching has not been enabled for the task
2021-03-21T18:11:29.251+0100 [DEBUG] [org.gradle.internal.operations.DefaultBuildOperationRunner] Build operation 'Snapshot task inputs for :createSrgToMcp' completed
2021-03-21T18:11:29.252+0100 [DEBUG] [org.gradle.internal.execution.steps.SkipUpToDateStep] Determining if task ':createSrgToMcp' is up-to-date
2021-03-21T18:11:29.252+0100 [INFO] [org.gradle.internal.execution.steps.SkipUpToDateStep] Skipping task ':createSrgToMcp' as it is up-to-date.
2021-03-21T18:11:29.252+0100 [DEBUG] [org.gradle.api.internal.tasks.execution.ResolveTaskExecutionModeExecuter] Removed task artifact state for task ':createSrgToMcp' from context.
2021-03-21T18:11:29.252+0100 [DEBUG] [org.gradle.internal.operations.DefaultBuildOperationRunner] Completing Build operation 'Task :createSrgToMcp'
2021-03-21T18:11:29.252+0100 [DEBUG] [org.gradle.internal.operations.DefaultBuildOperationRunner] Build operation 'Task :createSrgToMcp' completed
2021-03-21T18:11:29.252+0100 [INFO] [org.gradle.execution.plan.DefaultPlanExecutor] :createSrgToMcp (Thread[Execution worker for ':' Thread 3,5,main]) completed. Took 0.006 secs.
2021-03-21T18:11:29.252+0100 [DEBUG] [org.gradle.execution.plan.DefaultExecutionPlan] Node :createSrgToMcp finished executing
2021-03-21T18:11:29.252+0100 [DEBUG] [org.gradle.execution.plan.DefaultExecutionPlan] Node :createSrgToMcp completed, executed: true
2021-03-21T18:11:29.252+0100 [DEBUG] [org.gradle.execution.plan.Node] Checking if all dependencies are complete for :prepareRuns
2021-03-21T18:11:29.253+0100 [DEBUG] [org.gradle.execution.plan.Node] Dependency :downloadAssets for :prepareRuns not yet completed
2021-03-21T18:11:29.253+0100 [DEBUG] [org.gradle.internal.resources.AbstractTrackedResourceLock] Execution worker for ':' Thread 3: released lock on :
2021-03-21T18:11:29.253+0100 [DEBUG] [org.gradle.internal.work.DefaultWorkerLeaseService] Worker lease root.1.35 completed (1 worker(s) in use)
2021-03-21T18:11:29.253+0100 [DEBUG] [org.gradle.internal.resources.AbstractTrackedResourceLock] Execution worker for ':' Thread 3: released lock on root.1.35
2021-03-21T18:11:29.253+0100 [DEBUG] [org.gradle.internal.resources.AbstractTrackedResourceLock] Execution worker for ':' Thread 3: acquired lock on :
2021-03-21T18:11:29.253+0100 [DEBUG] [org.gradle.internal.work.DefaultWorkerLeaseService] Worker lease root.1.35 started (1 worker(s) in use).
2021-03-21T18:11:29.253+0100 [DEBUG] [org.gradle.internal.resources.AbstractTrackedResourceLock] Execution worker for ':' Thread 3: acquired lock on root.1.35
2021-03-21T18:11:29.254+0100 [INFO] [org.gradle.execution.plan.DefaultPlanExecutor] :downloadMCMeta (Thread[Execution worker for ':' Thread 3,5,main]) started.
2021-03-21T18:11:29.254+0100 [DEBUG] [org.gradle.internal.operations.DefaultBuildOperationRunner] Build operation 'Task :downloadMCMeta' started
2021-03-21T18:11:29.259+0100 [DEBUG] [org.gradle.internal.operations.DefaultBuildOperationRunner] Build operation 'Snapshot task inputs for :downloadMCMeta' started
2021-03-21T18:11:29.260+0100 [DEBUG] [org.gradle.internal.operations.DefaultBuildOperationRunner] Build operation 'Snapshot inputs and outputs before executing task ':downloadMCMeta'' started
2021-03-21T18:11:29.262+0100 [DEBUG] [org.gradle.internal.operations.DefaultBuildOperationRunner] Completing Build operation 'Snapshot inputs and outputs before executing task ':downloadMCMeta''
2021-03-21T18:11:29.264+0100 [DEBUG] [org.gradle.internal.operations.DefaultBuildOperationRunner] Completing Build operation 'Snapshot task inputs for :downloadMCMeta'
2021-03-21T18:11:29.254+0100 [LIFECYCLE] [class org.gradle.internal.buildevents.TaskExecutionLogger] 
2021-03-21T18:11:29.254+0100 [LIFECYCLE] [class org.gradle.internal.buildevents.TaskExecutionLogger] > Task :downloadMCMeta UP-TO-DATE
2021-03-21T18:11:29.254+0100 [DEBUG] [org.gradle.api.internal.tasks.execution.ResolveTaskExecutionModeExecuter] Putting task artifact state for task ':downloadMCMeta' into context took 0.0 secs.
2021-03-21T18:11:29.260+0100 [DEBUG] [org.gradle.internal.execution.steps.CaptureStateBeforeExecutionStep] Implementation for task ':downloadMCMeta': net.minecraftforge.gradle.common.task.DownloadMCMeta_Decorated@4a45e1a7b0b5401b749e7ada3fe493aa
2021-03-21T18:11:29.260+0100 [DEBUG] [org.gradle.internal.execution.steps.CaptureStateBeforeExecutionStep] Additional implementations for task ':downloadMCMeta': [net.minecraftforge.gradle.common.task.DownloadMCMeta_Decorated@4a45e1a7b0b5401b749e7ada3fe493aa]
2021-03-21T18:11:29.263+0100 [DEBUG] [org.gradle.internal.operations.DefaultBuildOperationRunner] Build operation 'Snapshot inputs and outputs before executing task ':downloadMCMeta'' completed
2021-03-21T18:11:29.263+0100 [INFO] [org.gradle.internal.execution.steps.ResolveCachingStateStep] Caching disabled for task ':downloadMCMeta' because:
  Build cache is disabled
  Caching has not been enabled for the task
2021-03-21T18:11:29.264+0100 [DEBUG] [org.gradle.internal.operations.DefaultBuildOperationRunner] Build operation 'Snapshot task inputs for :downloadMCMeta' completed
2021-03-21T18:11:29.264+0100 [DEBUG] [org.gradle.internal.execution.steps.SkipUpToDateStep] Determining if task ':downloadMCMeta' is up-to-date
2021-03-21T18:11:29.264+0100 [INFO] [org.gradle.internal.execution.steps.SkipUpToDateStep] Skipping task ':downloadMCMeta' as it is up-to-date.
2021-03-21T18:11:29.264+0100 [DEBUG] [org.gradle.api.internal.tasks.execution.ResolveTaskExecutionModeExecuter] Removed task artifact state for task ':downloadMCMeta' from context.
2021-03-21T18:11:29.264+0100 [DEBUG] [org.gradle.internal.operations.DefaultBuildOperationRunner] Completing Build operation 'Task :downloadMCMeta'
2021-03-21T18:11:29.264+0100 [DEBUG] [org.gradle.internal.operations.DefaultBuildOperationRunner] Build operation 'Task :downloadMCMeta' completed
2021-03-21T18:11:29.264+0100 [INFO] [org.gradle.execution.plan.DefaultPlanExecutor] :downloadMCMeta (Thread[Execution worker for ':' Thread 3,5,main]) completed. Took 0.01 secs.
2021-03-21T18:11:29.264+0100 [DEBUG] [org.gradle.execution.plan.DefaultExecutionPlan] Node :downloadMCMeta finished executing
2021-03-21T18:11:29.264+0100 [DEBUG] [org.gradle.execution.plan.DefaultExecutionPlan] Node :downloadMCMeta completed, executed: true
2021-03-21T18:11:29.265+0100 [DEBUG] [org.gradle.execution.plan.Node] Checking if all dependencies are complete for :downloadAssets
2021-03-21T18:11:29.265+0100 [DEBUG] [org.gradle.execution.plan.Node] All dependencies are complete for :downloadAssets
2021-03-21T18:11:29.265+0100 [DEBUG] [org.gradle.execution.plan.TaskNode] Checking if all must successors are complete for :downloadAssets
2021-03-21T18:11:29.265+0100 [DEBUG] [org.gradle.execution.plan.TaskNode] Checking if all finalizing successors are complete for :downloadAssets
2021-03-21T18:11:29.265+0100 [DEBUG] [org.gradle.execution.plan.TaskNode] All task dependencies are complete for :downloadAssets
2021-03-21T18:11:29.265+0100 [DEBUG] [org.gradle.execution.plan.Node] Checking if all dependencies are complete for :extractNatives
2021-03-21T18:11:29.265+0100 [DEBUG] [org.gradle.execution.plan.Node] All dependencies are complete for :extractNatives
2021-03-21T18:11:29.265+0100 [DEBUG] [org.gradle.execution.plan.TaskNode] Checking if all must successors are complete for :extractNatives
2021-03-21T18:11:29.265+0100 [DEBUG] [org.gradle.execution.plan.TaskNode] Checking if all finalizing successors are complete for :extractNatives
2021-03-21T18:11:29.265+0100 [DEBUG] [org.gradle.execution.plan.TaskNode] All task dependencies are complete for :extractNatives
2021-03-21T18:11:29.265+0100 [DEBUG] [org.gradle.internal.resources.AbstractTrackedResourceLock] Execution worker for ':' Thread 3: released lock on :
2021-03-21T18:11:29.265+0100 [DEBUG] [org.gradle.internal.work.DefaultWorkerLeaseService] Worker lease root.1.35 completed (1 worker(s) in use)
2021-03-21T18:11:29.265+0100 [DEBUG] [org.gradle.internal.resources.AbstractTrackedResourceLock] Execution worker for ':' Thread 3: released lock on root.1.35
2021-03-21T18:11:29.266+0100 [DEBUG] [org.gradle.internal.resources.AbstractTrackedResourceLock] Execution worker for ':' Thread 3: acquired lock on :
2021-03-21T18:11:29.266+0100 [DEBUG] [org.gradle.internal.work.DefaultWorkerLeaseService] Worker lease root.1.35 started (1 worker(s) in use).
2021-03-21T18:11:29.266+0100 [DEBUG] [org.gradle.internal.resources.AbstractTrackedResourceLock] Execution worker for ':' Thread 3: acquired lock on root.1.35
2021-03-21T18:11:29.266+0100 [INFO] [org.gradle.execution.plan.DefaultPlanExecutor] :downloadAssets (Thread[Execution worker for ':' Thread 3,5,main]) started.
2021-03-21T18:11:29.266+0100 [DEBUG] [org.gradle.internal.operations.DefaultBuildOperationRunner] Build operation 'Task :downloadAssets' started
2021-03-21T18:11:29.267+0100 [DEBUG] [org.gradle.internal.operations.DefaultBuildOperationRunner] Build operation 'Snapshot task inputs for :downloadAssets' started
2021-03-21T18:11:29.268+0100 [DEBUG] [org.gradle.internal.operations.DefaultBuildOperationRunner] Completing Build operation 'Snapshot task inputs for :downloadAssets'
2021-03-21T18:11:29.269+0100 [DEBUG] [org.gradle.internal.operations.DefaultBuildOperationRunner] Build operation 'Executing task ':downloadAssets'' started
2021-03-21T18:11:29.269+0100 [DEBUG] [org.gradle.internal.operations.DefaultBuildOperationRunner] Build operation 'Execute run for :downloadAssets' started
2021-03-21T18:11:29.266+0100 [LIFECYCLE] [class org.gradle.internal.buildevents.TaskExecutionLogger] 
2021-03-21T18:11:29.266+0100 [LIFECYCLE] [class org.gradle.internal.buildevents.TaskExecutionLogger] > Task :downloadAssets
2021-03-21T18:11:29.266+0100 [DEBUG] [org.gradle.api.internal.tasks.execution.ResolveTaskExecutionModeExecuter] Putting task artifact state for task ':downloadAssets' into context took 0.0 secs.
2021-03-21T18:11:29.268+0100 [INFO] [org.gradle.internal.execution.steps.ResolveCachingStateStep] Caching disabled for task ':downloadAssets' because:
  Build cache is disabled
2021-03-21T18:11:29.268+0100 [DEBUG] [org.gradle.internal.operations.DefaultBuildOperationRunner] Build operation 'Snapshot task inputs for :downloadAssets' completed
2021-03-21T18:11:29.268+0100 [DEBUG] [org.gradle.internal.execution.steps.SkipUpToDateStep] Determining if task ':downloadAssets' is up-to-date
2021-03-21T18:11:29.269+0100 [INFO] [org.gradle.internal.execution.steps.SkipUpToDateStep] Task ':downloadAssets' is not up-to-date because:
  Task has not declared any outputs despite executing actions.
2021-03-21T18:11:29.269+0100 [DEBUG] [org.gradle.api.internal.tasks.execution.ExecuteActionsTaskExecuter] Executing actions for task ':downloadAssets'.
2021-03-21T18:11:32.817+0100 [LIFECYCLE] [org.gradle.internal.operations.DefaultBuildOperationRunner] 
2021-03-21T18:11:32.817+0100 [DEBUG] [org.gradle.internal.operations.DefaultBuildOperationRunner] Completing Build operation 'Execute run for :downloadAssets'
2021-03-21T18:11:32.817+0100 [DEBUG] [org.gradle.internal.operations.DefaultBuildOperationRunner] Completing Build operation 'Executing task ':downloadAssets''
2021-03-21T18:11:32.817+0100 [DEBUG] [org.gradle.internal.operations.DefaultBuildOperationRunner] Build operation 'Snapshot outputs after executing task ':downloadAssets'' started
2021-03-21T18:11:32.817+0100 [DEBUG] [org.gradle.internal.operations.DefaultBuildOperationRunner] Completing Build operation 'Snapshot outputs after executing task ':downloadAssets''
2021-03-21T18:11:31.305+0100 [LIFECYCLE] [class org.gradle.internal.buildevents.TaskExecutionLogger] 
2021-03-21T18:11:31.305+0100 [LIFECYCLE] [class org.gradle.internal.buildevents.TaskExecutionLogger] > Task :downloadAssets
2021-03-21T18:11:32.817+0100 [DEBUG] [org.gradle.internal.operations.DefaultBuildOperationRunner] Build operation 'Execute run for :downloadAssets' completed
2021-03-21T18:11:32.817+0100 [DEBUG] [org.gradle.internal.operations.DefaultBuildOperationRunner] Build operation 'Executing task ':downloadAssets'' completed
2021-03-21T18:11:32.817+0100 [DEBUG] [org.gradle.internal.operations.DefaultBuildOperationRunner] Build operation 'Snapshot outputs after executing task ':downloadAssets'' completed
2021-03-21T18:11:32.817+0100 [DEBUG] [org.gradle.api.internal.tasks.execution.ResolveTaskExecutionModeExecuter] Removed task artifact state for task ':downloadAssets' from context.
2021-03-21T18:11:32.817+0100 [DEBUG] [org.gradle.internal.operations.DefaultBuildOperationRunner] Completing Build operation 'Task :downloadAssets'
2021-03-21T18:11:32.817+0100 [DEBUG] [org.gradle.internal.operations.DefaultBuildOperationRunner] Build operation 'Task :downloadAssets' completed
2021-03-21T18:11:32.818+0100 [INFO] [org.gradle.execution.plan.DefaultPlanExecutor] :downloadAssets (Thread[Execution worker for ':' Thread 3,5,main]) completed. Took 3.55 secs.
2021-03-21T18:11:32.818+0100 [DEBUG] [org.gradle.execution.plan.DefaultExecutionPlan] Node :downloadAssets finished executing
2021-03-21T18:11:32.818+0100 [DEBUG] [org.gradle.execution.plan.DefaultExecutionPlan] Node :downloadAssets completed, executed: true
2021-03-21T18:11:32.818+0100 [DEBUG] [org.gradle.execution.plan.Node] Checking if all dependencies are complete for :prepareRuns
2021-03-21T18:11:32.818+0100 [DEBUG] [org.gradle.execution.plan.Node] Dependency :extractNatives for :prepareRuns not yet completed
2021-03-21T18:11:32.818+0100 [DEBUG] [org.gradle.internal.resources.AbstractTrackedResourceLock] Execution worker for ':' Thread 3: released lock on :
2021-03-21T18:11:32.818+0100 [DEBUG] [org.gradle.internal.work.DefaultWorkerLeaseService] Worker lease root.1.35 completed (1 worker(s) in use)
2021-03-21T18:11:32.818+0100 [DEBUG] [org.gradle.internal.resources.AbstractTrackedResourceLock] Execution worker for ':' Thread 3: released lock on root.1.35
2021-03-21T18:11:32.819+0100 [DEBUG] [org.gradle.internal.resources.AbstractTrackedResourceLock] Execution worker for ':' Thread 3: acquired lock on :
2021-03-21T18:11:32.819+0100 [DEBUG] [org.gradle.internal.work.DefaultWorkerLeaseService] Worker lease root.1.35 started (1 worker(s) in use).
2021-03-21T18:11:32.819+0100 [DEBUG] [org.gradle.internal.resources.AbstractTrackedResourceLock] Execution worker for ':' Thread 3: acquired lock on root.1.35
2021-03-21T18:11:32.819+0100 [INFO] [org.gradle.execution.plan.DefaultPlanExecutor] :extractNatives (Thread[Execution worker for ':' Thread 3,5,main]) started.
2021-03-21T18:11:32.819+0100 [DEBUG] [org.gradle.internal.operations.DefaultBuildOperationRunner] Build operation 'Task :extractNatives' started
2021-03-21T18:11:32.824+0100 [DEBUG] [org.gradle.internal.operations.DefaultBuildOperationRunner] Build operation 'Snapshot task inputs for :extractNatives' started
2021-03-21T18:11:32.825+0100 [DEBUG] [org.gradle.internal.operations.DefaultBuildOperationRunner] Build operation 'Snapshot inputs and outputs before executing task ':extractNatives'' started
2021-03-21T18:11:32.837+0100 [DEBUG] [org.gradle.internal.operations.DefaultBuildOperationRunner] Completing Build operation 'Snapshot inputs and outputs before executing task ':extractNatives''
2021-03-21T18:11:32.837+0100 [DEBUG] [org.gradle.internal.operations.DefaultBuildOperationRunner] Completing Build operation 'Snapshot task inputs for :extractNatives'
2021-03-21T18:11:32.819+0100 [LIFECYCLE] [class org.gradle.internal.buildevents.TaskExecutionLogger] 
2021-03-21T18:11:32.819+0100 [LIFECYCLE] [class org.gradle.internal.buildevents.TaskExecutionLogger] > Task :extractNatives UP-TO-DATE
2021-03-21T18:11:32.820+0100 [DEBUG] [org.gradle.api.internal.tasks.execution.ResolveTaskExecutionModeExecuter] Putting task artifact state for task ':extractNatives' into context took 0.0 secs.
2021-03-21T18:11:32.825+0100 [DEBUG] [org.gradle.internal.execution.steps.CaptureStateBeforeExecutionStep] Implementation for task ':extractNatives': net.minecraftforge.gradle.common.task.ExtractNatives_Decorated@4a45e1a7b0b5401b749e7ada3fe493aa
2021-03-21T18:11:32.825+0100 [DEBUG] [org.gradle.internal.execution.steps.CaptureStateBeforeExecutionStep] Additional implementations for task ':extractNatives': [net.minecraftforge.gradle.common.task.ExtractNatives_Decorated@4a45e1a7b0b5401b749e7ada3fe493aa]
2021-03-21T18:11:32.837+0100 [DEBUG] [org.gradle.internal.operations.DefaultBuildOperationRunner] Build operation 'Snapshot inputs and outputs before executing task ':extractNatives'' completed
2021-03-21T18:11:32.837+0100 [INFO] [org.gradle.internal.execution.steps.ResolveCachingStateStep] Caching disabled for task ':extractNatives' because:
  Build cache is disabled
  Caching has not been enabled for the task
2021-03-21T18:11:32.837+0100 [DEBUG] [org.gradle.internal.operations.DefaultBuildOperationRunner] Build operation 'Snapshot task inputs for :extractNatives' completed
2021-03-21T18:11:32.838+0100 [DEBUG] [org.gradle.internal.execution.steps.SkipUpToDateStep] Determining if task ':extractNatives' is up-to-date
2021-03-21T18:11:32.838+0100 [INFO] [org.gradle.internal.execution.steps.SkipUpToDateStep] Skipping task ':extractNatives' as it is up-to-date.
2021-03-21T18:11:32.838+0100 [DEBUG] [org.gradle.api.internal.tasks.execution.ResolveTaskExecutionModeExecuter] Removed task artifact state for task ':extractNatives' from context.
2021-03-21T18:11:32.838+0100 [DEBUG] [org.gradle.internal.operations.DefaultBuildOperationRunner] Completing Build operation 'Task :extractNatives'
2021-03-21T18:11:32.838+0100 [DEBUG] [org.gradle.internal.operations.DefaultBuildOperationRunner] Build operation 'Task :extractNatives' completed
2021-03-21T18:11:32.839+0100 [INFO] [org.gradle.execution.plan.DefaultPlanExecutor] :extractNatives (Thread[Execution worker for ':' Thread 3,5,main]) completed. Took 0.019 secs.
2021-03-21T18:11:32.839+0100 [DEBUG] [org.gradle.execution.plan.DefaultExecutionPlan] Node :extractNatives finished executing
2021-03-21T18:11:32.839+0100 [DEBUG] [org.gradle.execution.plan.DefaultExecutionPlan] Node :extractNatives completed, executed: true
2021-03-21T18:11:32.839+0100 [DEBUG] [org.gradle.execution.plan.Node] Checking if all dependencies are complete for :prepareRuns
2021-03-21T18:11:32.839+0100 [DEBUG] [org.gradle.execution.plan.Node] Dependency :makeSrcDirs for :prepareRuns not yet completed
2021-03-21T18:11:32.839+0100 [DEBUG] [org.gradle.internal.resources.AbstractTrackedResourceLock] Execution worker for ':' Thread 3: released lock on :
2021-03-21T18:11:32.839+0100 [DEBUG] [org.gradle.internal.work.DefaultWorkerLeaseService] Worker lease root.1.35 completed (1 worker(s) in use)
2021-03-21T18:11:32.840+0100 [DEBUG] [org.gradle.internal.resources.AbstractTrackedResourceLock] Execution worker for ':' Thread 3: released lock on root.1.35
2021-03-21T18:11:32.840+0100 [DEBUG] [org.gradle.internal.resources.AbstractTrackedResourceLock] Execution worker for ':' Thread 3: acquired lock on :
2021-03-21T18:11:32.840+0100 [DEBUG] [org.gradle.internal.work.DefaultWorkerLeaseService] Worker lease root.1.35 started (1 worker(s) in use).
2021-03-21T18:11:32.840+0100 [DEBUG] [org.gradle.internal.resources.AbstractTrackedResourceLock] Execution worker for ':' Thread 3: acquired lock on root.1.35
2021-03-21T18:11:32.841+0100 [INFO] [org.gradle.execution.plan.DefaultPlanExecutor] :makeSrcDirs (Thread[Execution worker for ':' Thread 3,5,main]) started.
2021-03-21T18:11:32.841+0100 [DEBUG] [org.gradle.internal.operations.DefaultBuildOperationRunner] Build operation 'Task :makeSrcDirs' started
2021-03-21T18:11:32.841+0100 [DEBUG] [org.gradle.internal.operations.DefaultBuildOperationRunner] Build operation 'Snapshot task inputs for :makeSrcDirs' started
2021-03-21T18:11:32.842+0100 [DEBUG] [org.gradle.internal.operations.DefaultBuildOperationRunner] Completing Build operation 'Snapshot task inputs for :makeSrcDirs'
2021-03-21T18:11:32.842+0100 [DEBUG] [org.gradle.internal.operations.DefaultBuildOperationRunner] Build operation 'Executing task ':makeSrcDirs'' started
2021-03-21T18:11:32.842+0100 [DEBUG] [org.gradle.internal.operations.DefaultBuildOperationRunner] Build operation 'Execute doFirst {} action for :makeSrcDirs' started
2021-03-21T18:11:32.845+0100 [DEBUG] [org.gradle.internal.operations.DefaultBuildOperationRunner] Completing Build operation 'Execute doFirst {} action for :makeSrcDirs'
2021-03-21T18:11:32.845+0100 [DEBUG] [org.gradle.internal.operations.DefaultBuildOperationRunner] Completing Build operation 'Executing task ':makeSrcDirs''
2021-03-21T18:11:32.845+0100 [DEBUG] [org.gradle.internal.operations.DefaultBuildOperationRunner] Build operation 'Snapshot outputs after executing task ':makeSrcDirs'' started
2021-03-21T18:11:32.845+0100 [DEBUG] [org.gradle.internal.operations.DefaultBuildOperationRunner] Completing Build operation 'Snapshot outputs after executing task ':makeSrcDirs''
2021-03-21T18:11:32.841+0100 [LIFECYCLE] [class org.gradle.internal.buildevents.TaskExecutionLogger] 
2021-03-21T18:11:32.841+0100 [LIFECYCLE] [class org.gradle.internal.buildevents.TaskExecutionLogger] > Task :makeSrcDirs
2021-03-21T18:11:32.841+0100 [DEBUG] [org.gradle.api.internal.tasks.execution.ResolveTaskExecutionModeExecuter] Putting task artifact state for task ':makeSrcDirs' into context took 0.0 secs.
2021-03-21T18:11:32.841+0100 [INFO] [org.gradle.internal.execution.steps.ResolveCachingStateStep] Caching disabled for task ':makeSrcDirs' because:
  Build cache is disabled
2021-03-21T18:11:32.842+0100 [DEBUG] [org.gradle.internal.operations.DefaultBuildOperationRunner] Build operation 'Snapshot task inputs for :makeSrcDirs' completed
2021-03-21T18:11:32.842+0100 [DEBUG] [org.gradle.internal.execution.steps.SkipUpToDateStep] Determining if task ':makeSrcDirs' is up-to-date
2021-03-21T18:11:32.842+0100 [INFO] [org.gradle.internal.execution.steps.SkipUpToDateStep] Task ':makeSrcDirs' is not up-to-date because:
  Task has not declared any outputs despite executing actions.
2021-03-21T18:11:32.842+0100 [DEBUG] [org.gradle.api.internal.tasks.execution.ExecuteActionsTaskExecuter] Executing actions for task ':makeSrcDirs'.
2021-03-21T18:11:32.845+0100 [DEBUG] [org.gradle.internal.operations.DefaultBuildOperationRunner] Build operation 'Execute doFirst {} action for :makeSrcDirs' completed
2021-03-21T18:11:32.845+0100 [DEBUG] [org.gradle.internal.operations.DefaultBuildOperationRunner] Build operation 'Executing task ':makeSrcDirs'' completed
2021-03-21T18:11:32.846+0100 [DEBUG] [org.gradle.internal.operations.DefaultBuildOperationRunner] Build operation 'Snapshot outputs after executing task ':makeSrcDirs'' completed
2021-03-21T18:11:32.846+0100 [DEBUG] [org.gradle.api.internal.tasks.execution.ResolveTaskExecutionModeExecuter] Removed task artifact state for task ':makeSrcDirs' from context.
2021-03-21T18:11:32.846+0100 [DEBUG] [org.gradle.internal.operations.DefaultBuildOperationRunner] Completing Build operation 'Task :makeSrcDirs'
2021-03-21T18:11:32.846+0100 [DEBUG] [org.gradle.internal.operations.DefaultBuildOperationRunner] Build operation 'Task :makeSrcDirs' completed
2021-03-21T18:11:32.846+0100 [INFO] [org.gradle.execution.plan.DefaultPlanExecutor] :makeSrcDirs (Thread[Execution worker for ':' Thread 3,5,main]) completed. Took 0.005 secs.
2021-03-21T18:11:32.846+0100 [DEBUG] [org.gradle.execution.plan.DefaultExecutionPlan] Node :makeSrcDirs finished executing
2021-03-21T18:11:32.846+0100 [DEBUG] [org.gradle.execution.plan.DefaultExecutionPlan] Node :makeSrcDirs completed, executed: true
2021-03-21T18:11:32.846+0100 [DEBUG] [org.gradle.execution.plan.Node] Checking if all dependencies are complete for :prepareRuns
2021-03-21T18:11:32.846+0100 [DEBUG] [org.gradle.execution.plan.Node] All dependencies are complete for :prepareRuns
2021-03-21T18:11:32.846+0100 [DEBUG] [org.gradle.execution.plan.TaskNode] Checking if all must successors are complete for :prepareRuns
2021-03-21T18:11:32.846+0100 [DEBUG] [org.gradle.execution.plan.TaskNode] Checking if all finalizing successors are complete for :prepareRuns
2021-03-21T18:11:32.846+0100 [DEBUG] [org.gradle.execution.plan.TaskNode] All task dependencies are complete for :prepareRuns
2021-03-21T18:11:32.846+0100 [DEBUG] [org.gradle.internal.resources.AbstractTrackedResourceLock] Execution worker for ':' Thread 3: released lock on :
2021-03-21T18:11:32.846+0100 [DEBUG] [org.gradle.internal.work.DefaultWorkerLeaseService] Worker lease root.1.35 completed (1 worker(s) in use)
2021-03-21T18:11:32.846+0100 [DEBUG] [org.gradle.internal.resources.AbstractTrackedResourceLock] Execution worker for ':' Thread 3: released lock on root.1.35
2021-03-21T18:11:32.847+0100 [DEBUG] [org.gradle.internal.resources.AbstractTrackedResourceLock] Execution worker for ':' Thread 3: acquired lock on :
2021-03-21T18:11:32.847+0100 [DEBUG] [org.gradle.internal.work.DefaultWorkerLeaseService] Worker lease root.1.35 started (1 worker(s) in use).
2021-03-21T18:11:32.847+0100 [DEBUG] [org.gradle.internal.resources.AbstractTrackedResourceLock] Execution worker for ':' Thread 3: acquired lock on root.1.35
2021-03-21T18:11:32.847+0100 [INFO] [org.gradle.execution.plan.DefaultPlanExecutor] :prepareRuns (Thread[Execution worker for ':' Thread 3,5,main]) started.
2021-03-21T18:11:32.847+0100 [DEBUG] [org.gradle.internal.operations.DefaultBuildOperationRunner] Build operation 'Task :prepareRuns' started
2021-03-21T18:11:32.847+0100 [LIFECYCLE] [class org.gradle.internal.buildevents.TaskExecutionLogger] 
2021-03-21T18:11:32.847+0100 [LIFECYCLE] [class org.gradle.internal.buildevents.TaskExecutionLogger] > Task :prepareRuns
2021-03-21T18:11:32.847+0100 [INFO] [org.gradle.api.internal.tasks.execution.SkipTaskWithNoActionsExecuter] Skipping task ':prepareRuns' as it has no actions.
2021-03-21T18:11:32.847+0100 [DEBUG] [org.gradle.internal.operations.DefaultBuildOperationRunner] Completing Build operation 'Task :prepareRuns'
2021-03-21T18:11:32.847+0100 [DEBUG] [org.gradle.internal.operations.DefaultBuildOperationRunner] Build operation 'Task :prepareRuns' completed
2021-03-21T18:11:32.847+0100 [INFO] [org.gradle.execution.plan.DefaultPlanExecutor] :prepareRuns (Thread[Execution worker for ':' Thread 3,5,main]) completed. Took 0.0 secs.
2021-03-21T18:11:32.847+0100 [DEBUG] [org.gradle.execution.plan.DefaultExecutionPlan] Node :prepareRuns finished executing
2021-03-21T18:11:32.847+0100 [DEBUG] [org.gradle.execution.plan.DefaultExecutionPlan] Node :prepareRuns completed, executed: true
2021-03-21T18:11:32.847+0100 [DEBUG] [org.gradle.execution.plan.Node] Checking if all dependencies are complete for :prepareRunData
2021-03-21T18:11:32.847+0100 [DEBUG] [org.gradle.execution.plan.Node] All dependencies are complete for :prepareRunData
2021-03-21T18:11:32.847+0100 [DEBUG] [org.gradle.execution.plan.TaskNode] Checking if all must successors are complete for :prepareRunData
2021-03-21T18:11:32.848+0100 [DEBUG] [org.gradle.execution.plan.TaskNode] Checking if all finalizing successors are complete for :prepareRunData
2021-03-21T18:11:32.848+0100 [DEBUG] [org.gradle.execution.plan.TaskNode] All task dependencies are complete for :prepareRunData
2021-03-21T18:11:32.848+0100 [DEBUG] [org.gradle.internal.resources.AbstractTrackedResourceLock] Execution worker for ':' Thread 3: released lock on :
2021-03-21T18:11:32.848+0100 [DEBUG] [org.gradle.internal.work.DefaultWorkerLeaseService] Worker lease root.1.35 completed (1 worker(s) in use)
2021-03-21T18:11:32.848+0100 [DEBUG] [org.gradle.internal.resources.AbstractTrackedResourceLock] Execution worker for ':' Thread 3: released lock on root.1.35
2021-03-21T18:11:32.848+0100 [DEBUG] [org.gradle.internal.resources.AbstractTrackedResourceLock] Execution worker for ':' Thread 3: acquired lock on :
2021-03-21T18:11:32.848+0100 [DEBUG] [org.gradle.internal.work.DefaultWorkerLeaseService] Worker lease root.1.35 started (1 worker(s) in use).
2021-03-21T18:11:32.848+0100 [DEBUG] [org.gradle.internal.resources.AbstractTrackedResourceLock] Execution worker for ':' Thread 3: acquired lock on root.1.35
2021-03-21T18:11:32.848+0100 [INFO] [org.gradle.execution.plan.DefaultPlanExecutor] :prepareRunData (Thread[Execution worker for ':' Thread 3,5,main]) started.
2021-03-21T18:11:32.848+0100 [DEBUG] [org.gradle.internal.operations.DefaultBuildOperationRunner] Build operation 'Task :prepareRunData' started
2021-03-21T18:11:32.848+0100 [LIFECYCLE] [class org.gradle.internal.buildevents.TaskExecutionLogger] 
2021-03-21T18:11:32.848+0100 [LIFECYCLE] [class org.gradle.internal.buildevents.TaskExecutionLogger] > Task :prepareRunData
2021-03-21T18:11:32.848+0100 [INFO] [org.gradle.api.internal.tasks.execution.SkipTaskWithNoActionsExecuter] Skipping task ':prepareRunData' as it has no actions.
2021-03-21T18:11:32.848+0100 [DEBUG] [org.gradle.internal.operations.DefaultBuildOperationRunner] Completing Build operation 'Task :prepareRunData'
2021-03-21T18:11:32.849+0100 [DEBUG] [org.gradle.internal.operations.DefaultBuildOperationRunner] Build operation 'Task :prepareRunData' completed
2021-03-21T18:11:32.849+0100 [INFO] [org.gradle.execution.plan.DefaultPlanExecutor] :prepareRunData (Thread[Execution worker for ':' Thread 3,5,main]) completed. Took 0.0 secs.
2021-03-21T18:11:32.849+0100 [DEBUG] [org.gradle.execution.plan.DefaultExecutionPlan] Node :prepareRunData finished executing
2021-03-21T18:11:32.849+0100 [DEBUG] [org.gradle.execution.plan.DefaultExecutionPlan] Node :prepareRunData completed, executed: true
2021-03-21T18:11:32.849+0100 [DEBUG] [org.gradle.execution.plan.Node] Checking if all dependencies are complete for :runData
2021-03-21T18:11:32.849+0100 [DEBUG] [org.gradle.execution.plan.Node] All dependencies are complete for :runData
2021-03-21T18:11:32.849+0100 [DEBUG] [org.gradle.execution.plan.TaskNode] Checking if all must successors are complete for :runData
2021-03-21T18:11:32.849+0100 [DEBUG] [org.gradle.execution.plan.TaskNode] Checking if all finalizing successors are complete for :runData
2021-03-21T18:11:32.849+0100 [DEBUG] [org.gradle.execution.plan.TaskNode] All task dependencies are complete for :runData
2021-03-21T18:11:32.849+0100 [DEBUG] [org.gradle.internal.resources.AbstractTrackedResourceLock] Execution worker for ':' Thread 3: released lock on :
2021-03-21T18:11:32.849+0100 [DEBUG] [org.gradle.internal.work.DefaultWorkerLeaseService] Worker lease root.1.35 completed (1 worker(s) in use)
2021-03-21T18:11:32.849+0100 [DEBUG] [org.gradle.internal.resources.AbstractTrackedResourceLock] Execution worker for ':' Thread 3: released lock on root.1.35
2021-03-21T18:11:32.850+0100 [DEBUG] [org.gradle.internal.resources.AbstractTrackedResourceLock] Execution worker for ':' Thread 3: acquired lock on :
2021-03-21T18:11:32.850+0100 [DEBUG] [org.gradle.internal.work.DefaultWorkerLeaseService] Worker lease root.1.35 started (1 worker(s) in use).
2021-03-21T18:11:32.850+0100 [DEBUG] [org.gradle.internal.resources.AbstractTrackedResourceLock] Execution worker for ':' Thread 3: acquired lock on root.1.35
2021-03-21T18:11:32.850+0100 [INFO] [org.gradle.execution.plan.DefaultPlanExecutor] :runData (Thread[Execution worker for ':' Thread 3,5,main]) started.
2021-03-21T18:11:32.850+0100 [DEBUG] [org.gradle.internal.operations.DefaultBuildOperationRunner] Build operation 'Task :runData' started
2021-03-21T18:11:32.851+0100 [DEBUG] [org.gradle.internal.operations.DefaultBuildOperationRunner] Build operation 'Snapshot task inputs for :runData' started
2021-03-21T18:11:32.852+0100 [DEBUG] [org.gradle.internal.operations.DefaultBuildOperationRunner] Completing Build operation 'Snapshot task inputs for :runData'
2021-03-21T18:11:32.853+0100 [DEBUG] [org.gradle.internal.operations.DefaultBuildOperationRunner] Build operation 'Executing task ':runData'' started
2021-03-21T18:11:32.853+0100 [DEBUG] [org.gradle.internal.operations.DefaultBuildOperationRunner] Build operation 'Execute exec for :runData' started
2021-03-21T18:11:32.859+0100 [DEBUG] [org.gradle.internal.operations.DefaultBuildOperationRunner] Build operation 'Resolve dependencies of :runtimeClasspath' started
2021-03-21T18:11:32.864+0100 [DEBUG] [org.gradle.internal.work.DefaultWorkerLeaseService] Worker lease root.1.35.59.61 started (2 worker(s) in use).
2021-03-21T18:11:32.864+0100 [DEBUG] [org.gradle.internal.operations.DefaultBuildOperationRunner] Build operation 'Resolve net.minecraftforge:forge:1.16.5-36.1.0_mapped_official_1.16.5' started
2021-03-21T18:11:32.864+0100 [DEBUG] [org.gradle.internal.resources.AbstractTrackedResourceLock] Build operations Thread 8: acquired lock on root.1.35.59.61
2021-03-21T18:11:32.864+0100 [DEBUG] [org.gradle.internal.operations.DefaultBuildOperationRunner] Build operation 'Resolve net.minecraftforge:forge:1.16.5-36.1.0_mapped_official_1.16.5' started
2021-03-21T18:11:32.865+0100 [DEBUG] [org.gradle.internal.operations.DefaultBuildOperationRunner] Completing Build operation 'Resolve net.minecraftforge:forge:1.16.5-36.1.0_mapped_official_1.16.5'
2021-03-21T18:11:32.866+0100 [DEBUG] [org.gradle.internal.operations.DefaultBuildOperationRunner] Completing Build operation 'Resolve net.minecraftforge:forge:1.16.5-36.1.0_mapped_official_1.16.5'
2021-03-21T18:11:32.866+0100 [DEBUG] [org.gradle.internal.operations.DefaultBuildOperationRunner] Build operation 'Resolve net.minecraftforge:forge:1.16.5-36.1.0_mapped_official_1.16.5' completed
2021-03-21T18:11:32.866+0100 [DEBUG] [org.gradle.internal.work.DefaultWorkerLeaseService] Worker lease root.1.35.59.61 completed (1 worker(s) in use)
2021-03-21T18:11:32.866+0100 [DEBUG] [org.gradle.internal.resources.AbstractTrackedResourceLock] Build operations Thread 8: released lock on root.1.35.59.61
2021-03-21T18:11:32.871+0100 [DEBUG] [org.gradle.internal.operations.DefaultBuildOperationRunner] Build operation 'Resolve net.minecraft:client:1.16.5' started
2021-03-21T18:11:32.871+0100 [DEBUG] [org.gradle.internal.work.DefaultWorkerLeaseService] Worker lease root.1.35.62.64 started (2 worker(s) in use).
2021-03-21T18:11:32.871+0100 [DEBUG] [org.gradle.internal.resources.AbstractTrackedResourceLock] Build operations Thread 12: acquired lock on root.1.35.62.64
2021-03-21T18:11:32.871+0100 [DEBUG] [org.gradle.internal.operations.DefaultBuildOperationRunner] Build operation 'Resolve net.minecraft:mappings_official:1.16.5' started
2021-03-21T18:11:32.872+0100 [DEBUG] [org.gradle.internal.operations.DefaultBuildOperationRunner] Completing Build operation 'Resolve net.minecraft:client:1.16.5'
2021-03-21T18:11:32.872+0100 [DEBUG] [org.gradle.internal.operations.DefaultBuildOperationRunner] Completing Build operation 'Resolve net.minecraft:mappings_official:1.16.5'
2021-03-21T18:11:32.873+0100 [DEBUG] [org.gradle.internal.operations.DefaultBuildOperationRunner] Build operation 'Resolve net.minecraft:mappings_official:1.16.5' completed
2021-03-21T18:11:32.873+0100 [DEBUG] [org.gradle.internal.work.DefaultWorkerLeaseService] Worker lease root.1.35.62.64 completed (1 worker(s) in use)
2021-03-21T18:11:32.873+0100 [DEBUG] [org.gradle.internal.resources.AbstractTrackedResourceLock] Build operations Thread 12: released lock on root.1.35.62.64
2021-03-21T18:11:32.968+0100 [DEBUG] [org.gradle.internal.operations.DefaultBuildOperationRunner] Completing Build operation 'Resolve dependencies of :runtimeClasspath'
2021-03-21T18:11:32.978+0100 [DEBUG] [org.gradle.api.internal.artifacts.ivyservice.resolveengine.result.StreamingResolutionResultBuilder$RootFactory] Loaded resolution results (0.004 secs) from Binary store in C:\Users\troyvs\AppData\Local\Temp\gradle31916489648141876.bin offset 12048 exists? true
2021-03-21T18:11:32.980+0100 [DEBUG] [org.gradle.internal.operations.DefaultBuildOperationRunner] Build operation 'Resolve files of :runtimeClasspath' started
2021-03-21T18:11:32.980+0100 [DEBUG] [org.gradle.internal.work.DefaultWorkerLeaseService] Worker lease root.1.35.65.66 started (1 worker(s) in use).
2021-03-21T18:11:32.980+0100 [DEBUG] [org.gradle.internal.resources.AbstractTrackedResourceLock] Build operations: acquired lock on root.1.35.65.66
2021-03-21T18:11:32.980+0100 [DEBUG] [org.gradle.internal.work.DefaultWorkerLeaseService] Worker lease root.1.35.65.74 started (2 worker(s) in use).
2021-03-21T18:11:32.980+0100 [DEBUG] [org.gradle.internal.operations.DefaultBuildOperationRunner] Build operation 'Resolve forge-1.16.5-36.1.0_mapped_official_1.16.5-launcher.jar (net.minecraftforge:forge:1.16.5-36.1.0_mapped_official_1.16.5)' started
2021-03-21T18:11:32.980+0100 [DEBUG] [org.gradle.internal.resources.AbstractTrackedResourceLock] Build operations Thread 5: acquired lock on root.1.35.65.74
2021-03-21T18:11:32.980+0100 [DEBUG] [org.gradle.internal.work.DefaultWorkerLeaseService] Worker lease root.1.35.65.72 started (3 worker(s) in use).
2021-03-21T18:11:32.980+0100 [DEBUG] [org.gradle.internal.operations.DefaultBuildOperationRunner] Build operation 'Resolve lwjgl-opengl-3.2.2-natives-windows.jar (org.lwjgl:lwjgl-opengl:3.2.2)' started
2021-03-21T18:11:32.981+0100 [DEBUG] [org.gradle.internal.operations.DefaultBuildOperationRunner] Completing Build operation 'Resolve lwjgl-opengl-3.2.2-natives-windows.jar (org.lwjgl:lwjgl-opengl:3.2.2)'
2021-03-21T18:11:32.981+0100 [DEBUG] [org.gradle.internal.operations.DefaultBuildOperationRunner] Build operation 'Resolve lwjgl-opengl-3.2.2-natives-windows.jar (org.lwjgl:lwjgl-opengl:3.2.2)' completed
2021-03-21T18:11:32.982+0100 [DEBUG] [org.gradle.internal.operations.DefaultBuildOperationRunner] Build operation 'Resolve text2speech-1.11.3-natives-windows.jar (com.mojang:text2speech:1.11.3)' started
2021-03-21T18:11:32.983+0100 [DEBUG] [org.gradle.internal.operations.DefaultBuildOperationRunner] Completing Build operation 'Resolve text2speech-1.11.3-natives-windows.jar (com.mojang:text2speech:1.11.3)'
2021-03-21T18:11:32.983+0100 [DEBUG] [org.gradle.internal.operations.DefaultBuildOperationRunner] Build operation 'Resolve text2speech-1.11.3-natives-windows.jar (com.mojang:text2speech:1.11.3)' completed
2021-03-21T18:11:32.983+0100 [DEBUG] [org.gradle.internal.operations.DefaultBuildOperationRunner] Build operation 'Resolve jinput-platform-2.0.5-natives-linux.jar (net.java.jinput:jinput-platform:2.0.5)' started
2021-03-21T18:11:32.981+0100 [DEBUG] [org.gradle.internal.resources.AbstractTrackedResourceLock] Build operations Thread 10: acquired lock on root.1.35.65.72
2021-03-21T18:11:32.983+0100 [DEBUG] [org.gradle.internal.work.DefaultWorkerLeaseService] Worker lease root.1.35.65.71 started (4 worker(s) in use).
2021-03-21T18:11:32.984+0100 [DEBUG] [org.gradle.internal.resources.AbstractTrackedResourceLock] Build operations Thread 9: acquired lock on root.1.35.65.71
2021-03-21T18:11:32.983+0100 [DEBUG] [org.gradle.internal.operations.DefaultBuildOperationRunner] Completing Build operation 'Resolve forge-1.16.5-36.1.0_mapped_official_1.16.5-launcher.jar (net.minecraftforge:forge:1.16.5-36.1.0_mapped_official_1.16.5)'
2021-03-21T18:11:32.984+0100 [DEBUG] [org.gradle.internal.work.DefaultWorkerLeaseService] Worker lease root.1.35.65.70 started (5 worker(s) in use).
2021-03-21T18:11:32.984+0100 [DEBUG] [org.gradle.internal.resources.AbstractTrackedResourceLock] Build operations Thread 4: acquired lock on root.1.35.65.70
2021-03-21T18:11:32.984+0100 [DEBUG] [org.gradle.internal.operations.DefaultBuildOperationRunner] Build operation 'Resolve mappings_official-1.16.5.zip (net.minecraft:mappings_official:1.16.5)' started
2021-03-21T18:11:32.984+0100 [DEBUG] [org.gradle.internal.operations.DefaultBuildOperationRunner] Build operation 'Resolve mergetool-1.0.9-api.jar (net.minecraftforge:mergetool:1.0.9)' started
2021-03-21T18:11:32.983+0100 [DEBUG] [org.gradle.internal.operations.DefaultBuildOperationRunner] Build operation 'Resolve lwjgl-jemalloc-3.2.2-natives-windows.jar (org.lwjgl:lwjgl-jemalloc:3.2.2)' started
2021-03-21T18:11:32.984+0100 [DEBUG] [org.gradle.internal.operations.DefaultBuildOperationRunner] Completing Build operation 'Resolve jinput-platform-2.0.5-natives-linux.jar (net.java.jinput:jinput-platform:2.0.5)'
2021-03-21T18:11:32.984+0100 [DEBUG] [org.gradle.internal.operations.DefaultBuildOperationRunner] Build operation 'Resolve jinput-platform-2.0.5-natives-linux.jar (net.java.jinput:jinput-platform:2.0.5)' completed
2021-03-21T18:11:32.984+0100 [DEBUG] [org.gradle.internal.work.DefaultWorkerLeaseService] Worker lease root.1.35.65.68 started (6 worker(s) in use).
2021-03-21T18:11:32.984+0100 [DEBUG] [org.gradle.internal.resources.AbstractTrackedResourceLock] Build operations Thread 2: acquired lock on root.1.35.65.68
2021-03-21T18:11:32.984+0100 [DEBUG] [org.gradle.internal.operations.DefaultBuildOperationRunner] Build operation 'Resolve forge-1.16.5-36.1.0_mapped_official_1.16.5-launcher.jar (net.minecraftforge:forge:1.16.5-36.1.0_mapped_official_1.16.5)' completed
2021-03-21T18:11:32.985+0100 [DEBUG] [org.gradle.internal.work.DefaultWorkerLeaseService] Worker lease root.1.35.65.67 started (7 worker(s) in use).
2021-03-21T18:11:32.985+0100 [DEBUG] [org.gradle.internal.resources.AbstractTrackedResourceLock] Build operations Thread 6: acquired lock on root.1.35.65.67
2021-03-21T18:11:32.985+0100 [DEBUG] [org.gradle.internal.operations.DefaultBuildOperationRunner] Build operation 'Resolve modlauncher-8.0.9-api.jar (cpw.mods:modlauncher:8.0.9)' started
2021-03-21T18:11:32.984+0100 [DEBUG] [org.gradle.internal.operations.DefaultBuildOperationRunner] Build operation 'Resolve jinput-platform-2.0.5-natives-windows.jar (net.java.jinput:jinput-platform:2.0.5)' started
2021-03-21T18:11:32.985+0100 [DEBUG] [org.gradle.internal.operations.DefaultBuildOperationRunner] Completing Build operation 'Resolve lwjgl-jemalloc-3.2.2-natives-windows.jar (org.lwjgl:lwjgl-jemalloc:3.2.2)'
2021-03-21T18:11:32.985+0100 [DEBUG] [org.gradle.internal.operations.DefaultBuildOperationRunner] Completing Build operation 'Resolve mappings_official-1.16.5.zip (net.minecraft:mappings_official:1.16.5)'
2021-03-21T18:11:32.985+0100 [DEBUG] [org.gradle.internal.operations.DefaultBuildOperationRunner] Build operation 'Resolve mappings_official-1.16.5.zip (net.minecraft:mappings_official:1.16.5)' completed
2021-03-21T18:11:32.985+0100 [DEBUG] [org.gradle.internal.operations.DefaultBuildOperationRunner] Build operation 'Resolve client-1.16.5-extra.jar (net.minecraft:client:1.16.5)' started
2021-03-21T18:11:32.985+0100 [DEBUG] [org.gradle.internal.operations.DefaultBuildOperationRunner] Build operation 'Resolve jinput-platform-2.0.5-natives-osx.jar (net.java.jinput:jinput-platform:2.0.5)' started
2021-03-21T18:11:32.986+0100 [DEBUG] [org.gradle.internal.operations.DefaultBuildOperationRunner] Completing Build operation 'Resolve jinput-platform-2.0.5-natives-osx.jar (net.java.jinput:jinput-platform:2.0.5)'
2021-03-21T18:11:32.986+0100 [DEBUG] [org.gradle.internal.operations.DefaultBuildOperationRunner] Build operation 'Resolve jinput-platform-2.0.5-natives-osx.jar (net.java.jinput:jinput-platform:2.0.5)' completed
2021-03-21T18:11:32.987+0100 [DEBUG] [org.gradle.internal.work.DefaultWorkerLeaseService] Worker lease root.1.35.65.78 started (9 worker(s) in use).
2021-03-21T18:11:32.987+0100 [DEBUG] [org.gradle.internal.operations.DefaultBuildOperationRunner] Build operation 'Resolve modlauncher-8.0.9-api.jar (cpw.mods:modlauncher:8.0.9)' started
2021-03-21T18:11:32.985+0100 [DEBUG] [org.gradle.internal.operations.DefaultBuildOperationRunner] Build operation 'Resolve lwjgl-jemalloc-3.2.2-natives-windows.jar (org.lwjgl:lwjgl-jemalloc:3.2.2)' completed
2021-03-21T18:11:32.990+0100 [DEBUG] [org.gradle.internal.operations.DefaultBuildOperationRunner] Completing Build operation 'Resolve jinput-platform-2.0.5-natives-windows.jar (net.java.jinput:jinput-platform:2.0.5)'
2021-03-21T18:11:32.990+0100 [DEBUG] [org.gradle.internal.operations.DefaultBuildOperationRunner] Build operation 'Resolve jinput-platform-2.0.5-natives-windows.jar (net.java.jinput:jinput-platform:2.0.5)' completed
2021-03-21T18:11:32.985+0100 [DEBUG] [org.gradle.internal.operations.DefaultBuildOperationRunner] Completing Build operation 'Resolve mergetool-1.0.9-api.jar (net.minecraftforge:mergetool:1.0.9)'
2021-03-21T18:11:32.990+0100 [DEBUG] [org.gradle.internal.operations.DefaultBuildOperationRunner] Build operation 'Resolve mergetool-1.0.9-api.jar (net.minecraftforge:mergetool:1.0.9)' completed
2021-03-21T18:11:32.990+0100 [DEBUG] [org.gradle.internal.operations.DefaultBuildOperationRunner] Completing Build operation 'Resolve modlauncher-8.0.9-api.jar (cpw.mods:modlauncher:8.0.9)'
2021-03-21T18:11:32.987+0100 [DEBUG] [org.gradle.internal.resources.AbstractTrackedResourceLock] Build operations Thread 12: acquired lock on root.1.35.65.78
2021-03-21T18:11:32.991+0100 [DEBUG] [org.gradle.internal.operations.DefaultBuildOperationRunner] Build operation 'Resolve lwjgl-3.2.2-natives-windows.jar (org.lwjgl:lwjgl:3.2.2)' started
2021-03-21T18:11:32.991+0100 [DEBUG] [org.gradle.internal.work.DefaultWorkerLeaseService] Worker lease root.1.35.65.77 started (10 worker(s) in use).
2021-03-21T18:11:32.991+0100 [DEBUG] [org.gradle.internal.resources.AbstractTrackedResourceLock] Build operations Thread 11: acquired lock on root.1.35.65.77
2021-03-21T18:11:32.991+0100 [DEBUG] [org.gradle.internal.operations.DefaultBuildOperationRunner] Build operation 'Resolve lwjgl-tinyfd-3.2.2-natives-windows.jar (org.lwjgl:lwjgl-tinyfd:3.2.2)' started
2021-03-21T18:11:32.991+0100 [DEBUG] [org.gradle.internal.operations.DefaultBuildOperationRunner] Completing Build operation 'Resolve lwjgl-tinyfd-3.2.2-natives-windows.jar (org.lwjgl:lwjgl-tinyfd:3.2.2)'
2021-03-21T18:11:32.991+0100 [DEBUG] [org.gradle.internal.operations.DefaultBuildOperationRunner] Build operation 'Resolve lwjgl-tinyfd-3.2.2-natives-windows.jar (org.lwjgl:lwjgl-tinyfd:3.2.2)' completed
2021-03-21T18:11:32.991+0100 [DEBUG] [org.gradle.internal.work.DefaultWorkerLeaseService] Worker lease root.1.35.65.77 completed (9 worker(s) in use)
2021-03-21T18:11:32.992+0100 [DEBUG] [org.gradle.internal.resources.AbstractTrackedResourceLock] Build operations Thread 11: released lock on root.1.35.65.77
2021-03-21T18:11:32.992+0100 [DEBUG] [org.gradle.internal.work.DefaultWorkerLeaseService] Worker lease root.1.35.65.76 started (10 worker(s) in use).
2021-03-21T18:11:32.992+0100 [DEBUG] [org.gradle.internal.resources.AbstractTrackedResourceLock] Build operations Thread 8: acquired lock on root.1.35.65.76
2021-03-21T18:11:32.991+0100 [DEBUG] [org.gradle.internal.operations.DefaultBuildOperationRunner] Build operation 'Resolve modlauncher-8.0.9-api.jar (cpw.mods:modlauncher:8.0.9)' completed
2021-03-21T18:11:32.992+0100 [DEBUG] [org.gradle.internal.work.DefaultWorkerLeaseService] Worker lease root.1.35.65.68 completed (9 worker(s) in use)
2021-03-21T18:11:32.992+0100 [DEBUG] [org.gradle.internal.resources.AbstractTrackedResourceLock] Build operations Thread 2: released lock on root.1.35.65.68
2021-03-21T18:11:32.992+0100 [DEBUG] [org.gradle.internal.work.DefaultWorkerLeaseService] Worker lease root.1.35.65.73 started (10 worker(s) in use).
2021-03-21T18:11:32.992+0100 [DEBUG] [org.gradle.internal.resources.AbstractTrackedResourceLock] Build operations Thread 3: acquired lock on root.1.35.65.73
2021-03-21T18:11:32.990+0100 [DEBUG] [org.gradle.internal.operations.DefaultBuildOperationRunner] Completing Build operation 'Resolve modlauncher-8.0.9-api.jar (cpw.mods:modlauncher:8.0.9)'
2021-03-21T18:11:32.993+0100 [DEBUG] [org.gradle.internal.operations.DefaultBuildOperationRunner] Build operation 'Resolve lwjgl-openal-3.2.2-natives-windows.jar (org.lwjgl:lwjgl-openal:3.2.2)' started
2021-03-21T18:11:32.992+0100 [DEBUG] [org.gradle.internal.operations.DefaultBuildOperationRunner] Build operation 'Resolve lwjgl-stb-3.2.2-natives-windows.jar (org.lwjgl:lwjgl-stb:3.2.2)' started
2021-03-21T18:11:32.994+0100 [DEBUG] [org.gradle.internal.operations.DefaultBuildOperationRunner] Completing Build operation 'Resolve lwjgl-3.2.2-natives-windows.jar (org.lwjgl:lwjgl:3.2.2)'
2021-03-21T18:11:32.994+0100 [DEBUG] [org.gradle.internal.work.DefaultWorkerLeaseService] Worker lease root.1.35.65.75 started (10 worker(s) in use).
2021-03-21T18:11:32.994+0100 [DEBUG] [org.gradle.internal.resources.AbstractTrackedResourceLock] Build operations Thread 7: acquired lock on root.1.35.65.75
2021-03-21T18:11:32.994+0100 [DEBUG] [org.gradle.internal.operations.DefaultBuildOperationRunner] Build operation 'Resolve lwjgl-3.2.2-natives-windows.jar (org.lwjgl:lwjgl:3.2.2)' completed
2021-03-21T18:11:32.994+0100 [DEBUG] [org.gradle.internal.operations.DefaultBuildOperationRunner] Completing Build operation 'Resolve client-1.16.5-extra.jar (net.minecraft:client:1.16.5)'
2021-03-21T18:11:32.995+0100 [DEBUG] [org.gradle.internal.operations.DefaultBuildOperationRunner] Build operation 'Resolve client-1.16.5-extra.jar (net.minecraft:client:1.16.5)' completed
2021-03-21T18:11:32.995+0100 [DEBUG] [org.gradle.internal.work.DefaultWorkerLeaseService] Worker lease root.1.35.65.78 completed (9 worker(s) in use)
2021-03-21T18:11:32.995+0100 [DEBUG] [org.gradle.internal.resources.AbstractTrackedResourceLock] Build operations Thread 12: released lock on root.1.35.65.78
2021-03-21T18:11:32.995+0100 [DEBUG] [org.gradle.internal.operations.DefaultBuildOperationRunner] Build operation 'Resolve lwjgl-glfw-3.2.2-natives-windows.jar (org.lwjgl:lwjgl-glfw:3.2.2)' started
2021-03-21T18:11:32.995+0100 [DEBUG] [org.gradle.internal.work.DefaultWorkerLeaseService] Worker lease root.1.35.65.70 completed (8 worker(s) in use)
2021-03-21T18:11:32.995+0100 [DEBUG] [org.gradle.internal.resources.AbstractTrackedResourceLock] Build operations Thread 4: released lock on root.1.35.65.70
2021-03-21T18:11:32.995+0100 [DEBUG] [org.gradle.internal.operations.DefaultBuildOperationRunner] Completing Build operation 'Resolve lwjgl-stb-3.2.2-natives-windows.jar (org.lwjgl:lwjgl-stb:3.2.2)'
2021-03-21T18:11:32.996+0100 [DEBUG] [org.gradle.internal.operations.DefaultBuildOperationRunner] Build operation 'Resolve lwjgl-stb-3.2.2-natives-windows.jar (org.lwjgl:lwjgl-stb:3.2.2)' completed
2021-03-21T18:11:32.996+0100 [DEBUG] [org.gradle.internal.operations.DefaultBuildOperationRunner] Completing Build operation 'Resolve lwjgl-glfw-3.2.2-natives-windows.jar (org.lwjgl:lwjgl-glfw:3.2.2)'
2021-03-21T18:11:32.996+0100 [DEBUG] [org.gradle.internal.operations.DefaultBuildOperationRunner] Build operation 'Resolve lwjgl-glfw-3.2.2-natives-windows.jar (org.lwjgl:lwjgl-glfw:3.2.2)' completed
2021-03-21T18:11:32.996+0100 [DEBUG] [org.gradle.internal.work.DefaultWorkerLeaseService] Worker lease root.1.35.65.74 completed (7 worker(s) in use)
2021-03-21T18:11:32.996+0100 [DEBUG] [org.gradle.internal.resources.AbstractTrackedResourceLock] Build operations Thread 5: released lock on root.1.35.65.74
2021-03-21T18:11:32.996+0100 [DEBUG] [org.gradle.internal.operations.DefaultBuildOperationRunner] Completing Build operation 'Resolve lwjgl-openal-3.2.2-natives-windows.jar (org.lwjgl:lwjgl-openal:3.2.2)'
2021-03-21T18:11:32.996+0100 [DEBUG] [org.gradle.internal.operations.DefaultBuildOperationRunner] Build operation 'Resolve lwjgl-openal-3.2.2-natives-windows.jar (org.lwjgl:lwjgl-openal:3.2.2)' completed
2021-03-21T18:11:32.996+0100 [DEBUG] [org.gradle.internal.work.DefaultWorkerLeaseService] Worker lease root.1.35.65.72 completed (6 worker(s) in use)
2021-03-21T18:11:32.997+0100 [DEBUG] [org.gradle.internal.resources.AbstractTrackedResourceLock] Build operations Thread 10: released lock on root.1.35.65.72
2021-03-21T18:11:32.997+0100 [DEBUG] [org.gradle.internal.work.DefaultWorkerLeaseService] Worker lease root.1.35.65.66 completed (5 worker(s) in use)
2021-03-21T18:11:32.997+0100 [DEBUG] [org.gradle.internal.resources.AbstractTrackedResourceLock] Build operations: released lock on root.1.35.65.66
2021-03-21T18:11:32.997+0100 [DEBUG] [org.gradle.internal.work.DefaultWorkerLeaseService] Worker lease root.1.35.65.71 completed (4 worker(s) in use)
2021-03-21T18:11:32.997+0100 [DEBUG] [org.gradle.internal.resources.AbstractTrackedResourceLock] Build operations Thread 9: released lock on root.1.35.65.71
2021-03-21T18:11:32.997+0100 [DEBUG] [org.gradle.internal.work.DefaultWorkerLeaseService] Worker lease root.1.35.65.73 completed (3 worker(s) in use)
2021-03-21T18:11:32.997+0100 [DEBUG] [org.gradle.internal.resources.AbstractTrackedResourceLock] Build operations Thread 3: released lock on root.1.35.65.73
2021-03-21T18:11:32.997+0100 [DEBUG] [org.gradle.internal.work.DefaultWorkerLeaseService] Worker lease root.1.35.65.75 completed (2 worker(s) in use)
2021-03-21T18:11:32.997+0100 [DEBUG] [org.gradle.internal.resources.AbstractTrackedResourceLock] Build operations Thread 7: released lock on root.1.35.65.75
2021-03-21T18:11:32.998+0100 [DEBUG] [org.gradle.internal.work.DefaultWorkerLeaseService] Worker lease root.1.35.65.76 completed (1 worker(s) in use)
2021-03-21T18:11:32.998+0100 [DEBUG] [org.gradle.internal.resources.AbstractTrackedResourceLock] Build operations Thread 8: released lock on root.1.35.65.76
2021-03-21T18:11:32.999+0100 [DEBUG] [org.gradle.internal.work.DefaultWorkerLeaseService] Worker lease root.1.35.65.67 completed (1 worker(s) in use)
2021-03-21T18:11:32.999+0100 [DEBUG] [org.gradle.internal.resources.AbstractTrackedResourceLock] Build operations Thread 6: released lock on root.1.35.65.67
2021-03-21T18:11:33.000+0100 [DEBUG] [org.gradle.internal.operations.DefaultBuildOperationRunner] Completing Build operation 'Resolve files of :runtimeClasspath'
2021-03-21T18:11:34.006+0100 [DEBUG] [org.gradle.cache.internal.DefaultFileLockManager] Waiting to acquire shared lock on daemon addresses registry.
2021-03-21T18:11:34.007+0100 [DEBUG] [org.gradle.cache.internal.DefaultFileLockManager] Lock acquired on daemon addresses registry.
2021-03-21T18:11:34.007+0100 [DEBUG] [org.gradle.cache.internal.DefaultFileLockManager] Releasing lock on daemon addresses registry.
2021-03-21T18:11:34.008+0100 [DEBUG] [org.gradle.cache.internal.DefaultFileLockManager] Waiting to acquire shared lock on daemon addresses registry.
2021-03-21T18:11:34.008+0100 [DEBUG] [org.gradle.cache.internal.DefaultFileLockManager] Lock acquired on daemon addresses registry.
2021-03-21T18:11:34.009+0100 [DEBUG] [org.gradle.cache.internal.DefaultFileLockManager] Releasing lock on daemon addresses registry.
2021-03-21T18:11:32.850+0100 [LIFECYCLE] [class org.gradle.internal.buildevents.TaskExecutionLogger] 
2021-03-21T18:11:32.850+0100 [LIFECYCLE] [class org.gradle.internal.buildevents.TaskExecutionLogger] > Task :runData
2021-03-21T18:11:32.850+0100 [DEBUG] [org.gradle.api.internal.tasks.execution.ResolveTaskExecutionModeExecuter] Putting task artifact state for task ':runData' into context took 0.0 secs.
2021-03-21T18:11:32.852+0100 [INFO] [org.gradle.internal.execution.steps.ResolveCachingStateStep] Caching disabled for task ':runData' because:
  Build cache is disabled
2021-03-21T18:11:32.852+0100 [DEBUG] [org.gradle.internal.operations.DefaultBuildOperationRunner] Build operation 'Snapshot task inputs for :runData' completed
2021-03-21T18:11:32.852+0100 [DEBUG] [org.gradle.internal.execution.steps.SkipUpToDateStep] Determining if task ':runData' is up-to-date
2021-03-21T18:11:32.852+0100 [INFO] [org.gradle.internal.execution.steps.SkipUpToDateStep] Task ':runData' is not up-to-date because:
  Task has not declared any outputs despite executing actions.
2021-03-21T18:11:32.853+0100 [DEBUG] [org.gradle.api.internal.tasks.execution.ExecuteActionsTaskExecuter] Executing actions for task ':runData'.
2021-03-21T18:11:32.860+0100 [DEBUG] [org.gradle.api.internal.artifacts.ivyservice.resolveengine.DefaultArtifactDependencyResolver] Resolving configuration ':runtimeClasspath'
2021-03-21T18:11:32.861+0100 [DEBUG] [org.gradle.api.internal.artifacts.ivyservice.modulecache.ResolvedArtifactCaches] Reusing in-memory cache for repo 'maven' [969e58526ff055bf654e44cf6fb76f15].
2021-03-21T18:11:32.862+0100 [DEBUG] [org.gradle.api.internal.artifacts.ivyservice.modulecache.ResolvedArtifactCaches] Reusing in-memory cache for repo 'BUNDELED_377664982' [27c9d1476da0f3c57af18a6227b60995].
2021-03-21T18:11:32.862+0100 [DEBUG] [org.gradle.api.internal.artifacts.ivyservice.modulecache.ResolvedArtifactCaches] Reusing in-memory cache for repo 'maven2' [8c0af8cccaf55f190e38e62d2089fed9].
2021-03-21T18:11:32.862+0100 [DEBUG] [org.gradle.api.internal.artifacts.ivyservice.modulecache.ResolvedArtifactCaches] Reusing in-memory cache for repo 'MavenRepo' [a8be1fe3b3911d3d3425fe720cf42835].
2021-03-21T18:11:32.863+0100 [DEBUG] [org.gradle.api.internal.artifacts.ivyservice.resolveengine.graph.builder.DependencyGraphBuilder] Visiting configuration tk.tvshome.testmod:forge-1.16.5-36.1.0-mdk:1.0(runtimeClasspath).
2021-03-21T18:11:32.863+0100 [DEBUG] [org.gradle.api.internal.artifacts.ivyservice.resolveengine.graph.builder.DependencyGraphBuilder] Submitting 2 metadata files to resolve in parallel for tk.tvshome.testmod:forge-1.16.5-36.1.0-mdk:1.0(runtimeClasspath)
2021-03-21T18:11:32.864+0100 [DEBUG] [org.gradle.internal.work.DefaultWorkerLeaseService] Worker lease root.1.35.59.60 started (1 worker(s) in use).
2021-03-21T18:11:32.864+0100 [DEBUG] [org.gradle.internal.resources.AbstractTrackedResourceLock] Execution worker for ':' Thread 3: acquired lock on root.1.35.59.60
2021-03-21T18:11:32.864+0100 [DEBUG] [org.gradle.api.internal.artifacts.ivyservice.ivyresolve.RepositoryChainComponentMetaDataResolver] Attempting to resolve component for net.minecraftforge:forge:1.16.5-36.1.0_mapped_official_1.16.5 using repositories [maven, BUNDELED_377664982, maven2, MavenRepo]
2021-03-21T18:11:32.865+0100 [DEBUG] [org.gradle.api.internal.artifacts.ivyservice.ivyresolve.RepositoryChainComponentMetaDataResolver] Attempting to resolve component for net.minecraftforge:forge:1.16.5-36.1.0_mapped_official_1.16.5 using repositories [maven, BUNDELED_377664982, maven2, MavenRepo]
2021-03-21T18:11:32.865+0100 [DEBUG] [org.gradle.api.internal.artifacts.ivyservice.ivyresolve.CachingModuleComponentRepository] Detected non-existence of module 'net.minecraftforge:forge:1.16.5-36.1.0_mapped_official_1.16.5' in resolver cache 'maven'
2021-03-21T18:11:32.865+0100 [DEBUG] [org.gradle.api.internal.artifacts.ivyservice.ivyresolve.CachingModuleComponentRepository] Detected non-existence of module 'net.minecraftforge:forge:1.16.5-36.1.0_mapped_official_1.16.5' in resolver cache 'maven'
2021-03-21T18:11:32.865+0100 [DEBUG] [org.gradle.api.internal.artifacts.ivyservice.ivyresolve.CachingModuleComponentRepository] Using cached module metadata for module 'net.minecraftforge:forge:1.16.5-36.1.0_mapped_official_1.16.5' in 'BUNDELED_377664982'
2021-03-21T18:11:32.865+0100 [DEBUG] [org.gradle.api.internal.artifacts.ivyservice.ivyresolve.CachingModuleComponentRepository] Using cached module metadata for module 'net.minecraftforge:forge:1.16.5-36.1.0_mapped_official_1.16.5' in 'BUNDELED_377664982'
2021-03-21T18:11:32.865+0100 [DEBUG] [org.gradle.api.internal.artifacts.ivyservice.ivyresolve.RepositoryChainComponentMetaDataResolver] Using net.minecraftforge:forge:1.16.5-36.1.0_mapped_official_1.16.5 from net.minecraftforge.artifactural.gradle.GradleRepositoryAdapter$1@325acbf3
2021-03-21T18:11:32.865+0100 [DEBUG] [org.gradle.api.internal.artifacts.ivyservice.ivyresolve.RepositoryChainComponentMetaDataResolver] Using net.minecraftforge:forge:1.16.5-36.1.0_mapped_official_1.16.5 from net.minecraftforge.artifactural.gradle.GradleRepositoryAdapter$1@325acbf3
2021-03-21T18:11:32.866+0100 [DEBUG] [org.gradle.internal.operations.DefaultBuildOperationRunner] Build operation 'Resolve net.minecraftforge:forge:1.16.5-36.1.0_mapped_official_1.16.5' completed
2021-03-21T18:11:32.866+0100 [DEBUG] [org.gradle.internal.work.DefaultWorkerLeaseService] Worker lease root.1.35.59.60 completed (1 worker(s) in use)
2021-03-21T18:11:32.866+0100 [DEBUG] [org.gradle.internal.resources.AbstractTrackedResourceLock] Execution worker for ':' Thread 3: released lock on root.1.35.59.60
2021-03-21T18:11:32.867+0100 [DEBUG] [org.gradle.internal.component.model.LoggingAttributeMatchingExplanationBuilder] Candidate net.minecraftforge:forge:1.16.5-36.1.0_mapped_official_1.16.5 configuration compile attribute org.gradle.usage value {org.gradle.status=release, org.gradle.usage=java-api} doesn't requested value java-runtime
2021-03-21T18:11:32.867+0100 [DEBUG] [org.gradle.internal.component.model.LoggingAttributeMatchingExplanationBuilder] Candidate net.minecraftforge:forge:1.16.5-36.1.0_mapped_official_1.16.5 configuration runtime doesn't have attribute org.gradle.dependency.bundling
2021-03-21T18:11:32.867+0100 [DEBUG] [org.gradle.internal.component.model.LoggingAttributeMatchingExplanationBuilder] Candidate net.minecraftforge:forge:1.16.5-36.1.0_mapped_official_1.16.5 configuration runtime doesn't have attribute org.gradle.jvm.version
2021-03-21T18:11:32.867+0100 [DEBUG] [org.gradle.internal.component.model.LoggingAttributeMatchingExplanationBuilder] Candidate net.minecraftforge:forge:1.16.5-36.1.0_mapped_official_1.16.5 configuration platform-compile attribute org.gradle.category value {org.gradle.category=platform, org.gradle.status=release, org.gradle.usage=java-api} doesn't requested value library
2021-03-21T18:11:32.867+0100 [DEBUG] [org.gradle.internal.component.model.LoggingAttributeMatchingExplanationBuilder] Candidate net.minecraftforge:forge:1.16.5-36.1.0_mapped_official_1.16.5 configuration platform-runtime attribute org.gradle.category value {org.gradle.category=platform, org.gradle.status=release, org.gradle.usage=java-runtime} doesn't requested value library
2021-03-21T18:11:32.867+0100 [DEBUG] [org.gradle.internal.component.model.LoggingAttributeMatchingExplanationBuilder] Candidate net.minecraftforge:forge:1.16.5-36.1.0_mapped_official_1.16.5 configuration enforced-platform-compile attribute org.gradle.category value {org.gradle.category=enforced-platform, org.gradle.status=release, org.gradle.usage=java-api} doesn't requested value library
2021-03-21T18:11:32.867+0100 [DEBUG] [org.gradle.internal.component.model.LoggingAttributeMatchingExplanationBuilder] Candidate net.minecraftforge:forge:1.16.5-36.1.0_mapped_official_1.16.5 configuration enforced-platform-runtime attribute org.gradle.category value {org.gradle.category=enforced-platform, org.gradle.status=release, org.gradle.usage=java-runtime} doesn't requested value library
2021-03-21T18:11:32.867+0100 [DEBUG] [org.gradle.internal.component.model.ComponentAttributeMatcher] Selected matches [net.minecraftforge:forge:1.16.5-36.1.0_mapped_official_1.16.5 configuration runtime] from candidates [net.minecraftforge:forge:1.16.5-36.1.0_mapped_official_1.16.5 configuration compile, net.minecraftforge:forge:1.16.5-36.1.0_mapped_official_1.16.5 configuration runtime, net.minecraftforge:forge:1.16.5-36.1.0_mapped_official_1.16.5 configuration platform-compile, net.minecraftforge:forge:1.16.5-36.1.0_mapped_official_1.16.5 configuration platform-runtime, net.minecraftforge:forge:1.16.5-36.1.0_mapped_official_1.16.5 configuration enforced-platform-compile, net.minecraftforge:forge:1.16.5-36.1.0_mapped_official_1.16.5 configuration enforced-platform-runtime] for {org.gradle.category=library, org.gradle.dependency.bundling=external, org.gradle.jvm.version=8, org.gradle.libraryelements=jar, org.gradle.usage=java-runtime}
2021-03-21T18:11:32.868+0100 [DEBUG] [org.gradle.api.internal.artifacts.ivyservice.resolveengine.graph.builder.DependencyGraphBuilder] Visiting configuration net.minecraftforge:forge:1.16.5-36.1.0_mapped_official_1.16.5(runtime).
2021-03-21T18:11:32.870+0100 [DEBUG] [org.gradle.api.internal.artifacts.ivyservice.resolveengine.graph.builder.DependencyGraphBuilder] Submitting 2 metadata files to resolve in parallel for net.minecraftforge:forge:1.16.5-36.1.0_mapped_official_1.16.5(runtime)
2021-03-21T18:11:32.871+0100 [DEBUG] [org.gradle.internal.work.DefaultWorkerLeaseService] Worker lease root.1.35.62.63 started (1 worker(s) in use).
2021-03-21T18:11:32.871+0100 [DEBUG] [org.gradle.internal.resources.AbstractTrackedResourceLock] Execution worker for ':' Thread 3: acquired lock on root.1.35.62.63
2021-03-21T18:11:32.871+0100 [DEBUG] [org.gradle.api.internal.artifacts.ivyservice.ivyresolve.RepositoryChainComponentMetaDataResolver] Attempting to resolve component for net.minecraft:client:1.16.5 using repositories [maven, BUNDELED_377664982, maven2, MavenRepo]
2021-03-21T18:11:32.871+0100 [DEBUG] [org.gradle.api.internal.artifacts.ivyservice.ivyresolve.RepositoryChainComponentMetaDataResolver] Attempting to resolve component for net.minecraft:mappings_official:1.16.5 using repositories [maven, BUNDELED_377664982, maven2, MavenRepo]
2021-03-21T18:11:32.872+0100 [DEBUG] [org.gradle.api.internal.artifacts.ivyservice.ivyresolve.CachingModuleComponentRepository] Detected non-existence of module 'net.minecraft:client:1.16.5' in resolver cache 'maven'
2021-03-21T18:11:32.872+0100 [DEBUG] [org.gradle.api.internal.artifacts.ivyservice.ivyresolve.CachingModuleComponentRepository] Detected non-existence of module 'net.minecraft:mappings_official:1.16.5' in resolver cache 'maven'
2021-03-21T18:11:32.872+0100 [DEBUG] [org.gradle.api.internal.artifacts.ivyservice.ivyresolve.CachingModuleComponentRepository] Using cached module metadata for module 'net.minecraft:client:1.16.5' in 'BUNDELED_377664982'
2021-03-21T18:11:32.872+0100 [DEBUG] [org.gradle.api.internal.artifacts.ivyservice.ivyresolve.RepositoryChainComponentMetaDataResolver] Using net.minecraft:client:1.16.5 from net.minecraftforge.artifactural.gradle.GradleRepositoryAdapter$1@325acbf3
2021-03-21T18:11:32.872+0100 [DEBUG] [org.gradle.api.internal.artifacts.ivyservice.ivyresolve.CachingModuleComponentRepository] Found cached version of changing module 'net.minecraft:mappings_official:1.16.5' in 'BUNDELED_377664982'
2021-03-21T18:11:32.872+0100 [DEBUG] [org.gradle.internal.operations.DefaultBuildOperationRunner] Build operation 'Resolve net.minecraft:client:1.16.5' completed
2021-03-21T18:11:32.872+0100 [DEBUG] [org.gradle.api.internal.artifacts.ivyservice.ivyresolve.CachingModuleComponentRepository] Using cached module metadata for module 'net.minecraft:mappings_official:1.16.5' in 'BUNDELED_377664982'
2021-03-21T18:11:32.872+0100 [DEBUG] [org.gradle.internal.work.DefaultWorkerLeaseService] Worker lease root.1.35.62.63 completed (1 worker(s) in use)
2021-03-21T18:11:32.872+0100 [DEBUG] [org.gradle.internal.resources.AbstractTrackedResourceLock] Execution worker for ':' Thread 3: released lock on root.1.35.62.63
2021-03-21T18:11:32.872+0100 [DEBUG] [org.gradle.api.internal.artifacts.ivyservice.ivyresolve.RepositoryChainComponentMetaDataResolver] Using net.minecraft:mappings_official:1.16.5 from net.minecraftforge.artifactural.gradle.GradleRepositoryAdapter$1@325acbf3
2021-03-21T18:11:32.873+0100 [DEBUG] [org.gradle.api.internal.artifacts.ivyservice.ivyresolve.RepositoryChainComponentMetaDataResolver] Attempting to resolve component for com.google.code.findbugs:jsr305:3.0.1 using repositories [maven, BUNDELED_377664982, maven2, MavenRepo]
2021-03-21T18:11:32.873+0100 [DEBUG] [org.gradle.api.internal.artifacts.ivyservice.ivyresolve.CachingModuleComponentRepository] Using cached module metadata for module 'com.google.code.findbugs:jsr305:3.0.1' in 'maven'
2021-03-21T18:11:32.873+0100 [DEBUG] [org.gradle.api.internal.artifacts.ivyservice.ivyresolve.CachingModuleComponentRepository] Detected non-existence of module 'com.google.code.findbugs:jsr305:3.0.1' in resolver cache 'BUNDELED_377664982'
2021-03-21T18:11:32.874+0100 [DEBUG] [org.gradle.api.internal.artifacts.ivyservice.ivyresolve.CachingModuleComponentRepository] Detected non-existence of module 'com.google.code.findbugs:jsr305:3.0.1' in resolver cache 'maven2'
2021-03-21T18:11:32.874+0100 [DEBUG] [org.gradle.api.internal.artifacts.ivyservice.ivyresolve.CachingModuleComponentRepository] Using cached module metadata for module 'com.google.code.findbugs:jsr305:3.0.1' in 'MavenRepo'
2021-03-21T18:11:32.874+0100 [DEBUG] [org.gradle.api.internal.artifacts.ivyservice.ivyresolve.RepositoryChainComponentMetaDataResolver] Using com.google.code.findbugs:jsr305:3.0.1 from Maven repository 'MavenRepo'
2021-03-21T18:11:32.874+0100 [DEBUG] [org.gradle.internal.component.model.LoggingAttributeMatchingExplanationBuilder] Candidate com.google.code.findbugs:jsr305:3.0.1 configuration compile attribute org.gradle.usage value {org.gradle.status=release, org.gradle.usage=java-api} doesn't requested value java-runtime
2021-03-21T18:11:32.874+0100 [DEBUG] [org.gradle.internal.component.model.LoggingAttributeMatchingExplanationBuilder] Candidate com.google.code.findbugs:jsr305:3.0.1 configuration runtime doesn't have attribute org.gradle.dependency.bundling
2021-03-21T18:11:32.874+0100 [DEBUG] [org.gradle.internal.component.model.LoggingAttributeMatchingExplanationBuilder] Candidate com.google.code.findbugs:jsr305:3.0.1 configuration runtime doesn't have attribute org.gradle.jvm.version
2021-03-21T18:11:32.874+0100 [DEBUG] [org.gradle.internal.component.model.LoggingAttributeMatchingExplanationBuilder] Candidate com.google.code.findbugs:jsr305:3.0.1 configuration platform-compile attribute org.gradle.category value {org.gradle.category=platform, org.gradle.status=release, org.gradle.usage=java-api} doesn't requested value library
2021-03-21T18:11:32.874+0100 [DEBUG] [org.gradle.internal.component.model.LoggingAttributeMatchingExplanationBuilder] Candidate com.google.code.findbugs:jsr305:3.0.1 configuration platform-runtime attribute org.gradle.category value {org.gradle.category=platform, org.gradle.status=release, org.gradle.usage=java-runtime} doesn't requested value library
2021-03-21T18:11:32.874+0100 [DEBUG] [org.gradle.internal.component.model.LoggingAttributeMatchingExplanationBuilder] Candidate com.google.code.findbugs:jsr305:3.0.1 configuration enforced-platform-compile attribute org.gradle.category value {org.gradle.category=enforced-platform, org.gradle.status=release, org.gradle.usage=java-api} doesn't requested value library
2021-03-21T18:11:32.874+0100 [DEBUG] [org.gradle.internal.component.model.LoggingAttributeMatchingExplanationBuilder] Candidate com.google.code.findbugs:jsr305:3.0.1 configuration enforced-platform-runtime attribute org.gradle.category value {org.gradle.category=enforced-platform, org.gradle.status=release, org.gradle.usage=java-runtime} doesn't requested value library
2021-03-21T18:11:32.874+0100 [DEBUG] [org.gradle.internal.component.model.ComponentAttributeMatcher] Selected matches [com.google.code.findbugs:jsr305:3.0.1 configuration runtime] from candidates [com.google.code.findbugs:jsr305:3.0.1 configuration compile, com.google.code.findbugs:jsr305:3.0.1 configuration runtime, com.google.code.findbugs:jsr305:3.0.1 configuration platform-compile, com.google.code.findbugs:jsr305:3.0.1 configuration platform-runtime, com.google.code.findbugs:jsr305:3.0.1 configuration enforced-platform-compile, com.google.code.findbugs:jsr305:3.0.1 configuration enforced-platform-runtime] for {org.gradle.category=library, org.gradle.dependency.bundling=external, org.gradle.jvm.version=8, org.gradle.libraryelements=jar, org.gradle.usage=java-runtime}
2021-03-21T18:11:32.875+0100 [DEBUG] [org.gradle.api.internal.artifacts.ivyservice.ivyresolve.RepositoryChainComponentMetaDataResolver] Attempting to resolve component for net.minecraftforge:mergetool:1.0.9 using repositories [maven, BUNDELED_377664982, maven2, MavenRepo]
2021-03-21T18:11:32.875+0100 [DEBUG] [org.gradle.api.internal.artifacts.ivyservice.ivyresolve.CachingModuleComponentRepository] Using cached module metadata for module 'net.minecraftforge:mergetool:1.0.9' in 'maven'
2021-03-21T18:11:32.875+0100 [DEBUG] [org.gradle.api.internal.artifacts.ivyservice.ivyresolve.RepositoryChainComponentMetaDataResolver] Using net.minecraftforge:mergetool:1.0.9 from Maven repository 'maven'
2021-03-21T18:11:32.875+0100 [DEBUG] [org.gradle.internal.component.model.LoggingAttributeMatchingExplanationBuilder] Candidate net.minecraft:mappings_official:1.16.5 configuration compile attribute org.gradle.usage value {org.gradle.status=integration, org.gradle.usage=java-api} doesn't requested value java-runtime
2021-03-21T18:11:32.875+0100 [DEBUG] [org.gradle.internal.component.model.LoggingAttributeMatchingExplanationBuilder] Candidate net.minecraft:mappings_official:1.16.5 configuration runtime doesn't have attribute org.gradle.dependency.bundling
2021-03-21T18:11:32.875+0100 [DEBUG] [org.gradle.internal.component.model.LoggingAttributeMatchingExplanationBuilder] Candidate net.minecraft:mappings_official:1.16.5 configuration runtime doesn't have attribute org.gradle.jvm.version
2021-03-21T18:11:32.875+0100 [DEBUG] [org.gradle.internal.component.model.LoggingAttributeMatchingExplanationBuilder] Candidate net.minecraft:mappings_official:1.16.5 configuration platform-compile attribute org.gradle.category value {org.gradle.category=platform, org.gradle.status=integration, org.gradle.usage=java-api} doesn't requested value library
2021-03-21T18:11:32.875+0100 [DEBUG] [org.gradle.internal.component.model.LoggingAttributeMatchingExplanationBuilder] Candidate net.minecraft:mappings_official:1.16.5 configuration platform-runtime attribute org.gradle.category value {org.gradle.category=platform, org.gradle.status=integration, org.gradle.usage=java-runtime} doesn't requested value library
2021-03-21T18:11:32.875+0100 [DEBUG] [org.gradle.internal.component.model.LoggingAttributeMatchingExplanationBuilder] Candidate net.minecraft:mappings_official:1.16.5 configuration enforced-platform-compile attribute org.gradle.category value {org.gradle.category=enforced-platform, org.gradle.status=integration, org.gradle.usage=java-api} doesn't requested value library
2021-03-21T18:11:32.875+0100 [DEBUG] [org.gradle.internal.component.model.LoggingAttributeMatchingExplanationBuilder] Candidate net.minecraft:mappings_official:1.16.5 configuration enforced-platform-runtime attribute org.gradle.category value {org.gradle.category=enforced-platform, org.gradle.status=integration, org.gradle.usage=java-runtime} doesn't requested value library
2021-03-21T18:11:32.876+0100 [DEBUG] [org.gradle.internal.component.model.ComponentAttributeMatcher] Selected matches [net.minecraft:mappings_official:1.16.5 configuration runtime] from candidates [net.minecraft:mappings_official:1.16.5 configuration compile, net.minecraft:mappings_official:1.16.5 configuration runtime, net.minecraft:mappings_official:1.16.5 configuration platform-compile, net.minecraft:mappings_official:1.16.5 configuration platform-runtime, net.minecraft:mappings_official:1.16.5 configuration enforced-platform-compile, net.minecraft:mappings_official:1.16.5 configuration enforced-platform-runtime] for {org.gradle.category=library, org.gradle.dependency.bundling=external, org.gradle.jvm.version=8, org.gradle.libraryelements=jar, org.gradle.usage=java-runtime}
2021-03-21T18:11:32.876+0100 [DEBUG] [org.gradle.api.internal.artifacts.ivyservice.ivyresolve.RepositoryChainComponentMetaDataResolver] Attempting to resolve component for org.ow2.asm:asm:9.0 using repositories [maven, BUNDELED_377664982, maven2, MavenRepo]
2021-03-21T18:11:32.876+0100 [DEBUG] [org.gradle.api.internal.artifacts.ivyservice.ivyresolve.CachingModuleComponentRepository] Using cached module metadata for module 'org.ow2.asm:asm:9.0' in 'maven'
2021-03-21T18:11:32.876+0100 [DEBUG] [org.gradle.api.internal.artifacts.ivyservice.ivyresolve.CachingModuleComponentRepository] Detected non-existence of module 'org.ow2.asm:asm:9.0' in resolver cache 'BUNDELED_377664982'
2021-03-21T18:11:32.876+0100 [DEBUG] [org.gradle.api.internal.artifacts.ivyservice.ivyresolve.CachingModuleComponentRepository] Detected non-existence of module 'org.ow2.asm:asm:9.0' in resolver cache 'maven2'
2021-03-21T18:11:32.876+0100 [DEBUG] [org.gradle.api.internal.artifacts.ivyservice.ivyresolve.CachingModuleComponentRepository] Using cached module metadata for module 'org.ow2.asm:asm:9.0' in 'MavenRepo'
2021-03-21T18:11:32.876+0100 [DEBUG] [org.gradle.api.internal.artifacts.ivyservice.ivyresolve.RepositoryChainComponentMetaDataResolver] Using org.ow2.asm:asm:9.0 from Maven repository 'MavenRepo'
2021-03-21T18:11:32.877+0100 [DEBUG] [org.gradle.internal.component.model.LoggingAttributeMatchingExplanationBuilder] Candidate org.ow2.asm:asm:9.0 variant apiElements attribute org.gradle.usage value {org.gradle.category=library, org.gradle.dependency.bundling=external, org.gradle.jvm.version=8, org.gradle.libraryelements=jar, org.gradle.usage=java-api} doesn't requested value java-runtime
2021-03-21T18:11:32.877+0100 [DEBUG] [org.gradle.internal.component.model.LoggingAttributeMatchingExplanationBuilder] Candidate org.ow2.asm:asm:9.0 variant javadocElements attribute org.gradle.category value {org.gradle.category=documentation} doesn't requested value library
2021-03-21T18:11:32.877+0100 [DEBUG] [org.gradle.internal.component.model.LoggingAttributeMatchingExplanationBuilder] Candidate org.ow2.asm:asm:9.0 variant sourcesElements attribute org.gradle.category value {org.gradle.category=documentation} doesn't requested value library
2021-03-21T18:11:32.877+0100 [DEBUG] [org.gradle.internal.component.model.ComponentAttributeMatcher] Selected matches [org.ow2.asm:asm:9.0 variant runtimeElements] from candidates [org.ow2.asm:asm:9.0 variant apiElements, org.ow2.asm:asm:9.0 variant runtimeElements, org.ow2.asm:asm:9.0 variant javadocElements, org.ow2.asm:asm:9.0 variant sourcesElements] for {org.gradle.category=library, org.gradle.dependency.bundling=external, org.gradle.jvm.version=8, org.gradle.libraryelements=jar, org.gradle.usage=java-runtime}
2021-03-21T18:11:32.877+0100 [DEBUG] [org.gradle.api.internal.artifacts.ivyservice.ivyresolve.RepositoryChainComponentMetaDataResolver] Attempting to resolve component for org.ow2.asm:asm-commons:9.0 using repositories [maven, BUNDELED_377664982, maven2, MavenRepo]
2021-03-21T18:11:32.877+0100 [DEBUG] [org.gradle.api.internal.artifacts.ivyservice.ivyresolve.CachingModuleComponentRepository] Using cached module metadata for module 'org.ow2.asm:asm-commons:9.0' in 'maven'
2021-03-21T18:11:32.877+0100 [DEBUG] [org.gradle.api.internal.artifacts.ivyservice.ivyresolve.CachingModuleComponentRepository] Detected non-existence of module 'org.ow2.asm:asm-commons:9.0' in resolver cache 'BUNDELED_377664982'
2021-03-21T18:11:32.877+0100 [DEBUG] [org.gradle.api.internal.artifacts.ivyservice.ivyresolve.CachingModuleComponentRepository] Detected non-existence of module 'org.ow2.asm:asm-commons:9.0' in resolver cache 'maven2'
2021-03-21T18:11:32.877+0100 [DEBUG] [org.gradle.api.internal.artifacts.ivyservice.ivyresolve.CachingModuleComponentRepository] Using cached module metadata for module 'org.ow2.asm:asm-commons:9.0' in 'MavenRepo'
2021-03-21T18:11:32.877+0100 [DEBUG] [org.gradle.api.internal.artifacts.ivyservice.ivyresolve.RepositoryChainComponentMetaDataResolver] Using org.ow2.asm:asm-commons:9.0 from Maven repository 'MavenRepo'
2021-03-21T18:11:32.878+0100 [DEBUG] [org.gradle.api.internal.artifacts.ivyservice.ivyresolve.RepositoryChainComponentMetaDataResolver] Attempting to resolve component for org.ow2.asm:asm-tree:9.0 using repositories [maven, BUNDELED_377664982, maven2, MavenRepo]
2021-03-21T18:11:32.878+0100 [DEBUG] [org.gradle.api.internal.artifacts.ivyservice.ivyresolve.CachingModuleComponentRepository] Using cached module metadata for module 'org.ow2.asm:asm-tree:9.0' in 'maven'
2021-03-21T18:11:32.878+0100 [DEBUG] [org.gradle.api.internal.artifacts.ivyservice.ivyresolve.CachingModuleComponentRepository] Detected non-existence of module 'org.ow2.asm:asm-tree:9.0' in resolver cache 'BUNDELED_377664982'
2021-03-21T18:11:32.878+0100 [DEBUG] [org.gradle.api.internal.artifacts.ivyservice.ivyresolve.CachingModuleComponentRepository] Detected non-existence of module 'org.ow2.asm:asm-tree:9.0' in resolver cache 'maven2'
2021-03-21T18:11:32.879+0100 [DEBUG] [org.gradle.api.internal.artifacts.ivyservice.ivyresolve.CachingModuleComponentRepository] Using cached module metadata for module 'org.ow2.asm:asm-tree:9.0' in 'MavenRepo'
2021-03-21T18:11:32.879+0100 [DEBUG] [org.gradle.api.internal.artifacts.ivyservice.ivyresolve.RepositoryChainComponentMetaDataResolver] Using org.ow2.asm:asm-tree:9.0 from Maven repository 'MavenRepo'
2021-03-21T18:11:32.880+0100 [DEBUG] [org.gradle.api.internal.artifacts.ivyservice.ivyresolve.RepositoryChainComponentMetaDataResolver] Attempting to resolve component for org.ow2.asm:asm-util:9.0 using repositories [maven, BUNDELED_377664982, maven2, MavenRepo]
2021-03-21T18:11:32.880+0100 [DEBUG] [org.gradle.api.internal.artifacts.ivyservice.ivyresolve.CachingModuleComponentRepository] Using cached module metadata for module 'org.ow2.asm:asm-util:9.0' in 'maven'
2021-03-21T18:11:32.880+0100 [DEBUG] [org.gradle.api.internal.artifacts.ivyservice.ivyresolve.CachingModuleComponentRepository] Detected non-existence of module 'org.ow2.asm:asm-util:9.0' in resolver cache 'BUNDELED_377664982'
2021-03-21T18:11:32.880+0100 [DEBUG] [org.gradle.api.internal.artifacts.ivyservice.ivyresolve.CachingModuleComponentRepository] Detected non-existence of module 'org.ow2.asm:asm-util:9.0' in resolver cache 'maven2'
2021-03-21T18:11:32.880+0100 [DEBUG] [org.gradle.api.internal.artifacts.ivyservice.ivyresolve.CachingModuleComponentRepository] Using cached module metadata for module 'org.ow2.asm:asm-util:9.0' in 'MavenRepo'
2021-03-21T18:11:32.880+0100 [DEBUG] [org.gradle.api.internal.artifacts.ivyservice.ivyresolve.RepositoryChainComponentMetaDataResolver] Using org.ow2.asm:asm-util:9.0 from Maven repository 'MavenRepo'
2021-03-21T18:11:32.880+0100 [DEBUG] [org.gradle.api.internal.artifacts.ivyservice.ivyresolve.RepositoryChainComponentMetaDataResolver] Attempting to resolve component for org.ow2.asm:asm-analysis:9.0 using repositories [maven, BUNDELED_377664982, maven2, MavenRepo]
2021-03-21T18:11:32.880+0100 [DEBUG] [org.gradle.api.internal.artifacts.ivyservice.ivyresolve.CachingModuleComponentRepository] Using cached module metadata for module 'org.ow2.asm:asm-analysis:9.0' in 'maven'
2021-03-21T18:11:32.880+0100 [DEBUG] [org.gradle.api.internal.artifacts.ivyservice.ivyresolve.CachingModuleComponentRepository] Detected non-existence of module 'org.ow2.asm:asm-analysis:9.0' in resolver cache 'BUNDELED_377664982'
2021-03-21T18:11:32.880+0100 [DEBUG] [org.gradle.api.internal.artifacts.ivyservice.ivyresolve.CachingModuleComponentRepository] Detected non-existence of module 'org.ow2.asm:asm-analysis:9.0' in resolver cache 'maven2'
2021-03-21T18:11:32.881+0100 [DEBUG] [org.gradle.api.internal.artifacts.ivyservice.ivyresolve.CachingModuleComponentRepository] Using cached module metadata for module 'org.ow2.asm:asm-analysis:9.0' in 'MavenRepo'
2021-03-21T18:11:32.881+0100 [DEBUG] [org.gradle.api.internal.artifacts.ivyservice.ivyresolve.RepositoryChainComponentMetaDataResolver] Using org.ow2.asm:asm-analysis:9.0 from Maven repository 'MavenRepo'
2021-03-21T18:11:32.881+0100 [DEBUG] [org.gradle.api.internal.artifacts.ivyservice.ivyresolve.RepositoryChainComponentMetaDataResolver] Attempting to resolve component for cpw.mods:modlauncher:8.0.9 using repositories [maven, BUNDELED_377664982, maven2, MavenRepo]
2021-03-21T18:11:32.881+0100 [DEBUG] [org.gradle.api.internal.artifacts.ivyservice.ivyresolve.CachingModuleComponentRepository] Using cached module metadata for module 'cpw.mods:modlauncher:8.0.9' in 'maven'
2021-03-21T18:11:32.881+0100 [DEBUG] [org.gradle.api.internal.artifacts.ivyservice.ivyresolve.RepositoryChainComponentMetaDataResolver] Using cpw.mods:modlauncher:8.0.9 from Maven repository 'maven'
2021-03-21T18:11:32.881+0100 [DEBUG] [org.gradle.internal.component.model.LoggingAttributeMatchingExplanationBuilder] Candidate cpw.mods:modlauncher:8.0.9 variant apiElements attribute org.gradle.usage value {org.gradle.category=library, org.gradle.dependency.bundling=external, org.gradle.jvm.version=8, org.gradle.libraryelements=jar, org.gradle.usage=java-api} doesn't requested value java-runtime
2021-03-21T18:11:32.881+0100 [DEBUG] [org.gradle.internal.component.model.ComponentAttributeMatcher] Selected matches [cpw.mods:modlauncher:8.0.9 variant runtimeElements] from candidates [cpw.mods:modlauncher:8.0.9 variant apiElements, cpw.mods:modlauncher:8.0.9 variant runtimeElements] for {org.gradle.category=library, org.gradle.dependency.bundling=external, org.gradle.jvm.version=8, org.gradle.libraryelements=jar, org.gradle.usage=java-runtime}
2021-03-21T18:11:32.881+0100 [DEBUG] [org.gradle.api.internal.artifacts.ivyservice.ivyresolve.RepositoryChainComponentMetaDataResolver] Attempting to resolve component for cpw.mods:grossjava9hacks:1.3.0 using repositories [maven, BUNDELED_377664982, maven2, MavenRepo]
2021-03-21T18:11:32.881+0100 [DEBUG] [org.gradle.api.internal.artifacts.ivyservice.ivyresolve.CachingModuleComponentRepository] Using cached module metadata for module 'cpw.mods:grossjava9hacks:1.3.0' in 'maven'
2021-03-21T18:11:32.881+0100 [DEBUG] [org.gradle.api.internal.artifacts.ivyservice.ivyresolve.RepositoryChainComponentMetaDataResolver] Using cpw.mods:grossjava9hacks:1.3.0 from Maven repository 'maven'
2021-03-21T18:11:32.882+0100 [DEBUG] [org.gradle.api.internal.artifacts.ivyservice.ivyresolve.RepositoryChainComponentMetaDataResolver] Attempting to resolve component for net.minecraftforge:accesstransformers:3.0.1 using repositories [maven, BUNDELED_377664982, maven2, MavenRepo]
2021-03-21T18:11:32.882+0100 [DEBUG] [org.gradle.api.internal.artifacts.ivyservice.ivyresolve.CachingModuleComponentRepository] Using cached module metadata for module 'net.minecraftforge:accesstransformers:3.0.1' in 'maven'
2021-03-21T18:11:32.882+0100 [DEBUG] [org.gradle.api.internal.artifacts.ivyservice.ivyresolve.RepositoryChainComponentMetaDataResolver] Using net.minecraftforge:accesstransformers:3.0.1 from Maven repository 'maven'
2021-03-21T18:11:32.882+0100 [DEBUG] [org.gradle.internal.component.model.LoggingAttributeMatchingExplanationBuilder] Candidate net.minecraftforge:accesstransformers:3.0.1 variant apiElements attribute org.gradle.usage value {org.gradle.category=library, org.gradle.dependency.bundling=external, org.gradle.jvm.version=8, org.gradle.libraryelements=jar, org.gradle.usage=java-api} doesn't requested value java-runtime
2021-03-21T18:11:32.882+0100 [DEBUG] [org.gradle.internal.component.model.LoggingAttributeMatchingExplanationBuilder] Candidate net.minecraftforge:accesstransformers:3.0.1 variant shadowRuntimeElements doesn't have attribute org.gradle.jvm.version
2021-03-21T18:11:32.882+0100 [DEBUG] [org.gradle.internal.component.model.LoggingAttributeMatchingExplanationBuilder] Candidate net.minecraftforge:accesstransformers:3.0.1 variant runtimeElements selected because its attributes are a superset of all other candidate attributes
2021-03-21T18:11:32.882+0100 [DEBUG] [org.gradle.internal.component.model.ComponentAttributeMatcher] Selected matches [net.minecraftforge:accesstransformers:3.0.1 variant runtimeElements] from candidates [net.minecraftforge:accesstransformers:3.0.1 variant apiElements, net.minecraftforge:accesstransformers:3.0.1 variant runtimeElements, net.minecraftforge:accesstransformers:3.0.1 variant shadowRuntimeElements] for {org.gradle.category=library, org.gradle.dependency.bundling=external, org.gradle.jvm.version=8, org.gradle.libraryelements=jar, org.gradle.usage=java-runtime}
2021-03-21T18:11:32.882+0100 [DEBUG] [org.gradle.api.internal.artifacts.ivyservice.ivyresolve.RepositoryChainComponentMetaDataResolver] Attempting to resolve component for org.antlr:antlr4-runtime:4.9.1 using repositories [maven, BUNDELED_377664982, maven2, MavenRepo]
2021-03-21T18:11:32.883+0100 [DEBUG] [org.gradle.api.internal.artifacts.ivyservice.ivyresolve.CachingModuleComponentRepository] Using cached module metadata for module 'org.antlr:antlr4-runtime:4.9.1' in 'maven'
2021-03-21T18:11:32.883+0100 [DEBUG] [org.gradle.api.internal.artifacts.ivyservice.ivyresolve.CachingModuleComponentRepository] Detected non-existence of module 'org.antlr:antlr4-runtime:4.9.1' in resolver cache 'BUNDELED_377664982'
2021-03-21T18:11:32.883+0100 [DEBUG] [org.gradle.api.internal.artifacts.ivyservice.ivyresolve.CachingModuleComponentRepository] Detected non-existence of module 'org.antlr:antlr4-runtime:4.9.1' in resolver cache 'maven2'
2021-03-21T18:11:32.883+0100 [DEBUG] [org.gradle.api.internal.artifacts.ivyservice.ivyresolve.CachingModuleComponentRepository] Using cached module metadata for module 'org.antlr:antlr4-runtime:4.9.1' in 'MavenRepo'
2021-03-21T18:11:32.883+0100 [DEBUG] [org.gradle.api.internal.artifacts.ivyservice.ivyresolve.RepositoryChainComponentMetaDataResolver] Using org.antlr:antlr4-runtime:4.9.1 from Maven repository 'MavenRepo'
2021-03-21T18:11:32.883+0100 [DEBUG] [org.gradle.api.internal.artifacts.ivyservice.ivyresolve.RepositoryChainComponentMetaDataResolver] Attempting to resolve component for net.minecraftforge:eventbus:4.0.0 using repositories [maven, BUNDELED_377664982, maven2, MavenRepo]
2021-03-21T18:11:32.883+0100 [DEBUG] [org.gradle.api.internal.artifacts.ivyservice.ivyresolve.CachingModuleComponentRepository] Using cached module metadata for module 'net.minecraftforge:eventbus:4.0.0' in 'maven'
2021-03-21T18:11:32.883+0100 [DEBUG] [org.gradle.api.internal.artifacts.ivyservice.ivyresolve.RepositoryChainComponentMetaDataResolver] Using net.minecraftforge:eventbus:4.0.0 from Maven repository 'maven'
2021-03-21T18:11:32.884+0100 [DEBUG] [org.gradle.api.internal.artifacts.ivyservice.ivyresolve.RepositoryChainComponentMetaDataResolver] Attempting to resolve component for net.minecraftforge:forgespi:3.2.0 using repositories [maven, BUNDELED_377664982, maven2, MavenRepo]
2021-03-21T18:11:32.884+0100 [DEBUG] [org.gradle.api.internal.artifacts.ivyservice.ivyresolve.CachingModuleComponentRepository] Using cached module metadata for module 'net.minecraftforge:forgespi:3.2.0' in 'maven'
2021-03-21T18:11:32.884+0100 [DEBUG] [org.gradle.api.internal.artifacts.ivyservice.ivyresolve.RepositoryChainComponentMetaDataResolver] Using net.minecraftforge:forgespi:3.2.0 from Maven repository 'maven'
2021-03-21T18:11:32.884+0100 [DEBUG] [org.gradle.api.internal.artifacts.ivyservice.ivyresolve.RepositoryChainComponentMetaDataResolver] Attempting to resolve component for net.minecraftforge:coremods:4.0.6 using repositories [maven, BUNDELED_377664982, maven2, MavenRepo]
2021-03-21T18:11:32.884+0100 [DEBUG] [org.gradle.api.internal.artifacts.ivyservice.ivyresolve.CachingModuleComponentRepository] Using cached module metadata for module 'net.minecraftforge:coremods:4.0.6' in 'maven'
2021-03-21T18:11:32.884+0100 [DEBUG] [org.gradle.api.internal.artifacts.ivyservice.ivyresolve.RepositoryChainComponentMetaDataResolver] Using net.minecraftforge:coremods:4.0.6 from Maven repository 'maven'
2021-03-21T18:11:32.884+0100 [DEBUG] [org.gradle.api.internal.artifacts.ivyservice.ivyresolve.RepositoryChainComponentMetaDataResolver] Attempting to resolve component for net.minecraftforge:unsafe:0.2.0 using repositories [maven, BUNDELED_377664982, maven2, MavenRepo]
2021-03-21T18:11:32.884+0100 [DEBUG] [org.gradle.api.internal.artifacts.ivyservice.ivyresolve.CachingModuleComponentRepository] Using cached module metadata for module 'net.minecraftforge:unsafe:0.2.0' in 'maven'
2021-03-21T18:11:32.884+0100 [DEBUG] [org.gradle.api.internal.artifacts.ivyservice.ivyresolve.RepositoryChainComponentMetaDataResolver] Using net.minecraftforge:unsafe:0.2.0 from Maven repository 'maven'
2021-03-21T18:11:32.885+0100 [DEBUG] [org.gradle.api.internal.artifacts.ivyservice.ivyresolve.RepositoryChainComponentMetaDataResolver] Attempting to resolve component for com.electronwill.night-config:core:3.6.3 using repositories [maven, BUNDELED_377664982, maven2, MavenRepo]
2021-03-21T18:11:32.885+0100 [DEBUG] [org.gradle.api.internal.artifacts.ivyservice.ivyresolve.CachingModuleComponentRepository] Using cached module metadata for module 'com.electronwill.night-config:core:3.6.3' in 'maven'
2021-03-21T18:11:32.885+0100 [DEBUG] [org.gradle.api.internal.artifacts.ivyservice.ivyresolve.CachingModuleComponentRepository] Detected non-existence of module 'com.electronwill.night-config:core:3.6.3' in resolver cache 'BUNDELED_377664982'
2021-03-21T18:11:32.885+0100 [DEBUG] [org.gradle.api.internal.artifacts.ivyservice.ivyresolve.CachingModuleComponentRepository] Detected non-existence of module 'com.electronwill.night-config:core:3.6.3' in resolver cache 'maven2'
2021-03-21T18:11:32.885+0100 [DEBUG] [org.gradle.api.internal.artifacts.ivyservice.ivyresolve.CachingModuleComponentRepository] Using cached module metadata for module 'com.electronwill.night-config:core:3.6.3' in 'MavenRepo'
2021-03-21T18:11:32.885+0100 [DEBUG] [org.gradle.api.internal.artifacts.ivyservice.ivyresolve.RepositoryChainComponentMetaDataResolver] Using com.electronwill.night-config:core:3.6.3 from Maven repository 'MavenRepo'
2021-03-21T18:11:32.885+0100 [DEBUG] [org.gradle.api.internal.artifacts.ivyservice.ivyresolve.RepositoryChainComponentMetaDataResolver] Attempting to resolve component for com.electronwill.night-config:toml:3.6.3 using repositories [maven, BUNDELED_377664982, maven2, MavenRepo]
2021-03-21T18:11:32.885+0100 [DEBUG] [org.gradle.api.internal.artifacts.ivyservice.ivyresolve.CachingModuleComponentRepository] Using cached module metadata for module 'com.electronwill.night-config:toml:3.6.3' in 'maven'
2021-03-21T18:11:32.885+0100 [DEBUG] [org.gradle.api.internal.artifacts.ivyservice.ivyresolve.CachingModuleComponentRepository] Detected non-existence of module 'com.electronwill.night-config:toml:3.6.3' in resolver cache 'BUNDELED_377664982'
2021-03-21T18:11:32.885+0100 [DEBUG] [org.gradle.api.internal.artifacts.ivyservice.ivyresolve.CachingModuleComponentRepository] Detected non-existence of module 'com.electronwill.night-config:toml:3.6.3' in resolver cache 'maven2'
2021-03-21T18:11:32.885+0100 [DEBUG] [org.gradle.api.internal.artifacts.ivyservice.ivyresolve.CachingModuleComponentRepository] Using cached module metadata for module 'com.electronwill.night-config:toml:3.6.3' in 'MavenRepo'
2021-03-21T18:11:32.885+0100 [DEBUG] [org.gradle.api.internal.artifacts.ivyservice.ivyresolve.RepositoryChainComponentMetaDataResolver] Using com.electronwill.night-config:toml:3.6.3 from Maven repository 'MavenRepo'
2021-03-21T18:11:32.885+0100 [DEBUG] [org.gradle.api.internal.artifacts.ivyservice.ivyresolve.RepositoryChainComponentMetaDataResolver] Attempting to resolve component for org.jline:jline:3.12.1 using repositories [maven, BUNDELED_377664982, maven2, MavenRepo]
2021-03-21T18:11:32.885+0100 [DEBUG] [org.gradle.api.internal.artifacts.ivyservice.ivyresolve.CachingModuleComponentRepository] Using cached module metadata for module 'org.jline:jline:3.12.1' in 'maven'
2021-03-21T18:11:32.886+0100 [DEBUG] [org.gradle.api.internal.artifacts.ivyservice.ivyresolve.CachingModuleComponentRepository] Detected non-existence of module 'org.jline:jline:3.12.1' in resolver cache 'BUNDELED_377664982'
2021-03-21T18:11:32.886+0100 [DEBUG] [org.gradle.api.internal.artifacts.ivyservice.ivyresolve.CachingModuleComponentRepository] Detected non-existence of module 'org.jline:jline:3.12.1' in resolver cache 'maven2'
2021-03-21T18:11:32.886+0100 [DEBUG] [org.gradle.api.internal.artifacts.ivyservice.ivyresolve.CachingModuleComponentRepository] Using cached module metadata for module 'org.jline:jline:3.12.1' in 'MavenRepo'
2021-03-21T18:11:32.886+0100 [DEBUG] [org.gradle.api.internal.artifacts.ivyservice.ivyresolve.RepositoryChainComponentMetaDataResolver] Using org.jline:jline:3.12.1 from Maven repository 'MavenRepo'
2021-03-21T18:11:32.886+0100 [DEBUG] [org.gradle.api.internal.artifacts.ivyservice.ivyresolve.RepositoryChainComponentMetaDataResolver] Attempting to resolve component for org.apache.maven:maven-artifact:3.6.3 using repositories [maven, BUNDELED_377664982, maven2, MavenRepo]
2021-03-21T18:11:32.886+0100 [DEBUG] [org.gradle.api.internal.artifacts.ivyservice.ivyresolve.CachingModuleComponentRepository] Using cached module metadata for module 'org.apache.maven:maven-artifact:3.6.3' in 'maven'
2021-03-21T18:11:32.886+0100 [DEBUG] [org.gradle.api.internal.artifacts.ivyservice.ivyresolve.CachingModuleComponentRepository] Detected non-existence of module 'org.apache.maven:maven-artifact:3.6.3' in resolver cache 'BUNDELED_377664982'
2021-03-21T18:11:32.886+0100 [DEBUG] [org.gradle.api.internal.artifacts.ivyservice.ivyresolve.CachingModuleComponentRepository] Detected non-existence of module 'org.apache.maven:maven-artifact:3.6.3' in resolver cache 'maven2'
2021-03-21T18:11:32.886+0100 [DEBUG] [org.gradle.api.internal.artifacts.ivyservice.ivyresolve.CachingModuleComponentRepository] Using cached module metadata for module 'org.apache.maven:maven-artifact:3.6.3' in 'MavenRepo'
2021-03-21T18:11:32.886+0100 [DEBUG] [org.gradle.api.internal.artifacts.ivyservice.ivyresolve.RepositoryChainComponentMetaDataResolver] Using org.apache.maven:maven-artifact:3.6.3 from Maven repository 'MavenRepo'
2021-03-21T18:11:32.886+0100 [DEBUG] [org.gradle.api.internal.artifacts.ivyservice.ivyresolve.RepositoryChainComponentMetaDataResolver] Attempting to resolve component for net.jodah:typetools:0.8.3 using repositories [maven, BUNDELED_377664982, maven2, MavenRepo]
2021-03-21T18:11:32.887+0100 [DEBUG] [org.gradle.api.internal.artifacts.ivyservice.ivyresolve.CachingModuleComponentRepository] Using cached module metadata for module 'net.jodah:typetools:0.8.3' in 'maven'
2021-03-21T18:11:32.887+0100 [DEBUG] [org.gradle.api.internal.artifacts.ivyservice.ivyresolve.RepositoryChainComponentMetaDataResolver] Using net.jodah:typetools:0.8.3 from Maven repository 'maven'
2021-03-21T18:11:32.887+0100 [DEBUG] [org.gradle.internal.component.model.LoggingAttributeMatchingExplanationBuilder] Candidate net.jodah:typetools:0.8.3 variant apiElements attribute org.gradle.usage value {org.gradle.category=library, org.gradle.dependency.bundling=external, org.gradle.jvm.version=8, org.gradle.libraryelements=jar, org.gradle.usage=java-api} doesn't requested value java-runtime
2021-03-21T18:11:32.887+0100 [DEBUG] [org.gradle.internal.component.model.LoggingAttributeMatchingExplanationBuilder] Candidate net.jodah:typetools:0.8.3 variant javadocElements attribute org.gradle.category value {org.gradle.category=documentation} doesn't requested value library
2021-03-21T18:11:32.887+0100 [DEBUG] [org.gradle.internal.component.model.ComponentAttributeMatcher] Selected matches [net.jodah:typetools:0.8.3 variant runtimeElements] from candidates [net.jodah:typetools:0.8.3 variant apiElements, net.jodah:typetools:0.8.3 variant runtimeElements, net.jodah:typetools:0.8.3 variant javadocElements] for {org.gradle.category=library, org.gradle.dependency.bundling=external, org.gradle.jvm.version=8, org.gradle.libraryelements=jar, org.gradle.usage=java-runtime}
2021-03-21T18:11:32.887+0100 [DEBUG] [org.gradle.api.internal.artifacts.ivyservice.ivyresolve.RepositoryChainComponentMetaDataResolver] Attempting to resolve component for org.apache.logging.log4j:log4j-api:2.11.2 using repositories [maven, BUNDELED_377664982, maven2, MavenRepo]
2021-03-21T18:11:32.888+0100 [DEBUG] [org.gradle.api.internal.artifacts.ivyservice.ivyresolve.CachingModuleComponentRepository] Using cached module metadata for module 'org.apache.logging.log4j:log4j-api:2.11.2' in 'maven'
2021-03-21T18:11:32.888+0100 [DEBUG] [org.gradle.api.internal.artifacts.ivyservice.ivyresolve.CachingModuleComponentRepository] Detected non-existence of module 'org.apache.logging.log4j:log4j-api:2.11.2' in resolver cache 'BUNDELED_377664982'
2021-03-21T18:11:32.888+0100 [DEBUG] [org.gradle.api.internal.artifacts.ivyservice.ivyresolve.CachingModuleComponentRepository] Detected non-existence of module 'org.apache.logging.log4j:log4j-api:2.11.2' in resolver cache 'maven2'
2021-03-21T18:11:32.888+0100 [DEBUG] [org.gradle.api.internal.artifacts.ivyservice.ivyresolve.CachingModuleComponentRepository] Using cached module metadata for module 'org.apache.logging.log4j:log4j-api:2.11.2' in 'MavenRepo'
2021-03-21T18:11:32.888+0100 [DEBUG] [org.gradle.api.internal.artifacts.ivyservice.ivyresolve.RepositoryChainComponentMetaDataResolver] Using org.apache.logging.log4j:log4j-api:2.11.2 from Maven repository 'MavenRepo'
2021-03-21T18:11:32.889+0100 [DEBUG] [org.gradle.api.internal.artifacts.ivyservice.ivyresolve.RepositoryChainComponentMetaDataResolver] Attempting to resolve component for org.apache.logging.log4j:log4j-core:2.11.2 using repositories [maven, BUNDELED_377664982, maven2, MavenRepo]
2021-03-21T18:11:32.889+0100 [DEBUG] [org.gradle.api.internal.artifacts.ivyservice.ivyresolve.CachingModuleComponentRepository] Using cached module metadata for module 'org.apache.logging.log4j:log4j-core:2.11.2' in 'maven'
2021-03-21T18:11:32.889+0100 [DEBUG] [org.gradle.api.internal.artifacts.ivyservice.ivyresolve.CachingModuleComponentRepository] Detected non-existence of module 'org.apache.logging.log4j:log4j-core:2.11.2' in resolver cache 'BUNDELED_377664982'
2021-03-21T18:11:32.889+0100 [DEBUG] [org.gradle.api.internal.artifacts.ivyservice.ivyresolve.CachingModuleComponentRepository] Detected non-existence of module 'org.apache.logging.log4j:log4j-core:2.11.2' in resolver cache 'maven2'
2021-03-21T18:11:32.889+0100 [DEBUG] [org.gradle.api.internal.artifacts.ivyservice.ivyresolve.CachingModuleComponentRepository] Using cached module metadata for module 'org.apache.logging.log4j:log4j-core:2.11.2' in 'MavenRepo'
2021-03-21T18:11:32.889+0100 [DEBUG] [org.gradle.api.internal.artifacts.ivyservice.ivyresolve.RepositoryChainComponentMetaDataResolver] Using org.apache.logging.log4j:log4j-core:2.11.2 from Maven repository 'MavenRepo'
2021-03-21T18:11:32.889+0100 [DEBUG] [org.gradle.api.internal.artifacts.ivyservice.ivyresolve.RepositoryChainComponentMetaDataResolver] Attempting to resolve component for net.minecrell:terminalconsoleappender:1.2.0 using repositories [maven, BUNDELED_377664982, maven2, MavenRepo]
2021-03-21T18:11:32.890+0100 [DEBUG] [org.gradle.api.internal.artifacts.ivyservice.ivyresolve.CachingModuleComponentRepository] Using cached module metadata for module 'net.minecrell:terminalconsoleappender:1.2.0' in 'maven'
2021-03-21T18:11:32.890+0100 [DEBUG] [org.gradle.api.internal.artifacts.ivyservice.ivyresolve.CachingModuleComponentRepository] Detected non-existence of module 'net.minecrell:terminalconsoleappender:1.2.0' in resolver cache 'BUNDELED_377664982'
2021-03-21T18:11:32.890+0100 [DEBUG] [org.gradle.api.internal.artifacts.ivyservice.ivyresolve.CachingModuleComponentRepository] Detected non-existence of module 'net.minecrell:terminalconsoleappender:1.2.0' in resolver cache 'maven2'
2021-03-21T18:11:32.890+0100 [DEBUG] [org.gradle.api.internal.artifacts.ivyservice.ivyresolve.CachingModuleComponentRepository] Using cached module metadata for module 'net.minecrell:terminalconsoleappender:1.2.0' in 'MavenRepo'
2021-03-21T18:11:32.890+0100 [DEBUG] [org.gradle.api.internal.artifacts.ivyservice.ivyresolve.RepositoryChainComponentMetaDataResolver] Using net.minecrell:terminalconsoleappender:1.2.0 from Maven repository 'MavenRepo'
2021-03-21T18:11:32.890+0100 [DEBUG] [org.gradle.api.internal.artifacts.ivyservice.ivyresolve.RepositoryChainComponentMetaDataResolver] Attempting to resolve component for net.sf.jopt-simple:jopt-simple:5.0.4 using repositories [maven, BUNDELED_377664982, maven2, MavenRepo]
2021-03-21T18:11:32.890+0100 [DEBUG] [org.gradle.api.internal.artifacts.ivyservice.ivyresolve.CachingModuleComponentRepository] Using cached module metadata for module 'net.sf.jopt-simple:jopt-simple:5.0.4' in 'maven'
2021-03-21T18:11:32.890+0100 [DEBUG] [org.gradle.api.internal.artifacts.ivyservice.ivyresolve.CachingModuleComponentRepository] Detected non-existence of module 'net.sf.jopt-simple:jopt-simple:5.0.4' in resolver cache 'BUNDELED_377664982'
2021-03-21T18:11:32.890+0100 [DEBUG] [org.gradle.api.internal.artifacts.ivyservice.ivyresolve.CachingModuleComponentRepository] Detected non-existence of module 'net.sf.jopt-simple:jopt-simple:5.0.4' in resolver cache 'maven2'
2021-03-21T18:11:32.890+0100 [DEBUG] [org.gradle.api.internal.artifacts.ivyservice.ivyresolve.CachingModuleComponentRepository] Using cached module metadata for module 'net.sf.jopt-simple:jopt-simple:5.0.4' in 'MavenRepo'
2021-03-21T18:11:32.890+0100 [DEBUG] [org.gradle.api.internal.artifacts.ivyservice.ivyresolve.RepositoryChainComponentMetaDataResolver] Using net.sf.jopt-simple:jopt-simple:5.0.4 from Maven repository 'MavenRepo'
2021-03-21T18:11:32.891+0100 [DEBUG] [org.gradle.api.internal.artifacts.ivyservice.ivyresolve.RepositoryChainComponentMetaDataResolver] Attempting to resolve component for org.spongepowered:mixin:0.8.2 using repositories [maven, BUNDELED_377664982, maven2, MavenRepo]
2021-03-21T18:11:32.891+0100 [DEBUG] [org.gradle.api.internal.artifacts.ivyservice.ivyresolve.CachingModuleComponentRepository] Using cached module metadata for module 'org.spongepowered:mixin:0.8.2' in 'maven'
2021-03-21T18:11:32.891+0100 [DEBUG] [org.gradle.api.internal.artifacts.ivyservice.ivyresolve.RepositoryChainComponentMetaDataResolver] Using org.spongepowered:mixin:0.8.2 from Maven repository 'maven'
2021-03-21T18:11:32.891+0100 [DEBUG] [org.gradle.api.internal.artifacts.ivyservice.ivyresolve.RepositoryChainComponentMetaDataResolver] Attempting to resolve component for net.minecraftforge:nashorn-core-compat:15.1.1.1 using repositories [maven, BUNDELED_377664982, maven2, MavenRepo]
2021-03-21T18:11:32.891+0100 [DEBUG] [org.gradle.api.internal.artifacts.ivyservice.ivyresolve.CachingModuleComponentRepository] Using cached module metadata for module 'net.minecraftforge:nashorn-core-compat:15.1.1.1' in 'maven'
2021-03-21T18:11:32.891+0100 [DEBUG] [org.gradle.api.internal.artifacts.ivyservice.ivyresolve.RepositoryChainComponentMetaDataResolver] Using net.minecraftforge:nashorn-core-compat:15.1.1.1 from Maven repository 'maven'
2021-03-21T18:11:32.891+0100 [DEBUG] [org.gradle.api.internal.artifacts.ivyservice.resolveengine.graph.builder.DependencyGraphBuilder] Visiting configuration net.minecraft:client:1.16.5(runtime).
2021-03-21T18:11:32.895+0100 [DEBUG] [org.gradle.api.internal.artifacts.ivyservice.ivyresolve.RepositoryChainComponentMetaDataResolver] Attempting to resolve component for com.mojang:patchy:1.1 using repositories [maven, BUNDELED_377664982, maven2, MavenRepo]
2021-03-21T18:11:32.895+0100 [DEBUG] [org.gradle.api.internal.artifacts.ivyservice.ivyresolve.CachingModuleComponentRepository] Detected non-existence of module 'com.mojang:patchy:1.1' in resolver cache 'maven'
2021-03-21T18:11:32.895+0100 [DEBUG] [org.gradle.api.internal.artifacts.ivyservice.ivyresolve.CachingModuleComponentRepository] Detected non-existence of module 'com.mojang:patchy:1.1' in resolver cache 'BUNDELED_377664982'
2021-03-21T18:11:32.895+0100 [DEBUG] [org.gradle.api.internal.artifacts.ivyservice.ivyresolve.CachingModuleComponentRepository] Using cached module metadata for module 'com.mojang:patchy:1.1' in 'maven2'
2021-03-21T18:11:32.895+0100 [DEBUG] [org.gradle.api.internal.artifacts.ivyservice.ivyresolve.CachingModuleComponentRepository] Detected non-existence of module 'com.mojang:patchy:1.1' in resolver cache 'MavenRepo'
2021-03-21T18:11:32.895+0100 [DEBUG] [org.gradle.api.internal.artifacts.ivyservice.ivyresolve.RepositoryChainComponentMetaDataResolver] Using com.mojang:patchy:1.1 from Maven repository 'maven2'
2021-03-21T18:11:32.896+0100 [DEBUG] [org.gradle.api.internal.artifacts.ivyservice.ivyresolve.RepositoryChainComponentMetaDataResolver] Attempting to resolve component for oshi-project:oshi-core:1.1 using repositories [maven, BUNDELED_377664982, maven2, MavenRepo]
2021-03-21T18:11:32.896+0100 [DEBUG] [org.gradle.api.internal.artifacts.ivyservice.ivyresolve.CachingModuleComponentRepository] Detected non-existence of module 'oshi-project:oshi-core:1.1' in resolver cache 'maven'
2021-03-21T18:11:32.896+0100 [DEBUG] [org.gradle.api.internal.artifacts.ivyservice.ivyresolve.CachingModuleComponentRepository] Detected non-existence of module 'oshi-project:oshi-core:1.1' in resolver cache 'BUNDELED_377664982'
2021-03-21T18:11:32.896+0100 [DEBUG] [org.gradle.api.internal.artifacts.ivyservice.ivyresolve.CachingModuleComponentRepository] Using cached module metadata for module 'oshi-project:oshi-core:1.1' in 'maven2'
2021-03-21T18:11:32.896+0100 [DEBUG] [org.gradle.api.internal.artifacts.ivyservice.ivyresolve.CachingModuleComponentRepository] Detected non-existence of module 'oshi-project:oshi-core:1.1' in resolver cache 'MavenRepo'
2021-03-21T18:11:32.896+0100 [DEBUG] [org.gradle.api.internal.artifacts.ivyservice.ivyresolve.RepositoryChainComponentMetaDataResolver] Using oshi-project:oshi-core:1.1 from Maven repository 'maven2'
2021-03-21T18:11:32.897+0100 [DEBUG] [org.gradle.api.internal.artifacts.ivyservice.ivyresolve.RepositoryChainComponentMetaDataResolver] Attempting to resolve component for net.java.dev.jna:jna:4.4.0 using repositories [maven, BUNDELED_377664982, maven2, MavenRepo]
2021-03-21T18:11:32.897+0100 [DEBUG] [org.gradle.api.internal.artifacts.ivyservice.ivyresolve.CachingModuleComponentRepository] Detected non-existence of module 'net.java.dev.jna:jna:4.4.0' in resolver cache 'maven'
2021-03-21T18:11:32.897+0100 [DEBUG] [org.gradle.api.internal.artifacts.ivyservice.ivyresolve.CachingModuleComponentRepository] Detected non-existence of module 'net.java.dev.jna:jna:4.4.0' in resolver cache 'BUNDELED_377664982'
2021-03-21T18:11:32.897+0100 [DEBUG] [org.gradle.api.internal.artifacts.ivyservice.ivyresolve.CachingModuleComponentRepository] Using cached module metadata for module 'net.java.dev.jna:jna:4.4.0' in 'maven2'
2021-03-21T18:11:32.897+0100 [DEBUG] [org.gradle.api.internal.artifacts.ivyservice.ivyresolve.CachingModuleComponentRepository] Using cached module metadata for module 'net.java.dev.jna:jna:4.4.0' in 'MavenRepo'
2021-03-21T18:11:32.897+0100 [DEBUG] [org.gradle.api.internal.artifacts.ivyservice.ivyresolve.RepositoryChainComponentMetaDataResolver] Using net.java.dev.jna:jna:4.4.0 from Maven repository 'MavenRepo'
2021-03-21T18:11:32.898+0100 [DEBUG] [org.gradle.api.internal.artifacts.ivyservice.ivyresolve.RepositoryChainComponentMetaDataResolver] Attempting to resolve component for net.java.dev.jna:platform:3.4.0 using repositories [maven, BUNDELED_377664982, maven2, MavenRepo]
2021-03-21T18:11:32.898+0100 [DEBUG] [org.gradle.api.internal.artifacts.ivyservice.ivyresolve.CachingModuleComponentRepository] Detected non-existence of module 'net.java.dev.jna:platform:3.4.0' in resolver cache 'maven'
2021-03-21T18:11:32.898+0100 [DEBUG] [org.gradle.api.internal.artifacts.ivyservice.ivyresolve.CachingModuleComponentRepository] Detected non-existence of module 'net.java.dev.jna:platform:3.4.0' in resolver cache 'BUNDELED_377664982'
2021-03-21T18:11:32.898+0100 [DEBUG] [org.gradle.api.internal.artifacts.ivyservice.ivyresolve.CachingModuleComponentRepository] Using cached module metadata for module 'net.java.dev.jna:platform:3.4.0' in 'maven2'
2021-03-21T18:11:32.898+0100 [DEBUG] [org.gradle.api.internal.artifacts.ivyservice.ivyresolve.CachingModuleComponentRepository] Using cached module metadata for module 'net.java.dev.jna:platform:3.4.0' in 'MavenRepo'
2021-03-21T18:11:32.898+0100 [DEBUG] [org.gradle.api.internal.artifacts.ivyservice.ivyresolve.RepositoryChainComponentMetaDataResolver] Using net.java.dev.jna:platform:3.4.0 from Maven repository 'MavenRepo'
2021-03-21T18:11:32.899+0100 [DEBUG] [org.gradle.api.internal.artifacts.ivyservice.ivyresolve.RepositoryChainComponentMetaDataResolver] Attempting to resolve component for com.ibm.icu:icu4j:66.1 using repositories [maven, BUNDELED_377664982, maven2, MavenRepo]
2021-03-21T18:11:32.899+0100 [DEBUG] [org.gradle.api.internal.artifacts.ivyservice.ivyresolve.CachingModuleComponentRepository] Detected non-existence of module 'com.ibm.icu:icu4j:66.1' in resolver cache 'maven'
2021-03-21T18:11:32.899+0100 [DEBUG] [org.gradle.api.internal.artifacts.ivyservice.ivyresolve.CachingModuleComponentRepository] Detected non-existence of module 'com.ibm.icu:icu4j:66.1' in resolver cache 'BUNDELED_377664982'
2021-03-21T18:11:32.899+0100 [DEBUG] [org.gradle.api.internal.artifacts.ivyservice.ivyresolve.CachingModuleComponentRepository] Using cached module metadata for module 'com.ibm.icu:icu4j:66.1' in 'maven2'
2021-03-21T18:11:32.899+0100 [DEBUG] [org.gradle.api.internal.artifacts.ivyservice.ivyresolve.CachingModuleComponentRepository] Using cached module metadata for module 'com.ibm.icu:icu4j:66.1' in 'MavenRepo'
2021-03-21T18:11:32.899+0100 [DEBUG] [org.gradle.api.internal.artifacts.ivyservice.ivyresolve.RepositoryChainComponentMetaDataResolver] Using com.ibm.icu:icu4j:66.1 from Maven repository 'MavenRepo'
2021-03-21T18:11:32.899+0100 [DEBUG] [org.gradle.api.internal.artifacts.ivyservice.ivyresolve.RepositoryChainComponentMetaDataResolver] Attempting to resolve component for com.mojang:javabridge:1.0.22 using repositories [maven, BUNDELED_377664982, maven2, MavenRepo]
2021-03-21T18:11:32.899+0100 [DEBUG] [org.gradle.api.internal.artifacts.ivyservice.ivyresolve.CachingModuleComponentRepository] Detected non-existence of module 'com.mojang:javabridge:1.0.22' in resolver cache 'maven'
2021-03-21T18:11:32.899+0100 [DEBUG] [org.gradle.api.internal.artifacts.ivyservice.ivyresolve.CachingModuleComponentRepository] Detected non-existence of module 'com.mojang:javabridge:1.0.22' in resolver cache 'BUNDELED_377664982'
2021-03-21T18:11:32.899+0100 [DEBUG] [org.gradle.api.internal.artifacts.ivyservice.ivyresolve.CachingModuleComponentRepository] Using cached module metadata for module 'com.mojang:javabridge:1.0.22' in 'maven2'
2021-03-21T18:11:32.899+0100 [DEBUG] [org.gradle.api.internal.artifacts.ivyservice.ivyresolve.CachingModuleComponentRepository] Detected non-existence of module 'com.mojang:javabridge:1.0.22' in resolver cache 'MavenRepo'
2021-03-21T18:11:32.900+0100 [DEBUG] [org.gradle.api.internal.artifacts.ivyservice.ivyresolve.RepositoryChainComponentMetaDataResolver] Using com.mojang:javabridge:1.0.22 from Maven repository 'maven2'
2021-03-21T18:11:32.900+0100 [DEBUG] [org.gradle.api.internal.artifacts.ivyservice.ivyresolve.RepositoryChainComponentMetaDataResolver] Attempting to resolve component for io.netty:netty-all:4.1.25.Final using repositories [maven, BUNDELED_377664982, maven2, MavenRepo]
2021-03-21T18:11:32.900+0100 [DEBUG] [org.gradle.api.internal.artifacts.ivyservice.ivyresolve.CachingModuleComponentRepository] Detected non-existence of module 'io.netty:netty-all:4.1.25.Final' in resolver cache 'maven'
2021-03-21T18:11:32.900+0100 [DEBUG] [org.gradle.api.internal.artifacts.ivyservice.ivyresolve.CachingModuleComponentRepository] Detected non-existence of module 'io.netty:netty-all:4.1.25.Final' in resolver cache 'BUNDELED_377664982'
2021-03-21T18:11:32.900+0100 [DEBUG] [org.gradle.api.internal.artifacts.ivyservice.ivyresolve.CachingModuleComponentRepository] Using cached module metadata for module 'io.netty:netty-all:4.1.25.Final' in 'maven2'
2021-03-21T18:11:32.900+0100 [DEBUG] [org.gradle.api.internal.artifacts.ivyservice.ivyresolve.CachingModuleComponentRepository] Using cached module metadata for module 'io.netty:netty-all:4.1.25.Final' in 'MavenRepo'
2021-03-21T18:11:32.900+0100 [DEBUG] [org.gradle.api.internal.artifacts.ivyservice.ivyresolve.RepositoryChainComponentMetaDataResolver] Using io.netty:netty-all:4.1.25.Final from Maven repository 'MavenRepo'
2021-03-21T18:11:32.900+0100 [DEBUG] [org.gradle.api.internal.artifacts.ivyservice.ivyresolve.RepositoryChainComponentMetaDataResolver] Attempting to resolve component for com.google.guava:guava:21.0 using repositories [maven, BUNDELED_377664982, maven2, MavenRepo]
2021-03-21T18:11:32.900+0100 [DEBUG] [org.gradle.api.internal.artifacts.ivyservice.ivyresolve.CachingModuleComponentRepository] Detected non-existence of module 'com.google.guava:guava:21.0' in resolver cache 'maven'
2021-03-21T18:11:32.900+0100 [DEBUG] [org.gradle.api.internal.artifacts.ivyservice.ivyresolve.CachingModuleComponentRepository] Detected non-existence of module 'com.google.guava:guava:21.0' in resolver cache 'BUNDELED_377664982'
2021-03-21T18:11:32.900+0100 [DEBUG] [org.gradle.api.internal.artifacts.ivyservice.ivyresolve.CachingModuleComponentRepository] Using cached module metadata for module 'com.google.guava:guava:21.0' in 'maven2'
2021-03-21T18:11:32.900+0100 [DEBUG] [org.gradle.api.internal.artifacts.ivyservice.ivyresolve.CachingModuleComponentRepository] Using cached module metadata for module 'com.google.guava:guava:21.0' in 'MavenRepo'
2021-03-21T18:11:32.901+0100 [DEBUG] [org.gradle.api.internal.artifacts.ivyservice.ivyresolve.RepositoryChainComponentMetaDataResolver] Using com.google.guava:guava:21.0 from Maven repository 'MavenRepo'
2021-03-21T18:11:32.901+0100 [DEBUG] [org.gradle.api.internal.artifacts.ivyservice.ivyresolve.RepositoryChainComponentMetaDataResolver] Attempting to resolve component for org.apache.commons:commons-lang3:3.5 using repositories [maven, BUNDELED_377664982, maven2, MavenRepo]
2021-03-21T18:11:32.901+0100 [DEBUG] [org.gradle.api.internal.artifacts.ivyservice.ivyresolve.CachingModuleComponentRepository] Detected non-existence of module 'org.apache.commons:commons-lang3:3.5' in resolver cache 'maven'
2021-03-21T18:11:32.901+0100 [DEBUG] [org.gradle.api.internal.artifacts.ivyservice.ivyresolve.CachingModuleComponentRepository] Detected non-existence of module 'org.apache.commons:commons-lang3:3.5' in resolver cache 'BUNDELED_377664982'
2021-03-21T18:11:32.901+0100 [DEBUG] [org.gradle.api.internal.artifacts.ivyservice.ivyresolve.CachingModuleComponentRepository] Using cached module metadata for module 'org.apache.commons:commons-lang3:3.5' in 'maven2'
2021-03-21T18:11:32.901+0100 [DEBUG] [org.gradle.api.internal.artifacts.ivyservice.ivyresolve.CachingModuleComponentRepository] Using cached module metadata for module 'org.apache.commons:commons-lang3:3.5' in 'MavenRepo'
2021-03-21T18:11:32.901+0100 [DEBUG] [org.gradle.api.internal.artifacts.ivyservice.ivyresolve.RepositoryChainComponentMetaDataResolver] Using org.apache.commons:commons-lang3:3.5 from Maven repository 'MavenRepo'
2021-03-21T18:11:32.901+0100 [DEBUG] [org.gradle.api.internal.artifacts.ivyservice.ivyresolve.RepositoryChainComponentMetaDataResolver] Attempting to resolve component for commons-io:commons-io:2.5 using repositories [maven, BUNDELED_377664982, maven2, MavenRepo]
2021-03-21T18:11:32.901+0100 [DEBUG] [org.gradle.api.internal.artifacts.ivyservice.ivyresolve.CachingModuleComponentRepository] Detected non-existence of module 'commons-io:commons-io:2.5' in resolver cache 'maven'
2021-03-21T18:11:32.902+0100 [DEBUG] [org.gradle.api.internal.artifacts.ivyservice.ivyresolve.CachingModuleComponentRepository] Detected non-existence of module 'commons-io:commons-io:2.5' in resolver cache 'BUNDELED_377664982'
2021-03-21T18:11:32.902+0100 [DEBUG] [org.gradle.api.internal.artifacts.ivyservice.ivyresolve.CachingModuleComponentRepository] Using cached module metadata for module 'commons-io:commons-io:2.5' in 'maven2'
2021-03-21T18:11:32.902+0100 [DEBUG] [org.gradle.api.internal.artifacts.ivyservice.ivyresolve.CachingModuleComponentRepository] Using cached module metadata for module 'commons-io:commons-io:2.5' in 'MavenRepo'
2021-03-21T18:11:32.902+0100 [DEBUG] [org.gradle.api.internal.artifacts.ivyservice.ivyresolve.RepositoryChainComponentMetaDataResolver] Using commons-io:commons-io:2.5 from Maven repository 'MavenRepo'
2021-03-21T18:11:32.902+0100 [DEBUG] [org.gradle.api.internal.artifacts.ivyservice.ivyresolve.RepositoryChainComponentMetaDataResolver] Attempting to resolve component for commons-codec:commons-codec:1.10 using repositories [maven, BUNDELED_377664982, maven2, MavenRepo]
2021-03-21T18:11:32.902+0100 [DEBUG] [org.gradle.api.internal.artifacts.ivyservice.ivyresolve.CachingModuleComponentRepository] Detected non-existence of module 'commons-codec:commons-codec:1.10' in resolver cache 'maven'
2021-03-21T18:11:32.902+0100 [DEBUG] [org.gradle.api.internal.artifacts.ivyservice.ivyresolve.CachingModuleComponentRepository] Detected non-existence of module 'commons-codec:commons-codec:1.10' in resolver cache 'BUNDELED_377664982'
2021-03-21T18:11:32.902+0100 [DEBUG] [org.gradle.api.internal.artifacts.ivyservice.ivyresolve.CachingModuleComponentRepository] Using cached module metadata for module 'commons-codec:commons-codec:1.10' in 'maven2'
2021-03-21T18:11:32.902+0100 [DEBUG] [org.gradle.api.internal.artifacts.ivyservice.ivyresolve.CachingModuleComponentRepository] Using cached module metadata for module 'commons-codec:commons-codec:1.10' in 'MavenRepo'
2021-03-21T18:11:32.902+0100 [DEBUG] [org.gradle.api.internal.artifacts.ivyservice.ivyresolve.RepositoryChainComponentMetaDataResolver] Using commons-codec:commons-codec:1.10 from Maven repository 'MavenRepo'
2021-03-21T18:11:32.903+0100 [DEBUG] [org.gradle.api.internal.artifacts.ivyservice.ivyresolve.RepositoryChainComponentMetaDataResolver] Attempting to resolve component for net.java.jinput:jinput:2.0.5 using repositories [maven, BUNDELED_377664982, maven2, MavenRepo]
2021-03-21T18:11:32.903+0100 [DEBUG] [org.gradle.api.internal.artifacts.ivyservice.ivyresolve.CachingModuleComponentRepository] Detected non-existence of module 'net.java.jinput:jinput:2.0.5' in resolver cache 'maven'
2021-03-21T18:11:32.903+0100 [DEBUG] [org.gradle.api.internal.artifacts.ivyservice.ivyresolve.CachingModuleComponentRepository] Detected non-existence of module 'net.java.jinput:jinput:2.0.5' in resolver cache 'BUNDELED_377664982'
2021-03-21T18:11:32.903+0100 [DEBUG] [org.gradle.api.internal.artifacts.ivyservice.ivyresolve.CachingModuleComponentRepository] Using cached module metadata for module 'net.java.jinput:jinput:2.0.5' in 'maven2'
2021-03-21T18:11:32.904+0100 [DEBUG] [org.gradle.api.internal.artifacts.ivyservice.ivyresolve.CachingModuleComponentRepository] Using cached module metadata for module 'net.java.jinput:jinput:2.0.5' in 'MavenRepo'
2021-03-21T18:11:32.904+0100 [DEBUG] [org.gradle.api.internal.artifacts.ivyservice.ivyresolve.RepositoryChainComponentMetaDataResolver] Using net.java.jinput:jinput:2.0.5 from Maven repository 'MavenRepo'
2021-03-21T18:11:32.904+0100 [DEBUG] [org.gradle.api.internal.artifacts.ivyservice.ivyresolve.RepositoryChainComponentMetaDataResolver] Attempting to resolve component for net.java.jutils:jutils:1.0.0 using repositories [maven, BUNDELED_377664982, maven2, MavenRepo]
2021-03-21T18:11:32.905+0100 [DEBUG] [org.gradle.api.internal.artifacts.ivyservice.ivyresolve.CachingModuleComponentRepository] Detected non-existence of module 'net.java.jutils:jutils:1.0.0' in resolver cache 'maven'
2021-03-21T18:11:32.905+0100 [DEBUG] [org.gradle.api.internal.artifacts.ivyservice.ivyresolve.CachingModuleComponentRepository] Detected non-existence of module 'net.java.jutils:jutils:1.0.0' in resolver cache 'BUNDELED_377664982'
2021-03-21T18:11:32.905+0100 [DEBUG] [org.gradle.api.internal.artifacts.ivyservice.ivyresolve.CachingModuleComponentRepository] Using cached module metadata for module 'net.java.jutils:jutils:1.0.0' in 'maven2'
2021-03-21T18:11:32.905+0100 [DEBUG] [org.gradle.api.internal.artifacts.ivyservice.ivyresolve.CachingModuleComponentRepository] Using cached module metadata for module 'net.java.jutils:jutils:1.0.0' in 'MavenRepo'
2021-03-21T18:11:32.905+0100 [DEBUG] [org.gradle.api.internal.artifacts.ivyservice.ivyresolve.RepositoryChainComponentMetaDataResolver] Using net.java.jutils:jutils:1.0.0 from Maven repository 'MavenRepo'
2021-03-21T18:11:32.905+0100 [DEBUG] [org.gradle.api.internal.artifacts.ivyservice.ivyresolve.RepositoryChainComponentMetaDataResolver] Attempting to resolve component for com.mojang:brigadier:1.0.17 using repositories [maven, BUNDELED_377664982, maven2, MavenRepo]
2021-03-21T18:11:32.905+0100 [DEBUG] [org.gradle.api.internal.artifacts.ivyservice.ivyresolve.CachingModuleComponentRepository] Detected non-existence of module 'com.mojang:brigadier:1.0.17' in resolver cache 'maven'
2021-03-21T18:11:32.905+0100 [DEBUG] [org.gradle.api.internal.artifacts.ivyservice.ivyresolve.CachingModuleComponentRepository] Detected non-existence of module 'com.mojang:brigadier:1.0.17' in resolver cache 'BUNDELED_377664982'
2021-03-21T18:11:32.905+0100 [DEBUG] [org.gradle.api.internal.artifacts.ivyservice.ivyresolve.CachingModuleComponentRepository] Using cached module metadata for module 'com.mojang:brigadier:1.0.17' in 'maven2'
2021-03-21T18:11:32.905+0100 [DEBUG] [org.gradle.api.internal.artifacts.ivyservice.ivyresolve.CachingModuleComponentRepository] Detected non-existence of module 'com.mojang:brigadier:1.0.17' in resolver cache 'MavenRepo'
2021-03-21T18:11:32.905+0100 [DEBUG] [org.gradle.api.internal.artifacts.ivyservice.ivyresolve.RepositoryChainComponentMetaDataResolver] Using com.mojang:brigadier:1.0.17 from Maven repository 'maven2'
2021-03-21T18:11:32.906+0100 [DEBUG] [org.gradle.api.internal.artifacts.ivyservice.ivyresolve.RepositoryChainComponentMetaDataResolver] Attempting to resolve component for com.mojang:datafixerupper:4.0.26 using repositories [maven, BUNDELED_377664982, maven2, MavenRepo]
2021-03-21T18:11:32.906+0100 [DEBUG] [org.gradle.api.internal.artifacts.ivyservice.ivyresolve.CachingModuleComponentRepository] Detected non-existence of module 'com.mojang:datafixerupper:4.0.26' in resolver cache 'maven'
2021-03-21T18:11:32.906+0100 [DEBUG] [org.gradle.api.internal.artifacts.ivyservice.ivyresolve.CachingModuleComponentRepository] Detected non-existence of module 'com.mojang:datafixerupper:4.0.26' in resolver cache 'BUNDELED_377664982'
2021-03-21T18:11:32.906+0100 [DEBUG] [org.gradle.api.internal.artifacts.ivyservice.ivyresolve.CachingModuleComponentRepository] Using cached module metadata for module 'com.mojang:datafixerupper:4.0.26' in 'maven2'
2021-03-21T18:11:32.906+0100 [DEBUG] [org.gradle.api.internal.artifacts.ivyservice.ivyresolve.CachingModuleComponentRepository] Detected non-existence of module 'com.mojang:datafixerupper:4.0.26' in resolver cache 'MavenRepo'
2021-03-21T18:11:32.906+0100 [DEBUG] [org.gradle.api.internal.artifacts.ivyservice.ivyresolve.RepositoryChainComponentMetaDataResolver] Using com.mojang:datafixerupper:4.0.26 from Maven repository 'maven2'
2021-03-21T18:11:32.907+0100 [DEBUG] [org.gradle.api.internal.artifacts.ivyservice.ivyresolve.RepositoryChainComponentMetaDataResolver] Attempting to resolve component for com.google.code.gson:gson:2.8.0 using repositories [maven, BUNDELED_377664982, maven2, MavenRepo]
2021-03-21T18:11:32.908+0100 [DEBUG] [org.gradle.api.internal.artifacts.ivyservice.ivyresolve.CachingModuleComponentRepository] Detected non-existence of module 'com.google.code.gson:gson:2.8.0' in resolver cache 'maven'
2021-03-21T18:11:32.908+0100 [DEBUG] [org.gradle.api.internal.artifacts.ivyservice.ivyresolve.CachingModuleComponentRepository] Detected non-existence of module 'com.google.code.gson:gson:2.8.0' in resolver cache 'BUNDELED_377664982'
2021-03-21T18:11:32.908+0100 [DEBUG] [org.gradle.api.internal.artifacts.ivyservice.ivyresolve.CachingModuleComponentRepository] Using cached module metadata for module 'com.google.code.gson:gson:2.8.0' in 'maven2'
2021-03-21T18:11:32.909+0100 [DEBUG] [org.gradle.api.internal.artifacts.ivyservice.ivyresolve.CachingModuleComponentRepository] Using cached module metadata for module 'com.google.code.gson:gson:2.8.0' in 'MavenRepo'
2021-03-21T18:11:32.909+0100 [DEBUG] [org.gradle.api.internal.artifacts.ivyservice.ivyresolve.RepositoryChainComponentMetaDataResolver] Using com.google.code.gson:gson:2.8.0 from Maven repository 'MavenRepo'
2021-03-21T18:11:32.909+0100 [DEBUG] [org.gradle.api.internal.artifacts.ivyservice.ivyresolve.RepositoryChainComponentMetaDataResolver] Attempting to resolve component for com.mojang:authlib:2.1.28 using repositories [maven, BUNDELED_377664982, maven2, MavenRepo]
2021-03-21T18:11:32.909+0100 [DEBUG] [org.gradle.api.internal.artifacts.ivyservice.ivyresolve.CachingModuleComponentRepository] Detected non-existence of module 'com.mojang:authlib:2.1.28' in resolver cache 'maven'
2021-03-21T18:11:32.909+0100 [DEBUG] [org.gradle.api.internal.artifacts.ivyservice.ivyresolve.CachingModuleComponentRepository] Detected non-existence of module 'com.mojang:authlib:2.1.28' in resolver cache 'BUNDELED_377664982'
2021-03-21T18:11:32.909+0100 [DEBUG] [org.gradle.api.internal.artifacts.ivyservice.ivyresolve.CachingModuleComponentRepository] Using cached module metadata for module 'com.mojang:authlib:2.1.28' in 'maven2'
2021-03-21T18:11:32.909+0100 [DEBUG] [org.gradle.api.internal.artifacts.ivyservice.ivyresolve.CachingModuleComponentRepository] Detected non-existence of module 'com.mojang:authlib:2.1.28' in resolver cache 'MavenRepo'
2021-03-21T18:11:32.909+0100 [DEBUG] [org.gradle.api.internal.artifacts.ivyservice.ivyresolve.RepositoryChainComponentMetaDataResolver] Using com.mojang:authlib:2.1.28 from Maven repository 'maven2'
2021-03-21T18:11:32.910+0100 [DEBUG] [org.gradle.api.internal.artifacts.ivyservice.ivyresolve.RepositoryChainComponentMetaDataResolver] Attempting to resolve component for org.apache.commons:commons-compress:1.8.1 using repositories [maven, BUNDELED_377664982, maven2, MavenRepo]
2021-03-21T18:11:32.910+0100 [DEBUG] [org.gradle.api.internal.artifacts.ivyservice.ivyresolve.CachingModuleComponentRepository] Detected non-existence of module 'org.apache.commons:commons-compress:1.8.1' in resolver cache 'maven'
2021-03-21T18:11:32.910+0100 [DEBUG] [org.gradle.api.internal.artifacts.ivyservice.ivyresolve.CachingModuleComponentRepository] Detected non-existence of module 'org.apache.commons:commons-compress:1.8.1' in resolver cache 'BUNDELED_377664982'
2021-03-21T18:11:32.910+0100 [DEBUG] [org.gradle.api.internal.artifacts.ivyservice.ivyresolve.CachingModuleComponentRepository] Using cached module metadata for module 'org.apache.commons:commons-compress:1.8.1' in 'maven2'
2021-03-21T18:11:32.910+0100 [DEBUG] [org.gradle.api.internal.artifacts.ivyservice.ivyresolve.CachingModuleComponentRepository] Using cached module metadata for module 'org.apache.commons:commons-compress:1.8.1' in 'MavenRepo'
2021-03-21T18:11:32.910+0100 [DEBUG] [org.gradle.api.internal.artifacts.ivyservice.ivyresolve.RepositoryChainComponentMetaDataResolver] Using org.apache.commons:commons-compress:1.8.1 from Maven repository 'MavenRepo'
2021-03-21T18:11:32.910+0100 [DEBUG] [org.gradle.api.internal.artifacts.ivyservice.ivyresolve.RepositoryChainComponentMetaDataResolver] Attempting to resolve component for org.apache.httpcomponents:httpclient:4.3.3 using repositories [maven, BUNDELED_377664982, maven2, MavenRepo]
2021-03-21T18:11:32.910+0100 [DEBUG] [org.gradle.api.internal.artifacts.ivyservice.ivyresolve.CachingModuleComponentRepository] Detected non-existence of module 'org.apache.httpcomponents:httpclient:4.3.3' in resolver cache 'maven'
2021-03-21T18:11:32.910+0100 [DEBUG] [org.gradle.api.internal.artifacts.ivyservice.ivyresolve.CachingModuleComponentRepository] Detected non-existence of module 'org.apache.httpcomponents:httpclient:4.3.3' in resolver cache 'BUNDELED_377664982'
2021-03-21T18:11:32.910+0100 [DEBUG] [org.gradle.api.internal.artifacts.ivyservice.ivyresolve.CachingModuleComponentRepository] Using cached module metadata for module 'org.apache.httpcomponents:httpclient:4.3.3' in 'maven2'
2021-03-21T18:11:32.911+0100 [DEBUG] [org.gradle.api.internal.artifacts.ivyservice.ivyresolve.CachingModuleComponentRepository] Using cached module metadata for module 'org.apache.httpcomponents:httpclient:4.3.3' in 'MavenRepo'
2021-03-21T18:11:32.911+0100 [DEBUG] [org.gradle.api.internal.artifacts.ivyservice.ivyresolve.RepositoryChainComponentMetaDataResolver] Using org.apache.httpcomponents:httpclient:4.3.3 from Maven repository 'MavenRepo'
2021-03-21T18:11:32.911+0100 [DEBUG] [org.gradle.api.internal.artifacts.ivyservice.ivyresolve.RepositoryChainComponentMetaDataResolver] Attempting to resolve component for commons-logging:commons-logging:1.1.3 using repositories [maven, BUNDELED_377664982, maven2, MavenRepo]
2021-03-21T18:11:32.911+0100 [DEBUG] [org.gradle.api.internal.artifacts.ivyservice.ivyresolve.CachingModuleComponentRepository] Detected non-existence of module 'commons-logging:commons-logging:1.1.3' in resolver cache 'maven'
2021-03-21T18:11:32.911+0100 [DEBUG] [org.gradle.api.internal.artifacts.ivyservice.ivyresolve.CachingModuleComponentRepository] Detected non-existence of module 'commons-logging:commons-logging:1.1.3' in resolver cache 'BUNDELED_377664982'
2021-03-21T18:11:32.911+0100 [DEBUG] [org.gradle.api.internal.artifacts.ivyservice.ivyresolve.CachingModuleComponentRepository] Using cached module metadata for module 'commons-logging:commons-logging:1.1.3' in 'maven2'
2021-03-21T18:11:32.911+0100 [DEBUG] [org.gradle.api.internal.artifacts.ivyservice.ivyresolve.CachingModuleComponentRepository] Using cached module metadata for module 'commons-logging:commons-logging:1.1.3' in 'MavenRepo'
2021-03-21T18:11:32.911+0100 [DEBUG] [org.gradle.api.internal.artifacts.ivyservice.ivyresolve.RepositoryChainComponentMetaDataResolver] Using commons-logging:commons-logging:1.1.3 from Maven repository 'MavenRepo'
2021-03-21T18:11:32.911+0100 [DEBUG] [org.gradle.api.internal.artifacts.ivyservice.ivyresolve.RepositoryChainComponentMetaDataResolver] Attempting to resolve component for org.apache.httpcomponents:httpcore:4.3.2 using repositories [maven, BUNDELED_377664982, maven2, MavenRepo]
2021-03-21T18:11:32.911+0100 [DEBUG] [org.gradle.api.internal.artifacts.ivyservice.ivyresolve.CachingModuleComponentRepository] Detected non-existence of module 'org.apache.httpcomponents:httpcore:4.3.2' in resolver cache 'maven'
2021-03-21T18:11:32.911+0100 [DEBUG] [org.gradle.api.internal.artifacts.ivyservice.ivyresolve.CachingModuleComponentRepository] Detected non-existence of module 'org.apache.httpcomponents:httpcore:4.3.2' in resolver cache 'BUNDELED_377664982'
2021-03-21T18:11:32.911+0100 [DEBUG] [org.gradle.api.internal.artifacts.ivyservice.ivyresolve.CachingModuleComponentRepository] Using cached module metadata for module 'org.apache.httpcomponents:httpcore:4.3.2' in 'maven2'
2021-03-21T18:11:32.912+0100 [DEBUG] [org.gradle.api.internal.artifacts.ivyservice.ivyresolve.CachingModuleComponentRepository] Using cached module metadata for module 'org.apache.httpcomponents:httpcore:4.3.2' in 'MavenRepo'
2021-03-21T18:11:32.912+0100 [DEBUG] [org.gradle.api.internal.artifacts.ivyservice.ivyresolve.RepositoryChainComponentMetaDataResolver] Using org.apache.httpcomponents:httpcore:4.3.2 from Maven repository 'MavenRepo'
2021-03-21T18:11:32.912+0100 [DEBUG] [org.gradle.api.internal.artifacts.ivyservice.ivyresolve.RepositoryChainComponentMetaDataResolver] Attempting to resolve component for it.unimi.dsi:fastutil:8.2.1 using repositories [maven, BUNDELED_377664982, maven2, MavenRepo]
2021-03-21T18:11:32.912+0100 [DEBUG] [org.gradle.api.internal.artifacts.ivyservice.ivyresolve.CachingModuleComponentRepository] Detected non-existence of module 'it.unimi.dsi:fastutil:8.2.1' in resolver cache 'maven'
2021-03-21T18:11:32.912+0100 [DEBUG] [org.gradle.api.internal.artifacts.ivyservice.ivyresolve.CachingModuleComponentRepository] Detected non-existence of module 'it.unimi.dsi:fastutil:8.2.1' in resolver cache 'BUNDELED_377664982'
2021-03-21T18:11:32.912+0100 [DEBUG] [org.gradle.api.internal.artifacts.ivyservice.ivyresolve.CachingModuleComponentRepository] Using cached module metadata for module 'it.unimi.dsi:fastutil:8.2.1' in 'maven2'
2021-03-21T18:11:32.912+0100 [DEBUG] [org.gradle.api.internal.artifacts.ivyservice.ivyresolve.CachingModuleComponentRepository] Using cached module metadata for module 'it.unimi.dsi:fastutil:8.2.1' in 'MavenRepo'
2021-03-21T18:11:32.912+0100 [DEBUG] [org.gradle.api.internal.artifacts.ivyservice.ivyresolve.RepositoryChainComponentMetaDataResolver] Using it.unimi.dsi:fastutil:8.2.1 from Maven repository 'MavenRepo'
2021-03-21T18:11:32.912+0100 [DEBUG] [org.gradle.api.internal.artifacts.ivyservice.ivyresolve.RepositoryChainComponentMetaDataResolver] Attempting to resolve component for org.lwjgl:lwjgl:3.2.2 using repositories [maven, BUNDELED_377664982, maven2, MavenRepo]
2021-03-21T18:11:32.912+0100 [DEBUG] [org.gradle.api.internal.artifacts.ivyservice.ivyresolve.CachingModuleComponentRepository] Detected non-existence of module 'org.lwjgl:lwjgl:3.2.2' in resolver cache 'maven'
2021-03-21T18:11:32.913+0100 [DEBUG] [org.gradle.api.internal.artifacts.ivyservice.ivyresolve.CachingModuleComponentRepository] Detected non-existence of module 'org.lwjgl:lwjgl:3.2.2' in resolver cache 'BUNDELED_377664982'
2021-03-21T18:11:32.913+0100 [DEBUG] [org.gradle.api.internal.artifacts.ivyservice.ivyresolve.CachingModuleComponentRepository] Using cached module metadata for module 'org.lwjgl:lwjgl:3.2.2' in 'maven2'
2021-03-21T18:11:32.913+0100 [DEBUG] [org.gradle.api.internal.artifacts.ivyservice.ivyresolve.CachingModuleComponentRepository] Using cached module metadata for module 'org.lwjgl:lwjgl:3.2.2' in 'MavenRepo'
2021-03-21T18:11:32.913+0100 [DEBUG] [org.gradle.api.internal.artifacts.ivyservice.ivyresolve.RepositoryChainComponentMetaDataResolver] Using org.lwjgl:lwjgl:3.2.2 from Maven repository 'MavenRepo'
2021-03-21T18:11:32.913+0100 [DEBUG] [org.gradle.api.internal.artifacts.ivyservice.ivyresolve.RepositoryChainComponentMetaDataResolver] Attempting to resolve component for org.lwjgl:lwjgl-jemalloc:3.2.2 using repositories [maven, BUNDELED_377664982, maven2, MavenRepo]
2021-03-21T18:11:32.913+0100 [DEBUG] [org.gradle.api.internal.artifacts.ivyservice.ivyresolve.CachingModuleComponentRepository] Detected non-existence of module 'org.lwjgl:lwjgl-jemalloc:3.2.2' in resolver cache 'maven'
2021-03-21T18:11:32.913+0100 [DEBUG] [org.gradle.api.internal.artifacts.ivyservice.ivyresolve.CachingModuleComponentRepository] Detected non-existence of module 'org.lwjgl:lwjgl-jemalloc:3.2.2' in resolver cache 'BUNDELED_377664982'
2021-03-21T18:11:32.913+0100 [DEBUG] [org.gradle.api.internal.artifacts.ivyservice.ivyresolve.CachingModuleComponentRepository] Using cached module metadata for module 'org.lwjgl:lwjgl-jemalloc:3.2.2' in 'maven2'
2021-03-21T18:11:32.913+0100 [DEBUG] [org.gradle.api.internal.artifacts.ivyservice.ivyresolve.CachingModuleComponentRepository] Using cached module metadata for module 'org.lwjgl:lwjgl-jemalloc:3.2.2' in 'MavenRepo'
2021-03-21T18:11:32.913+0100 [DEBUG] [org.gradle.api.internal.artifacts.ivyservice.ivyresolve.RepositoryChainComponentMetaDataResolver] Using org.lwjgl:lwjgl-jemalloc:3.2.2 from Maven repository 'MavenRepo'
2021-03-21T18:11:32.913+0100 [DEBUG] [org.gradle.api.internal.artifacts.ivyservice.ivyresolve.RepositoryChainComponentMetaDataResolver] Attempting to resolve component for org.lwjgl:lwjgl-openal:3.2.2 using repositories [maven, BUNDELED_377664982, maven2, MavenRepo]
2021-03-21T18:11:32.914+0100 [DEBUG] [org.gradle.api.internal.artifacts.ivyservice.ivyresolve.CachingModuleComponentRepository] Detected non-existence of module 'org.lwjgl:lwjgl-openal:3.2.2' in resolver cache 'maven'
2021-03-21T18:11:32.914+0100 [DEBUG] [org.gradle.api.internal.artifacts.ivyservice.ivyresolve.CachingModuleComponentRepository] Detected non-existence of module 'org.lwjgl:lwjgl-openal:3.2.2' in resolver cache 'BUNDELED_377664982'
2021-03-21T18:11:32.914+0100 [DEBUG] [org.gradle.api.internal.artifacts.ivyservice.ivyresolve.CachingModuleComponentRepository] Using cached module metadata for module 'org.lwjgl:lwjgl-openal:3.2.2' in 'maven2'
2021-03-21T18:11:32.914+0100 [DEBUG] [org.gradle.api.internal.artifacts.ivyservice.ivyresolve.CachingModuleComponentRepository] Using cached module metadata for module 'org.lwjgl:lwjgl-openal:3.2.2' in 'MavenRepo'
2021-03-21T18:11:32.914+0100 [DEBUG] [org.gradle.api.internal.artifacts.ivyservice.ivyresolve.RepositoryChainComponentMetaDataResolver] Using org.lwjgl:lwjgl-openal:3.2.2 from Maven repository 'MavenRepo'
2021-03-21T18:11:32.914+0100 [DEBUG] [org.gradle.api.internal.artifacts.ivyservice.ivyresolve.RepositoryChainComponentMetaDataResolver] Attempting to resolve component for org.lwjgl:lwjgl-opengl:3.2.2 using repositories [maven, BUNDELED_377664982, maven2, MavenRepo]
2021-03-21T18:11:32.914+0100 [DEBUG] [org.gradle.api.internal.artifacts.ivyservice.ivyresolve.CachingModuleComponentRepository] Detected non-existence of module 'org.lwjgl:lwjgl-opengl:3.2.2' in resolver cache 'maven'
2021-03-21T18:11:32.914+0100 [DEBUG] [org.gradle.api.internal.artifacts.ivyservice.ivyresolve.CachingModuleComponentRepository] Detected non-existence of module 'org.lwjgl:lwjgl-opengl:3.2.2' in resolver cache 'BUNDELED_377664982'
2021-03-21T18:11:32.914+0100 [DEBUG] [org.gradle.api.internal.artifacts.ivyservice.ivyresolve.CachingModuleComponentRepository] Using cached module metadata for module 'org.lwjgl:lwjgl-opengl:3.2.2' in 'maven2'
2021-03-21T18:11:32.914+0100 [DEBUG] [org.gradle.api.internal.artifacts.ivyservice.ivyresolve.CachingModuleComponentRepository] Using cached module metadata for module 'org.lwjgl:lwjgl-opengl:3.2.2' in 'MavenRepo'
2021-03-21T18:11:32.914+0100 [DEBUG] [org.gradle.api.internal.artifacts.ivyservice.ivyresolve.RepositoryChainComponentMetaDataResolver] Using org.lwjgl:lwjgl-opengl:3.2.2 from Maven repository 'MavenRepo'
2021-03-21T18:11:32.915+0100 [DEBUG] [org.gradle.api.internal.artifacts.ivyservice.ivyresolve.RepositoryChainComponentMetaDataResolver] Attempting to resolve component for org.lwjgl:lwjgl-glfw:3.2.2 using repositories [maven, BUNDELED_377664982, maven2, MavenRepo]
2021-03-21T18:11:32.915+0100 [DEBUG] [org.gradle.api.internal.artifacts.ivyservice.ivyresolve.CachingModuleComponentRepository] Detected non-existence of module 'org.lwjgl:lwjgl-glfw:3.2.2' in resolver cache 'maven'
2021-03-21T18:11:32.915+0100 [DEBUG] [org.gradle.api.internal.artifacts.ivyservice.ivyresolve.CachingModuleComponentRepository] Detected non-existence of module 'org.lwjgl:lwjgl-glfw:3.2.2' in resolver cache 'BUNDELED_377664982'
2021-03-21T18:11:32.915+0100 [DEBUG] [org.gradle.api.internal.artifacts.ivyservice.ivyresolve.CachingModuleComponentRepository] Using cached module metadata for module 'org.lwjgl:lwjgl-glfw:3.2.2' in 'maven2'
2021-03-21T18:11:32.915+0100 [DEBUG] [org.gradle.api.internal.artifacts.ivyservice.ivyresolve.CachingModuleComponentRepository] Using cached module metadata for module 'org.lwjgl:lwjgl-glfw:3.2.2' in 'MavenRepo'
2021-03-21T18:11:32.915+0100 [DEBUG] [org.gradle.api.internal.artifacts.ivyservice.ivyresolve.RepositoryChainComponentMetaDataResolver] Using org.lwjgl:lwjgl-glfw:3.2.2 from Maven repository 'MavenRepo'
2021-03-21T18:11:32.915+0100 [DEBUG] [org.gradle.api.internal.artifacts.ivyservice.ivyresolve.RepositoryChainComponentMetaDataResolver] Attempting to resolve component for org.lwjgl:lwjgl-stb:3.2.2 using repositories [maven, BUNDELED_377664982, maven2, MavenRepo]
2021-03-21T18:11:32.915+0100 [DEBUG] [org.gradle.api.internal.artifacts.ivyservice.ivyresolve.CachingModuleComponentRepository] Detected non-existence of module 'org.lwjgl:lwjgl-stb:3.2.2' in resolver cache 'maven'
2021-03-21T18:11:32.915+0100 [DEBUG] [org.gradle.api.internal.artifacts.ivyservice.ivyresolve.CachingModuleComponentRepository] Detected non-existence of module 'org.lwjgl:lwjgl-stb:3.2.2' in resolver cache 'BUNDELED_377664982'
2021-03-21T18:11:32.916+0100 [DEBUG] [org.gradle.api.internal.artifacts.ivyservice.ivyresolve.CachingModuleComponentRepository] Using cached module metadata for module 'org.lwjgl:lwjgl-stb:3.2.2' in 'maven2'
2021-03-21T18:11:32.916+0100 [DEBUG] [org.gradle.api.internal.artifacts.ivyservice.ivyresolve.CachingModuleComponentRepository] Using cached module metadata for module 'org.lwjgl:lwjgl-stb:3.2.2' in 'MavenRepo'
2021-03-21T18:11:32.916+0100 [DEBUG] [org.gradle.api.internal.artifacts.ivyservice.ivyresolve.RepositoryChainComponentMetaDataResolver] Using org.lwjgl:lwjgl-stb:3.2.2 from Maven repository 'MavenRepo'
2021-03-21T18:11:32.916+0100 [DEBUG] [org.gradle.api.internal.artifacts.ivyservice.ivyresolve.RepositoryChainComponentMetaDataResolver] Attempting to resolve component for org.lwjgl:lwjgl-tinyfd:3.2.2 using repositories [maven, BUNDELED_377664982, maven2, MavenRepo]
2021-03-21T18:11:32.916+0100 [DEBUG] [org.gradle.api.internal.artifacts.ivyservice.ivyresolve.CachingModuleComponentRepository] Detected non-existence of module 'org.lwjgl:lwjgl-tinyfd:3.2.2' in resolver cache 'maven'
2021-03-21T18:11:32.916+0100 [DEBUG] [org.gradle.api.internal.artifacts.ivyservice.ivyresolve.CachingModuleComponentRepository] Detected non-existence of module 'org.lwjgl:lwjgl-tinyfd:3.2.2' in resolver cache 'BUNDELED_377664982'
2021-03-21T18:11:32.916+0100 [DEBUG] [org.gradle.api.internal.artifacts.ivyservice.ivyresolve.CachingModuleComponentRepository] Using cached module metadata for module 'org.lwjgl:lwjgl-tinyfd:3.2.2' in 'maven2'
2021-03-21T18:11:32.916+0100 [DEBUG] [org.gradle.api.internal.artifacts.ivyservice.ivyresolve.CachingModuleComponentRepository] Using cached module metadata for module 'org.lwjgl:lwjgl-tinyfd:3.2.2' in 'MavenRepo'
2021-03-21T18:11:32.917+0100 [DEBUG] [org.gradle.api.internal.artifacts.ivyservice.ivyresolve.RepositoryChainComponentMetaDataResolver] Using org.lwjgl:lwjgl-tinyfd:3.2.2 from Maven repository 'MavenRepo'
2021-03-21T18:11:32.917+0100 [DEBUG] [org.gradle.api.internal.artifacts.ivyservice.ivyresolve.RepositoryChainComponentMetaDataResolver] Attempting to resolve component for com.mojang:text2speech:1.11.3 using repositories [maven, BUNDELED_377664982, maven2, MavenRepo]
2021-03-21T18:11:32.917+0100 [DEBUG] [org.gradle.api.internal.artifacts.ivyservice.ivyresolve.CachingModuleComponentRepository] Detected non-existence of module 'com.mojang:text2speech:1.11.3' in resolver cache 'maven'
2021-03-21T18:11:32.918+0100 [DEBUG] [org.gradle.api.internal.artifacts.ivyservice.ivyresolve.CachingModuleComponentRepository] Detected non-existence of module 'com.mojang:text2speech:1.11.3' in resolver cache 'BUNDELED_377664982'
2021-03-21T18:11:32.918+0100 [DEBUG] [org.gradle.api.internal.artifacts.ivyservice.ivyresolve.CachingModuleComponentRepository] Using cached module metadata for module 'com.mojang:text2speech:1.11.3' in 'maven2'
2021-03-21T18:11:32.918+0100 [DEBUG] [org.gradle.api.internal.artifacts.ivyservice.ivyresolve.CachingModuleComponentRepository] Detected non-existence of module 'com.mojang:text2speech:1.11.3' in resolver cache 'MavenRepo'
2021-03-21T18:11:32.918+0100 [DEBUG] [org.gradle.api.internal.artifacts.ivyservice.ivyresolve.RepositoryChainComponentMetaDataResolver] Using com.mojang:text2speech:1.11.3 from Maven repository 'maven2'
2021-03-21T18:11:32.918+0100 [DEBUG] [org.gradle.api.internal.artifacts.ivyservice.resolveengine.graph.builder.DependencyGraphBuilder] Visiting configuration com.google.code.findbugs:jsr305:3.0.1(runtime).
2021-03-21T18:11:32.919+0100 [DEBUG] [org.gradle.api.internal.artifacts.ivyservice.resolveengine.graph.builder.DependencyGraphBuilder] Visiting configuration net.minecraftforge:mergetool:1.0.9(runtime).
2021-03-21T18:11:32.922+0100 [DEBUG] [org.gradle.api.internal.artifacts.ivyservice.resolveengine.graph.builder.DependencyGraphBuilder] Visiting configuration net.minecraft:mappings_official:1.16.5(runtime).
2021-03-21T18:11:32.923+0100 [DEBUG] [org.gradle.api.internal.artifacts.ivyservice.resolveengine.graph.builder.DependencyGraphBuilder] Visiting configuration org.ow2.asm:asm:9.0(runtimeElements).
2021-03-21T18:11:32.923+0100 [DEBUG] [org.gradle.api.internal.artifacts.ivyservice.resolveengine.graph.builder.DependencyGraphBuilder] Visiting configuration org.ow2.asm:asm-commons:9.0(runtimeElements).
2021-03-21T18:11:32.924+0100 [DEBUG] [org.gradle.api.internal.artifacts.ivyservice.resolveengine.graph.builder.DependencyGraphBuilder] Visiting configuration org.ow2.asm:asm-tree:9.0(runtimeElements).
2021-03-21T18:11:32.926+0100 [DEBUG] [org.gradle.api.internal.artifacts.ivyservice.resolveengine.graph.builder.DependencyGraphBuilder] Visiting configuration org.ow2.asm:asm-util:9.0(runtimeElements).
2021-03-21T18:11:32.926+0100 [DEBUG] [org.gradle.api.internal.artifacts.ivyservice.resolveengine.graph.builder.DependencyGraphBuilder] Visiting configuration org.ow2.asm:asm-analysis:9.0(runtimeElements).
2021-03-21T18:11:32.926+0100 [DEBUG] [org.gradle.api.internal.artifacts.ivyservice.resolveengine.graph.builder.DependencyGraphBuilder] Visiting configuration cpw.mods:modlauncher:8.0.9(runtimeElements).
2021-03-21T18:11:32.927+0100 [DEBUG] [org.gradle.api.internal.artifacts.ivyservice.ivyresolve.RepositoryChainComponentMetaDataResolver] Attempting to resolve component for com.google.code.findbugs:jsr305:3.0.2 using repositories [maven, BUNDELED_377664982, maven2, MavenRepo]
2021-03-21T18:11:32.928+0100 [DEBUG] [org.gradle.api.internal.artifacts.ivyservice.ivyresolve.CachingModuleComponentRepository] Using cached module metadata for module 'com.google.code.findbugs:jsr305:3.0.2' in 'maven'
2021-03-21T18:11:32.928+0100 [DEBUG] [org.gradle.api.internal.artifacts.ivyservice.ivyresolve.CachingModuleComponentRepository] Detected non-existence of module 'com.google.code.findbugs:jsr305:3.0.2' in resolver cache 'BUNDELED_377664982'
2021-03-21T18:11:32.928+0100 [DEBUG] [org.gradle.api.internal.artifacts.ivyservice.ivyresolve.CachingModuleComponentRepository] Detected non-existence of module 'com.google.code.findbugs:jsr305:3.0.2' in resolver cache 'maven2'
2021-03-21T18:11:32.928+0100 [DEBUG] [org.gradle.api.internal.artifacts.ivyservice.ivyresolve.CachingModuleComponentRepository] Using cached module metadata for module 'com.google.code.findbugs:jsr305:3.0.2' in 'MavenRepo'
2021-03-21T18:11:32.928+0100 [DEBUG] [org.gradle.api.internal.artifacts.ivyservice.ivyresolve.RepositoryChainComponentMetaDataResolver] Using com.google.code.findbugs:jsr305:3.0.2 from Maven repository 'MavenRepo'
2021-03-21T18:11:32.929+0100 [DEBUG] [org.gradle.api.internal.artifacts.ivyservice.ivyresolve.DynamicVersionResolver] Attempting to resolve version for cpw.mods:grossjava9hacks:1.3.+ using repositories [maven, BUNDELED_377664982, maven2, MavenRepo]
2021-03-21T18:11:32.929+0100 [DEBUG] [org.gradle.api.internal.artifacts.ivyservice.ivyresolve.CachingModuleComponentRepository] Using cached module metadata for module 'cpw.mods:grossjava9hacks:1.3.0' in 'maven'
2021-03-21T18:11:32.930+0100 [DEBUG] [org.gradle.api.internal.artifacts.ivyservice.ivyresolve.DynamicVersionResolver] Using cpw.mods:grossjava9hacks:1.3.0 from Maven repository 'maven'
2021-03-21T18:11:32.930+0100 [DEBUG] [org.gradle.api.internal.artifacts.ivyservice.resolveengine.graph.builder.DependencyGraphBuilder] Visiting configuration com.google.code.findbugs:jsr305:3.0.1(runtime).
2021-03-21T18:11:32.930+0100 [DEBUG] [org.gradle.api.internal.artifacts.ivyservice.resolveengine.graph.builder.NodeState] version for com.google.code.findbugs:jsr305:3.0.1(runtime) is not selected. ignoring.
2021-03-21T18:11:32.930+0100 [DEBUG] [org.gradle.api.internal.artifacts.ivyservice.resolveengine.graph.builder.DependencyGraphBuilder] Visiting configuration cpw.mods:grossjava9hacks:1.3.0(runtimeElements).
2021-03-21T18:11:32.931+0100 [DEBUG] [org.gradle.api.internal.artifacts.ivyservice.resolveengine.graph.builder.DependencyGraphBuilder] Visiting configuration net.minecraftforge:accesstransformers:3.0.1(runtimeElements).
2021-03-21T18:11:32.932+0100 [DEBUG] [org.gradle.api.internal.artifacts.ivyservice.resolveengine.graph.builder.DependencyGraphBuilder] Visiting configuration org.antlr:antlr4-runtime:4.9.1(runtime).
2021-03-21T18:11:32.932+0100 [DEBUG] [org.gradle.api.internal.artifacts.ivyservice.resolveengine.graph.builder.DependencyGraphBuilder] Visiting configuration net.minecraftforge:eventbus:4.0.0(runtimeElements).
2021-03-21T18:11:32.932+0100 [DEBUG] [org.gradle.api.internal.artifacts.ivyservice.ivyresolve.DynamicVersionResolver] Attempting to resolve version for org.apache.logging.log4j:log4j-api:2.11.+ using repositories [maven, BUNDELED_377664982, maven2, MavenRepo]
2021-03-21T18:11:32.933+0100 [DEBUG] [org.gradle.api.internal.artifacts.ivyservice.ivyresolve.CachingModuleComponentRepository] Using cached module metadata for module 'org.apache.logging.log4j:log4j-api:2.11.2' in 'MavenRepo'
2021-03-21T18:11:32.933+0100 [DEBUG] [org.gradle.api.internal.artifacts.ivyservice.ivyresolve.DynamicVersionResolver] Using org.apache.logging.log4j:log4j-api:2.11.2 from Maven repository 'MavenRepo'
2021-03-21T18:11:32.933+0100 [DEBUG] [org.gradle.api.internal.artifacts.ivyservice.ivyresolve.DynamicVersionResolver] Attempting to resolve version for cpw.mods:modlauncher:6.1.+ using repositories [maven, BUNDELED_377664982, maven2, MavenRepo]
2021-03-21T18:11:32.934+0100 [DEBUG] [org.gradle.api.internal.artifacts.ivyservice.ivyresolve.CachingModuleComponentRepository] Using cached module metadata for module 'cpw.mods:modlauncher:6.1.3' in 'maven'
2021-03-21T18:11:32.934+0100 [DEBUG] [org.gradle.api.internal.artifacts.ivyservice.ivyresolve.DynamicVersionResolver] Using cpw.mods:modlauncher:6.1.3 from Maven repository 'maven'
2021-03-21T18:11:32.934+0100 [DEBUG] [org.gradle.api.internal.artifacts.ivyservice.ivyresolve.DynamicVersionResolver] Attempting to resolve version for net.jodah:typetools:0.8.+ using repositories [maven, BUNDELED_377664982, maven2, MavenRepo]
2021-03-21T18:11:32.935+0100 [DEBUG] [org.gradle.api.internal.artifacts.ivyservice.ivyresolve.CachingModuleComponentRepository] Using cached module metadata for module 'net.jodah:typetools:0.8.3' in 'maven'
2021-03-21T18:11:32.935+0100 [DEBUG] [org.gradle.api.internal.artifacts.ivyservice.ivyresolve.DynamicVersionResolver] Using net.jodah:typetools:0.8.3 from Maven repository 'maven'
2021-03-21T18:11:32.935+0100 [DEBUG] [org.gradle.api.internal.artifacts.ivyservice.resolveengine.graph.builder.DependencyGraphBuilder] Visiting configuration net.minecraftforge:forgespi:3.2.0(runtimeElements).
2021-03-21T18:11:32.936+0100 [DEBUG] [org.gradle.api.internal.artifacts.ivyservice.ivyresolve.DynamicVersionResolver] Attempting to resolve version for cpw.mods:modlauncher:5.1.+ using repositories [maven, BUNDELED_377664982, maven2, MavenRepo]
2021-03-21T18:11:32.937+0100 [DEBUG] [org.gradle.api.internal.artifacts.ivyservice.ivyresolve.CachingModuleComponentRepository] Using cached module metadata for module 'cpw.mods:modlauncher:5.1.2' in 'maven'
2021-03-21T18:11:32.937+0100 [DEBUG] [org.gradle.api.internal.artifacts.ivyservice.ivyresolve.DynamicVersionResolver] Using cpw.mods:modlauncher:5.1.2 from Maven repository 'maven'
2021-03-21T18:11:32.938+0100 [DEBUG] [org.gradle.api.internal.artifacts.ivyservice.resolveengine.graph.builder.DependencyGraphBuilder] Visiting configuration net.minecraftforge:coremods:4.0.6(runtimeElements).
2021-03-21T18:11:32.938+0100 [DEBUG] [org.gradle.api.internal.artifacts.ivyservice.ivyresolve.DynamicVersionResolver] Attempting to resolve version for net.minecraftforge:forgespi:3.1.+ using repositories [maven, BUNDELED_377664982, maven2, MavenRepo]
2021-03-21T18:11:32.940+0100 [DEBUG] [org.gradle.api.internal.artifacts.ivyservice.ivyresolve.CachingModuleComponentRepository] Using cached module metadata for module 'net.minecraftforge:forgespi:3.1.1' in 'maven'
2021-03-21T18:11:32.940+0100 [DEBUG] [org.gradle.api.internal.artifacts.ivyservice.ivyresolve.DynamicVersionResolver] Using net.minecraftforge:forgespi:3.1.1 from Maven repository 'maven'
2021-03-21T18:11:32.941+0100 [DEBUG] [org.gradle.api.internal.artifacts.ivyservice.resolveengine.graph.builder.DependencyGraphBuilder] Visiting configuration net.minecraftforge:unsafe:0.2.0(runtime).
2021-03-21T18:11:32.941+0100 [DEBUG] [org.gradle.api.internal.artifacts.ivyservice.ivyresolve.DynamicVersionResolver] Attempting to resolve version for org.apache.logging.log4j:log4j-core:2.11.+ using repositories [maven, BUNDELED_377664982, maven2, MavenRepo]
2021-03-21T18:11:32.942+0100 [DEBUG] [org.gradle.api.internal.artifacts.ivyservice.ivyresolve.CachingModuleComponentRepository] Using cached module metadata for module 'org.apache.logging.log4j:log4j-core:2.11.2' in 'MavenRepo'
2021-03-21T18:11:32.942+0100 [DEBUG] [org.gradle.api.internal.artifacts.ivyservice.ivyresolve.DynamicVersionResolver] Using org.apache.logging.log4j:log4j-core:2.11.2 from Maven repository 'MavenRepo'
2021-03-21T18:11:32.942+0100 [DEBUG] [org.gradle.api.internal.artifacts.ivyservice.resolveengine.graph.builder.DependencyGraphBuilder] Visiting configuration com.electronwill.night-config:core:3.6.3(runtime).
2021-03-21T18:11:32.943+0100 [DEBUG] [org.gradle.api.internal.artifacts.ivyservice.resolveengine.graph.builder.DependencyGraphBuilder] Visiting configuration com.electronwill.night-config:toml:3.6.3(runtime).
2021-03-21T18:11:32.943+0100 [DEBUG] [org.gradle.api.internal.artifacts.ivyservice.resolveengine.graph.builder.DependencyGraphBuilder] Visiting configuration org.jline:jline:3.12.1(runtime).
2021-03-21T18:11:32.943+0100 [DEBUG] [org.gradle.api.internal.artifacts.ivyservice.resolveengine.graph.builder.DependencyGraphBuilder] Visiting configuration org.apache.maven:maven-artifact:3.6.3(runtime).
2021-03-21T18:11:32.943+0100 [DEBUG] [org.gradle.api.internal.artifacts.ivyservice.ivyresolve.RepositoryChainComponentMetaDataResolver] Attempting to resolve component for org.apache.commons:commons-lang3:3.8.1 using repositories [maven, BUNDELED_377664982, maven2, MavenRepo]
2021-03-21T18:11:32.944+0100 [DEBUG] [org.gradle.api.internal.artifacts.ivyservice.ivyresolve.CachingModuleComponentRepository] Using cached module metadata for module 'org.apache.commons:commons-lang3:3.8.1' in 'maven'
2021-03-21T18:11:32.944+0100 [DEBUG] [org.gradle.api.internal.artifacts.ivyservice.ivyresolve.CachingModuleComponentRepository] Detected non-existence of module 'org.apache.commons:commons-lang3:3.8.1' in resolver cache 'BUNDELED_377664982'
2021-03-21T18:11:32.944+0100 [DEBUG] [org.gradle.api.internal.artifacts.ivyservice.ivyresolve.CachingModuleComponentRepository] Detected non-existence of module 'org.apache.commons:commons-lang3:3.8.1' in resolver cache 'maven2'
2021-03-21T18:11:32.944+0100 [DEBUG] [org.gradle.api.internal.artifacts.ivyservice.ivyresolve.CachingModuleComponentRepository] Using cached module metadata for module 'org.apache.commons:commons-lang3:3.8.1' in 'MavenRepo'
2021-03-21T18:11:32.944+0100 [DEBUG] [org.gradle.api.internal.artifacts.ivyservice.ivyresolve.RepositoryChainComponentMetaDataResolver] Using org.apache.commons:commons-lang3:3.8.1 from Maven repository 'MavenRepo'
2021-03-21T18:11:32.944+0100 [DEBUG] [org.gradle.api.internal.artifacts.ivyservice.ivyresolve.RepositoryChainComponentMetaDataResolver] Attempting to resolve component for org.codehaus.plexus:plexus-utils:3.2.1 using repositories [maven, BUNDELED_377664982, maven2, MavenRepo]
2021-03-21T18:11:32.944+0100 [DEBUG] [org.gradle.api.internal.artifacts.ivyservice.ivyresolve.CachingModuleComponentRepository] Using cached module metadata for module 'org.codehaus.plexus:plexus-utils:3.2.1' in 'maven'
2021-03-21T18:11:32.944+0100 [DEBUG] [org.gradle.api.internal.artifacts.ivyservice.ivyresolve.CachingModuleComponentRepository] Detected non-existence of module 'org.codehaus.plexus:plexus-utils:3.2.1' in resolver cache 'BUNDELED_377664982'
2021-03-21T18:11:32.945+0100 [DEBUG] [org.gradle.api.internal.artifacts.ivyservice.ivyresolve.CachingModuleComponentRepository] Detected non-existence of module 'org.codehaus.plexus:plexus-utils:3.2.1' in resolver cache 'maven2'
2021-03-21T18:11:32.945+0100 [DEBUG] [org.gradle.api.internal.artifacts.ivyservice.ivyresolve.CachingModuleComponentRepository] Using cached module metadata for module 'org.codehaus.plexus:plexus-utils:3.2.1' in 'MavenRepo'
2021-03-21T18:11:32.946+0100 [DEBUG] [org.gradle.api.internal.artifacts.ivyservice.ivyresolve.RepositoryChainComponentMetaDataResolver] Using org.codehaus.plexus:plexus-utils:3.2.1 from Maven repository 'MavenRepo'
2021-03-21T18:11:32.946+0100 [DEBUG] [org.gradle.api.internal.artifacts.ivyservice.resolveengine.graph.builder.DependencyGraphBuilder] Visiting configuration net.jodah:typetools:0.8.3(runtimeElements).
2021-03-21T18:11:32.946+0100 [DEBUG] [org.gradle.api.internal.artifacts.ivyservice.resolveengine.graph.builder.DependencyGraphBuilder] Visiting configuration org.apache.logging.log4j:log4j-api:2.11.2(runtime).
2021-03-21T18:11:32.947+0100 [DEBUG] [org.gradle.api.internal.artifacts.ivyservice.resolveengine.graph.builder.DependencyGraphBuilder] Visiting configuration org.apache.logging.log4j:log4j-core:2.11.2(runtime).
2021-03-21T18:11:32.947+0100 [DEBUG] [org.gradle.api.internal.artifacts.ivyservice.resolveengine.graph.builder.DependencyGraphBuilder] Visiting configuration net.minecrell:terminalconsoleappender:1.2.0(runtime).
2021-03-21T18:11:32.947+0100 [DEBUG] [org.gradle.api.internal.artifacts.ivyservice.ivyresolve.RepositoryChainComponentMetaDataResolver] Attempting to resolve component for org.jline:jline-reader:3.12.1 using repositories [maven, BUNDELED_377664982, maven2, MavenRepo]
2021-03-21T18:11:32.947+0100 [DEBUG] [org.gradle.api.internal.artifacts.ivyservice.ivyresolve.CachingModuleComponentRepository] Detected non-existence of module 'org.jline:jline-reader:3.12.1' in resolver cache 'maven'
2021-03-21T18:11:32.947+0100 [DEBUG] [org.gradle.api.internal.artifacts.ivyservice.ivyresolve.CachingModuleComponentRepository] Detected non-existence of module 'org.jline:jline-reader:3.12.1' in resolver cache 'BUNDELED_377664982'
2021-03-21T18:11:32.948+0100 [DEBUG] [org.gradle.api.internal.artifacts.ivyservice.ivyresolve.CachingModuleComponentRepository] Detected non-existence of module 'org.jline:jline-reader:3.12.1' in resolver cache 'maven2'
2021-03-21T18:11:32.948+0100 [DEBUG] [org.gradle.api.internal.artifacts.ivyservice.ivyresolve.CachingModuleComponentRepository] Using cached module metadata for module 'org.jline:jline-reader:3.12.1' in 'MavenRepo'
2021-03-21T18:11:32.948+0100 [DEBUG] [org.gradle.api.internal.artifacts.ivyservice.ivyresolve.RepositoryChainComponentMetaDataResolver] Using org.jline:jline-reader:3.12.1 from Maven repository 'MavenRepo'
2021-03-21T18:11:32.949+0100 [DEBUG] [org.gradle.api.internal.artifacts.ivyservice.resolveengine.graph.builder.DependencyGraphBuilder] Visiting configuration net.sf.jopt-simple:jopt-simple:5.0.4(runtime).
2021-03-21T18:11:32.949+0100 [DEBUG] [org.gradle.api.internal.artifacts.ivyservice.resolveengine.graph.builder.DependencyGraphBuilder] Visiting configuration org.spongepowered:mixin:0.8.2(runtime).
2021-03-21T18:11:32.949+0100 [DEBUG] [org.gradle.api.internal.artifacts.ivyservice.resolveengine.graph.builder.DependencyGraphBuilder] Visiting configuration net.minecraftforge:nashorn-core-compat:15.1.1.1(runtime).
2021-03-21T18:11:32.949+0100 [DEBUG] [org.gradle.api.internal.artifacts.ivyservice.resolveengine.graph.builder.DependencyGraphBuilder] Visiting configuration com.mojang:patchy:1.1(runtime).
2021-03-21T18:11:32.949+0100 [DEBUG] [org.gradle.api.internal.artifacts.ivyservice.resolveengine.graph.builder.DependencyGraphBuilder] Visiting configuration oshi-project:oshi-core:1.1(runtime).
2021-03-21T18:11:32.949+0100 [DEBUG] [org.gradle.api.internal.artifacts.ivyservice.resolveengine.graph.builder.DependencyGraphBuilder] Visiting configuration net.java.dev.jna:jna:4.4.0(runtime).
2021-03-21T18:11:32.950+0100 [DEBUG] [org.gradle.api.internal.artifacts.ivyservice.resolveengine.graph.builder.DependencyGraphBuilder] Visiting configuration net.java.dev.jna:platform:3.4.0(runtime).
2021-03-21T18:11:32.950+0100 [DEBUG] [org.gradle.api.internal.artifacts.ivyservice.resolveengine.graph.builder.DependencyGraphBuilder] Visiting configuration com.ibm.icu:icu4j:66.1(runtime).
2021-03-21T18:11:32.950+0100 [DEBUG] [org.gradle.api.internal.artifacts.ivyservice.resolveengine.graph.builder.DependencyGraphBuilder] Visiting configuration com.mojang:javabridge:1.0.22(runtime).
2021-03-21T18:11:32.950+0100 [DEBUG] [org.gradle.api.internal.artifacts.ivyservice.resolveengine.graph.builder.DependencyGraphBuilder] Visiting configuration io.netty:netty-all:4.1.25.Final(runtime).
2021-03-21T18:11:32.950+0100 [DEBUG] [org.gradle.api.internal.artifacts.ivyservice.resolveengine.graph.builder.DependencyGraphBuilder] Visiting configuration com.google.guava:guava:21.0(runtime).
2021-03-21T18:11:32.950+0100 [DEBUG] [org.gradle.api.internal.artifacts.ivyservice.resolveengine.graph.builder.DependencyGraphBuilder] Visiting configuration org.apache.commons:commons-lang3:3.5(runtime).
2021-03-21T18:11:32.950+0100 [DEBUG] [org.gradle.api.internal.artifacts.ivyservice.resolveengine.graph.builder.NodeState] version for org.apache.commons:commons-lang3:3.5(runtime) is not selected. ignoring.
2021-03-21T18:11:32.950+0100 [DEBUG] [org.gradle.api.internal.artifacts.ivyservice.resolveengine.graph.builder.DependencyGraphBuilder] Visiting configuration commons-io:commons-io:2.5(runtime).
2021-03-21T18:11:32.950+0100 [DEBUG] [org.gradle.api.internal.artifacts.ivyservice.resolveengine.graph.builder.DependencyGraphBuilder] Visiting configuration commons-codec:commons-codec:1.10(runtime).
2021-03-21T18:11:32.950+0100 [DEBUG] [org.gradle.api.internal.artifacts.ivyservice.resolveengine.graph.builder.DependencyGraphBuilder] Visiting configuration net.java.jinput:jinput:2.0.5(runtime).
2021-03-21T18:11:32.951+0100 [DEBUG] [org.gradle.api.internal.artifacts.ivyservice.ivyresolve.RepositoryChainComponentMetaDataResolver] Attempting to resolve component for net.java.jinput:jinput-platform:2.0.5 using repositories [maven, BUNDELED_377664982, maven2, MavenRepo]
2021-03-21T18:11:32.951+0100 [DEBUG] [org.gradle.api.internal.artifacts.ivyservice.ivyresolve.CachingModuleComponentRepository] Detected non-existence of module 'net.java.jinput:jinput-platform:2.0.5' in resolver cache 'maven'
2021-03-21T18:11:32.951+0100 [DEBUG] [org.gradle.api.internal.artifacts.ivyservice.ivyresolve.CachingModuleComponentRepository] Detected non-existence of module 'net.java.jinput:jinput-platform:2.0.5' in resolver cache 'BUNDELED_377664982'
2021-03-21T18:11:32.951+0100 [DEBUG] [org.gradle.api.internal.artifacts.ivyservice.ivyresolve.CachingModuleComponentRepository] Using cached module metadata for module 'net.java.jinput:jinput-platform:2.0.5' in 'maven2'
2021-03-21T18:11:32.951+0100 [DEBUG] [org.gradle.api.internal.artifacts.ivyservice.ivyresolve.CachingModuleComponentRepository] Using cached module metadata for module 'net.java.jinput:jinput-platform:2.0.5' in 'MavenRepo'
2021-03-21T18:11:32.951+0100 [DEBUG] [org.gradle.api.internal.artifacts.ivyservice.ivyresolve.RepositoryChainComponentMetaDataResolver] Using net.java.jinput:jinput-platform:2.0.5 from Maven repository 'MavenRepo'
2021-03-21T18:11:32.952+0100 [DEBUG] [org.gradle.api.internal.artifacts.ivyservice.resolveengine.graph.builder.DependencyGraphBuilder] Visiting configuration net.java.jutils:jutils:1.0.0(runtime).
2021-03-21T18:11:32.952+0100 [DEBUG] [org.gradle.api.internal.artifacts.ivyservice.resolveengine.graph.builder.DependencyGraphBuilder] Visiting configuration com.mojang:brigadier:1.0.17(runtime).
2021-03-21T18:11:32.952+0100 [DEBUG] [org.gradle.api.internal.artifacts.ivyservice.resolveengine.graph.builder.DependencyGraphBuilder] Visiting configuration com.mojang:datafixerupper:4.0.26(runtime).
2021-03-21T18:11:32.952+0100 [DEBUG] [org.gradle.api.internal.artifacts.ivyservice.resolveengine.graph.builder.DependencyGraphBuilder] Visiting configuration com.google.code.gson:gson:2.8.0(runtime).
2021-03-21T18:11:32.952+0100 [DEBUG] [org.gradle.api.internal.artifacts.ivyservice.resolveengine.graph.builder.DependencyGraphBuilder] Visiting configuration com.mojang:authlib:2.1.28(runtime).
2021-03-21T18:11:32.952+0100 [DEBUG] [org.gradle.api.internal.artifacts.ivyservice.resolveengine.graph.builder.DependencyGraphBuilder] Visiting configuration org.apache.commons:commons-compress:1.8.1(runtime).
2021-03-21T18:11:32.952+0100 [DEBUG] [org.gradle.api.internal.artifacts.ivyservice.resolveengine.graph.builder.DependencyGraphBuilder] Visiting configuration org.apache.httpcomponents:httpclient:4.3.3(runtime).
2021-03-21T18:11:32.953+0100 [DEBUG] [org.gradle.api.internal.artifacts.ivyservice.resolveengine.graph.builder.DependencyGraphBuilder] Visiting configuration commons-logging:commons-logging:1.1.3(runtime).
2021-03-21T18:11:32.953+0100 [DEBUG] [org.gradle.api.internal.artifacts.ivyservice.resolveengine.graph.builder.DependencyGraphBuilder] Visiting configuration org.apache.httpcomponents:httpcore:4.3.2(runtime).
2021-03-21T18:11:32.953+0100 [DEBUG] [org.gradle.api.internal.artifacts.ivyservice.resolveengine.graph.builder.DependencyGraphBuilder] Visiting configuration it.unimi.dsi:fastutil:8.2.1(runtime).
2021-03-21T18:11:32.953+0100 [DEBUG] [org.gradle.api.internal.artifacts.ivyservice.resolveengine.graph.builder.DependencyGraphBuilder] Visiting configuration org.lwjgl:lwjgl:3.2.2(runtime).
2021-03-21T18:11:32.953+0100 [DEBUG] [org.gradle.api.internal.artifacts.ivyservice.resolveengine.graph.builder.DependencyGraphBuilder] Visiting configuration org.lwjgl:lwjgl-jemalloc:3.2.2(runtime).
2021-03-21T18:11:32.953+0100 [DEBUG] [org.gradle.api.internal.artifacts.ivyservice.resolveengine.graph.builder.DependencyGraphBuilder] Visiting configuration org.lwjgl:lwjgl-openal:3.2.2(runtime).
2021-03-21T18:11:32.953+0100 [DEBUG] [org.gradle.api.internal.artifacts.ivyservice.resolveengine.graph.builder.DependencyGraphBuilder] Visiting configuration org.lwjgl:lwjgl-opengl:3.2.2(runtime).
2021-03-21T18:11:32.954+0100 [DEBUG] [org.gradle.api.internal.artifacts.ivyservice.resolveengine.graph.builder.DependencyGraphBuilder] Visiting configuration org.lwjgl:lwjgl-glfw:3.2.2(runtime).
2021-03-21T18:11:32.954+0100 [DEBUG] [org.gradle.api.internal.artifacts.ivyservice.resolveengine.graph.builder.DependencyGraphBuilder] Visiting configuration org.lwjgl:lwjgl-stb:3.2.2(runtime).
2021-03-21T18:11:32.954+0100 [DEBUG] [org.gradle.api.internal.artifacts.ivyservice.resolveengine.graph.builder.DependencyGraphBuilder] Visiting configuration org.lwjgl:lwjgl-tinyfd:3.2.2(runtime).
2021-03-21T18:11:32.954+0100 [DEBUG] [org.gradle.api.internal.artifacts.ivyservice.resolveengine.graph.builder.DependencyGraphBuilder] Visiting configuration com.mojang:text2speech:1.11.3(runtime).
2021-03-21T18:11:32.954+0100 [DEBUG] [org.gradle.api.internal.artifacts.ivyservice.resolveengine.graph.builder.DependencyGraphBuilder] Visiting configuration org.ow2.asm:asm:9.0(runtimeElements).
2021-03-21T18:11:32.955+0100 [DEBUG] [org.gradle.api.internal.artifacts.ivyservice.resolveengine.graph.builder.NodeState] Changed edges for org.ow2.asm:asm:9.0(runtimeElements) selects same versions as previous traversal. ignoring
2021-03-21T18:11:32.955+0100 [DEBUG] [org.gradle.api.internal.artifacts.ivyservice.resolveengine.graph.builder.DependencyGraphBuilder] Visiting configuration org.ow2.asm:asm-tree:9.0(runtimeElements).
2021-03-21T18:11:32.955+0100 [DEBUG] [org.gradle.api.internal.artifacts.ivyservice.resolveengine.graph.builder.NodeState] Changed edges for org.ow2.asm:asm-tree:9.0(runtimeElements) selects same versions as previous traversal. ignoring
2021-03-21T18:11:32.955+0100 [DEBUG] [org.gradle.api.internal.artifacts.ivyservice.resolveengine.graph.builder.DependencyGraphBuilder] Visiting configuration com.google.code.findbugs:jsr305:3.0.2(runtime).
2021-03-21T18:11:32.955+0100 [DEBUG] [org.gradle.api.internal.artifacts.ivyservice.resolveengine.graph.builder.DependencyGraphBuilder] Visiting configuration org.ow2.asm:asm-commons:9.0(runtimeElements).
2021-03-21T18:11:32.955+0100 [DEBUG] [org.gradle.api.internal.artifacts.ivyservice.resolveengine.graph.builder.NodeState] Changed edges for org.ow2.asm:asm-commons:9.0(runtimeElements) selects same versions as previous traversal. ignoring
2021-03-21T18:11:32.956+0100 [DEBUG] [org.gradle.api.internal.artifacts.ivyservice.resolveengine.graph.builder.DependencyGraphBuilder] Visiting configuration cpw.mods:modlauncher:8.0.9(runtimeElements).
2021-03-21T18:11:32.956+0100 [DEBUG] [org.gradle.api.internal.artifacts.ivyservice.resolveengine.graph.builder.NodeState] Changed edges for cpw.mods:modlauncher:8.0.9(runtimeElements) selects same versions as previous traversal. ignoring
2021-03-21T18:11:32.956+0100 [DEBUG] [org.gradle.api.internal.artifacts.ivyservice.resolveengine.graph.builder.DependencyGraphBuilder] Visiting configuration org.ow2.asm:asm-util:9.0(runtimeElements).
2021-03-21T18:11:32.956+0100 [DEBUG] [org.gradle.api.internal.artifacts.ivyservice.resolveengine.graph.builder.NodeState] Changed edges for org.ow2.asm:asm-util:9.0(runtimeElements) selects same versions as previous traversal. ignoring
2021-03-21T18:11:32.956+0100 [DEBUG] [org.gradle.api.internal.artifacts.ivyservice.resolveengine.graph.builder.DependencyGraphBuilder] Visiting configuration net.minecraftforge:forgespi:3.2.0(runtimeElements).
2021-03-21T18:11:32.956+0100 [DEBUG] [org.gradle.api.internal.artifacts.ivyservice.resolveengine.graph.builder.NodeState] Changed edges for net.minecraftforge:forgespi:3.2.0(runtimeElements) selects same versions as previous traversal. ignoring
2021-03-21T18:11:32.956+0100 [DEBUG] [org.gradle.api.internal.artifacts.ivyservice.resolveengine.graph.builder.DependencyGraphBuilder] Visiting configuration com.electronwill.night-config:core:3.6.3(runtime).
2021-03-21T18:11:32.956+0100 [DEBUG] [org.gradle.api.internal.artifacts.ivyservice.resolveengine.graph.builder.NodeState] Changed edges for com.electronwill.night-config:core:3.6.3(runtime) selects same versions as previous traversal. ignoring
2021-03-21T18:11:32.956+0100 [DEBUG] [org.gradle.api.internal.artifacts.ivyservice.resolveengine.graph.builder.DependencyGraphBuilder] Visiting configuration org.apache.commons:commons-lang3:3.8.1(runtime).
2021-03-21T18:11:32.957+0100 [DEBUG] [org.gradle.api.internal.artifacts.ivyservice.resolveengine.graph.builder.DependencyGraphBuilder] Visiting configuration org.codehaus.plexus:plexus-utils:3.2.1(runtime).
2021-03-21T18:11:32.957+0100 [DEBUG] [org.gradle.api.internal.artifacts.ivyservice.resolveengine.graph.builder.DependencyGraphBuilder] Visiting configuration org.apache.logging.log4j:log4j-api:2.11.2(runtime).
2021-03-21T18:11:32.957+0100 [DEBUG] [org.gradle.api.internal.artifacts.ivyservice.resolveengine.graph.builder.NodeState] Changed edges for org.apache.logging.log4j:log4j-api:2.11.2(runtime) selects same versions as previous traversal. ignoring
2021-03-21T18:11:32.957+0100 [DEBUG] [org.gradle.api.internal.artifacts.ivyservice.resolveengine.graph.builder.DependencyGraphBuilder] Visiting configuration org.apache.logging.log4j:log4j-core:2.11.2(runtime).
2021-03-21T18:11:32.957+0100 [DEBUG] [org.gradle.api.internal.artifacts.ivyservice.resolveengine.graph.builder.NodeState] Changed edges for org.apache.logging.log4j:log4j-core:2.11.2(runtime) selects same versions as previous traversal. ignoring
2021-03-21T18:11:32.957+0100 [DEBUG] [org.gradle.api.internal.artifacts.ivyservice.resolveengine.graph.builder.DependencyGraphBuilder] Visiting configuration org.jline:jline-reader:3.12.1(runtime).
2021-03-21T18:11:32.957+0100 [DEBUG] [org.gradle.api.internal.artifacts.ivyservice.ivyresolve.RepositoryChainComponentMetaDataResolver] Attempting to resolve component for org.jline:jline-terminal:3.12.1 using repositories [maven, BUNDELED_377664982, maven2, MavenRepo]
2021-03-21T18:11:32.957+0100 [DEBUG] [org.gradle.api.internal.artifacts.ivyservice.ivyresolve.CachingModuleComponentRepository] Detected non-existence of module 'org.jline:jline-terminal:3.12.1' in resolver cache 'maven'
2021-03-21T18:11:32.957+0100 [DEBUG] [org.gradle.api.internal.artifacts.ivyservice.ivyresolve.CachingModuleComponentRepository] Detected non-existence of module 'org.jline:jline-terminal:3.12.1' in resolver cache 'BUNDELED_377664982'
2021-03-21T18:11:32.957+0100 [DEBUG] [org.gradle.api.internal.artifacts.ivyservice.ivyresolve.CachingModuleComponentRepository] Detected non-existence of module 'org.jline:jline-terminal:3.12.1' in resolver cache 'maven2'
2021-03-21T18:11:32.958+0100 [DEBUG] [org.gradle.api.internal.artifacts.ivyservice.ivyresolve.CachingModuleComponentRepository] Using cached module metadata for module 'org.jline:jline-terminal:3.12.1' in 'MavenRepo'
2021-03-21T18:11:32.958+0100 [DEBUG] [org.gradle.api.internal.artifacts.ivyservice.ivyresolve.RepositoryChainComponentMetaDataResolver] Using org.jline:jline-terminal:3.12.1 from Maven repository 'MavenRepo'
2021-03-21T18:11:32.958+0100 [DEBUG] [org.gradle.api.internal.artifacts.ivyservice.resolveengine.graph.builder.DependencyGraphBuilder] Visiting configuration net.java.jinput:jinput-platform:2.0.5(runtime).
2021-03-21T18:11:32.958+0100 [DEBUG] [org.gradle.api.internal.artifacts.ivyservice.resolveengine.graph.builder.DependencyGraphBuilder] Visiting configuration commons-codec:commons-codec:1.10(runtime).
2021-03-21T18:11:32.958+0100 [DEBUG] [org.gradle.api.internal.artifacts.ivyservice.resolveengine.graph.builder.NodeState] Changed edges for commons-codec:commons-codec:1.10(runtime) selects same versions as previous traversal. ignoring
2021-03-21T18:11:32.958+0100 [DEBUG] [org.gradle.api.internal.artifacts.ivyservice.resolveengine.graph.builder.DependencyGraphBuilder] Visiting configuration org.lwjgl:lwjgl:3.2.2(runtime).
2021-03-21T18:11:32.958+0100 [DEBUG] [org.gradle.api.internal.artifacts.ivyservice.resolveengine.graph.builder.NodeState] Changed edges for org.lwjgl:lwjgl:3.2.2(runtime) selects same versions as previous traversal. ignoring
2021-03-21T18:11:32.958+0100 [DEBUG] [org.gradle.api.internal.artifacts.ivyservice.resolveengine.graph.builder.DependencyGraphBuilder] Visiting configuration org.jline:jline-terminal:3.12.1(runtime).
2021-03-21T18:11:32.968+0100 [DEBUG] [org.gradle.api.internal.artifacts.ivyservice.resolveengine.oldresult.TransientConfigurationResultsBuilder] Flushing resolved configuration data in Binary store in C:\Users\troyvs\AppData\Local\Temp\gradle621882659317474757.bin. Wrote root 2.
2021-03-21T18:11:32.968+0100 [DEBUG] [org.gradle.internal.operations.DefaultBuildOperationRunner] Build operation 'Resolve dependencies of :runtimeClasspath' completed
2021-03-21T18:11:32.969+0100 [DEBUG] [org.gradle.internal.component.model.LoggingAttributeMatchingExplanationBuilder] Selected match net.minecraftforge:forge:1.16.5-36.1.0_mapped_official_1.16.5 configuration runtime from candidates [net.minecraftforge:forge:1.16.5-36.1.0_mapped_official_1.16.5 configuration runtime] for {org.gradle.category=library, org.gradle.dependency.bundling=external, org.gradle.jvm.version=8, org.gradle.libraryelements=jar, org.gradle.usage=java-runtime}
2021-03-21T18:11:32.969+0100 [DEBUG] [org.gradle.internal.component.model.LoggingAttributeMatchingExplanationBuilder] Selected match net.minecraftforge:forge:1.16.5-36.1.0_mapped_official_1.16.5 from candidates [net.minecraftforge:forge:1.16.5-36.1.0_mapped_official_1.16.5] for {org.gradle.category=library, org.gradle.dependency.bundling=external, org.gradle.jvm.version=8, org.gradle.libraryelements=jar, org.gradle.usage=java-runtime}
2021-03-21T18:11:32.969+0100 [DEBUG] [org.gradle.internal.component.model.LoggingAttributeMatchingExplanationBuilder] Selected match net.minecraft:client:1.16.5 from candidates [net.minecraft:client:1.16.5] for {org.gradle.category=library, org.gradle.dependency.bundling=external, org.gradle.jvm.version=8, org.gradle.libraryelements=jar, org.gradle.usage=java-runtime}
2021-03-21T18:11:32.969+0100 [DEBUG] [org.gradle.internal.component.model.LoggingAttributeMatchingExplanationBuilder] Selected match net.minecraftforge:accesstransformers:3.0.1 variant runtimeElements from candidates [net.minecraftforge:accesstransformers:3.0.1 variant runtimeElements] for {org.gradle.category=library, org.gradle.dependency.bundling=external, org.gradle.jvm.version=8, org.gradle.libraryelements=jar, org.gradle.usage=java-runtime}
2021-03-21T18:11:32.969+0100 [DEBUG] [org.gradle.internal.component.model.LoggingAttributeMatchingExplanationBuilder] Selected match net.minecraftforge:eventbus:4.0.0 variant runtimeElements from candidates [net.minecraftforge:eventbus:4.0.0 variant runtimeElements] for {org.gradle.category=library, org.gradle.dependency.bundling=external, org.gradle.jvm.version=8, org.gradle.libraryelements=jar, org.gradle.usage=java-runtime}
2021-03-21T18:11:32.970+0100 [DEBUG] [org.gradle.internal.component.model.LoggingAttributeMatchingExplanationBuilder] Selected match net.minecraftforge:coremods:4.0.6 variant runtimeElements from candidates [net.minecraftforge:coremods:4.0.6 variant runtimeElements] for {org.gradle.category=library, org.gradle.dependency.bundling=external, org.gradle.jvm.version=8, org.gradle.libraryelements=jar, org.gradle.usage=java-runtime}
2021-03-21T18:11:32.970+0100 [DEBUG] [org.gradle.internal.component.model.LoggingAttributeMatchingExplanationBuilder] Selected match net.minecraftforge:forgespi:3.2.0 variant runtimeElements from candidates [net.minecraftforge:forgespi:3.2.0 variant runtimeElements] for {org.gradle.category=library, org.gradle.dependency.bundling=external, org.gradle.jvm.version=8, org.gradle.libraryelements=jar, org.gradle.usage=java-runtime}
2021-03-21T18:11:32.970+0100 [DEBUG] [org.gradle.internal.component.model.LoggingAttributeMatchingExplanationBuilder] Selected match cpw.mods:modlauncher:8.0.9 variant runtimeElements from candidates [cpw.mods:modlauncher:8.0.9 variant runtimeElements] for {org.gradle.category=library, org.gradle.dependency.bundling=external, org.gradle.jvm.version=8, org.gradle.libraryelements=jar, org.gradle.usage=java-runtime}
2021-03-21T18:11:32.970+0100 [DEBUG] [org.gradle.internal.component.model.LoggingAttributeMatchingExplanationBuilder] Selected match cpw.mods:modlauncher:8.0.9 from candidates [cpw.mods:modlauncher:8.0.9] for {org.gradle.category=library, org.gradle.dependency.bundling=external, org.gradle.jvm.version=8, org.gradle.libraryelements=jar, org.gradle.usage=java-runtime}
2021-03-21T18:11:32.970+0100 [DEBUG] [org.gradle.internal.component.model.LoggingAttributeMatchingExplanationBuilder] Selected match cpw.mods:modlauncher:8.0.9 from candidates [cpw.mods:modlauncher:8.0.9] for {org.gradle.category=library, org.gradle.dependency.bundling=external, org.gradle.jvm.version=8, org.gradle.libraryelements=jar, org.gradle.usage=java-runtime}
2021-03-21T18:11:32.970+0100 [DEBUG] [org.gradle.internal.component.model.LoggingAttributeMatchingExplanationBuilder] Selected match com.google.code.findbugs:jsr305:3.0.2 configuration runtime from candidates [com.google.code.findbugs:jsr305:3.0.2 configuration runtime] for {org.gradle.category=library, org.gradle.dependency.bundling=external, org.gradle.jvm.version=8, org.gradle.libraryelements=jar, org.gradle.usage=java-runtime}
2021-03-21T18:11:32.970+0100 [DEBUG] [org.gradle.internal.component.model.LoggingAttributeMatchingExplanationBuilder] Selected match net.minecraftforge:mergetool:1.0.9 from candidates [net.minecraftforge:mergetool:1.0.9] for {org.gradle.category=library, org.gradle.dependency.bundling=external, org.gradle.jvm.version=8, org.gradle.libraryelements=jar, org.gradle.usage=java-runtime}
2021-03-21T18:11:32.970+0100 [DEBUG] [org.gradle.internal.component.model.LoggingAttributeMatchingExplanationBuilder] Selected match net.minecraft:mappings_official:1.16.5 from candidates [net.minecraft:mappings_official:1.16.5] for {org.gradle.category=library, org.gradle.dependency.bundling=external, org.gradle.jvm.version=8, org.gradle.libraryelements=jar, org.gradle.usage=java-runtime}
2021-03-21T18:11:32.971+0100 [DEBUG] [org.gradle.internal.component.model.LoggingAttributeMatchingExplanationBuilder] Selected match org.ow2.asm:asm-commons:9.0 variant runtimeElements from candidates [org.ow2.asm:asm-commons:9.0 variant runtimeElements] for {org.gradle.category=library, org.gradle.dependency.bundling=external, org.gradle.jvm.version=8, org.gradle.libraryelements=jar, org.gradle.usage=java-runtime}
2021-03-21T18:11:32.971+0100 [DEBUG] [org.gradle.internal.component.model.LoggingAttributeMatchingExplanationBuilder] Selected match org.ow2.asm:asm-util:9.0 variant runtimeElements from candidates [org.ow2.asm:asm-util:9.0 variant runtimeElements] for {org.gradle.category=library, org.gradle.dependency.bundling=external, org.gradle.jvm.version=8, org.gradle.libraryelements=jar, org.gradle.usage=java-runtime}
2021-03-21T18:11:32.971+0100 [DEBUG] [org.gradle.internal.component.model.LoggingAttributeMatchingExplanationBuilder] Selected match org.ow2.asm:asm-analysis:9.0 variant runtimeElements from candidates [org.ow2.asm:asm-analysis:9.0 variant runtimeElements] for {org.gradle.category=library, org.gradle.dependency.bundling=external, org.gradle.jvm.version=8, org.gradle.libraryelements=jar, org.gradle.usage=java-runtime}
2021-03-21T18:11:32.971+0100 [DEBUG] [org.gradle.internal.component.model.LoggingAttributeMatchingExplanationBuilder] Selected match org.ow2.asm:asm-tree:9.0 variant runtimeElements from candidates [org.ow2.asm:asm-tree:9.0 variant runtimeElements] for {org.gradle.category=library, org.gradle.dependency.bundling=external, org.gradle.jvm.version=8, org.gradle.libraryelements=jar, org.gradle.usage=java-runtime}
2021-03-21T18:11:32.971+0100 [DEBUG] [org.gradle.internal.component.model.LoggingAttributeMatchingExplanationBuilder] Selected match org.ow2.asm:asm:9.0 variant runtimeElements from candidates [org.ow2.asm:asm:9.0 variant runtimeElements] for {org.gradle.category=library, org.gradle.dependency.bundling=external, org.gradle.jvm.version=8, org.gradle.libraryelements=jar, org.gradle.usage=java-runtime}
2021-03-21T18:11:32.971+0100 [DEBUG] [org.gradle.internal.component.model.LoggingAttributeMatchingExplanationBuilder] Selected match cpw.mods:grossjava9hacks:1.3.0 variant runtimeElements from candidates [cpw.mods:grossjava9hacks:1.3.0 variant runtimeElements] for {org.gradle.category=library, org.gradle.dependency.bundling=external, org.gradle.jvm.version=8, org.gradle.libraryelements=jar, org.gradle.usage=java-runtime}
2021-03-21T18:11:32.971+0100 [DEBUG] [org.gradle.internal.component.model.LoggingAttributeMatchingExplanationBuilder] Selected match org.antlr:antlr4-runtime:4.9.1 configuration runtime from candidates [org.antlr:antlr4-runtime:4.9.1 configuration runtime] for {org.gradle.category=library, org.gradle.dependency.bundling=external, org.gradle.jvm.version=8, org.gradle.libraryelements=jar, org.gradle.usage=java-runtime}
2021-03-21T18:11:32.972+0100 [DEBUG] [org.gradle.internal.component.model.LoggingAttributeMatchingExplanationBuilder] Selected match net.minecraftforge:unsafe:0.2.0 configuration runtime from candidates [net.minecraftforge:unsafe:0.2.0 configuration runtime] for {org.gradle.category=library, org.gradle.dependency.bundling=external, org.gradle.jvm.version=8, org.gradle.libraryelements=jar, org.gradle.usage=java-runtime}
2021-03-21T18:11:32.972+0100 [DEBUG] [org.gradle.internal.component.model.LoggingAttributeMatchingExplanationBuilder] Selected match com.electronwill.night-config:toml:3.6.3 configuration runtime from candidates [com.electronwill.night-config:toml:3.6.3 configuration runtime] for {org.gradle.category=library, org.gradle.dependency.bundling=external, org.gradle.jvm.version=8, org.gradle.libraryelements=jar, org.gradle.usage=java-runtime}
2021-03-21T18:11:32.972+0100 [DEBUG] [org.gradle.internal.component.model.LoggingAttributeMatchingExplanationBuilder] Selected match com.electronwill.night-config:core:3.6.3 configuration runtime from candidates [com.electronwill.night-config:core:3.6.3 configuration runtime] for {org.gradle.category=library, org.gradle.dependency.bundling=external, org.gradle.jvm.version=8, org.gradle.libraryelements=jar, org.gradle.usage=java-runtime}
2021-03-21T18:11:32.972+0100 [DEBUG] [org.gradle.internal.component.model.LoggingAttributeMatchingExplanationBuilder] Selected match org.jline:jline:3.12.1 configuration runtime from candidates [org.jline:jline:3.12.1 configuration runtime] for {org.gradle.category=library, org.gradle.dependency.bundling=external, org.gradle.jvm.version=8, org.gradle.libraryelements=jar, org.gradle.usage=java-runtime}
2021-03-21T18:11:32.972+0100 [DEBUG] [org.gradle.internal.component.model.LoggingAttributeMatchingExplanationBuilder] Selected match org.apache.maven:maven-artifact:3.6.3 configuration runtime from candidates [org.apache.maven:maven-artifact:3.6.3 configuration runtime] for {org.gradle.category=library, org.gradle.dependency.bundling=external, org.gradle.jvm.version=8, org.gradle.libraryelements=jar, org.gradle.usage=java-runtime}
2021-03-21T18:11:32.972+0100 [DEBUG] [org.gradle.internal.component.model.LoggingAttributeMatchingExplanationBuilder] Selected match net.jodah:typetools:0.8.3 variant runtimeElements from candidates [net.jodah:typetools:0.8.3 variant runtimeElements] for {org.gradle.category=library, org.gradle.dependency.bundling=external, org.gradle.jvm.version=8, org.gradle.libraryelements=jar, org.gradle.usage=java-runtime}
2021-03-21T18:11:32.972+0100 [DEBUG] [org.gradle.internal.component.model.LoggingAttributeMatchingExplanationBuilder] Selected match net.minecrell:terminalconsoleappender:1.2.0 configuration runtime from candidates [net.minecrell:terminalconsoleappender:1.2.0 configuration runtime] for {org.gradle.category=library, org.gradle.dependency.bundling=external, org.gradle.jvm.version=8, org.gradle.libraryelements=jar, org.gradle.usage=java-runtime}
2021-03-21T18:11:32.972+0100 [DEBUG] [org.gradle.internal.component.model.LoggingAttributeMatchingExplanationBuilder] Selected match org.apache.logging.log4j:log4j-core:2.11.2 configuration runtime from candidates [org.apache.logging.log4j:log4j-core:2.11.2 configuration runtime] for {org.gradle.category=library, org.gradle.dependency.bundling=external, org.gradle.jvm.version=8, org.gradle.libraryelements=jar, org.gradle.usage=java-runtime}
2021-03-21T18:11:32.972+0100 [DEBUG] [org.gradle.internal.component.model.LoggingAttributeMatchingExplanationBuilder] Selected match org.apache.logging.log4j:log4j-api:2.11.2 configuration runtime from candidates [org.apache.logging.log4j:log4j-api:2.11.2 configuration runtime] for {org.gradle.category=library, org.gradle.dependency.bundling=external, org.gradle.jvm.version=8, org.gradle.libraryelements=jar, org.gradle.usage=java-runtime}
2021-03-21T18:11:32.973+0100 [DEBUG] [org.gradle.internal.component.model.LoggingAttributeMatchingExplanationBuilder] Selected match net.sf.jopt-simple:jopt-simple:5.0.4 configuration runtime from candidates [net.sf.jopt-simple:jopt-simple:5.0.4 configuration runtime] for {org.gradle.category=library, org.gradle.dependency.bundling=external, org.gradle.jvm.version=8, org.gradle.libraryelements=jar, org.gradle.usage=java-runtime}
2021-03-21T18:11:32.973+0100 [DEBUG] [org.gradle.internal.component.model.LoggingAttributeMatchingExplanationBuilder] Selected match org.spongepowered:mixin:0.8.2 configuration runtime from candidates [org.spongepowered:mixin:0.8.2 configuration runtime] for {org.gradle.category=library, org.gradle.dependency.bundling=external, org.gradle.jvm.version=8, org.gradle.libraryelements=jar, org.gradle.usage=java-runtime}
2021-03-21T18:11:32.973+0100 [DEBUG] [org.gradle.internal.component.model.LoggingAttributeMatchingExplanationBuilder] Selected match net.minecraftforge:nashorn-core-compat:15.1.1.1 configuration runtime from candidates [net.minecraftforge:nashorn-core-compat:15.1.1.1 configuration runtime] for {org.gradle.category=library, org.gradle.dependency.bundling=external, org.gradle.jvm.version=8, org.gradle.libraryelements=jar, org.gradle.usage=java-runtime}
2021-03-21T18:11:32.973+0100 [DEBUG] [org.gradle.internal.component.model.LoggingAttributeMatchingExplanationBuilder] Selected match com.mojang:patchy:1.1 configuration runtime from candidates [com.mojang:patchy:1.1 configuration runtime] for {org.gradle.category=library, org.gradle.dependency.bundling=external, org.gradle.jvm.version=8, org.gradle.libraryelements=jar, org.gradle.usage=java-runtime}
2021-03-21T18:11:32.973+0100 [DEBUG] [org.gradle.internal.component.model.LoggingAttributeMatchingExplanationBuilder] Selected match oshi-project:oshi-core:1.1 configuration runtime from candidates [oshi-project:oshi-core:1.1 configuration runtime] for {org.gradle.category=library, org.gradle.dependency.bundling=external, org.gradle.jvm.version=8, org.gradle.libraryelements=jar, org.gradle.usage=java-runtime}
2021-03-21T18:11:32.973+0100 [DEBUG] [org.gradle.internal.component.model.LoggingAttributeMatchingExplanationBuilder] Selected match net.java.dev.jna:jna:4.4.0 configuration runtime from candidates [net.java.dev.jna:jna:4.4.0 configuration runtime] for {org.gradle.category=library, org.gradle.dependency.bundling=external, org.gradle.jvm.version=8, org.gradle.libraryelements=jar, org.gradle.usage=java-runtime}
2021-03-21T18:11:32.973+0100 [DEBUG] [org.gradle.internal.component.model.LoggingAttributeMatchingExplanationBuilder] Selected match net.java.dev.jna:platform:3.4.0 configuration runtime from candidates [net.java.dev.jna:platform:3.4.0 configuration runtime] for {org.gradle.category=library, org.gradle.dependency.bundling=external, org.gradle.jvm.version=8, org.gradle.libraryelements=jar, org.gradle.usage=java-runtime}
2021-03-21T18:11:32.973+0100 [DEBUG] [org.gradle.internal.component.model.LoggingAttributeMatchingExplanationBuilder] Selected match com.ibm.icu:icu4j:66.1 configuration runtime from candidates [com.ibm.icu:icu4j:66.1 configuration runtime] for {org.gradle.category=library, org.gradle.dependency.bundling=external, org.gradle.jvm.version=8, org.gradle.libraryelements=jar, org.gradle.usage=java-runtime}
2021-03-21T18:11:32.973+0100 [DEBUG] [org.gradle.internal.component.model.LoggingAttributeMatchingExplanationBuilder] Selected match com.mojang:javabridge:1.0.22 configuration runtime from candidates [com.mojang:javabridge:1.0.22 configuration runtime] for {org.gradle.category=library, org.gradle.dependency.bundling=external, org.gradle.jvm.version=8, org.gradle.libraryelements=jar, org.gradle.usage=java-runtime}
2021-03-21T18:11:32.973+0100 [DEBUG] [org.gradle.internal.component.model.LoggingAttributeMatchingExplanationBuilder] Selected match io.netty:netty-all:4.1.25.Final configuration runtime from candidates [io.netty:netty-all:4.1.25.Final configuration runtime] for {org.gradle.category=library, org.gradle.dependency.bundling=external, org.gradle.jvm.version=8, org.gradle.libraryelements=jar, org.gradle.usage=java-runtime}
2021-03-21T18:11:32.974+0100 [DEBUG] [org.gradle.internal.component.model.LoggingAttributeMatchingExplanationBuilder] Selected match com.google.guava:guava:21.0 configuration runtime from candidates [com.google.guava:guava:21.0 configuration runtime] for {org.gradle.category=library, org.gradle.dependency.bundling=external, org.gradle.jvm.version=8, org.gradle.libraryelements=jar, org.gradle.usage=java-runtime}
2021-03-21T18:11:32.974+0100 [DEBUG] [org.gradle.internal.component.model.LoggingAttributeMatchingExplanationBuilder] Selected match org.apache.commons:commons-lang3:3.8.1 configuration runtime from candidates [org.apache.commons:commons-lang3:3.8.1 configuration runtime] for {org.gradle.category=library, org.gradle.dependency.bundling=external, org.gradle.jvm.version=8, org.gradle.libraryelements=jar, org.gradle.usage=java-runtime}
2021-03-21T18:11:32.974+0100 [DEBUG] [org.gradle.internal.component.model.LoggingAttributeMatchingExplanationBuilder] Selected match commons-io:commons-io:2.5 configuration runtime from candidates [commons-io:commons-io:2.5 configuration runtime] for {org.gradle.category=library, org.gradle.dependency.bundling=external, org.gradle.jvm.version=8, org.gradle.libraryelements=jar, org.gradle.usage=java-runtime}
2021-03-21T18:11:32.974+0100 [DEBUG] [org.gradle.internal.component.model.LoggingAttributeMatchingExplanationBuilder] Selected match org.apache.httpcomponents:httpclient:4.3.3 configuration runtime from candidates [org.apache.httpcomponents:httpclient:4.3.3 configuration runtime] for {org.gradle.category=library, org.gradle.dependency.bundling=external, org.gradle.jvm.version=8, org.gradle.libraryelements=jar, org.gradle.usage=java-runtime}
2021-03-21T18:11:32.974+0100 [DEBUG] [org.gradle.internal.component.model.LoggingAttributeMatchingExplanationBuilder] Selected match commons-codec:commons-codec:1.10 configuration runtime from candidates [commons-codec:commons-codec:1.10 configuration runtime] for {org.gradle.category=library, org.gradle.dependency.bundling=external, org.gradle.jvm.version=8, org.gradle.libraryelements=jar, org.gradle.usage=java-runtime}
2021-03-21T18:11:32.974+0100 [DEBUG] [org.gradle.internal.component.model.LoggingAttributeMatchingExplanationBuilder] Selected match net.java.jinput:jinput:2.0.5 configuration runtime from candidates [net.java.jinput:jinput:2.0.5 configuration runtime] for {org.gradle.category=library, org.gradle.dependency.bundling=external, org.gradle.jvm.version=8, org.gradle.libraryelements=jar, org.gradle.usage=java-runtime}
2021-03-21T18:11:32.974+0100 [DEBUG] [org.gradle.internal.component.model.LoggingAttributeMatchingExplanationBuilder] Selected match net.java.jutils:jutils:1.0.0 configuration runtime from candidates [net.java.jutils:jutils:1.0.0 configuration runtime] for {org.gradle.category=library, org.gradle.dependency.bundling=external, org.gradle.jvm.version=8, org.gradle.libraryelements=jar, org.gradle.usage=java-runtime}
2021-03-21T18:11:32.974+0100 [DEBUG] [org.gradle.internal.component.model.LoggingAttributeMatchingExplanationBuilder] Selected match com.mojang:brigadier:1.0.17 configuration runtime from candidates [com.mojang:brigadier:1.0.17 configuration runtime] for {org.gradle.category=library, org.gradle.dependency.bundling=external, org.gradle.jvm.version=8, org.gradle.libraryelements=jar, org.gradle.usage=java-runtime}
2021-03-21T18:11:32.974+0100 [DEBUG] [org.gradle.internal.component.model.LoggingAttributeMatchingExplanationBuilder] Selected match com.mojang:datafixerupper:4.0.26 configuration runtime from candidates [com.mojang:datafixerupper:4.0.26 configuration runtime] for {org.gradle.category=library, org.gradle.dependency.bundling=external, org.gradle.jvm.version=8, org.gradle.libraryelements=jar, org.gradle.usage=java-runtime}
2021-03-21T18:11:32.974+0100 [DEBUG] [org.gradle.internal.component.model.LoggingAttributeMatchingExplanationBuilder] Selected match com.google.code.gson:gson:2.8.0 configuration runtime from candidates [com.google.code.gson:gson:2.8.0 configuration runtime] for {org.gradle.category=library, org.gradle.dependency.bundling=external, org.gradle.jvm.version=8, org.gradle.libraryelements=jar, org.gradle.usage=java-runtime}
2021-03-21T18:11:32.974+0100 [DEBUG] [org.gradle.internal.component.model.LoggingAttributeMatchingExplanationBuilder] Selected match com.mojang:authlib:2.1.28 configuration runtime from candidates [com.mojang:authlib:2.1.28 configuration runtime] for {org.gradle.category=library, org.gradle.dependency.bundling=external, org.gradle.jvm.version=8, org.gradle.libraryelements=jar, org.gradle.usage=java-runtime}
2021-03-21T18:11:32.975+0100 [DEBUG] [org.gradle.internal.component.model.LoggingAttributeMatchingExplanationBuilder] Selected match org.apache.commons:commons-compress:1.8.1 configuration runtime from candidates [org.apache.commons:commons-compress:1.8.1 configuration runtime] for {org.gradle.category=library, org.gradle.dependency.bundling=external, org.gradle.jvm.version=8, org.gradle.libraryelements=jar, org.gradle.usage=java-runtime}
2021-03-21T18:11:32.975+0100 [DEBUG] [org.gradle.internal.component.model.LoggingAttributeMatchingExplanationBuilder] Selected match commons-logging:commons-logging:1.1.3 configuration runtime from candidates [commons-logging:commons-logging:1.1.3 configuration runtime] for {org.gradle.category=library, org.gradle.dependency.bundling=external, org.gradle.jvm.version=8, org.gradle.libraryelements=jar, org.gradle.usage=java-runtime}
2021-03-21T18:11:32.975+0100 [DEBUG] [org.gradle.internal.component.model.LoggingAttributeMatchingExplanationBuilder] Selected match org.apache.httpcomponents:httpcore:4.3.2 configuration runtime from candidates [org.apache.httpcomponents:httpcore:4.3.2 configuration runtime] for {org.gradle.category=library, org.gradle.dependency.bundling=external, org.gradle.jvm.version=8, org.gradle.libraryelements=jar, org.gradle.usage=java-runtime}
2021-03-21T18:11:32.975+0100 [DEBUG] [org.gradle.internal.component.model.LoggingAttributeMatchingExplanationBuilder] Selected match it.unimi.dsi:fastutil:8.2.1 configuration runtime from candidates [it.unimi.dsi:fastutil:8.2.1 configuration runtime] for {org.gradle.category=library, org.gradle.dependency.bundling=external, org.gradle.jvm.version=8, org.gradle.libraryelements=jar, org.gradle.usage=java-runtime}
2021-03-21T18:11:32.975+0100 [DEBUG] [org.gradle.internal.component.model.LoggingAttributeMatchingExplanationBuilder] Selected match org.lwjgl:lwjgl-jemalloc:3.2.2 configuration runtime from candidates [org.lwjgl:lwjgl-jemalloc:3.2.2 configuration runtime] for {org.gradle.category=library, org.gradle.dependency.bundling=external, org.gradle.jvm.version=8, org.gradle.libraryelements=jar, org.gradle.usage=java-runtime}
2021-03-21T18:11:32.976+0100 [DEBUG] [org.gradle.internal.component.model.LoggingAttributeMatchingExplanationBuilder] Selected match org.lwjgl:lwjgl-jemalloc:3.2.2 from candidates [org.lwjgl:lwjgl-jemalloc:3.2.2] for {org.gradle.category=library, org.gradle.dependency.bundling=external, org.gradle.jvm.version=8, org.gradle.libraryelements=jar, org.gradle.usage=java-runtime}
2021-03-21T18:11:32.976+0100 [DEBUG] [org.gradle.internal.component.model.LoggingAttributeMatchingExplanationBuilder] Selected match org.lwjgl:lwjgl-openal:3.2.2 configuration runtime from candidates [org.lwjgl:lwjgl-openal:3.2.2 configuration runtime] for {org.gradle.category=library, org.gradle.dependency.bundling=external, org.gradle.jvm.version=8, org.gradle.libraryelements=jar, org.gradle.usage=java-runtime}
2021-03-21T18:11:32.976+0100 [DEBUG] [org.gradle.internal.component.model.LoggingAttributeMatchingExplanationBuilder] Selected match org.lwjgl:lwjgl-openal:3.2.2 from candidates [org.lwjgl:lwjgl-openal:3.2.2] for {org.gradle.category=library, org.gradle.dependency.bundling=external, org.gradle.jvm.version=8, org.gradle.libraryelements=jar, org.gradle.usage=java-runtime}
2021-03-21T18:11:32.976+0100 [DEBUG] [org.gradle.internal.component.model.LoggingAttributeMatchingExplanationBuilder] Selected match org.lwjgl:lwjgl-opengl:3.2.2 configuration runtime from candidates [org.lwjgl:lwjgl-opengl:3.2.2 configuration runtime] for {org.gradle.category=library, org.gradle.dependency.bundling=external, org.gradle.jvm.version=8, org.gradle.libraryelements=jar, org.gradle.usage=java-runtime}
2021-03-21T18:11:32.976+0100 [DEBUG] [org.gradle.internal.component.model.LoggingAttributeMatchingExplanationBuilder] Selected match org.lwjgl:lwjgl-opengl:3.2.2 from candidates [org.lwjgl:lwjgl-opengl:3.2.2] for {org.gradle.category=library, org.gradle.dependency.bundling=external, org.gradle.jvm.version=8, org.gradle.libraryelements=jar, org.gradle.usage=java-runtime}
2021-03-21T18:11:32.977+0100 [DEBUG] [org.gradle.internal.component.model.LoggingAttributeMatchingExplanationBuilder] Selected match org.lwjgl:lwjgl-glfw:3.2.2 configuration runtime from candidates [org.lwjgl:lwjgl-glfw:3.2.2 configuration runtime] for {org.gradle.category=library, org.gradle.dependency.bundling=external, org.gradle.jvm.version=8, org.gradle.libraryelements=jar, org.gradle.usage=java-runtime}
2021-03-21T18:11:32.977+0100 [DEBUG] [org.gradle.internal.component.model.LoggingAttributeMatchingExplanationBuilder] Selected match org.lwjgl:lwjgl-glfw:3.2.2 from candidates [org.lwjgl:lwjgl-glfw:3.2.2] for {org.gradle.category=library, org.gradle.dependency.bundling=external, org.gradle.jvm.version=8, org.gradle.libraryelements=jar, org.gradle.usage=java-runtime}
2021-03-21T18:11:32.977+0100 [DEBUG] [org.gradle.internal.component.model.LoggingAttributeMatchingExplanationBuilder] Selected match org.lwjgl:lwjgl-stb:3.2.2 configuration runtime from candidates [org.lwjgl:lwjgl-stb:3.2.2 configuration runtime] for {org.gradle.category=library, org.gradle.dependency.bundling=external, org.gradle.jvm.version=8, org.gradle.libraryelements=jar, org.gradle.usage=java-runtime}
2021-03-21T18:11:32.977+0100 [DEBUG] [org.gradle.internal.component.model.LoggingAttributeMatchingExplanationBuilder] Selected match org.lwjgl:lwjgl-stb:3.2.2 from candidates [org.lwjgl:lwjgl-stb:3.2.2] for {org.gradle.category=library, org.gradle.dependency.bundling=external, org.gradle.jvm.version=8, org.gradle.libraryelements=jar, org.gradle.usage=java-runtime}
2021-03-21T18:11:32.977+0100 [DEBUG] [org.gradle.internal.component.model.LoggingAttributeMatchingExplanationBuilder] Selected match org.lwjgl:lwjgl-tinyfd:3.2.2 configuration runtime from candidates [org.lwjgl:lwjgl-tinyfd:3.2.2 configuration runtime] for {org.gradle.category=library, org.gradle.dependency.bundling=external, org.gradle.jvm.version=8, org.gradle.libraryelements=jar, org.gradle.usage=java-runtime}
2021-03-21T18:11:32.978+0100 [DEBUG] [org.gradle.internal.component.model.LoggingAttributeMatchingExplanationBuilder] Selected match org.lwjgl:lwjgl-tinyfd:3.2.2 from candidates [org.lwjgl:lwjgl-tinyfd:3.2.2] for {org.gradle.category=library, org.gradle.dependency.bundling=external, org.gradle.jvm.version=8, org.gradle.libraryelements=jar, org.gradle.usage=java-runtime}
2021-03-21T18:11:32.978+0100 [DEBUG] [org.gradle.internal.component.model.LoggingAttributeMatchingExplanationBuilder] Selected match org.lwjgl:lwjgl:3.2.2 configuration runtime from candidates [org.lwjgl:lwjgl:3.2.2 configuration runtime] for {org.gradle.category=library, org.gradle.dependency.bundling=external, org.gradle.jvm.version=8, org.gradle.libraryelements=jar, org.gradle.usage=java-runtime}
2021-03-21T18:11:32.978+0100 [DEBUG] [org.gradle.internal.component.model.LoggingAttributeMatchingExplanationBuilder] Selected match org.lwjgl:lwjgl:3.2.2 from candidates [org.lwjgl:lwjgl:3.2.2] for {org.gradle.category=library, org.gradle.dependency.bundling=external, org.gradle.jvm.version=8, org.gradle.libraryelements=jar, org.gradle.usage=java-runtime}
2021-03-21T18:11:32.978+0100 [DEBUG] [org.gradle.internal.component.model.LoggingAttributeMatchingExplanationBuilder] Selected match com.mojang:text2speech:1.11.3 configuration runtime from candidates [com.mojang:text2speech:1.11.3 configuration runtime] for {org.gradle.category=library, org.gradle.dependency.bundling=external, org.gradle.jvm.version=8, org.gradle.libraryelements=jar, org.gradle.usage=java-runtime}
2021-03-21T18:11:32.978+0100 [DEBUG] [org.gradle.internal.component.model.LoggingAttributeMatchingExplanationBuilder] Selected match com.mojang:text2speech:1.11.3 from candidates [com.mojang:text2speech:1.11.3] for {org.gradle.category=library, org.gradle.dependency.bundling=external, org.gradle.jvm.version=8, org.gradle.libraryelements=jar, org.gradle.usage=java-runtime}
2021-03-21T18:11:32.978+0100 [DEBUG] [org.gradle.internal.component.model.LoggingAttributeMatchingExplanationBuilder] Selected match org.codehaus.plexus:plexus-utils:3.2.1 configuration runtime from candidates [org.codehaus.plexus:plexus-utils:3.2.1 configuration runtime] for {org.gradle.category=library, org.gradle.dependency.bundling=external, org.gradle.jvm.version=8, org.gradle.libraryelements=jar, org.gradle.usage=java-runtime}
2021-03-21T18:11:32.979+0100 [DEBUG] [org.gradle.internal.component.model.LoggingAttributeMatchingExplanationBuilder] Selected match org.jline:jline-reader:3.12.1 configuration runtime from candidates [org.jline:jline-reader:3.12.1 configuration runtime] for {org.gradle.category=library, org.gradle.dependency.bundling=external, org.gradle.jvm.version=8, org.gradle.libraryelements=jar, org.gradle.usage=java-runtime}
2021-03-21T18:11:32.979+0100 [DEBUG] [org.gradle.internal.component.model.LoggingAttributeMatchingExplanationBuilder] Selected match net.java.jinput:jinput-platform:2.0.5 from candidates [net.java.jinput:jinput-platform:2.0.5] for {org.gradle.category=library, org.gradle.dependency.bundling=external, org.gradle.jvm.version=8, org.gradle.libraryelements=jar, org.gradle.usage=java-runtime}
2021-03-21T18:11:32.979+0100 [DEBUG] [org.gradle.internal.component.model.LoggingAttributeMatchingExplanationBuilder] Selected match net.java.jinput:jinput-platform:2.0.5 from candidates [net.java.jinput:jinput-platform:2.0.5] for {org.gradle.category=library, org.gradle.dependency.bundling=external, org.gradle.jvm.version=8, org.gradle.libraryelements=jar, org.gradle.usage=java-runtime}
2021-03-21T18:11:32.979+0100 [DEBUG] [org.gradle.internal.component.model.LoggingAttributeMatchingExplanationBuilder] Selected match net.java.jinput:jinput-platform:2.0.5 from candidates [net.java.jinput:jinput-platform:2.0.5] for {org.gradle.category=library, org.gradle.dependency.bundling=external, org.gradle.jvm.version=8, org.gradle.libraryelements=jar, org.gradle.usage=java-runtime}
2021-03-21T18:11:32.979+0100 [DEBUG] [org.gradle.internal.component.model.LoggingAttributeMatchingExplanationBuilder] Selected match org.jline:jline-terminal:3.12.1 configuration runtime from candidates [org.jline:jline-terminal:3.12.1 configuration runtime] for {org.gradle.category=library, org.gradle.dependency.bundling=external, org.gradle.jvm.version=8, org.gradle.libraryelements=jar, org.gradle.usage=java-runtime}
2021-03-21T18:11:32.980+0100 [DEBUG] [org.gradle.api.internal.artifacts.ivyservice.ivyresolve.CachingModuleComponentRepository] Found artifact 'forge-1.16.5-36.1.0_mapped_official_1.16.5-launcher.jar (net.minecraftforge:forge:1.16.5-36.1.0_mapped_official_1.16.5)' in resolver cache: C:\Users\troyvs\.gradle\caches\forge_gradle\minecraft_user_repo\net\minecraftforge\forge\1.16.5-36.1.0_mapped_official_1.16.5\forge-1.16.5-36.1.0_mapped_official_1.16.5-launcher.jar
2021-03-21T18:11:32.981+0100 [DEBUG] [org.gradle.api.internal.artifacts.ivyservice.ivyresolve.CachingModuleComponentRepository] Found artifact 'lwjgl-opengl-3.2.2-natives-windows.jar (org.lwjgl:lwjgl-opengl:3.2.2)' in resolver cache: C:\Users\troyvs\.gradle\caches\modules-2\files-2.1\org.lwjgl\lwjgl-opengl\3.2.2\d8dcdc91066cae2d2d8279cb4a9f9f05d9525826\lwjgl-opengl-3.2.2-natives-windows.jar
2021-03-21T18:11:32.982+0100 [DEBUG] [org.gradle.api.internal.artifacts.ivyservice.ivyresolve.CachingModuleComponentRepository] Found artifact 'text2speech-1.11.3-natives-windows.jar (com.mojang:text2speech:1.11.3)' in resolver cache: C:\Users\troyvs\.gradle\caches\modules-2\files-2.1\com.mojang\text2speech\1.11.3\c0b242c0091be5acbf303263c7eeeaedd70544c7\text2speech-1.11.3-natives-windows.jar
2021-03-21T18:11:32.983+0100 [DEBUG] [org.gradle.api.internal.artifacts.ivyservice.ivyresolve.CachingModuleComponentRepository] Found artifact 'jinput-platform-2.0.5-natives-linux.jar (net.java.jinput:jinput-platform:2.0.5)' in resolver cache: C:\Users\troyvs\.gradle\caches\modules-2\files-2.1\net.java.jinput\jinput-platform\2.0.5\7ff832a6eb9ab6a767f1ade2b548092d0fa64795\jinput-platform-2.0.5-natives-linux.jar
2021-03-21T18:11:32.984+0100 [DEBUG] [org.gradle.api.internal.artifacts.ivyservice.ivyresolve.CachingModuleComponentRepository] Found artifact 'mappings_official-1.16.5.zip (net.minecraft:mappings_official:1.16.5)' in resolver cache: C:\Users\troyvs\.gradle\caches\forge_gradle\mcp_repo\net\minecraft\mapping\1.16.5\mapping-1.16.5-mapping.zip
2021-03-21T18:11:32.984+0100 [DEBUG] [org.gradle.api.internal.artifacts.ivyservice.ivyresolve.CachingModuleComponentRepository] Found artifact 'lwjgl-jemalloc-3.2.2-natives-windows.jar (org.lwjgl:lwjgl-jemalloc:3.2.2)' in resolver cache: C:\Users\troyvs\.gradle\caches\modules-2\files-2.1\org.lwjgl\lwjgl-jemalloc\3.2.2\338b25b99da3ba5f441f6492f2ce2a9c608860ed\lwjgl-jemalloc-3.2.2-natives-windows.jar
2021-03-21T18:11:32.984+0100 [DEBUG] [org.gradle.api.internal.artifacts.ivyservice.ivyresolve.CachingModuleComponentRepository] Found artifact 'mergetool-1.0.9-api.jar (net.minecraftforge:mergetool:1.0.9)' in resolver cache: C:\Users\troyvs\.gradle\caches\modules-2\files-2.1\net.minecraftforge\mergetool\1.0.9\d1e1ba354a40b5703340b5cb02fdca489cff3646\mergetool-1.0.9-api.jar
2021-03-21T18:11:32.985+0100 [DEBUG] [org.gradle.internal.work.DefaultWorkerLeaseService] Worker lease root.1.35.65.69 started (8 worker(s) in use).
2021-03-21T18:11:32.986+0100 [DEBUG] [org.gradle.api.internal.artifacts.ivyservice.ivyresolve.CachingModuleComponentRepository] Found artifact 'jinput-platform-2.0.5-natives-osx.jar (net.java.jinput:jinput-platform:2.0.5)' in resolver cache: C:\Users\troyvs\.gradle\caches\modules-2\files-2.1\net.java.jinput\jinput-platform\2.0.5\53f9c919f34d2ca9de8c51fc4e1e8282029a9232\jinput-platform-2.0.5-natives-osx.jar
2021-03-21T18:11:32.985+0100 [DEBUG] [org.gradle.internal.resources.AbstractTrackedResourceLock] Execution worker for ':' Thread 3: acquired lock on root.1.35.65.69
2021-03-21T18:11:32.985+0100 [DEBUG] [org.gradle.api.internal.artifacts.ivyservice.ivyresolve.CachingModuleComponentRepository] Found artifact 'modlauncher-8.0.9-api.jar (cpw.mods:modlauncher:8.0.9)' in resolver cache: C:\Users\troyvs\.gradle\caches\modules-2\files-2.1\cpw.mods\modlauncher\8.0.9\476a62d2a2ebd3573134b8bcd8f0bc21bbdf29ac\modlauncher-8.0.9-api.jar
2021-03-21T18:11:32.985+0100 [DEBUG] [org.gradle.api.internal.artifacts.ivyservice.ivyresolve.CachingModuleComponentRepository] Found artifact 'jinput-platform-2.0.5-natives-windows.jar (net.java.jinput:jinput-platform:2.0.5)' in resolver cache: C:\Users\troyvs\.gradle\caches\modules-2\files-2.1\net.java.jinput\jinput-platform\2.0.5\385ee093e01f587f30ee1c8a2ee7d408fd732e16\jinput-platform-2.0.5-natives-windows.jar
2021-03-21T18:11:32.986+0100 [DEBUG] [org.gradle.api.internal.artifacts.ivyservice.ivyresolve.CachingModuleComponentRepository] Found artifact 'client-1.16.5-extra.jar (net.minecraft:client:1.16.5)' in resolver cache: C:\Users\troyvs\.gradle\caches\forge_gradle\minecraft_repo\versions\1.16.5\client-extra.jar
2021-03-21T18:11:32.991+0100 [DEBUG] [org.gradle.api.internal.artifacts.ivyservice.ivyresolve.CachingModuleComponentRepository] Found artifact 'lwjgl-tinyfd-3.2.2-natives-windows.jar (org.lwjgl:lwjgl-tinyfd:3.2.2)' in resolver cache: C:\Users\troyvs\.gradle\caches\modules-2\files-2.1\org.lwjgl\lwjgl-tinyfd\3.2.2\e9115958773644e863332a6a06488d26f9e1fc9f\lwjgl-tinyfd-3.2.2-natives-windows.jar
2021-03-21T18:11:32.993+0100 [DEBUG] [org.gradle.internal.operations.DefaultBuildOperationRunner] Build operation 'Resolve modlauncher-8.0.9-api.jar (cpw.mods:modlauncher:8.0.9)' completed
2021-03-21T18:11:32.993+0100 [DEBUG] [org.gradle.internal.work.DefaultWorkerLeaseService] Worker lease root.1.35.65.69 completed (9 worker(s) in use)
2021-03-21T18:11:32.993+0100 [DEBUG] [org.gradle.internal.resources.AbstractTrackedResourceLock] Execution worker for ':' Thread 3: released lock on root.1.35.65.69
2021-03-21T18:11:32.991+0100 [DEBUG] [org.gradle.api.internal.artifacts.ivyservice.ivyresolve.CachingModuleComponentRepository] Found artifact 'lwjgl-3.2.2-natives-windows.jar (org.lwjgl:lwjgl:3.2.2)' in resolver cache: C:\Users\troyvs\.gradle\caches\modules-2\files-2.1\org.lwjgl\lwjgl\3.2.2\5359f3aa50d36352815fc662ea73e1c00d22170\lwjgl-3.2.2-natives-windows.jar
2021-03-21T18:11:32.994+0100 [DEBUG] [org.gradle.api.internal.artifacts.ivyservice.ivyresolve.CachingModuleComponentRepository] Found artifact 'lwjgl-stb-3.2.2-natives-windows.jar (org.lwjgl:lwjgl-stb:3.2.2)' in resolver cache: C:\Users\troyvs\.gradle\caches\modules-2\files-2.1\org.lwjgl\lwjgl-stb\3.2.2\811f705cbb29e8ae8d60bdf8fdd38c0c123ad3ef\lwjgl-stb-3.2.2-natives-windows.jar
2021-03-21T18:11:32.995+0100 [DEBUG] [org.gradle.api.internal.artifacts.ivyservice.ivyresolve.CachingModuleComponentRepository] Found artifact 'lwjgl-openal-3.2.2-natives-windows.jar (org.lwjgl:lwjgl-openal:3.2.2)' in resolver cache: C:\Users\troyvs\.gradle\caches\modules-2\files-2.1\org.lwjgl\lwjgl-openal\3.2.2\ec20a7d42a2438528fca87e60b1705f1e2339ddb\lwjgl-openal-3.2.2-natives-windows.jar
2021-03-21T18:11:32.996+0100 [DEBUG] [org.gradle.api.internal.artifacts.ivyservice.ivyresolve.CachingModuleComponentRepository] Found artifact 'lwjgl-glfw-3.2.2-natives-windows.jar (org.lwjgl:lwjgl-glfw:3.2.2)' in resolver cache: C:\Users\troyvs\.gradle\caches\modules-2\files-2.1\org.lwjgl\lwjgl-glfw\3.2.2\dc6826d636bf796b33a49038c354210e661bfc17\lwjgl-glfw-3.2.2-natives-windows.jar
2021-03-21T18:11:33.000+0100 [DEBUG] [org.gradle.internal.operations.DefaultBuildOperationRunner] Build operation 'Resolve files of :runtimeClasspath' completed
2021-03-21T18:11:33.004+0100 [INFO] [org.gradle.process.internal.DefaultExecHandle] Starting process 'command 'C:\Program Files\Java\jdk1.8.0_281\bin\java.exe''. Working directory: D:\troy\Downloads\forge-1.16.5-36.1.0-mdk\run Command: C:\Program Files\Java\jdk1.8.0_281\bin\java.exe -Dforge.logging.console.level=debug -Dforge.logging.markers=REGISTRIES -Dfile.encoding=windows-1252 -Duser.country=US -Duser.language=en -Duser.variant -cp D:\troy\Downloads\forge-1.16.5-36.1.0-mdk\build\classes\java\main;D:\troy\Downloads\forge-1.16.5-36.1.0-mdk\build\resources\main;C:\Users\troyvs\.gradle\caches\forge_gradle\minecraft_user_repo\net\minecraftforge\forge\1.16.5-36.1.0_mapped_official_1.16.5\forge-1.16.5-36.1.0_mapped_official_1.16.5.jar;C:\Users\troyvs\.gradle\caches\forge_gradle\minecraft_user_repo\net\minecraftforge\forge\1.16.5-36.1.0_mapped_official_1.16.5\forge-1.16.5-36.1.0_mapped_official_1.16.5-launcher.jar;C:\Users\troyvs\.gradle\caches\forge_gradle\minecraft_repo\versions\1.16.5\client-extra.jar;C:\Users\troyvs\.gradle\caches\modules-2\files-2.1\net.minecraftforge\accesstransformers\3.0.1\6d23c1b9cb0607fddc38d09730796f68db96f546\accesstransformers-3.0.1.jar;C:\Users\troyvs\.gradle\caches\modules-2\files-2.1\net.minecraftforge\eventbus\4.0.0\260e34800723e4c098c4e247cf2b900535e01b6d\eventbus-4.0.0.jar;C:\Users\troyvs\.gradle\caches\modules-2\files-2.1\net.minecraftforge\coremods\4.0.6\d6d761379c841e2610abebcbf70ed20b65f728f0\coremods-4.0.6.jar;C:\Users\troyvs\.gradle\caches\modules-2\files-2.1\net.minecraftforge\forgespi\3.2.0\c6ca4e4e4a0343701407c760e642537b613b543\forgespi-3.2.0.jar;C:\Users\troyvs\.gradle\caches\modules-2\files-2.1\cpw.mods\modlauncher\8.0.9\bb848f57758808692b9108df61c909c0a961ba81\modlauncher-8.0.9.jar;C:\Users\troyvs\.gradle\caches\modules-2\files-2.1\cpw.mods\modlauncher\8.0.9\476a62d2a2ebd3573134b8bcd8f0bc21bbdf29ac\modlauncher-8.0.9-api.jar;C:\Users\troyvs\.gradle\caches\modules-2\files-2.1\com.google.code.findbugs\jsr305\3.0.2\25ea2e8b0c338a877313bd4672d3fe056ea78f0d\jsr305-3.0.2.jar;C:\Users\troyvs\.gradle\caches\modules-2\files-2.1\net.minecraftforge\mergetool\1.0.9\d1e1ba354a40b5703340b5cb02fdca489cff3646\mergetool-1.0.9-api.jar;C:\Users\troyvs\.gradle\caches\forge_gradle\mcp_repo\net\minecraft\mapping\1.16.5\mapping-1.16.5-mapping.zip;C:\Users\troyvs\.gradle\caches\modules-2\files-2.1\org.ow2.asm\asm-commons\9.0\5a34a3a9ac44f362f35d1b27932380b0031a3334\asm-commons-9.0.jar;C:\Users\troyvs\.gradle\caches\modules-2\files-2.1\org.ow2.asm\asm-util\9.0\7c059a94ab5eed3347bf954e27fab58e52968848\asm-util-9.0.jar;C:\Users\troyvs\.gradle\caches\modules-2\files-2.1\org.ow2.asm\asm-analysis\9.0\4630afefbb43939c739445dde0af1a5729a0fb4e\asm-analysis-9.0.jar;C:\Users\troyvs\.gradle\caches\modules-2\files-2.1\org.ow2.asm\asm-tree\9.0\9df939f25c556b0c7efe00701d47e77a49837f24\asm-tree-9.0.jar;C:\Users\troyvs\.gradle\caches\modules-2\files-2.1\org.ow2.asm\asm\9.0\af582ff60bc567c42d931500c3fdc20e0141ddf9\asm-9.0.jar;C:\Users\troyvs\.gradle\caches\modules-2\files-2.1\cpw.mods\grossjava9hacks\1.3.0\1a922de964d0c19d864fbcba2678c1a1c4602c35\grossjava9hacks-1.3.0.jar;C:\Users\troyvs\.gradle\caches\modules-2\files-2.1\org.antlr\antlr4-runtime\4.9.1\428664f05d2b7f7b7610204b5aa7c1763f62011a\antlr4-runtime-4.9.1.jar;C:\Users\troyvs\.gradle\caches\modules-2\files-2.1\net.minecraftforge\unsafe\0.2.0\54d7a0a5e8fdb71b973025caa46f341ae5904f39\unsafe-0.2.0.jar;C:\Users\troyvs\.gradle\caches\modules-2\files-2.1\com.electronwill.night-config\toml\3.6.3\2b05b4d606c517da4d1a7b6d2b97d751c92887d7\toml-3.6.3.jar;C:\Users\troyvs\.gradle\caches\modules-2\files-2.1\com.electronwill.night-config\core\3.6.3\c601bfeaeb2c0abe7aaa901b0bbe6d1beff49281\core-3.6.3.jar;C:\Users\troyvs\.gradle\caches\modules-2\files-2.1\org.jline\jline\3.12.1\de2bd909cb9f8eaa741bd03df4a1bd3f6eb593c7\jline-3.12.1.jar;C:\Users\troyvs\.gradle\caches\modules-2\files-2.1\org.apache.maven\maven-artifact\3.6.3\f8ff8032903882376e8d000c51e3e16d20fc7df7\maven-artifact-3.6.3.jar;C:\Users\troyvs\.gradle\caches\modules-2\files-2.1\net.jodah\typetools\0.8.3\98f84f353457629e81cc6827224871b1a8faa7af\typetools-0.8.3.jar;C:\Users\troyvs\.gradle\caches\modules-2\files-2.1\net.minecrell\terminalconsoleappender\1.2.0\96d02cd3b384ff015a8fef4223bcb4ccf1717c95\terminalconsoleappender-1.2.0.jar;C:\Users\troyvs\.gradle\caches\modules-2\files-2.1\org.apache.logging.log4j\log4j-core\2.11.2\6c2fb3f5b7cd27504726aef1b674b542a0c9cf53\log4j-core-2.11.2.jar;C:\Users\troyvs\.gradle\caches\modules-2\files-2.1\org.apache.logging.log4j\log4j-api\2.11.2\f5e9a2ffca496057d6891a3de65128efc636e26e\log4j-api-2.11.2.jar;C:\Users\troyvs\.gradle\caches\modules-2\files-2.1\net.sf.jopt-simple\jopt-simple\5.0.4\4fdac2fbe92dfad86aa6e9301736f6b4342a3f5c\jopt-simple-5.0.4.jar;C:\Users\troyvs\.gradle\caches\modules-2\files-2.1\org.spongepowered\mixin\0.8.2\1cf212283d26f706fd3074318870bebd14d2a9ed\mixin-0.8.2.jar;C:\Users\troyvs\.gradle\caches\modules-2\files-2.1\net.minecraftforge\nashorn-core-compat\15.1.1.1\1817deb38a5a8811148dca0d23161d92bdbd6184\nashorn-core-compat-15.1.1.1.jar;C:\Users\troyvs\.gradle\caches\modules-2\files-2.1\com.mojang\patchy\1.1\aef610b34a1be37fa851825f12372b78424d8903\patchy-1.1.jar;C:\Users\troyvs\.gradle\caches\modules-2\files-2.1\oshi-project\oshi-core\1.1\9ddf7b048a8d701be231c0f4f95fd986198fd2d8\oshi-core-1.1.jar;C:\Users\troyvs\.gradle\caches\modules-2\files-2.1\net.java.dev.jna\jna\4.4.0\cb208278274bf12ebdb56c61bd7407e6f774d65a\jna-4.4.0.jar;C:\Users\troyvs\.gradle\caches\modules-2\files-2.1\net.java.dev.jna\platform\3.4.0\e3f70017be8100d3d6923f50b3d2ee17714e9c13\platform-3.4.0.jar;C:\Users\troyvs\.gradle\caches\modules-2\files-2.1\com.ibm.icu\icu4j\66.1\72c7519b6d91f7a1f993bd44a99fe95d67211b27\icu4j-66.1.jar;C:\Users\troyvs\.gradle\caches\modules-2\files-2.1\com.mojang\javabridge\1.0.22\6aa6453aa99a52a5cd91749da1af6ab70e082ab3\javabridge-1.0.22.jar;C:\Users\troyvs\.gradle\caches\modules-2\files-2.1\io.netty\netty-all\4.1.25.Final\d0626cd3108294d1d58c05859add27b4ef21f83b\netty-all-4.1.25.Final.jar;C:\Users\troyvs\.gradle\caches\modules-2\files-2.1\com.google.guava\guava\21.0\3a3d111be1be1b745edfa7d91678a12d7ed38709\guava-21.0.jar;C:\Users\troyvs\.gradle\caches\modules-2\files-2.1\org.apache.commons\commons-lang3\3.8.1\6505a72a097d9270f7a9e7bf42c4238283247755\commons-lang3-3.8.1.jar;C:\Users\troyvs\.gradle\caches\modules-2\files-2.1\commons-io\commons-io\2.5\2852e6e05fbb95076fc091f6d1780f1f8fe35e0f\commons-io-2.5.jar;C:\Users\troyvs\.gradle\caches\modules-2\files-2.1\org.apache.httpcomponents\httpclient\4.3.3\18f4247ff4572a074444572cee34647c43e7c9c7\httpclient-4.3.3.jar;C:\Users\troyvs\.gradle\caches\modules-2\files-2.1\commons-codec\commons-codec\1.10\4b95f4897fa13f2cd904aee711aeafc0c5295cd8\commons-codec-1.10.jar;C:\Users\troyvs\.gradle\caches\modules-2\files-2.1\net.java.jinput\jinput\2.0.5\39c7796b469a600f72380316f6b1f11db6c2c7c4\jinput-2.0.5.jar;C:\Users\troyvs\.gradle\caches\modules-2\files-2.1\net.java.jutils\jutils\1.0.0\e12fe1fda814bd348c1579329c86943d2cd3c6a6\jutils-1.0.0.jar;C:\Users\troyvs\.gradle\caches\modules-2\files-2.1\com.mojang\brigadier\1.0.17\c6b7dc51dd44379cc751b7504816006e9be4b1e6\brigadier-1.0.17.jar;C:\Users\troyvs\.gradle\caches\modules-2\files-2.1\com.mojang\datafixerupper\4.0.26\ebd6690f33871ccee9b6132c6480668ee2e35020\datafixerupper-4.0.26.jar;C:\Users\troyvs\.gradle\caches\modules-2\files-2.1\com.google.code.gson\gson\2.8.0\c4ba5371a29ac9b2ad6129b1d39ea38750043eff\gson-2.8.0.jar;C:\Users\troyvs\.gradle\caches\modules-2\files-2.1\com.mojang\authlib\2.1.28\ad54da276bf59983d02d5ed16fc14541354c71fd\authlib-2.1.28.jar;C:\Users\troyvs\.gradle\caches\modules-2\files-2.1\org.apache.commons\commons-compress\1.8.1\a698750c16740fd5b3871425f4cb3bbaa87f529d\commons-compress-1.8.1.jar;C:\Users\troyvs\.gradle\caches\modules-2\files-2.1\commons-logging\commons-logging\1.1.3\f6f66e966c70a83ffbdb6f17a0919eaf7c8aca7f\commons-logging-1.1.3.jar;C:\Users\troyvs\.gradle\caches\modules-2\files-2.1\org.apache.httpcomponents\httpcore\4.3.2\31fbbff1ddbf98f3aa7377c94d33b0447c646b6e\httpcore-4.3.2.jar;C:\Users\troyvs\.gradle\caches\modules-2\files-2.1\it.unimi.dsi\fastutil\8.2.1\5ad88f325e424f8dbc2be5459e21ea5cab3864e9\fastutil-8.2.1.jar;C:\Users\troyvs\.gradle\caches\modules-2\files-2.1\org.lwjgl\lwjgl-jemalloc\3.2.2\ee8e57a79300f78294576d87c4a587f8c99402e2\lwjgl-jemalloc-3.2.2.jar;C:\Users\troyvs\.gradle\caches\modules-2\files-2.1\org.lwjgl\lwjgl-jemalloc\3.2.2\338b25b99da3ba5f441f6492f2ce2a9c608860ed\lwjgl-jemalloc-3.2.2-natives-windows.jar;C:\Users\troyvs\.gradle\caches\modules-2\files-2.1\org.lwjgl\lwjgl-openal\3.2.2\2b772a102b0a11ee5f2109a5b136f4dc7c630827\lwjgl-openal-3.2.2.jar;C:\Users\troyvs\.gradle\caches\modules-2\files-2.1\org.lwjgl\lwjgl-openal\3.2.2\ec20a7d42a2438528fca87e60b1705f1e2339ddb\lwjgl-openal-3.2.2-natives-windows.jar;C:\Users\troyvs\.gradle\caches\modules-2\files-2.1\org.lwjgl\lwjgl-opengl\3.2.2\6ac5bb88b44c43ea195a570aab059f63da004cd8\lwjgl-opengl-3.2.2.jar;C:\Users\troyvs\.gradle\caches\modules-2\files-2.1\org.lwjgl\lwjgl-opengl\3.2.2\d8dcdc91066cae2d2d8279cb4a9f9f05d9525826\lwjgl-opengl-3.2.2-natives-windows.jar;C:\Users\troyvs\.gradle\caches\modules-2\files-2.1\org.lwjgl\lwjgl-glfw\3.2.2\d3ad4df38e400b8afba1de63f84338809399df5b\lwjgl-glfw-3.2.2.jar;C:\Users\troyvs\.gradle\caches\modules-2\files-2.1\org.lwjgl\lwjgl-glfw\3.2.2\dc6826d636bf796b33a49038c354210e661bfc17\lwjgl-glfw-3.2.2-natives-windows.jar;C:\Users\troyvs\.gradle\caches\modules-2\files-2.1\org.lwjgl\lwjgl-stb\3.2.2\3b8e6ebc5851dd3d17e37e5cadce2eff2a429f0f\lwjgl-stb-3.2.2.jar;C:\Users\troyvs\.gradle\caches\modules-2\files-2.1\org.lwjgl\lwjgl-stb\3.2.2\811f705cbb29e8ae8d60bdf8fdd38c0c123ad3ef\lwjgl-stb-3.2.2-natives-windows.jar;C:\Users\troyvs\.gradle\caches\modules-2\files-2.1\org.lwjgl\lwjgl-tinyfd\3.2.2\fcbe606c8f8da6f8f9a05e2c540eb1ee8632b0e9\lwjgl-tinyfd-3.2.2.jar;C:\Users\troyvs\.gradle\caches\modules-2\files-2.1\org.lwjgl\lwjgl-tinyfd\3.2.2\e9115958773644e863332a6a06488d26f9e1fc9f\lwjgl-tinyfd-3.2.2-natives-windows.jar;C:\Users\troyvs\.gradle\caches\modules-2\files-2.1\org.lwjgl\lwjgl\3.2.2\8ad6294407e15780b43e84929c40e4c5e997972e\lwjgl-3.2.2.jar;C:\Users\troyvs\.gradle\caches\modules-2\files-2.1\org.lwjgl\lwjgl\3.2.2\5359f3aa50d36352815fc662ea73e1c00d22170\lwjgl-3.2.2-natives-windows.jar;C:\Users\troyvs\.gradle\caches\modules-2\files-2.1\com.mojang\text2speech\1.11.3\f378f889797edd7df8d32272c06ca80a1b6b0f58\text2speech-1.11.3.jar;C:\Users\troyvs\.gradle\caches\modules-2\files-2.1\com.mojang\text2speech\1.11.3\c0b242c0091be5acbf303263c7eeeaedd70544c7\text2speech-1.11.3-natives-windows.jar;C:\Users\troyvs\.gradle\caches\modules-2\files-2.1\org.codehaus.plexus\plexus-utils\3.2.1\13b015768e0d04849d2794e4c47eb02d01a0de32\plexus-utils-3.2.1.jar;C:\Users\troyvs\.gradle\caches\modules-2\files-2.1\org.jline\jline-reader\3.12.1\4382ab1382c7b6f379377ed5f665dc2f6e1218bc\jline-reader-3.12.1.jar;C:\Users\troyvs\.gradle\caches\modules-2\files-2.1\net.java.jinput\jinput-platform\2.0.5\7ff832a6eb9ab6a767f1ade2b548092d0fa64795\jinput-platform-2.0.5-natives-linux.jar;C:\Users\troyvs\.gradle\caches\modules-2\files-2.1\net.java.jinput\jinput-platform\2.0.5\385ee093e01f587f30ee1c8a2ee7d408fd732e16\jinput-platform-2.0.5-natives-windows.jar;C:\Users\troyvs\.gradle\caches\modules-2\files-2.1\net.java.jinput\jinput-platform\2.0.5\53f9c919f34d2ca9de8c51fc4e1e8282029a9232\jinput-platform-2.0.5-natives-osx.jar;C:\Users\troyvs\.gradle\caches\modules-2\files-2.1\org.jline\jline-terminal\3.12.1\c777448314e050d980a6b697c140f3bfe9eb7416\jline-terminal-3.12.1.jar net.minecraftforge.userdev.LaunchTesting --mod testmod --all --existing D:\troy\Downloads\forge-1.16.5-36.1.0-mdk\src\main\resources --existing D:\troy\Downloads\forge-1.16.5-36.1.0-mdk\src\generated\resources --output D:\troy\Downloads\forge-1.16.5-36.1.0-mdk\src\generated\resources
2021-03-21T18:11:33.004+0100 [DEBUG] [org.gradle.process.internal.DefaultExecHandle] Changing state to: STARTING
2021-03-21T18:11:33.005+0100 [DEBUG] [org.gradle.process.internal.DefaultExecHandle] Waiting until process started: command 'C:\Program Files\Java\jdk1.8.0_281\bin\java.exe'.
2021-03-21T18:11:33.010+0100 [DEBUG] [org.gradle.process.internal.DefaultExecHandle] Changing state to: STARTED
2021-03-21T18:11:33.010+0100 [DEBUG] [org.gradle.process.internal.ExecHandleRunner] waiting until streams are handled...
2021-03-21T18:11:33.010+0100 [INFO] [org.gradle.process.internal.DefaultExecHandle] Successfully started process 'command 'C:\Program Files\Java\jdk1.8.0_281\bin\java.exe''
2021-03-21T18:11:34.295+0100 [QUIET] [system.out] 2021-03-21 18:11:34,293 main WARN Advanced terminal features are not available in this environment
2021-03-21T18:11:34.560+0100 [QUIET] [system.out] [18:11:34] [main/INFO] [ne.mi.us.ArgumentList/]: Duplicate entries for existing Unindexable
2021-03-21T18:11:34.593+0100 [QUIET] [system.out] [18:11:34] [main/INFO] [cp.mo.mo.Launcher/MODLAUNCHER]: ModLauncher running: args [--mod, testmod, --all, --existing, D:\troy\Downloads\forge-1.16.5-36.1.0-mdk\src\main\resources, --existing, D:\troy\Downloads\forge-1.16.5-36.1.0-mdk\src\generated\resources, --output, D:\troy\Downloads\forge-1.16.5-36.1.0-mdk\src\generated\resources, --gameDir, ., --launchTarget, fmluserdevdata, --fml.mcpVersion, 20210115.111550, --fml.mcVersion, 1.16.5, --fml.forgeGroup, net.minecraftforge, --fml.forgeVersion, 36.1.0]
2021-03-21T18:11:34.596+0100 [QUIET] [system.out] [18:11:34] [main/INFO] [cp.mo.mo.Launcher/MODLAUNCHER]: ModLauncher 8.0.9+86+master.3cf110c starting: java version 1.8.0_281 by Oracle Corporation
2021-03-21T18:11:34.622+0100 [QUIET] [system.out] [18:11:34] [main/DEBUG] [cp.mo.mo.LaunchServiceHandler/MODLAUNCHER]: Found launch services [minecraft,fmldevdata,fmldevclient,fmldevserver,fmluserdevserver,testharness,fmluserdevdata,fmlclient,fmluserdevclient,fmlserver]
2021-03-21T18:11:34.656+0100 [QUIET] [system.out] [18:11:34] [main/DEBUG] [cp.mo.mo.NameMappingServiceHandler/MODLAUNCHER]: Found naming services : [srgtomcp]
2021-03-21T18:11:34.744+0100 [QUIET] [system.out] [18:11:34] [main/DEBUG] [cp.mo.mo.LaunchPluginHandler/MODLAUNCHER]: Found launch plugins: [mixin,eventbus,object_holder_definalize,runtime_enum_extender,accesstransformer,capability_inject_definalize,runtimedistcleaner]
2021-03-21T18:11:34.770+0100 [QUIET] [system.out] [18:11:34] [main/DEBUG] [cp.mo.mo.TransformationServicesHandler/MODLAUNCHER]: Discovering transformation services
2021-03-21T18:11:34.783+0100 [QUIET] [system.out] [18:11:34] [main/DEBUG] [cp.mo.mo.TransformationServicesHandler/MODLAUNCHER]: Found additional transformation services from discovery services: []
2021-03-21T18:11:34.857+0100 [QUIET] [system.out] [18:11:34] [main/DEBUG] [cp.mo.mo.TransformationServicesHandler/MODLAUNCHER]: Found transformer services : [mixin,fml]
2021-03-21T18:11:34.857+0100 [QUIET] [system.out] [18:11:34] [main/DEBUG] [cp.mo.mo.TransformationServicesHandler/MODLAUNCHER]: Transformation services loading
2021-03-21T18:11:34.858+0100 [QUIET] [system.out] [18:11:34] [main/DEBUG] [cp.mo.mo.TransformationServiceDecorator/MODLAUNCHER]: Loading service mixin
2021-03-21T18:11:34.859+0100 [QUIET] [system.out] [18:11:34] [main/DEBUG] [cp.mo.mo.TransformationServiceDecorator/MODLAUNCHER]: Loaded service mixin
2021-03-21T18:11:34.859+0100 [QUIET] [system.out] [18:11:34] [main/DEBUG] [cp.mo.mo.TransformationServiceDecorator/MODLAUNCHER]: Loading service fml
2021-03-21T18:11:34.859+0100 [QUIET] [system.out] [18:11:34] [main/DEBUG] [ne.mi.fm.lo.FMLServiceProvider/]: Injecting tracing printstreams for STDOUT/STDERR.
2021-03-21T18:11:34.866+0100 [QUIET] [system.out] [18:11:34] [main/DEBUG] [ne.mi.fm.lo.LauncherVersion/CORE]: Found FMLLauncher version 36.1
2021-03-21T18:11:34.866+0100 [QUIET] [system.out] [18:11:34] [main/DEBUG] [ne.mi.fm.lo.FMLLoader/CORE]: FML 36.1 loading
2021-03-21T18:11:34.866+0100 [QUIET] [system.out] [18:11:34] [main/DEBUG] [ne.mi.fm.lo.FMLLoader/CORE]: FML found ModLauncher version : 8.0.9+86+master.3cf110c
2021-03-21T18:11:34.867+0100 [QUIET] [system.out] [18:11:34] [main/DEBUG] [ne.mi.fm.lo.FMLLoader/CORE]: Initializing modjar URL handler
2021-03-21T18:11:34.868+0100 [QUIET] [system.out] [18:11:34] [main/DEBUG] [ne.mi.fm.lo.FMLLoader/CORE]: FML found AccessTransformer version : 3.0.1+61+master.47bca0e
2021-03-21T18:11:34.869+0100 [QUIET] [system.out] [18:11:34] [main/DEBUG] [ne.mi.fm.lo.FMLLoader/CORE]: FML found EventBus version : 4.0.0+65+master.6080a3f
2021-03-21T18:11:34.870+0100 [QUIET] [system.out] [18:11:34] [main/DEBUG] [ne.mi.fm.lo.FMLLoader/CORE]: Found Runtime Dist Cleaner
2021-03-21T18:11:34.877+0100 [QUIET] [system.out] [18:11:34] [main/DEBUG] [ne.mi.fm.lo.FMLLoader/CORE]: FML found CoreMod version : 4.0.6+14+master.c21a551
2021-03-21T18:11:34.878+0100 [QUIET] [system.out] [18:11:34] [main/DEBUG] [ne.mi.fm.lo.FMLLoader/CORE]: Found ForgeSPI package implementation version 3.2.0+13+master.8ddb2cc
2021-03-21T18:11:34.878+0100 [QUIET] [system.out] [18:11:34] [main/DEBUG] [ne.mi.fm.lo.FMLLoader/CORE]: Found ForgeSPI package specification 3
2021-03-21T18:11:36.790+0100 [QUIET] [system.out] [18:11:36] [main/INFO] [ne.mi.fm.lo.FixSSL/CORE]: Added Lets Encrypt root certificates as additional trust
2021-03-21T18:11:36.792+0100 [QUIET] [system.out] [18:11:36] [main/DEBUG] [cp.mo.mo.TransformationServiceDecorator/MODLAUNCHER]: Loaded service fml
2021-03-21T18:11:36.795+0100 [QUIET] [system.out] [18:11:36] [main/DEBUG] [cp.mo.mo.TransformationServicesHandler/MODLAUNCHER]: Configuring option handling for services
2021-03-21T18:11:36.813+0100 [QUIET] [system.out] [18:11:36] [main/DEBUG] [cp.mo.mo.TransformationServicesHandler/MODLAUNCHER]: Transformation services initializing
2021-03-21T18:11:36.814+0100 [QUIET] [system.out] [18:11:36] [main/DEBUG] [cp.mo.mo.TransformationServiceDecorator/MODLAUNCHER]: Initializing transformation service mixin
2021-03-21T18:11:36.822+0100 [QUIET] [system.out] [18:11:36] [main/DEBUG] [mixin/]: Mixin bootstrap service org.spongepowered.asm.service.mojang.MixinServiceLaunchWrapperBootstrap is not available: LaunchWrapper is not available
2021-03-21T18:11:36.832+0100 [QUIET] [system.out] [18:11:36] [main/DEBUG] [mixin/]: MixinService [ModLauncher] was successfully booted in sun.misc.Launcher$AppClassLoader@4e25154f
2021-03-21T18:11:36.878+0100 [QUIET] [system.out] [18:11:36] [main/INFO] [mixin/]: SpongePowered MIXIN Subsystem Version=0.8.2 Source=file:/C:/Users/troyvs/.gradle/caches/modules-2/files-2.1/org.spongepowered/mixin/0.8.2/1cf212283d26f706fd3074318870bebd14d2a9ed/mixin-0.8.2.jar Service=ModLauncher Env=UNKNOWN
2021-03-21T18:11:36.886+0100 [QUIET] [system.out] [18:11:36] [main/DEBUG] [mixin/]: Initialising Mixin Platform Manager
2021-03-21T18:11:36.887+0100 [QUIET] [system.out] [18:11:36] [main/DEBUG] [mixin/]: Adding mixin platform agents for container ModLauncher Root Container(4f56a0a2)
2021-03-21T18:11:36.889+0100 [QUIET] [system.out] [18:11:36] [main/DEBUG] [mixin/]: Instancing new MixinPlatformAgentMinecraftForge for ModLauncher Root Container(4f56a0a2)
2021-03-21T18:11:36.891+0100 [QUIET] [system.out] [18:11:36] [main/DEBUG] [mixin/]: MixinPlatformAgentMinecraftForge rejected container ModLauncher Root Container(4f56a0a2)
2021-03-21T18:11:36.892+0100 [QUIET] [system.out] [18:11:36] [main/DEBUG] [mixin/]: Instancing new MixinPlatformAgentDefault for ModLauncher Root Container(4f56a0a2)
2021-03-21T18:11:36.893+0100 [QUIET] [system.out] [18:11:36] [main/DEBUG] [mixin/]: MixinPlatformAgentDefault accepted container ModLauncher Root Container(4f56a0a2)
2021-03-21T18:11:36.898+0100 [QUIET] [system.out] [18:11:36] [main/DEBUG] [cp.mo.mo.TransformationServiceDecorator/MODLAUNCHER]: Initialized transformation service mixin
2021-03-21T18:11:36.898+0100 [QUIET] [system.out] [18:11:36] [main/DEBUG] [cp.mo.mo.TransformationServiceDecorator/MODLAUNCHER]: Initializing transformation service fml
2021-03-21T18:11:36.898+0100 [QUIET] [system.out] [18:11:36] [main/DEBUG] [ne.mi.fm.lo.FMLServiceProvider/CORE]: Setting up basic FML game directories
2021-03-21T18:11:36.900+0100 [QUIET] [system.out] [18:11:36] [main/DEBUG] [ne.mi.fm.lo.FileUtils/CORE]: Found existing GAMEDIR directory : D:\troy\Downloads\forge-1.16.5-36.1.0-mdk\run
2021-03-21T18:11:36.901+0100 [QUIET] [system.out] [18:11:36] [main/DEBUG] [ne.mi.fm.lo.FMLPaths/CORE]: Path GAMEDIR is D:\troy\Downloads\forge-1.16.5-36.1.0-mdk\run
2021-03-21T18:11:36.902+0100 [QUIET] [system.out] [18:11:36] [main/DEBUG] [ne.mi.fm.lo.FileUtils/CORE]: Found existing MODSDIR directory : D:\troy\Downloads\forge-1.16.5-36.1.0-mdk\run\mods
2021-03-21T18:11:36.902+0100 [QUIET] [system.out] [18:11:36] [main/DEBUG] [ne.mi.fm.lo.FMLPaths/CORE]: Path MODSDIR is D:\troy\Downloads\forge-1.16.5-36.1.0-mdk\run\mods
2021-03-21T18:11:36.902+0100 [QUIET] [system.out] [18:11:36] [main/DEBUG] [ne.mi.fm.lo.FileUtils/CORE]: Found existing CONFIGDIR directory : D:\troy\Downloads\forge-1.16.5-36.1.0-mdk\run\config
2021-03-21T18:11:36.902+0100 [QUIET] [system.out] [18:11:36] [main/DEBUG] [ne.mi.fm.lo.FMLPaths/CORE]: Path CONFIGDIR is D:\troy\Downloads\forge-1.16.5-36.1.0-mdk\run\config
2021-03-21T18:11:36.903+0100 [QUIET] [system.out] [18:11:36] [main/DEBUG] [ne.mi.fm.lo.FMLPaths/CORE]: Path FMLCONFIG is D:\troy\Downloads\forge-1.16.5-36.1.0-mdk\run\config\fml.toml
2021-03-21T18:11:36.903+0100 [QUIET] [system.out] [18:11:36] [main/DEBUG] [ne.mi.fm.lo.FMLServiceProvider/CORE]: Loading configuration
2021-03-21T18:11:37.007+0100 [QUIET] [system.out] [18:11:37] [main/DEBUG] [ne.mi.fm.lo.FileUtils/CORE]: Found existing default config directory directory : D:\troy\Downloads\forge-1.16.5-36.1.0-mdk\run\defaultconfigs
2021-03-21T18:11:37.007+0100 [QUIET] [system.out] [18:11:37] [main/DEBUG] [ne.mi.fm.lo.FMLServiceProvider/CORE]: Preparing ModFile
2021-03-21T18:11:37.014+0100 [QUIET] [system.out] [18:11:37] [main/DEBUG] [ne.mi.fm.lo.FMLServiceProvider/CORE]: Preparing launch handler
2021-03-21T18:11:37.016+0100 [QUIET] [system.out] [18:11:37] [main/DEBUG] [ne.mi.fm.lo.FMLLoader/CORE]: Using fmluserdevdata as launch service
2021-03-21T18:11:37.047+0100 [QUIET] [system.out] [18:11:37] [main/DEBUG] [ne.mi.fm.lo.FMLLoader/CORE]: Received command line version data  : MC Version: '1.16.5' MCP Version: '20210115.111550' Forge Version: '36.1.0' Forge group: 'net.minecraftforge'
2021-03-21T18:11:37.050+0100 [QUIET] [system.out] [18:11:37] [main/DEBUG] [ne.mi.fm.lo.LibraryFinder/CORE]: Found JAR forge at path C:\Users\troyvs\.gradle\caches\forge_gradle\minecraft_user_repo\net\minecraftforge\forge\1.16.5-36.1.0_mapped_official_1.16.5\forge-1.16.5-36.1.0_mapped_official_1.16.5.jar
2021-03-21T18:11:37.051+0100 [QUIET] [system.out] [18:11:37] [main/DEBUG] [ne.mi.fm.lo.LibraryFinder/CORE]: Found JAR mcdata at path C:\Users\troyvs\.gradle\caches\forge_gradle\minecraft_repo\versions\1.16.5\client-extra.jar
2021-03-21T18:11:37.052+0100 [QUIET] [system.out] [18:11:37] [main/DEBUG] [ne.mi.us.FMLUserdevLaunchProvider/CORE]: Injecting maven path C:\Users\troyvs\.gradle\caches\forge_gradle\minecraft_user_repo
2021-03-21T18:11:37.053+0100 [QUIET] [system.out] [18:11:37] [main/DEBUG] [ne.mi.fm.lo.FMLCommonLaunchHandler/CORE]: Got mod coordinates testmod%%D:\troy\Downloads\forge-1.16.5-36.1.0-mdk\build\resources\main;testmod%%D:\troy\Downloads\forge-1.16.5-36.1.0-mdk\build\classes\java\main from env
2021-03-21T18:11:37.060+0100 [QUIET] [system.out] [18:11:37] [main/DEBUG] [ne.mi.fm.lo.FMLCommonLaunchHandler/CORE]: Found supplied mod coordinates [{testmod=[D:\troy\Downloads\forge-1.16.5-36.1.0-mdk\build\resources\main, D:\troy\Downloads\forge-1.16.5-36.1.0-mdk\build\classes\java\main]}]
2021-03-21T18:11:37.079+0100 [QUIET] [system.out] [18:11:37] [main/DEBUG] [ne.mi.fm.lo.LanguageLoadingProvider/CORE]: Found 2 language providers
2021-03-21T18:11:37.083+0100 [QUIET] [system.out] [18:11:37] [main/DEBUG] [ne.mi.fm.lo.LanguageLoadingProvider/CORE]: Found language provider javafml, version 36.1
2021-03-21T18:11:37.098+0100 [QUIET] [system.out] [18:11:37] [main/DEBUG] [ne.mi.fm.lo.LanguageLoadingProvider/CORE]: Found language provider minecraft, version 1
2021-03-21T18:11:37.098+0100 [QUIET] [system.out] [18:11:37] [main/DEBUG] [ne.mi.fm.lo.LanguageLoadingProvider/CORE]: Skipping adding forge jar - javafml is already present
2021-03-21T18:11:37.103+0100 [QUIET] [system.out] [18:11:37] [main/DEBUG] [cp.mo.mo.TransformationServiceDecorator/MODLAUNCHER]: Initialized transformation service fml
2021-03-21T18:11:37.104+0100 [QUIET] [system.out] [18:11:37] [main/DEBUG] [cp.mo.mo.NameMappingServiceHandler/MODLAUNCHER]: Current naming domain is 'mcp'
2021-03-21T18:11:37.106+0100 [QUIET] [system.out] [18:11:37] [main/DEBUG] [cp.mo.mo.NameMappingServiceHandler/MODLAUNCHER]: Identified name mapping providers {srg=srgtomcp:1234}
2021-03-21T18:11:37.107+0100 [QUIET] [system.out] [18:11:37] [main/DEBUG] [cp.mo.mo.TransformationServicesHandler/MODLAUNCHER]: Transformation services begin scanning
2021-03-21T18:11:37.108+0100 [QUIET] [system.out] [18:11:37] [main/DEBUG] [cp.mo.mo.TransformationServiceDecorator/MODLAUNCHER]: Beginning scan trigger - transformation service mixin
2021-03-21T18:11:37.109+0100 [QUIET] [system.out] [18:11:37] [main/DEBUG] [cp.mo.mo.TransformationServiceDecorator/MODLAUNCHER]: End scan trigger - transformation service mixin
2021-03-21T18:11:37.110+0100 [QUIET] [system.out] [18:11:37] [main/DEBUG] [cp.mo.mo.TransformationServiceDecorator/MODLAUNCHER]: Beginning scan trigger - transformation service fml
2021-03-21T18:11:37.110+0100 [QUIET] [system.out] [18:11:37] [main/DEBUG] [ne.mi.fm.lo.FMLServiceProvider/CORE]: Initiating mod scan
2021-03-21T18:11:37.228+0100 [QUIET] [system.out] [18:11:37] [main/DEBUG] [ne.mi.fm.lo.LibraryFinder/CORE]: Found JAR classpath_mod at path D:\troy\Downloads\forge-1.16.5-36.1.0-mdk\build\resources\main
2021-03-21T18:11:37.229+0100 [QUIET] [system.out] [18:11:37] [main/DEBUG] [ne.mi.fm.lo.LibraryFinder/CORE]: Found JAR classpath_mod at path C:\Users\troyvs\.gradle\caches\forge_gradle\minecraft_user_repo\net\minecraftforge\forge\1.16.5-36.1.0_mapped_official_1.16.5\forge-1.16.5-36.1.0_mapped_official_1.16.5.jar
2021-03-21T18:11:37.230+0100 [QUIET] [system.out] [18:11:37] [main/DEBUG] [ne.mi.us.ClasspathLocator/CORE]: Found classpath mod: C:\Users\troyvs\.gradle\caches\forge_gradle\minecraft_user_repo\net\minecraftforge\forge\1.16.5-36.1.0_mapped_official_1.16.5\forge-1.16.5-36.1.0_mapped_official_1.16.5.jar
2021-03-21T18:11:37.235+0100 [QUIET] [system.out] [18:11:37] [main/DEBUG] [ne.mi.fm.lo.LibraryFinder/CORE]: Found JAR manifest_jar at path C:\Users\troyvs\.gradle\caches\forge_gradle\minecraft_user_repo\net\minecraftforge\forge\1.16.5-36.1.0_mapped_official_1.16.5\forge-1.16.5-36.1.0_mapped_official_1.16.5.jar
2021-03-21T18:11:37.247+0100 [QUIET] [system.out] [18:11:37] [main/DEBUG] [ne.mi.fm.lo.LibraryFinder/CORE]: Found JAR manifest_jar at path C:\Users\troyvs\.gradle\caches\forge_gradle\minecraft_user_repo\net\minecraftforge\forge\1.16.5-36.1.0_mapped_official_1.16.5\forge-1.16.5-36.1.0_mapped_official_1.16.5-launcher.jar
2021-03-21T18:11:37.255+0100 [QUIET] [system.out] [18:11:37] [main/DEBUG] [ne.mi.fm.lo.LibraryFinder/CORE]: Found JAR manifest_jar at path C:\Users\troyvs\.gradle\caches\forge_gradle\minecraft_repo\versions\1.16.5\client-extra.jar
2021-03-21T18:11:37.538+0100 [QUIET] [system.out] [18:11:37] [main/DEBUG] [ne.mi.fm.lo.LibraryFinder/CORE]: Found JAR manifest_jar at path C:\Users\troyvs\.gradle\caches\modules-2\files-2.1\net.minecraftforge\accesstransformers\3.0.1\6d23c1b9cb0607fddc38d09730796f68db96f546\accesstransformers-3.0.1.jar
2021-03-21T18:11:37.546+0100 [QUIET] [system.out] [18:11:37] [main/DEBUG] [ne.mi.fm.lo.LibraryFinder/CORE]: Found JAR manifest_jar at path C:\Users\troyvs\.gradle\caches\modules-2\files-2.1\net.minecraftforge\eventbus\4.0.0\260e34800723e4c098c4e247cf2b900535e01b6d\eventbus-4.0.0.jar
2021-03-21T18:11:37.548+0100 [QUIET] [system.out] [18:11:37] [main/DEBUG] [ne.mi.fm.lo.LibraryFinder/CORE]: Found JAR manifest_jar at path C:\Users\troyvs\.gradle\caches\modules-2\files-2.1\net.minecraftforge\coremods\4.0.6\d6d761379c841e2610abebcbf70ed20b65f728f0\coremods-4.0.6.jar
2021-03-21T18:11:37.549+0100 [QUIET] [system.out] [18:11:37] [main/DEBUG] [ne.mi.fm.lo.LibraryFinder/CORE]: Found JAR manifest_jar at path C:\Users\troyvs\.gradle\caches\modules-2\files-2.1\net.minecraftforge\forgespi\3.2.0\c6ca4e4e4a0343701407c760e642537b613b543\forgespi-3.2.0.jar
2021-03-21T18:11:37.551+0100 [QUIET] [system.out] [18:11:37] [main/DEBUG] [ne.mi.fm.lo.LibraryFinder/CORE]: Found JAR manifest_jar at path C:\Users\troyvs\.gradle\caches\modules-2\files-2.1\cpw.mods\modlauncher\8.0.9\bb848f57758808692b9108df61c909c0a961ba81\modlauncher-8.0.9.jar
2021-03-21T18:11:37.552+0100 [QUIET] [system.out] [18:11:37] [main/DEBUG] [ne.mi.fm.lo.LibraryFinder/CORE]: Found JAR manifest_jar at path C:\Users\troyvs\.gradle\caches\modules-2\files-2.1\cpw.mods\modlauncher\8.0.9\476a62d2a2ebd3573134b8bcd8f0bc21bbdf29ac\modlauncher-8.0.9-api.jar
2021-03-21T18:11:37.553+0100 [QUIET] [system.out] [18:11:37] [main/DEBUG] [ne.mi.fm.lo.LibraryFinder/CORE]: Found JAR manifest_jar at path C:\Users\troyvs\.gradle\caches\modules-2\files-2.1\com.google.code.findbugs\jsr305\3.0.2\25ea2e8b0c338a877313bd4672d3fe056ea78f0d\jsr305-3.0.2.jar
2021-03-21T18:11:37.555+0100 [QUIET] [system.out] [18:11:37] [main/DEBUG] [ne.mi.fm.lo.LibraryFinder/CORE]: Found JAR manifest_jar at path C:\Users\troyvs\.gradle\caches\modules-2\files-2.1\net.minecraftforge\mergetool\1.0.9\d1e1ba354a40b5703340b5cb02fdca489cff3646\mergetool-1.0.9-api.jar
2021-03-21T18:11:37.555+0100 [QUIET] [system.out] [18:11:37] [main/DEBUG] [ne.mi.fm.lo.LibraryFinder/CORE]: Found JAR manifest_jar at path C:\Users\troyvs\.gradle\caches\modules-2\files-2.1\org.ow2.asm\asm-commons\9.0\5a34a3a9ac44f362f35d1b27932380b0031a3334\asm-commons-9.0.jar
2021-03-21T18:11:37.556+0100 [QUIET] [system.out] [18:11:37] [main/DEBUG] [ne.mi.fm.lo.LibraryFinder/CORE]: Found JAR manifest_jar at path C:\Users\troyvs\.gradle\caches\modules-2\files-2.1\org.ow2.asm\asm-util\9.0\7c059a94ab5eed3347bf954e27fab58e52968848\asm-util-9.0.jar
2021-03-21T18:11:37.560+0100 [QUIET] [system.out] [18:11:37] [main/DEBUG] [ne.mi.fm.lo.LibraryFinder/CORE]: Found JAR manifest_jar at path C:\Users\troyvs\.gradle\caches\modules-2\files-2.1\org.ow2.asm\asm-analysis\9.0\4630afefbb43939c739445dde0af1a5729a0fb4e\asm-analysis-9.0.jar
2021-03-21T18:11:37.560+0100 [QUIET] [system.out] [18:11:37] [main/DEBUG] [ne.mi.fm.lo.LibraryFinder/CORE]: Found JAR manifest_jar at path C:\Users\troyvs\.gradle\caches\modules-2\files-2.1\org.ow2.asm\asm-tree\9.0\9df939f25c556b0c7efe00701d47e77a49837f24\asm-tree-9.0.jar
2021-03-21T18:11:37.563+0100 [QUIET] [system.out] [18:11:37] [main/DEBUG] [ne.mi.fm.lo.LibraryFinder/CORE]: Found JAR manifest_jar at path C:\Users\troyvs\.gradle\caches\modules-2\files-2.1\org.ow2.asm\asm\9.0\af582ff60bc567c42d931500c3fdc20e0141ddf9\asm-9.0.jar
2021-03-21T18:11:37.568+0100 [QUIET] [system.out] [18:11:37] [main/DEBUG] [ne.mi.fm.lo.LibraryFinder/CORE]: Found JAR manifest_jar at path C:\Users\troyvs\.gradle\caches\modules-2\files-2.1\cpw.mods\grossjava9hacks\1.3.0\1a922de964d0c19d864fbcba2678c1a1c4602c35\grossjava9hacks-1.3.0.jar
2021-03-21T18:11:37.568+0100 [QUIET] [system.out] [18:11:37] [main/DEBUG] [ne.mi.fm.lo.LibraryFinder/CORE]: Found JAR manifest_jar at path C:\Users\troyvs\.gradle\caches\modules-2\files-2.1\org.antlr\antlr4-runtime\4.9.1\428664f05d2b7f7b7610204b5aa7c1763f62011a\antlr4-runtime-4.9.1.jar
2021-03-21T18:11:37.568+0100 [QUIET] [system.out] [18:11:37] [main/DEBUG] [ne.mi.fm.lo.LibraryFinder/CORE]: Found JAR manifest_jar at path C:\Users\troyvs\.gradle\caches\modules-2\files-2.1\net.minecraftforge\unsafe\0.2.0\54d7a0a5e8fdb71b973025caa46f341ae5904f39\unsafe-0.2.0.jar
2021-03-21T18:11:37.570+0100 [QUIET] [system.out] [18:11:37] [main/DEBUG] [ne.mi.fm.lo.LibraryFinder/CORE]: Found JAR manifest_jar at path C:\Users\troyvs\.gradle\caches\modules-2\files-2.1\com.electronwill.night-config\toml\3.6.3\2b05b4d606c517da4d1a7b6d2b97d751c92887d7\toml-3.6.3.jar
2021-03-21T18:11:37.571+0100 [QUIET] [system.out] [18:11:37] [main/DEBUG] [ne.mi.fm.lo.LibraryFinder/CORE]: Found JAR manifest_jar at path C:\Users\troyvs\.gradle\caches\modules-2\files-2.1\com.electronwill.night-config\core\3.6.3\c601bfeaeb2c0abe7aaa901b0bbe6d1beff49281\core-3.6.3.jar
2021-03-21T18:11:37.572+0100 [QUIET] [system.out] [18:11:37] [main/DEBUG] [ne.mi.fm.lo.LibraryFinder/CORE]: Found JAR manifest_jar at path C:\Users\troyvs\.gradle\caches\modules-2\files-2.1\org.jline\jline\3.12.1\de2bd909cb9f8eaa741bd03df4a1bd3f6eb593c7\jline-3.12.1.jar
2021-03-21T18:11:37.574+0100 [QUIET] [system.out] [18:11:37] [main/DEBUG] [ne.mi.fm.lo.LibraryFinder/CORE]: Found JAR manifest_jar at path C:\Users\troyvs\.gradle\caches\modules-2\files-2.1\org.apache.maven\maven-artifact\3.6.3\f8ff8032903882376e8d000c51e3e16d20fc7df7\maven-artifact-3.6.3.jar
2021-03-21T18:11:37.574+0100 [QUIET] [system.out] [18:11:37] [main/DEBUG] [ne.mi.fm.lo.LibraryFinder/CORE]: Found JAR manifest_jar at path C:\Users\troyvs\.gradle\caches\modules-2\files-2.1\net.jodah\typetools\0.8.3\98f84f353457629e81cc6827224871b1a8faa7af\typetools-0.8.3.jar
2021-03-21T18:11:37.578+0100 [QUIET] [system.out] [18:11:37] [main/DEBUG] [ne.mi.fm.lo.LibraryFinder/CORE]: Found JAR manifest_jar at path C:\Users\troyvs\.gradle\caches\modules-2\files-2.1\net.minecrell\terminalconsoleappender\1.2.0\96d02cd3b384ff015a8fef4223bcb4ccf1717c95\terminalconsoleappender-1.2.0.jar
2021-03-21T18:11:37.580+0100 [QUIET] [system.out] [18:11:37] [main/DEBUG] [ne.mi.fm.lo.LibraryFinder/CORE]: Found JAR manifest_jar at path C:\Users\troyvs\.gradle\caches\modules-2\files-2.1\org.apache.logging.log4j\log4j-core\2.11.2\6c2fb3f5b7cd27504726aef1b674b542a0c9cf53\log4j-core-2.11.2.jar
2021-03-21T18:11:37.582+0100 [QUIET] [system.out] [18:11:37] [main/DEBUG] [ne.mi.fm.lo.LibraryFinder/CORE]: Found JAR manifest_jar at path C:\Users\troyvs\.gradle\caches\modules-2\files-2.1\org.apache.logging.log4j\log4j-api\2.11.2\f5e9a2ffca496057d6891a3de65128efc636e26e\log4j-api-2.11.2.jar
2021-03-21T18:11:37.584+0100 [QUIET] [system.out] [18:11:37] [main/DEBUG] [ne.mi.fm.lo.LibraryFinder/CORE]: Found JAR manifest_jar at path C:\Users\troyvs\.gradle\caches\modules-2\files-2.1\net.sf.jopt-simple\jopt-simple\5.0.4\4fdac2fbe92dfad86aa6e9301736f6b4342a3f5c\jopt-simple-5.0.4.jar
2021-03-21T18:11:37.584+0100 [QUIET] [system.out] [18:11:37] [main/DEBUG] [ne.mi.fm.lo.LibraryFinder/CORE]: Found JAR manifest_jar at path C:\Users\troyvs\.gradle\caches\modules-2\files-2.1\org.spongepowered\mixin\0.8.2\1cf212283d26f706fd3074318870bebd14d2a9ed\mixin-0.8.2.jar
2021-03-21T18:11:37.604+0100 [QUIET] [system.out] [18:11:37] [main/DEBUG] [ne.mi.fm.lo.LibraryFinder/CORE]: Found JAR manifest_jar at path C:\Users\troyvs\.gradle\caches\modules-2\files-2.1\net.minecraftforge\nashorn-core-compat\15.1.1.1\1817deb38a5a8811148dca0d23161d92bdbd6184\nashorn-core-compat-15.1.1.1.jar
2021-03-21T18:11:37.605+0100 [QUIET] [system.out] [18:11:37] [main/DEBUG] [ne.mi.fm.lo.LibraryFinder/CORE]: Found JAR manifest_jar at path C:\Users\troyvs\.gradle\caches\modules-2\files-2.1\com.mojang\patchy\1.1\aef610b34a1be37fa851825f12372b78424d8903\patchy-1.1.jar
2021-03-21T18:11:37.606+0100 [QUIET] [system.out] [18:11:37] [main/DEBUG] [ne.mi.fm.lo.LibraryFinder/CORE]: Found JAR manifest_jar at path C:\Users\troyvs\.gradle\caches\modules-2\files-2.1\oshi-project\oshi-core\1.1\9ddf7b048a8d701be231c0f4f95fd986198fd2d8\oshi-core-1.1.jar
2021-03-21T18:11:37.611+0100 [QUIET] [system.out] [18:11:37] [main/DEBUG] [ne.mi.fm.lo.LibraryFinder/CORE]: Found JAR manifest_jar at path C:\Users\troyvs\.gradle\caches\modules-2\files-2.1\net.java.dev.jna\jna\4.4.0\cb208278274bf12ebdb56c61bd7407e6f774d65a\jna-4.4.0.jar
2021-03-21T18:11:37.611+0100 [QUIET] [system.out] [18:11:37] [main/DEBUG] [ne.mi.fm.lo.LibraryFinder/CORE]: Found JAR manifest_jar at path C:\Users\troyvs\.gradle\caches\modules-2\files-2.1\net.java.dev.jna\platform\3.4.0\e3f70017be8100d3d6923f50b3d2ee17714e9c13\platform-3.4.0.jar
2021-03-21T18:11:37.612+0100 [QUIET] [system.out] [18:11:37] [main/DEBUG] [ne.mi.fm.lo.LibraryFinder/CORE]: Found JAR manifest_jar at path C:\Users\troyvs\.gradle\caches\modules-2\files-2.1\com.ibm.icu\icu4j\66.1\72c7519b6d91f7a1f993bd44a99fe95d67211b27\icu4j-66.1.jar
2021-03-21T18:11:37.612+0100 [QUIET] [system.out] [18:11:37] [main/DEBUG] [ne.mi.fm.lo.LibraryFinder/CORE]: Found JAR manifest_jar at path C:\Users\troyvs\.gradle\caches\modules-2\files-2.1\com.mojang\javabridge\1.0.22\6aa6453aa99a52a5cd91749da1af6ab70e082ab3\javabridge-1.0.22.jar
2021-03-21T18:11:37.613+0100 [QUIET] [system.out] [18:11:37] [main/DEBUG] [ne.mi.fm.lo.LibraryFinder/CORE]: Found JAR manifest_jar at path C:\Users\troyvs\.gradle\caches\modules-2\files-2.1\io.netty\netty-all\4.1.25.Final\d0626cd3108294d1d58c05859add27b4ef21f83b\netty-all-4.1.25.Final.jar
2021-03-21T18:11:37.613+0100 [QUIET] [system.out] [18:11:37] [main/DEBUG] [ne.mi.fm.lo.LibraryFinder/CORE]: Found JAR manifest_jar at path C:\Users\troyvs\.gradle\caches\modules-2\files-2.1\com.google.guava\guava\21.0\3a3d111be1be1b745edfa7d91678a12d7ed38709\guava-21.0.jar
2021-03-21T18:11:37.613+0100 [QUIET] [system.out] [18:11:37] [main/DEBUG] [ne.mi.fm.lo.LibraryFinder/CORE]: Found JAR manifest_jar at path C:\Users\troyvs\.gradle\caches\modules-2\files-2.1\org.apache.commons\commons-lang3\3.8.1\6505a72a097d9270f7a9e7bf42c4238283247755\commons-lang3-3.8.1.jar
2021-03-21T18:11:37.617+0100 [QUIET] [system.out] [18:11:37] [main/DEBUG] [ne.mi.fm.lo.LibraryFinder/CORE]: Found JAR manifest_jar at path C:\Users\troyvs\.gradle\caches\modules-2\files-2.1\commons-io\commons-io\2.5\2852e6e05fbb95076fc091f6d1780f1f8fe35e0f\commons-io-2.5.jar
2021-03-21T18:11:37.620+0100 [QUIET] [system.out] [18:11:37] [main/DEBUG] [ne.mi.fm.lo.LibraryFinder/CORE]: Found JAR manifest_jar at path C:\Users\troyvs\.gradle\caches\modules-2\files-2.1\org.apache.httpcomponents\httpclient\4.3.3\18f4247ff4572a074444572cee34647c43e7c9c7\httpclient-4.3.3.jar
2021-03-21T18:11:37.630+0100 [QUIET] [system.out] [18:11:37] [main/DEBUG] [ne.mi.fm.lo.LibraryFinder/CORE]: Found JAR manifest_jar at path C:\Users\troyvs\.gradle\caches\modules-2\files-2.1\commons-codec\commons-codec\1.10\4b95f4897fa13f2cd904aee711aeafc0c5295cd8\commons-codec-1.10.jar
2021-03-21T18:11:37.633+0100 [QUIET] [system.out] [18:11:37] [main/DEBUG] [ne.mi.fm.lo.LibraryFinder/CORE]: Found JAR manifest_jar at path C:\Users\troyvs\.gradle\caches\modules-2\files-2.1\net.java.jinput\jinput\2.0.5\39c7796b469a600f72380316f6b1f11db6c2c7c4\jinput-2.0.5.jar
2021-03-21T18:11:37.638+0100 [QUIET] [system.out] [18:11:37] [main/DEBUG] [ne.mi.fm.lo.LibraryFinder/CORE]: Found JAR manifest_jar at path C:\Users\troyvs\.gradle\caches\modules-2\files-2.1\net.java.jutils\jutils\1.0.0\e12fe1fda814bd348c1579329c86943d2cd3c6a6\jutils-1.0.0.jar
2021-03-21T18:11:37.638+0100 [QUIET] [system.out] [18:11:37] [main/DEBUG] [ne.mi.fm.lo.LibraryFinder/CORE]: Found JAR manifest_jar at path C:\Users\troyvs\.gradle\caches\modules-2\files-2.1\com.mojang\brigadier\1.0.17\c6b7dc51dd44379cc751b7504816006e9be4b1e6\brigadier-1.0.17.jar
2021-03-21T18:11:37.638+0100 [QUIET] [system.out] [18:11:37] [main/DEBUG] [ne.mi.fm.lo.LibraryFinder/CORE]: Found JAR manifest_jar at path C:\Users\troyvs\.gradle\caches\modules-2\files-2.1\com.mojang\datafixerupper\4.0.26\ebd6690f33871ccee9b6132c6480668ee2e35020\datafixerupper-4.0.26.jar
2021-03-21T18:11:37.639+0100 [QUIET] [system.out] [18:11:37] [main/DEBUG] [ne.mi.fm.lo.LibraryFinder/CORE]: Found JAR manifest_jar at path C:\Users\troyvs\.gradle\caches\modules-2\files-2.1\com.google.code.gson\gson\2.8.0\c4ba5371a29ac9b2ad6129b1d39ea38750043eff\gson-2.8.0.jar
2021-03-21T18:11:37.639+0100 [QUIET] [system.out] [18:11:37] [main/DEBUG] [ne.mi.fm.lo.LibraryFinder/CORE]: Found JAR manifest_jar at path C:\Users\troyvs\.gradle\caches\modules-2\files-2.1\com.mojang\authlib\2.1.28\ad54da276bf59983d02d5ed16fc14541354c71fd\authlib-2.1.28.jar
2021-03-21T18:11:37.640+0100 [QUIET] [system.out] [18:11:37] [main/DEBUG] [ne.mi.fm.lo.LibraryFinder/CORE]: Found JAR manifest_jar at path C:\Users\troyvs\.gradle\caches\modules-2\files-2.1\org.apache.commons\commons-compress\1.8.1\a698750c16740fd5b3871425f4cb3bbaa87f529d\commons-compress-1.8.1.jar
2021-03-21T18:11:37.646+0100 [QUIET] [system.out] [18:11:37] [main/DEBUG] [ne.mi.fm.lo.LibraryFinder/CORE]: Found JAR manifest_jar at path C:\Users\troyvs\.gradle\caches\modules-2\files-2.1\commons-logging\commons-logging\1.1.3\f6f66e966c70a83ffbdb6f17a0919eaf7c8aca7f\commons-logging-1.1.3.jar
2021-03-21T18:11:37.646+0100 [QUIET] [system.out] [18:11:37] [main/DEBUG] [ne.mi.fm.lo.LibraryFinder/CORE]: Found JAR manifest_jar at path C:\Users\troyvs\.gradle\caches\modules-2\files-2.1\org.apache.httpcomponents\httpcore\4.3.2\31fbbff1ddbf98f3aa7377c94d33b0447c646b6e\httpcore-4.3.2.jar
2021-03-21T18:11:37.648+0100 [QUIET] [system.out] [18:11:37] [main/DEBUG] [ne.mi.fm.lo.LibraryFinder/CORE]: Found JAR manifest_jar at path C:\Users\troyvs\.gradle\caches\modules-2\files-2.1\it.unimi.dsi\fastutil\8.2.1\5ad88f325e424f8dbc2be5459e21ea5cab3864e9\fastutil-8.2.1.jar
2021-03-21T18:11:37.653+0100 [QUIET] [system.out] [18:11:37] [main/DEBUG] [ne.mi.fm.lo.LibraryFinder/CORE]: Found JAR manifest_jar at path C:\Users\troyvs\.gradle\caches\modules-2\files-2.1\org.lwjgl\lwjgl-jemalloc\3.2.2\ee8e57a79300f78294576d87c4a587f8c99402e2\lwjgl-jemalloc-3.2.2.jar
2021-03-21T18:11:37.655+0100 [QUIET] [system.out] [18:11:37] [main/DEBUG] [ne.mi.fm.lo.LibraryFinder/CORE]: Found JAR manifest_jar at path C:\Users\troyvs\.gradle\caches\modules-2\files-2.1\org.lwjgl\lwjgl-jemalloc\3.2.2\338b25b99da3ba5f441f6492f2ce2a9c608860ed\lwjgl-jemalloc-3.2.2-natives-windows.jar
2021-03-21T18:11:37.656+0100 [QUIET] [system.out] [18:11:37] [main/DEBUG] [ne.mi.fm.lo.LibraryFinder/CORE]: Found JAR manifest_jar at path C:\Users\troyvs\.gradle\caches\modules-2\files-2.1\org.lwjgl\lwjgl-openal\3.2.2\2b772a102b0a11ee5f2109a5b136f4dc7c630827\lwjgl-openal-3.2.2.jar
2021-03-21T18:11:37.657+0100 [QUIET] [system.out] [18:11:37] [main/DEBUG] [ne.mi.fm.lo.LibraryFinder/CORE]: Found JAR manifest_jar at path C:\Users\troyvs\.gradle\caches\modules-2\files-2.1\org.lwjgl\lwjgl-openal\3.2.2\ec20a7d42a2438528fca87e60b1705f1e2339ddb\lwjgl-openal-3.2.2-natives-windows.jar
2021-03-21T18:11:37.658+0100 [QUIET] [system.out] [18:11:37] [main/DEBUG] [ne.mi.fm.lo.LibraryFinder/CORE]: Found JAR manifest_jar at path C:\Users\troyvs\.gradle\caches\modules-2\files-2.1\org.lwjgl\lwjgl-opengl\3.2.2\6ac5bb88b44c43ea195a570aab059f63da004cd8\lwjgl-opengl-3.2.2.jar
2021-03-21T18:11:37.661+0100 [QUIET] [system.out] [18:11:37] [main/DEBUG] [ne.mi.fm.lo.LibraryFinder/CORE]: Found JAR manifest_jar at path C:\Users\troyvs\.gradle\caches\modules-2\files-2.1\org.lwjgl\lwjgl-opengl\3.2.2\d8dcdc91066cae2d2d8279cb4a9f9f05d9525826\lwjgl-opengl-3.2.2-natives-windows.jar
2021-03-21T18:11:37.664+0100 [QUIET] [system.out] [18:11:37] [main/DEBUG] [ne.mi.fm.lo.LibraryFinder/CORE]: Found JAR manifest_jar at path C:\Users\troyvs\.gradle\caches\modules-2\files-2.1\org.lwjgl\lwjgl-glfw\3.2.2\d3ad4df38e400b8afba1de63f84338809399df5b\lwjgl-glfw-3.2.2.jar
2021-03-21T18:11:37.665+0100 [QUIET] [system.out] [18:11:37] [main/DEBUG] [ne.mi.fm.lo.LibraryFinder/CORE]: Found JAR manifest_jar at path C:\Users\troyvs\.gradle\caches\modules-2\files-2.1\org.lwjgl\lwjgl-glfw\3.2.2\dc6826d636bf796b33a49038c354210e661bfc17\lwjgl-glfw-3.2.2-natives-windows.jar
2021-03-21T18:11:37.666+0100 [QUIET] [system.out] [18:11:37] [main/DEBUG] [ne.mi.fm.lo.LibraryFinder/CORE]: Found JAR manifest_jar at path C:\Users\troyvs\.gradle\caches\modules-2\files-2.1\org.lwjgl\lwjgl-stb\3.2.2\3b8e6ebc5851dd3d17e37e5cadce2eff2a429f0f\lwjgl-stb-3.2.2.jar
2021-03-21T18:11:37.668+0100 [QUIET] [system.out] [18:11:37] [main/DEBUG] [ne.mi.fm.lo.LibraryFinder/CORE]: Found JAR manifest_jar at path C:\Users\troyvs\.gradle\caches\modules-2\files-2.1\org.lwjgl\lwjgl-stb\3.2.2\811f705cbb29e8ae8d60bdf8fdd38c0c123ad3ef\lwjgl-stb-3.2.2-natives-windows.jar
2021-03-21T18:11:37.672+0100 [QUIET] [system.out] [18:11:37] [main/DEBUG] [ne.mi.fm.lo.LibraryFinder/CORE]: Found JAR manifest_jar at path C:\Users\troyvs\.gradle\caches\modules-2\files-2.1\org.lwjgl\lwjgl-tinyfd\3.2.2\fcbe606c8f8da6f8f9a05e2c540eb1ee8632b0e9\lwjgl-tinyfd-3.2.2.jar
2021-03-21T18:11:37.672+0100 [QUIET] [system.out] [18:11:37] [main/DEBUG] [ne.mi.fm.lo.LibraryFinder/CORE]: Found JAR manifest_jar at path C:\Users\troyvs\.gradle\caches\modules-2\files-2.1\org.lwjgl\lwjgl-tinyfd\3.2.2\e9115958773644e863332a6a06488d26f9e1fc9f\lwjgl-tinyfd-3.2.2-natives-windows.jar
2021-03-21T18:11:37.673+0100 [QUIET] [system.out] [18:11:37] [main/DEBUG] [ne.mi.fm.lo.LibraryFinder/CORE]: Found JAR manifest_jar at path C:\Users\troyvs\.gradle\caches\modules-2\files-2.1\org.lwjgl\lwjgl\3.2.2\8ad6294407e15780b43e84929c40e4c5e997972e\lwjgl-3.2.2.jar
2021-03-21T18:11:37.673+0100 [QUIET] [system.out] [18:11:37] [main/DEBUG] [ne.mi.fm.lo.LibraryFinder/CORE]: Found JAR manifest_jar at path C:\Users\troyvs\.gradle\caches\modules-2\files-2.1\org.lwjgl\lwjgl\3.2.2\5359f3aa50d36352815fc662ea73e1c00d22170\lwjgl-3.2.2-natives-windows.jar
2021-03-21T18:11:37.674+0100 [QUIET] [system.out] [18:11:37] [main/DEBUG] [ne.mi.fm.lo.LibraryFinder/CORE]: Found JAR manifest_jar at path C:\Users\troyvs\.gradle\caches\modules-2\files-2.1\com.mojang\text2speech\1.11.3\f378f889797edd7df8d32272c06ca80a1b6b0f58\text2speech-1.11.3.jar
2021-03-21T18:11:37.676+0100 [QUIET] [system.out] [18:11:37] [main/DEBUG] [ne.mi.fm.lo.LibraryFinder/CORE]: Found JAR manifest_jar at path C:\Users\troyvs\.gradle\caches\modules-2\files-2.1\com.mojang\text2speech\1.11.3\c0b242c0091be5acbf303263c7eeeaedd70544c7\text2speech-1.11.3-natives-windows.jar
2021-03-21T18:11:37.685+0100 [QUIET] [system.out] [18:11:37] [main/DEBUG] [ne.mi.fm.lo.LibraryFinder/CORE]: Found JAR manifest_jar at path C:\Users\troyvs\.gradle\caches\modules-2\files-2.1\org.codehaus.plexus\plexus-utils\3.2.1\13b015768e0d04849d2794e4c47eb02d01a0de32\plexus-utils-3.2.1.jar
2021-03-21T18:11:37.685+0100 [QUIET] [system.out] [18:11:37] [main/DEBUG] [ne.mi.fm.lo.LibraryFinder/CORE]: Found JAR manifest_jar at path C:\Users\troyvs\.gradle\caches\modules-2\files-2.1\org.jline\jline-reader\3.12.1\4382ab1382c7b6f379377ed5f665dc2f6e1218bc\jline-reader-3.12.1.jar
2021-03-21T18:11:37.685+0100 [QUIET] [system.out] [18:11:37] [main/DEBUG] [ne.mi.fm.lo.LibraryFinder/CORE]: Found JAR manifest_jar at path C:\Users\troyvs\.gradle\caches\modules-2\files-2.1\org.jline\jline-terminal\3.12.1\c777448314e050d980a6b697c140f3bfe9eb7416\jline-terminal-3.12.1.jar
2021-03-21T18:11:37.698+0100 [QUIET] [system.out] [18:11:37] [main/DEBUG] [ne.mi.fm.lo.mo.ModListHandler/CORE]: Found mod coordinates from lists: []
2021-03-21T18:11:37.880+0100 [QUIET] [system.out] [18:11:37] [main/DEBUG] [ne.mi.fm.lo.mo.ModDiscoverer/CORE]: Found Mod Locators : (userdev classpath:null),(mods folder:null),(maven libs:null),(exploded directory:null),(minecraft:null)
2021-03-21T18:11:38.009+0100 [QUIET] [system.out] [18:11:38] [main/DEBUG] [ne.mi.fm.lo.mo.ExplodedDirectoryLocator/LOADING]: Found exploded directory mod manifest at D:\troy\Downloads\forge-1.16.5-36.1.0-mdk\build\resources\main\META-INF\mods.toml
2021-03-21T18:11:38.018+0100 [QUIET] [system.out] [18:11:38] [main/DEBUG] [ne.mi.fm.lo.mo.ModFileParser/LOADING]: Considering mod file candidate C:\Users\troyvs\.gradle\caches\forge_gradle\minecraft_user_repo\net\minecraftforge\forge\1.16.5-36.1.0_mapped_official_1.16.5\forge-1.16.5-36.1.0_mapped_official_1.16.5.jar
2021-03-21T18:11:38.232+0100 [QUIET] [system.out] [18:11:38] [main/DEBUG] [ne.mi.fm.lo.mo.ModFileInfo/LOADING]: Found valid mod file forge-1.16.5-36.1.0_mapped_official_1.16.5.jar with {forge} mods - versions {36.1.0}
2021-03-21T18:11:38.240+0100 [QUIET] [system.out] [18:11:38] [main/DEBUG] [ne.mi.fm.lo.mo.ModFile/LOADING]: Loading mod file C:\Users\troyvs\.gradle\caches\forge_gradle\minecraft_user_repo\net\minecraftforge\forge\1.16.5-36.1.0_mapped_official_1.16.5\forge-1.16.5-36.1.0_mapped_official_1.16.5.jar with language javafml
2021-03-21T18:11:38.434+0100 [QUIET] [system.out] [18:11:38] [main/DEBUG] [ne.mi.fm.lo.mo.ModFileParser/LOADING]: Found coremod fieldtomethodtransformers with Javascript path META-INF/fieldtomethodtransformers.js
2021-03-21T18:11:38.435+0100 [QUIET] [system.out] [18:11:38] [main/DEBUG] [ne.mi.fm.lo.mo.ModFileParser/LOADING]: Found coremod field_to_instanceof with Javascript path coremods/field_to_instanceof.js
2021-03-21T18:11:38.435+0100 [QUIET] [system.out] [18:11:38] [main/DEBUG] [ne.mi.fm.lo.mo.ModFileParser/LOADING]: Found coremod add_bouncer_method with Javascript path coremods/add_bouncer_method.js
2021-03-21T18:11:38.438+0100 [QUIET] [system.out] [18:11:38] [main/DEBUG] [ne.mi.fm.lo.mo.ModFile/LOADING]: Found coremod META-INF/fieldtomethodtransformers.js
2021-03-21T18:11:38.439+0100 [QUIET] [system.out] [18:11:38] [main/DEBUG] [ne.mi.fm.lo.mo.ModFile/LOADING]: Found coremod coremods/field_to_instanceof.js
2021-03-21T18:11:38.439+0100 [QUIET] [system.out] [18:11:38] [main/DEBUG] [ne.mi.fm.lo.mo.ModFile/LOADING]: Found coremod coremods/add_bouncer_method.js
2021-03-21T18:11:38.439+0100 [QUIET] [system.out] [18:11:38] [main/DEBUG] [ne.mi.fm.lo.mo.ModFileParser/LOADING]: Considering mod file candidate D:\troy\Downloads\forge-1.16.5-36.1.0-mdk\build\resources\main
2021-03-21T18:11:38.470+0100 [QUIET] [system.out] [18:11:38] [main/DEBUG] [ne.mi.fm.lo.mo.ModFileInfo/LOADING]: Found valid mod file main with {testmod} mods - versions {NONE}
2021-03-21T18:11:38.470+0100 [QUIET] [system.out] [18:11:38] [main/DEBUG] [ne.mi.fm.lo.mo.ModFile/LOADING]: Loading mod file D:\troy\Downloads\forge-1.16.5-36.1.0-mdk\build\resources\main with language javafml
2021-03-21T18:11:38.474+0100 [QUIET] [system.out] [18:11:38] [main/DEBUG] [ne.mi.fm.lo.mo.ModFileParser/LOADING]: Considering mod file candidate C:\Users\troyvs\.gradle\caches\forge_gradle\minecraft_repo\versions\1.16.5\client-extra.jar
2021-03-21T18:11:38.483+0100 [QUIET] [system.out] [18:11:38] [main/DEBUG] [ne.mi.fm.lo.mo.ModFileInfo/LOADING]: Found valid mod file client-extra.jar with {minecraft} mods - versions {1.16.5}
2021-03-21T18:11:38.637+0100 [QUIET] [system.out] [18:11:38] [main/DEBUG] [ne.mi.fm.lo.mo.ModFile/LOADING]: Loading mod file C:\Users\troyvs\.gradle\caches\forge_gradle\minecraft_repo\versions\1.16.5\client-extra.jar with language minecraft
2021-03-21T18:11:38.658+0100 [QUIET] [system.out] [18:11:38] [main/DEBUG] [ne.mi.fm.lo.ModSorter/LOADING]: Found 2 mandatory requirements
2021-03-21T18:11:38.662+0100 [QUIET] [system.out] [18:11:38] [main/DEBUG] [ne.mi.fm.lo.ModSorter/LOADING]: Found 0 mandatory mod requirements missing
2021-03-21T18:11:39.687+0100 [QUIET] [system.out] [18:11:39] [main/DEBUG] [ne.mi.us.MCPNamingService/CORE]: Loaded 23212 method mappings from methods.csv
2021-03-21T18:11:39.748+0100 [QUIET] [system.out] [18:11:39] [main/DEBUG] [ne.mi.us.MCPNamingService/CORE]: Loaded 19841 field mappings from fields.csv
2021-03-21T18:11:39.787+0100 [QUIET] [system.out] [18:11:39] [main/DEBUG] [cp.mo.mo.TransformationServiceDecorator/MODLAUNCHER]: End scan trigger - transformation service fml
2021-03-21T18:11:39.788+0100 [QUIET] [system.out] [18:11:39] [main/DEBUG] [cp.mo.mo.TransformationServicesHandler/MODLAUNCHER]: Transformation services loading transformers
2021-03-21T18:11:39.790+0100 [QUIET] [system.out] [18:11:39] [main/DEBUG] [cp.mo.mo.TransformationServiceDecorator/MODLAUNCHER]: Initializing transformers for transformation service mixin
2021-03-21T18:11:39.791+0100 [QUIET] [system.out] [18:11:39] [main/DEBUG] [cp.mo.mo.TransformationServiceDecorator/MODLAUNCHER]: Initialized transformers for transformation service mixin
2021-03-21T18:11:39.792+0100 [QUIET] [system.out] [18:11:39] [main/DEBUG] [cp.mo.mo.TransformationServiceDecorator/MODLAUNCHER]: Initializing transformers for transformation service fml
2021-03-21T18:11:39.792+0100 [QUIET] [system.out] [18:11:39] [main/DEBUG] [ne.mi.fm.lo.FMLServiceProvider/CORE]: Loading coremod transformers
2021-03-21T18:11:39.793+0100 [QUIET] [system.out] [18:11:39] [main/DEBUG] [ne.mi.co.CoreModEngine/COREMOD]: Loading CoreMod from META-INF/fieldtomethodtransformers.js
2021-03-21T18:11:40.222+0100 [QUIET] [system.out] [18:11:40] [main/DEBUG] [ne.mi.co.CoreModEngine/COREMOD]: CoreMod loaded successfully
2021-03-21T18:11:40.222+0100 [QUIET] [system.out] [18:11:40] [main/DEBUG] [ne.mi.co.CoreModEngine/COREMOD]: Loading CoreMod from coremods/field_to_instanceof.js
2021-03-21T18:11:41.055+0100 [QUIET] [system.out] [18:11:41] [main/DEBUG] [ne.mi.co.CoreModEngine/COREMOD]: CoreMod loaded successfully
2021-03-21T18:11:41.055+0100 [QUIET] [system.out] [18:11:41] [main/DEBUG] [ne.mi.co.CoreModEngine/COREMOD]: Loading CoreMod from coremods/add_bouncer_method.js
2021-03-21T18:11:41.135+0100 [QUIET] [system.out] [18:11:41] [main/DEBUG] [ne.mi.co.CoreModEngine/COREMOD]: CoreMod loaded successfully
2021-03-21T18:11:41.157+0100 [QUIET] [system.out] [18:11:41] [main/DEBUG] [cp.mo.mo.TransformStore/MODLAUNCHER]: Adding transformer net.minecraftforge.coremod.transformer.CoreModClassTransformer@4cbd03e7 to Target : CLASS {Lnet/minecraft/potion/EffectInstance;} {} {V}
2021-03-21T18:11:41.160+0100 [QUIET] [system.out] [18:11:41] [main/DEBUG] [cp.mo.mo.TransformStore/MODLAUNCHER]: Adding transformer net.minecraftforge.coremod.transformer.CoreModClassTransformer@66596a88 to Target : CLASS {Lnet/minecraft/block/FlowingFluidBlock;} {} {V}
2021-03-21T18:11:41.160+0100 [QUIET] [system.out] [18:11:41] [main/DEBUG] [cp.mo.mo.TransformStore/MODLAUNCHER]: Adding transformer net.minecraftforge.coremod.transformer.CoreModClassTransformer@5aae8eb5 to Target : CLASS {Lnet/minecraft/item/BucketItem;} {} {V}
2021-03-21T18:11:41.161+0100 [QUIET] [system.out] [18:11:41] [main/DEBUG] [cp.mo.mo.TransformStore/MODLAUNCHER]: Adding transformer net.minecraftforge.coremod.transformer.CoreModClassTransformer@76954a33 to Target : CLASS {Lnet/minecraft/block/StairsBlock;} {} {V}
2021-03-21T18:11:41.161+0100 [QUIET] [system.out] [18:11:41] [main/DEBUG] [cp.mo.mo.TransformStore/MODLAUNCHER]: Adding transformer net.minecraftforge.coremod.transformer.CoreModClassTransformer@24a298a6 to Target : CLASS {Lnet/minecraft/block/FlowerPotBlock;} {} {V}
2021-03-21T18:11:41.161+0100 [QUIET] [system.out] [18:11:41] [main/DEBUG] [cp.mo.mo.TransformStore/MODLAUNCHER]: Adding transformer net.minecraftforge.coremod.transformer.CoreModClassTransformer@982bb90 to Target : CLASS {Lnet/minecraft/item/FishBucketItem;} {} {V}
2021-03-21T18:11:41.161+0100 [QUIET] [system.out] [18:11:41] [main/DEBUG] [cp.mo.mo.TransformStore/MODLAUNCHER]: Adding transformer net.minecraftforge.coremod.transformer.CoreModClassTransformer@27f74733 to Target : CLASS {Lnet/minecraft/item/ItemStack;} {} {V}
2021-03-21T18:11:41.161+0100 [QUIET] [system.out] [18:11:41] [main/DEBUG] [cp.mo.mo.TransformStore/MODLAUNCHER]: Adding transformer net.minecraftforge.coremod.transformer.CoreModClassTransformer@7bef452c to Target : CLASS {Lnet/minecraft/network/play/client/CClientSettingsPacket;} {} {V}
2021-03-21T18:11:41.161+0100 [QUIET] [system.out] [18:11:41] [main/DEBUG] [cp.mo.mo.TransformStore/MODLAUNCHER]: Adding transformer net.minecraftforge.coremod.transformer.CoreModMethodTransformer@57fae983 to Target : METHOD {Lnet/minecraft/client/entity/player/AbstractClientPlayerEntity;} {getFieldOfViewModifier} {()F}
2021-03-21T18:11:41.161+0100 [QUIET] [system.out] [18:11:41] [main/DEBUG] [cp.mo.mo.TransformStore/MODLAUNCHER]: Adding transformer net.minecraftforge.coremod.transformer.CoreModMethodTransformer@4a29f290 to Target : METHOD {Lnet/minecraft/client/renderer/FirstPersonRenderer;} {renderHandsWithItems} {(FLcom/mojang/blaze3d/matrix/MatrixStack;Lnet/minecraft/client/renderer/IRenderTypeBuffer$Impl;Lnet/minecraft/client/entity/player/ClientPlayerEntity;I)V}
2021-03-21T18:11:41.161+0100 [QUIET] [system.out] [18:11:41] [main/DEBUG] [cp.mo.mo.TransformStore/MODLAUNCHER]: Adding transformer net.minecraftforge.coremod.transformer.CoreModMethodTransformer@4bee18dc to Target : METHOD {Lnet/minecraft/client/renderer/entity/model/SkeletonModel;} {prepareMobModel} {(Lnet/minecraft/entity/MobEntity;FFF)V}
2021-03-21T18:11:41.162+0100 [QUIET] [system.out] [18:11:41] [main/DEBUG] [cp.mo.mo.TransformStore/MODLAUNCHER]: Adding transformer net.minecraftforge.coremod.transformer.CoreModMethodTransformer@44f3fe83 to Target : METHOD {Lnet/minecraft/client/renderer/entity/model/SkeletonModel;} {setupAnim} {(Lnet/minecraft/entity/MobEntity;FFFFF)V}
2021-03-21T18:11:41.162+0100 [QUIET] [system.out] [18:11:41] [main/DEBUG] [cp.mo.mo.TransformStore/MODLAUNCHER]: Adding transformer net.minecraftforge.coremod.transformer.CoreModMethodTransformer@44c5a16f to Target : METHOD {Lnet/minecraft/entity/monster/AbstractSkeletonEntity;} {canFireProjectileWeapon} {(Lnet/minecraft/item/ShootableItem;)Z}
2021-03-21T18:11:41.162+0100 [QUIET] [system.out] [18:11:41] [main/DEBUG] [cp.mo.mo.TransformStore/MODLAUNCHER]: Adding transformer net.minecraftforge.coremod.transformer.CoreModMethodTransformer@417d6615 to Target : METHOD {Lnet/minecraft/entity/monster/AbstractSkeletonEntity;} {reassessWeaponGoal} {()V}
2021-03-21T18:11:41.162+0100 [QUIET] [system.out] [18:11:41] [main/DEBUG] [cp.mo.mo.TransformStore/MODLAUNCHER]: Adding transformer net.minecraftforge.coremod.transformer.CoreModMethodTransformer@7a6ebe1e to Target : METHOD {Lnet/minecraft/client/renderer/FirstPersonRenderer;} {renderHandsWithItems} {(FLcom/mojang/blaze3d/matrix/MatrixStack;Lnet/minecraft/client/renderer/IRenderTypeBuffer$Impl;Lnet/minecraft/client/entity/player/ClientPlayerEntity;I)V}
2021-03-21T18:11:41.162+0100 [QUIET] [system.out] [18:11:41] [main/DEBUG] [cp.mo.mo.TransformStore/MODLAUNCHER]: Adding transformer net.minecraftforge.coremod.transformer.CoreModMethodTransformer@21325036 to Target : METHOD {Lnet/minecraft/client/renderer/FirstPersonRenderer;} {renderArmWithItem} {(Lnet/minecraft/client/entity/player/AbstractClientPlayerEntity;FFLnet/minecraft/util/Hand;FLnet/minecraft/item/ItemStack;FLcom/mojang/blaze3d/matrix/MatrixStack;Lnet/minecraft/client/renderer/IRenderTypeBuffer;I)V}
2021-03-21T18:11:41.163+0100 [QUIET] [system.out] [18:11:41] [main/DEBUG] [cp.mo.mo.TransformStore/MODLAUNCHER]: Adding transformer net.minecraftforge.coremod.transformer.CoreModMethodTransformer@489543a6 to Target : METHOD {Lnet/minecraft/client/renderer/entity/PlayerRenderer;} {getArmPose} {(Lnet/minecraft/client/entity/player/AbstractClientPlayerEntity;Lnet/minecraft/util/Hand;)Lnet/minecraft/client/renderer/entity/model/BipedModel$ArmPose;}
2021-03-21T18:11:41.163+0100 [QUIET] [system.out] [18:11:41] [main/DEBUG] [cp.mo.mo.TransformStore/MODLAUNCHER]: Adding transformer net.minecraftforge.coremod.transformer.CoreModMethodTransformer@6272c96f to Target : METHOD {Lnet/minecraft/entity/monster/PillagerEntity;} {canFireProjectileWeapon} {(Lnet/minecraft/item/ShootableItem;)Z}
2021-03-21T18:11:41.164+0100 [QUIET] [system.out] [18:11:41] [main/DEBUG] [cp.mo.mo.TransformStore/MODLAUNCHER]: Adding transformer net.minecraftforge.coremod.transformer.CoreModMethodTransformer@6de30571 to Target : METHOD {Lnet/minecraft/entity/monster/PillagerEntity;} {enchantSpawnedWeapon} {(F)V}
2021-03-21T18:11:41.164+0100 [QUIET] [system.out] [18:11:41] [main/DEBUG] [cp.mo.mo.TransformStore/MODLAUNCHER]: Adding transformer net.minecraftforge.coremod.transformer.CoreModMethodTransformer@5ee34b1b to Target : METHOD {Lnet/minecraft/entity/monster/piglin/PiglinEntity;} {canReplaceCurrentItem} {(Lnet/minecraft/item/ItemStack;Lnet/minecraft/item/ItemStack;)Z}
2021-03-21T18:11:41.164+0100 [QUIET] [system.out] [18:11:41] [main/DEBUG] [cp.mo.mo.TransformStore/MODLAUNCHER]: Adding transformer net.minecraftforge.coremod.transformer.CoreModMethodTransformer@3c89bb12 to Target : METHOD {Lnet/minecraft/entity/monster/piglin/PiglinEntity;} {canFireProjectileWeapon} {(Lnet/minecraft/item/ShootableItem;)Z}
2021-03-21T18:11:41.164+0100 [QUIET] [system.out] [18:11:41] [main/DEBUG] [cp.mo.mo.TransformStore/MODLAUNCHER]: Adding transformer net.minecraftforge.coremod.transformer.CoreModMethodTransformer@48c4245d to Target : METHOD {Lnet/minecraft/item/CrossbowItem;} {getShootingPower} {(Lnet/minecraft/item/ItemStack;)F}
2021-03-21T18:11:41.164+0100 [QUIET] [system.out] [18:11:41] [main/DEBUG] [cp.mo.mo.TransformStore/MODLAUNCHER]: Adding transformer net.minecraftforge.coremod.transformer.CoreModMethodTransformer@3df978b9 to Target : METHOD {Lnet/minecraft/item/Item;} {useOnRelease} {(Lnet/minecraft/item/ItemStack;)Z}
2021-03-21T18:11:41.164+0100 [QUIET] [system.out] [18:11:41] [main/DEBUG] [cp.mo.mo.TransformStore/MODLAUNCHER]: Adding transformer net.minecraftforge.coremod.transformer.CoreModMethodTransformer@7906578e to Target : METHOD {Lnet/minecraft/client/renderer/FirstPersonRenderer;} {renderArmWithItem} {(Lnet/minecraft/client/entity/player/AbstractClientPlayerEntity;FFLnet/minecraft/util/Hand;FLnet/minecraft/item/ItemStack;FLcom/mojang/blaze3d/matrix/MatrixStack;Lnet/minecraft/client/renderer/IRenderTypeBuffer;I)V}
2021-03-21T18:11:41.164+0100 [QUIET] [system.out] [18:11:41] [main/DEBUG] [cp.mo.mo.TransformStore/MODLAUNCHER]: Adding transformer net.minecraftforge.coremod.transformer.CoreModMethodTransformer@8a62297 to Target : METHOD {Lnet/minecraft/entity/item/ItemFrameEntity;} {removeFramedMap} {(Lnet/minecraft/item/ItemStack;)V}
2021-03-21T18:11:41.165+0100 [QUIET] [system.out] [18:11:41] [main/DEBUG] [cp.mo.mo.TransformStore/MODLAUNCHER]: Adding transformer net.minecraftforge.coremod.transformer.CoreModMethodTransformer@61a91912 to Target : METHOD {Lnet/minecraft/inventory/container/CartographyContainer$3;} {mayPlace} {(Lnet/minecraft/item/ItemStack;)Z}
2021-03-21T18:11:41.165+0100 [QUIET] [system.out] [18:11:41] [main/DEBUG] [cp.mo.mo.TransformStore/MODLAUNCHER]: Adding transformer net.minecraftforge.coremod.transformer.CoreModMethodTransformer@1763992e to Target : METHOD {Lnet/minecraft/inventory/container/CartographyContainer;} {quickMoveStack} {(Lnet/minecraft/entity/player/PlayerEntity;I)Lnet/minecraft/item/ItemStack;}
2021-03-21T18:11:41.165+0100 [QUIET] [system.out] [18:11:41] [main/DEBUG] [cp.mo.mo.TransformStore/MODLAUNCHER]: Adding transformer net.minecraftforge.coremod.transformer.CoreModMethodTransformer@5c92166b to Target : METHOD {Lnet/minecraft/item/ItemStack;} {getTooltipLines} {(Lnet/minecraft/entity/player/PlayerEntity;Lnet/minecraft/client/util/ITooltipFlag;)Ljava/util/List;}
2021-03-21T18:11:41.165+0100 [QUIET] [system.out] [18:11:41] [main/DEBUG] [cp.mo.mo.TransformStore/MODLAUNCHER]: Adding transformer net.minecraftforge.coremod.transformer.CoreModMethodTransformer@659925f4 to Target : METHOD {Lnet/minecraft/client/renderer/entity/FishRenderer;} {render} {(Lnet/minecraft/entity/projectile/FishingBobberEntity;FFLcom/mojang/blaze3d/matrix/MatrixStack;Lnet/minecraft/client/renderer/IRenderTypeBuffer;I)V}
2021-03-21T18:11:41.165+0100 [QUIET] [system.out] [18:11:41] [main/DEBUG] [cp.mo.mo.TransformStore/MODLAUNCHER]: Adding transformer net.minecraftforge.coremod.transformer.CoreModMethodTransformer@4cd1c1dc to Target : METHOD {Lnet/minecraft/entity/projectile/FishingBobberEntity;} {shouldStopFishing} {(Lnet/minecraft/entity/player/PlayerEntity;)Z}
2021-03-21T18:11:41.166+0100 [QUIET] [system.out] [18:11:41] [main/DEBUG] [cp.mo.mo.TransformStore/MODLAUNCHER]: Adding transformer net.minecraftforge.coremod.transformer.CoreModMethodTransformer@47f08b81 to Target : METHOD {Lnet/minecraft/block/BeehiveBlock;} {use} {(Lnet/minecraft/block/BlockState;Lnet/minecraft/world/World;Lnet/minecraft/util/math/BlockPos;Lnet/minecraft/entity/player/PlayerEntity;Lnet/minecraft/util/Hand;Lnet/minecraft/util/math/BlockRayTraceResult;)Lnet/minecraft/util/ActionResultType;}
2021-03-21T18:11:41.166+0100 [QUIET] [system.out] [18:11:41] [main/DEBUG] [cp.mo.mo.TransformStore/MODLAUNCHER]: Adding transformer net.minecraftforge.coremod.transformer.CoreModMethodTransformer@b9dfc5a to Target : METHOD {Lnet/minecraft/block/PumpkinBlock;} {use} {(Lnet/minecraft/block/BlockState;Lnet/minecraft/world/World;Lnet/minecraft/util/math/BlockPos;Lnet/minecraft/entity/player/PlayerEntity;Lnet/minecraft/util/Hand;Lnet/minecraft/util/math/BlockRayTraceResult;)Lnet/minecraft/util/ActionResultType;}
2021-03-21T18:11:41.167+0100 [QUIET] [system.out] [18:11:41] [main/DEBUG] [cp.mo.mo.TransformStore/MODLAUNCHER]: Adding transformer net.minecraftforge.coremod.transformer.CoreModMethodTransformer@2787de58 to Target : METHOD {Lnet/minecraft/block/TripWireBlock;} {playerWillDestroy} {(Lnet/minecraft/world/World;Lnet/minecraft/util/math/BlockPos;Lnet/minecraft/block/BlockState;Lnet/minecraft/entity/player/PlayerEntity;)V}
2021-03-21T18:11:41.167+0100 [QUIET] [system.out] [18:11:41] [main/DEBUG] [cp.mo.mo.TransformStore/MODLAUNCHER]: Adding transformer net.minecraftforge.coremod.transformer.CoreModMethodTransformer@659a2455 to Target : METHOD {Lnet/minecraft/enchantment/EfficiencyEnchantment;} {canEnchant} {(Lnet/minecraft/item/ItemStack;)Z}
2021-03-21T18:11:41.167+0100 [QUIET] [system.out] [18:11:41] [main/DEBUG] [cp.mo.mo.TransformStore/MODLAUNCHER]: Adding transformer net.minecraftforge.coremod.transformer.CoreModMethodTransformer@267517e4 to Target : METHOD {Lnet/minecraft/entity/passive/MooshroomEntity;} {mobInteract} {(Lnet/minecraft/entity/player/PlayerEntity;Lnet/minecraft/util/Hand;)Lnet/minecraft/util/ActionResultType;}
2021-03-21T18:11:41.167+0100 [QUIET] [system.out] [18:11:41] [main/DEBUG] [cp.mo.mo.TransformStore/MODLAUNCHER]: Adding transformer net.minecraftforge.coremod.transformer.CoreModMethodTransformer@426e505c to Target : METHOD {Lnet/minecraft/entity/passive/SheepEntity;} {mobInteract} {(Lnet/minecraft/entity/player/PlayerEntity;Lnet/minecraft/util/Hand;)Lnet/minecraft/util/ActionResultType;}
2021-03-21T18:11:41.167+0100 [QUIET] [system.out] [18:11:41] [main/DEBUG] [cp.mo.mo.TransformStore/MODLAUNCHER]: Adding transformer net.minecraftforge.coremod.transformer.CoreModMethodTransformer@5b022357 to Target : METHOD {Lnet/minecraft/entity/passive/SnowGolemEntity;} {mobInteract} {(Lnet/minecraft/entity/player/PlayerEntity;Lnet/minecraft/util/Hand;)Lnet/minecraft/util/ActionResultType;}
2021-03-21T18:11:41.167+0100 [QUIET] [system.out] [18:11:41] [main/DEBUG] [cp.mo.mo.TransformationServiceDecorator/MODLAUNCHER]: Initialized transformers for transformation service fml
2021-03-21T18:11:41.243+0100 [QUIET] [system.out] [18:11:41] [main/DEBUG] [mixin/]: Processing prepare() for PlatformAgent[MixinPlatformAgentDefault:ModLauncher Root Container(4f56a0a2)]
2021-03-21T18:11:41.244+0100 [QUIET] [system.out] [18:11:41] [main/DEBUG] [mixin/]: Processing launch tasks for PlatformAgent[MixinPlatformAgentDefault:ModLauncher Root Container(4f56a0a2)]
2021-03-21T18:11:41.244+0100 [QUIET] [system.out] [18:11:41] [main/DEBUG] [mixin/]: Adding mixin platform agents for container ContainerHandleModLauncher.Resource(client-extra.jar:C:\Users\troyvs\.gradle\caches\forge_gradle\minecraft_repo\versions\1.16.5\client-extra.jar)
2021-03-21T18:11:41.244+0100 [QUIET] [system.out] [18:11:41] [main/DEBUG] [mixin/]: Instancing new MixinPlatformAgentMinecraftForge for ContainerHandleModLauncher.Resource(client-extra.jar:C:\Users\troyvs\.gradle\caches\forge_gradle\minecraft_repo\versions\1.16.5\client-extra.jar)
2021-03-21T18:11:41.244+0100 [QUIET] [system.out] [18:11:41] [main/DEBUG] [mixin/]: MixinPlatformAgentMinecraftForge rejected container ContainerHandleModLauncher.Resource(client-extra.jar:C:\Users\troyvs\.gradle\caches\forge_gradle\minecraft_repo\versions\1.16.5\client-extra.jar)
2021-03-21T18:11:41.244+0100 [QUIET] [system.out] [18:11:41] [main/DEBUG] [mixin/]: Instancing new MixinPlatformAgentDefault for ContainerHandleModLauncher.Resource(client-extra.jar:C:\Users\troyvs\.gradle\caches\forge_gradle\minecraft_repo\versions\1.16.5\client-extra.jar)
2021-03-21T18:11:41.244+0100 [QUIET] [system.out] [18:11:41] [main/DEBUG] [mixin/]: MixinPlatformAgentDefault accepted container ContainerHandleModLauncher.Resource(client-extra.jar:C:\Users\troyvs\.gradle\caches\forge_gradle\minecraft_repo\versions\1.16.5\client-extra.jar)
2021-03-21T18:11:41.245+0100 [QUIET] [system.out] [18:11:41] [main/DEBUG] [mixin/]: Processing prepare() for PlatformAgent[MixinPlatformAgentDefault:ContainerHandleModLauncher.Resource(client-extra.jar:C:\Users\troyvs\.gradle\caches\forge_gradle\minecraft_repo\versions\1.16.5\client-extra.jar)]
2021-03-21T18:11:41.245+0100 [QUIET] [system.out] [18:11:41] [main/DEBUG] [mixin/]: Adding mixin platform agents for container ContainerHandleModLauncher.Resource(forge-1.16.5-36.1.0_mapped_official_1.16.5.jar:C:\Users\troyvs\.gradle\caches\forge_gradle\minecraft_user_repo\net\minecraftforge\forge\1.16.5-36.1.0_mapped_official_1.16.5\forge-1.16.5-36.1.0_mapped_official_1.16.5.jar)
2021-03-21T18:11:41.245+0100 [QUIET] [system.out] [18:11:41] [main/DEBUG] [mixin/]: Instancing new MixinPlatformAgentMinecraftForge for ContainerHandleModLauncher.Resource(forge-1.16.5-36.1.0_mapped_official_1.16.5.jar:C:\Users\troyvs\.gradle\caches\forge_gradle\minecraft_user_repo\net\minecraftforge\forge\1.16.5-36.1.0_mapped_official_1.16.5\forge-1.16.5-36.1.0_mapped_official_1.16.5.jar)
2021-03-21T18:11:41.245+0100 [QUIET] [system.out] [18:11:41] [main/DEBUG] [mixin/]: MixinPlatformAgentMinecraftForge rejected container ContainerHandleModLauncher.Resource(forge-1.16.5-36.1.0_mapped_official_1.16.5.jar:C:\Users\troyvs\.gradle\caches\forge_gradle\minecraft_user_repo\net\minecraftforge\forge\1.16.5-36.1.0_mapped_official_1.16.5\forge-1.16.5-36.1.0_mapped_official_1.16.5.jar)
2021-03-21T18:11:41.245+0100 [QUIET] [system.out] [18:11:41] [main/DEBUG] [mixin/]: Instancing new MixinPlatformAgentDefault for ContainerHandleModLauncher.Resource(forge-1.16.5-36.1.0_mapped_official_1.16.5.jar:C:\Users\troyvs\.gradle\caches\forge_gradle\minecraft_user_repo\net\minecraftforge\forge\1.16.5-36.1.0_mapped_official_1.16.5\forge-1.16.5-36.1.0_mapped_official_1.16.5.jar)
2021-03-21T18:11:41.245+0100 [QUIET] [system.out] [18:11:41] [main/DEBUG] [mixin/]: MixinPlatformAgentDefault accepted container ContainerHandleModLauncher.Resource(forge-1.16.5-36.1.0_mapped_official_1.16.5.jar:C:\Users\troyvs\.gradle\caches\forge_gradle\minecraft_user_repo\net\minecraftforge\forge\1.16.5-36.1.0_mapped_official_1.16.5\forge-1.16.5-36.1.0_mapped_official_1.16.5.jar)
2021-03-21T18:11:41.246+0100 [QUIET] [system.out] [18:11:41] [main/DEBUG] [mixin/]: Processing prepare() for PlatformAgent[MixinPlatformAgentDefault:ContainerHandleModLauncher.Resource(forge-1.16.5-36.1.0_mapped_official_1.16.5.jar:C:\Users\troyvs\.gradle\caches\forge_gradle\minecraft_user_repo\net\minecraftforge\forge\1.16.5-36.1.0_mapped_official_1.16.5\forge-1.16.5-36.1.0_mapped_official_1.16.5.jar)]
2021-03-21T18:11:41.246+0100 [QUIET] [system.out] [18:11:41] [main/DEBUG] [mixin/]: Adding mixin platform agents for container ContainerHandleModLauncher.Resource(main:D:\troy\Downloads\forge-1.16.5-36.1.0-mdk\build\resources\main)
2021-03-21T18:11:41.246+0100 [QUIET] [system.out] [18:11:41] [main/DEBUG] [mixin/]: Instancing new MixinPlatformAgentMinecraftForge for ContainerHandleModLauncher.Resource(main:D:\troy\Downloads\forge-1.16.5-36.1.0-mdk\build\resources\main)
2021-03-21T18:11:41.246+0100 [QUIET] [system.out] [18:11:41] [main/DEBUG] [mixin/]: MixinPlatformAgentMinecraftForge rejected container ContainerHandleModLauncher.Resource(main:D:\troy\Downloads\forge-1.16.5-36.1.0-mdk\build\resources\main)
2021-03-21T18:11:41.246+0100 [QUIET] [system.out] [18:11:41] [main/DEBUG] [mixin/]: Instancing new MixinPlatformAgentDefault for ContainerHandleModLauncher.Resource(main:D:\troy\Downloads\forge-1.16.5-36.1.0-mdk\build\resources\main)
2021-03-21T18:11:41.246+0100 [QUIET] [system.out] [18:11:41] [main/DEBUG] [mixin/]: MixinPlatformAgentDefault accepted container ContainerHandleModLauncher.Resource(main:D:\troy\Downloads\forge-1.16.5-36.1.0-mdk\build\resources\main)
2021-03-21T18:11:41.250+0100 [QUIET] [system.out] [18:11:41] [main/DEBUG] [mixin/]: Processing prepare() for PlatformAgent[MixinPlatformAgentDefault:ContainerHandleModLauncher.Resource(main:D:\troy\Downloads\forge-1.16.5-36.1.0-mdk\build\resources\main)]
2021-03-21T18:11:41.250+0100 [QUIET] [system.out] [18:11:41] [main/DEBUG] [mixin/]: inject() running with 4 agents
2021-03-21T18:11:41.250+0100 [QUIET] [system.out] [18:11:41] [main/DEBUG] [mixin/]: Processing inject() for PlatformAgent[MixinPlatformAgentDefault:ModLauncher Root Container(4f56a0a2)]
2021-03-21T18:11:41.250+0100 [QUIET] [system.out] [18:11:41] [main/DEBUG] [mixin/]: Processing inject() for PlatformAgent[MixinPlatformAgentDefault:ContainerHandleModLauncher.Resource(client-extra.jar:C:\Users\troyvs\.gradle\caches\forge_gradle\minecraft_repo\versions\1.16.5\client-extra.jar)]
2021-03-21T18:11:41.250+0100 [QUIET] [system.out] [18:11:41] [main/DEBUG] [mixin/]: Processing inject() for PlatformAgent[MixinPlatformAgentDefault:ContainerHandleModLauncher.Resource(forge-1.16.5-36.1.0_mapped_official_1.16.5.jar:C:\Users\troyvs\.gradle\caches\forge_gradle\minecraft_user_repo\net\minecraftforge\forge\1.16.5-36.1.0_mapped_official_1.16.5\forge-1.16.5-36.1.0_mapped_official_1.16.5.jar)]
2021-03-21T18:11:41.250+0100 [QUIET] [system.out] [18:11:41] [main/DEBUG] [mixin/]: Processing inject() for PlatformAgent[MixinPlatformAgentDefault:ContainerHandleModLauncher.Resource(main:D:\troy\Downloads\forge-1.16.5-36.1.0-mdk\build\resources\main)]
2021-03-21T18:11:41.251+0100 [QUIET] [system.out] [18:11:41] [main/INFO] [cp.mo.mo.LaunchServiceHandler/MODLAUNCHER]: Launching target 'fmluserdevdata' with arguments [--gameDir, ., --mod, testmod, --all, --existing, D:\troy\Downloads\forge-1.16.5-36.1.0-mdk\src\main\resources, --existing, D:\troy\Downloads\forge-1.16.5-36.1.0-mdk\src\generated\resources, --output, D:\troy\Downloads\forge-1.16.5-36.1.0-mdk\src\generated\resources]
2021-03-21T18:11:41.251+0100 [QUIET] [system.out] [18:11:41] [main/DEBUG] [ne.mi.us.FMLUserdevDataLaunchProvider/CORE]: Launching minecraft in cpw.mods.modlauncher.TransformingClassLoader@3eed0f5 with arguments [--gameDir, ., --mod, testmod, --all, --existing, D:\troy\Downloads\forge-1.16.5-36.1.0-mdk\src\main\resources, --existing, D:\troy\Downloads\forge-1.16.5-36.1.0-mdk\src\generated\resources, --output, D:\troy\Downloads\forge-1.16.5-36.1.0-mdk\src\generated\resources]
2021-03-21T18:11:41.475+0100 [QUIET] [system.out] [18:11:41] [main/DEBUG] [mixin/]: Error cleaning class output directory: .mixin.out\class: failed to delete one or more files; see suppressed exceptions for details
2021-03-21T18:11:41.508+0100 [QUIET] [system.out] [18:11:41] [main/DEBUG] [mixin/]: Preparing mixins for MixinEnvironment[DEFAULT]
2021-03-21T18:11:41.553+0100 [QUIET] [system.out] [18:11:41] [main/INFO] [ne.mi.fm.DatagenModLoader/]: Initializing Data Gatherer for mods [testmod]
2021-03-21T18:11:42.105+0100 [QUIET] [system.out] [18:11:42] [main/DEBUG] [ne.mi.co.tr.CoreModBaseTransformer/COREMOD]: Transforming useOnRelease with desc (Lnet/minecraft/item/ItemStack;)Z
2021-03-21T18:11:42.716+0100 [QUIET] [system.out] [18:11:42] [main/DEBUG] [ne.mi.co.tr.CoreModBaseTransformer/COREMOD]: Transforming net/minecraft/block/FlowingFluidBlock
2021-03-21T18:11:42.857+0100 [QUIET] [system.out] [18:11:42] [main/DEBUG] [ne.mi.co.tr.CoreModBaseTransformer/COREMOD]: Transforming net/minecraft/block/StairsBlock
2021-03-21T18:11:42.967+0100 [QUIET] [system.out] [18:11:42] [main/DEBUG] [ne.mi.co.tr.CoreModBaseTransformer/COREMOD]: Transforming use with desc (Lnet/minecraft/block/BlockState;Lnet/minecraft/world/World;Lnet/minecraft/util/math/BlockPos;Lnet/minecraft/entity/player/PlayerEntity;Lnet/minecraft/util/Hand;Lnet/minecraft/util/math/BlockRayTraceResult;)Lnet/minecraft/util/ActionResultType;
2021-03-21T18:11:43.111+0100 [QUIET] [system.out] [18:11:43] [main/DEBUG] [ne.mi.co.tr.CoreModBaseTransformer/COREMOD]: Transforming playerWillDestroy with desc (Lnet/minecraft/world/World;Lnet/minecraft/util/math/BlockPos;Lnet/minecraft/block/BlockState;Lnet/minecraft/entity/player/PlayerEntity;)V
2021-03-21T18:11:43.130+0100 [QUIET] [system.out] [18:11:43] [main/DEBUG] [ne.mi.co.tr.CoreModBaseTransformer/COREMOD]: Transforming net/minecraft/block/FlowerPotBlock
2021-03-21T18:11:43.466+0100 [QUIET] [system.out] [18:11:43] [main/DEBUG] [ne.mi.co.tr.CoreModBaseTransformer/COREMOD]: Transforming use with desc (Lnet/minecraft/block/BlockState;Lnet/minecraft/world/World;Lnet/minecraft/util/math/BlockPos;Lnet/minecraft/entity/player/PlayerEntity;Lnet/minecraft/util/Hand;Lnet/minecraft/util/math/BlockRayTraceResult;)Lnet/minecraft/util/ActionResultType;
2021-03-21T18:11:44.025+0100 [LIFECYCLE] [org.gradle.cache.internal.DefaultFileLockManager] 
2021-03-21T18:11:44.025+0100 [DEBUG] [org.gradle.cache.internal.DefaultFileLockManager] Waiting to acquire shared lock on daemon addresses registry.
2021-03-21T18:11:44.025+0100 [DEBUG] [org.gradle.cache.internal.DefaultFileLockManager] Lock acquired on daemon addresses registry.
2021-03-21T18:11:44.026+0100 [DEBUG] [org.gradle.cache.internal.DefaultFileLockManager] Releasing lock on daemon addresses registry.
2021-03-21T18:11:44.034+0100 [DEBUG] [org.gradle.cache.internal.DefaultFileLockManager] Waiting to acquire shared lock on daemon addresses registry.
2021-03-21T18:11:44.035+0100 [DEBUG] [org.gradle.cache.internal.DefaultFileLockManager] Lock acquired on daemon addresses registry.
2021-03-21T18:11:44.036+0100 [DEBUG] [org.gradle.cache.internal.DefaultFileLockManager] Releasing lock on daemon addresses registry.
2021-03-21T18:11:43.404+0100 [LIFECYCLE] [class org.gradle.internal.buildevents.TaskExecutionLogger] 
2021-03-21T18:11:43.404+0100 [LIFECYCLE] [class org.gradle.internal.buildevents.TaskExecutionLogger] > Task :runData
2021-03-21T18:11:46.259+0100 [QUIET] [system.out] [18:11:46] [main/DEBUG] [ne.mi.co.tr.CoreModBaseTransformer/COREMOD]: Transforming mobInteract with desc (Lnet/minecraft/entity/player/PlayerEntity;Lnet/minecraft/util/Hand;)Lnet/minecraft/util/ActionResultType;
2021-03-21T18:11:47.295+0100 [QUIET] [system.out] [18:11:47] [main/DEBUG] [ne.mi.co.tr.CoreModBaseTransformer/COREMOD]: Transforming quickMoveStack with desc (Lnet/minecraft/entity/player/PlayerEntity;I)Lnet/minecraft/item/ItemStack;
2021-03-21T18:11:49.937+0100 [QUIET] [system.out] [18:11:49] [main/DEBUG] [ne.mi.co.tr.CoreModBaseTransformer/COREMOD]: Transforming getTooltipLines with desc (Lnet/minecraft/entity/player/PlayerEntity;Lnet/minecraft/client/util/ITooltipFlag;)Ljava/util/List;
2021-03-21T18:11:50.448+0100 [QUIET] [system.out] [18:11:50] [main/DEBUG] [ne.mi.co.tr.CoreModBaseTransformer/COREMOD]: Transforming net/minecraft/item/ItemStack
2021-03-21T18:11:50.714+0100 [QUIET] [system.out] [18:11:50] [main/DEBUG] [ne.mi.co.tr.CoreModBaseTransformer/COREMOD]: Transforming removeFramedMap with desc (Lnet/minecraft/item/ItemStack;)V
2021-03-21T18:11:50.881+0100 [QUIET] [system.out] [18:11:50] [main/DEBUG] [ne.mi.co.tr.CoreModBaseTransformer/COREMOD]: Transforming mobInteract with desc (Lnet/minecraft/entity/player/PlayerEntity;Lnet/minecraft/util/Hand;)Lnet/minecraft/util/ActionResultType;
2021-03-21T18:11:51.013+0100 [QUIET] [system.out] [18:11:51] [main/DEBUG] [ne.mi.co.tr.CoreModBaseTransformer/COREMOD]: Transforming canFireProjectileWeapon with desc (Lnet/minecraft/item/ShootableItem;)Z
2021-03-21T18:11:51.017+0100 [QUIET] [system.out] [18:11:51] [main/DEBUG] [ne.mi.co.tr.CoreModBaseTransformer/COREMOD]: Transforming canReplaceCurrentItem with desc (Lnet/minecraft/item/ItemStack;Lnet/minecraft/item/ItemStack;)Z
2021-03-21T18:11:51.056+0100 [QUIET] [system.out] [18:11:51] [main/DEBUG] [ne.mi.co.tr.CoreModBaseTransformer/COREMOD]: Transforming canFireProjectileWeapon with desc (Lnet/minecraft/item/ShootableItem;)Z
2021-03-21T18:11:51.057+0100 [QUIET] [system.out] [18:11:51] [main/DEBUG] [ne.mi.co.tr.CoreModBaseTransformer/COREMOD]: Transforming enchantSpawnedWeapon with desc (F)V
2021-03-21T18:11:51.136+0100 [QUIET] [system.out] [18:11:51] [main/DEBUG] [ne.mi.co.tr.CoreModBaseTransformer/COREMOD]: Transforming mobInteract with desc (Lnet/minecraft/entity/player/PlayerEntity;Lnet/minecraft/util/Hand;)Lnet/minecraft/util/ActionResultType;
2021-03-21T18:11:51.227+0100 [QUIET] [system.out] [18:11:51] [main/DEBUG] [ne.mi.co.tr.CoreModBaseTransformer/COREMOD]: Transforming reassessWeaponGoal with desc ()V
2021-03-21T18:11:51.233+0100 [QUIET] [system.out] [18:11:51] [main/DEBUG] [ne.mi.co.tr.CoreModBaseTransformer/COREMOD]: Transforming canFireProjectileWeapon with desc (Lnet/minecraft/item/ShootableItem;)Z
2021-03-21T18:11:53.767+0100 [QUIET] [system.out] [18:11:53] [main/DEBUG] [ne.mi.co.tr.CoreModBaseTransformer/COREMOD]: Transforming canEnchant with desc (Lnet/minecraft/item/ItemStack;)Z
2021-03-21T18:11:53.946+0100 [QUIET] [system.out] [18:11:53] [main/DEBUG] [ne.mi.co.tr.CoreModBaseTransformer/COREMOD]: Transforming net/minecraft/item/BucketItem
2021-03-21T18:11:53.967+0100 [QUIET] [system.out] [18:11:53] [main/DEBUG] [ne.mi.co.tr.CoreModBaseTransformer/COREMOD]: Transforming net/minecraft/item/FishBucketItem
2021-03-21T18:11:54.033+0100 [LIFECYCLE] [org.gradle.cache.internal.DefaultFileLockManager] 
2021-03-21T18:11:54.033+0100 [DEBUG] [org.gradle.cache.internal.DefaultFileLockManager] Waiting to acquire shared lock on daemon addresses registry.
2021-03-21T18:11:54.033+0100 [DEBUG] [org.gradle.cache.internal.DefaultFileLockManager] Lock acquired on daemon addresses registry.
2021-03-21T18:11:54.034+0100 [DEBUG] [org.gradle.cache.internal.DefaultFileLockManager] Releasing lock on daemon addresses registry.
2021-03-21T18:11:54.034+0100 [DEBUG] [org.gradle.cache.internal.DefaultFileLockManager] Waiting to acquire shared lock on daemon addresses registry.
2021-03-21T18:11:54.035+0100 [DEBUG] [org.gradle.cache.internal.DefaultFileLockManager] Lock acquired on daemon addresses registry.
2021-03-21T18:11:54.074+0100 [DEBUG] [org.gradle.cache.internal.DefaultFileLockManager] Releasing lock on daemon addresses registry.
2021-03-21T18:11:53.908+0100 [LIFECYCLE] [class org.gradle.internal.buildevents.TaskExecutionLogger] 
2021-03-21T18:11:53.908+0100 [LIFECYCLE] [class org.gradle.internal.buildevents.TaskExecutionLogger] > Task :runData
2021-03-21T18:11:54.099+0100 [QUIET] [system.out] [18:11:54] [main/DEBUG] [ne.mi.co.tr.CoreModBaseTransformer/COREMOD]: Transforming getShootingPower with desc (Lnet/minecraft/item/ItemStack;)F
2021-03-21T18:11:54.390+0100 [QUIET] [system.out] [18:11:54] [main/DEBUG] [ne.mi.co.tr.CoreModBaseTransformer/COREMOD]: Transforming net/minecraft/potion/EffectInstance
2021-03-21T18:11:54.465+0100 [QUIET] [system.out] [18:11:54] [main/DEBUG] [ne.mi.co.tr.CoreModBaseTransformer/COREMOD]: Transforming shouldStopFishing with desc (Lnet/minecraft/entity/player/PlayerEntity;)Z
2021-03-21T18:11:54.721+0100 [QUIET] [system.out] [18:11:54] [main/DEBUG] [ne.mi.co.tr.CoreModBaseTransformer/COREMOD]: Transforming mayPlace with desc (Lnet/minecraft/item/ItemStack;)Z
2021-03-21T18:11:56.307+0100 [QUIET] [system.out] [18:11:56] [main/DEBUG] [ne.mi.re.GameData/REGISTRIES]: Creating vanilla freeze snapshot
2021-03-21T18:11:56.323+0100 [QUIET] [system.out] [18:11:56] [main/DEBUG] [ne.mi.re.ForgeRegistry/REGISTRIES]: Registry Block Sync: VANILLA -> ACTIVE
2021-03-21T18:11:56.380+0100 [QUIET] [system.out] [18:11:56] [main/DEBUG] [ne.mi.re.ForgeRegistry/REGISTRIES]: Registry Fluid Sync: VANILLA -> ACTIVE
2021-03-21T18:11:56.382+0100 [QUIET] [system.out] [18:11:56] [main/DEBUG] [ne.mi.re.ForgeRegistry/REGISTRIES]: Registry Item Sync: VANILLA -> ACTIVE
2021-03-21T18:11:56.397+0100 [QUIET] [system.out] [18:11:56] [main/DEBUG] [ne.mi.re.ForgeRegistry/REGISTRIES]: Registry Effect Sync: VANILLA -> ACTIVE
2021-03-21T18:11:56.398+0100 [QUIET] [system.out] [18:11:56] [main/DEBUG] [ne.mi.re.ForgeRegistry/REGISTRIES]: Registry SoundEvent Sync: VANILLA -> ACTIVE
2021-03-21T18:11:56.422+0100 [QUIET] [system.out] [18:11:56] [main/DEBUG] [ne.mi.re.ForgeRegistry/REGISTRIES]: Registry Potion Sync: VANILLA -> ACTIVE
2021-03-21T18:11:56.424+0100 [QUIET] [system.out] [18:11:56] [main/DEBUG] [ne.mi.re.ForgeRegistry/REGISTRIES]: Registry Enchantment Sync: VANILLA -> ACTIVE
2021-03-21T18:11:56.424+0100 [QUIET] [system.out] [18:11:56] [main/DEBUG] [ne.mi.re.ForgeRegistry/REGISTRIES]: Registry EntityType Sync: VANILLA -> ACTIVE
2021-03-21T18:11:56.424+0100 [QUIET] [system.out] [18:11:56] [main/DEBUG] [ne.mi.re.ForgeRegistry/REGISTRIES]: Registry TileEntityType Sync: VANILLA -> ACTIVE
2021-03-21T18:11:56.424+0100 [QUIET] [system.out] [18:11:56] [main/DEBUG] [ne.mi.re.ForgeRegistry/REGISTRIES]: Registry ParticleType Sync: VANILLA -> ACTIVE
2021-03-21T18:11:56.424+0100 [QUIET] [system.out] [18:11:56] [main/DEBUG] [ne.mi.re.ForgeRegistry/REGISTRIES]: Registry ContainerType Sync: VANILLA -> ACTIVE
2021-03-21T18:11:56.424+0100 [QUIET] [system.out] [18:11:56] [main/DEBUG] [ne.mi.re.ForgeRegistry/REGISTRIES]: Registry PaintingType Sync: VANILLA -> ACTIVE
2021-03-21T18:11:56.425+0100 [QUIET] [system.out] [18:11:56] [main/DEBUG] [ne.mi.re.ForgeRegistry/REGISTRIES]: Registry IRecipeSerializer Sync: VANILLA -> ACTIVE
2021-03-21T18:11:56.425+0100 [QUIET] [system.out] [18:11:56] [main/DEBUG] [ne.mi.re.ForgeRegistry/REGISTRIES]: Registry Attribute Sync: VANILLA -> ACTIVE
2021-03-21T18:11:56.425+0100 [QUIET] [system.out] [18:11:56] [main/DEBUG] [ne.mi.re.ForgeRegistry/REGISTRIES]: Registry StatType Sync: VANILLA -> ACTIVE
2021-03-21T18:11:56.425+0100 [QUIET] [system.out] [18:11:56] [main/DEBUG] [ne.mi.re.ForgeRegistry/REGISTRIES]: Registry VillagerProfession Sync: VANILLA -> ACTIVE
2021-03-21T18:11:56.426+0100 [QUIET] [system.out] [18:11:56] [main/DEBUG] [ne.mi.re.ForgeRegistry/REGISTRIES]: Registry PointOfInterestType Sync: VANILLA -> ACTIVE
2021-03-21T18:11:56.426+0100 [QUIET] [system.out] [18:11:56] [main/DEBUG] [ne.mi.re.ForgeRegistry/REGISTRIES]: Registry MemoryModuleType Sync: VANILLA -> ACTIVE
2021-03-21T18:11:56.426+0100 [QUIET] [system.out] [18:11:56] [main/DEBUG] [ne.mi.re.ForgeRegistry/REGISTRIES]: Registry SensorType Sync: VANILLA -> ACTIVE
2021-03-21T18:11:56.427+0100 [QUIET] [system.out] [18:11:56] [main/DEBUG] [ne.mi.re.ForgeRegistry/REGISTRIES]: Registry Schedule Sync: VANILLA -> ACTIVE
2021-03-21T18:11:56.427+0100 [QUIET] [system.out] [18:11:56] [main/DEBUG] [ne.mi.re.ForgeRegistry/REGISTRIES]: Registry Activity Sync: VANILLA -> ACTIVE
2021-03-21T18:11:56.427+0100 [QUIET] [system.out] [18:11:56] [main/DEBUG] [ne.mi.re.ForgeRegistry/REGISTRIES]: Registry WorldCarver Sync: VANILLA -> ACTIVE
2021-03-21T18:11:56.427+0100 [QUIET] [system.out] [18:11:56] [main/DEBUG] [ne.mi.re.ForgeRegistry/REGISTRIES]: Registry SurfaceBuilder Sync: VANILLA -> ACTIVE
2021-03-21T18:11:56.427+0100 [QUIET] [system.out] [18:11:56] [main/DEBUG] [ne.mi.re.ForgeRegistry/REGISTRIES]: Registry Feature Sync: VANILLA -> ACTIVE
2021-03-21T18:11:56.427+0100 [QUIET] [system.out] [18:11:56] [main/DEBUG] [ne.mi.re.ForgeRegistry/REGISTRIES]: Registry Placement Sync: VANILLA -> ACTIVE
2021-03-21T18:11:56.427+0100 [QUIET] [system.out] [18:11:56] [main/DEBUG] [ne.mi.re.ForgeRegistry/REGISTRIES]: Registry ChunkStatus Sync: VANILLA -> ACTIVE
2021-03-21T18:11:56.427+0100 [QUIET] [system.out] [18:11:56] [main/DEBUG] [ne.mi.re.ForgeRegistry/REGISTRIES]: Registry Structure Sync: VANILLA -> ACTIVE
2021-03-21T18:11:56.430+0100 [QUIET] [system.out] [18:11:56] [main/DEBUG] [ne.mi.re.ForgeRegistry/REGISTRIES]: Registry BlockStateProviderType Sync: VANILLA -> ACTIVE
2021-03-21T18:11:56.431+0100 [QUIET] [system.out] [18:11:56] [main/DEBUG] [ne.mi.re.ForgeRegistry/REGISTRIES]: Registry BlockPlacerType Sync: VANILLA -> ACTIVE
2021-03-21T18:11:56.431+0100 [QUIET] [system.out] [18:11:56] [main/DEBUG] [ne.mi.re.ForgeRegistry/REGISTRIES]: Registry FoliagePlacerType Sync: VANILLA -> ACTIVE
2021-03-21T18:11:56.439+0100 [QUIET] [system.out] [18:11:56] [main/DEBUG] [ne.mi.re.ForgeRegistry/REGISTRIES]: Registry TreeDecoratorType Sync: VANILLA -> ACTIVE
2021-03-21T18:11:56.439+0100 [QUIET] [system.out] [18:11:56] [main/DEBUG] [ne.mi.re.ForgeRegistry/REGISTRIES]: Registry Biome Sync: VANILLA -> ACTIVE
2021-03-21T18:11:56.439+0100 [QUIET] [system.out] [18:11:56] [main/DEBUG] [ne.mi.re.ForgeRegistry/REGISTRIES]: Registry DataSerializerEntry Sync: VANILLA -> ACTIVE
2021-03-21T18:11:56.439+0100 [QUIET] [system.out] [18:11:56] [main/DEBUG] [ne.mi.re.ForgeRegistry/REGISTRIES]: Registry GlobalLootModifierSerializer Sync: VANILLA -> ACTIVE
2021-03-21T18:11:56.439+0100 [QUIET] [system.out] [18:11:56] [main/DEBUG] [ne.mi.re.ForgeRegistry/REGISTRIES]: Registry ForgeWorldType Sync: VANILLA -> ACTIVE
2021-03-21T18:11:56.466+0100 [QUIET] [system.out] [18:11:56] [main/DEBUG] [ne.mi.re.GameData/REGISTRIES]: Vanilla freeze snapshot created
2021-03-21T18:11:57.263+0100 [QUIET] [system.out] [18:11:57] [main/DEBUG] [ne.mi.fm.ModLoader/CORE]: Loading Network data for FML net version: FML2
2021-03-21T18:11:57.392+0100 [QUIET] [system.out] [18:11:57] [main/DEBUG] [ne.mi.fm.ModWorkManager/LOADING]: Using 12 threads for parallel mod-loading
2021-03-21T18:11:57.661+0100 [QUIET] [system.out] [18:11:57] [main/DEBUG] [ne.mi.fm.ja.FMLJavaModLanguageProvider/LOADING]: Loading FMLModContainer from classloader cpw.mods.modlauncher.TransformingClassLoader@3eed0f5 - got cpw.mods.modlauncher.TransformingClassLoader@3eed0f5
2021-03-21T18:11:57.661+0100 [QUIET] [system.out] [18:11:57] [main/DEBUG] [ne.mi.fm.ja.FMLModContainer/LOADING]: Creating FMLModContainer instance for net.minecraftforge.common.ForgeMod with classLoader cpw.mods.modlauncher.TransformingClassLoader@3eed0f5 & cpw.mods.modlauncher.TransformingClassLoader@3eed0f5
2021-03-21T18:11:57.737+0100 [QUIET] [system.out] [18:11:57] [main/DEBUG] [ne.mi.fm.ja.FMLJavaModLanguageProvider/LOADING]: Loading FMLModContainer from classloader cpw.mods.modlauncher.TransformingClassLoader@3eed0f5 - got cpw.mods.modlauncher.TransformingClassLoader@3eed0f5
2021-03-21T18:11:57.738+0100 [QUIET] [system.out] [18:11:57] [main/DEBUG] [ne.mi.fm.ja.FMLModContainer/LOADING]: Creating FMLModContainer instance for tk.tvshome.testmod.testmod with classLoader cpw.mods.modlauncher.TransformingClassLoader@3eed0f5 & cpw.mods.modlauncher.TransformingClassLoader@3eed0f5
2021-03-21T18:11:57.956+0100 [QUIET] [system.out] [18:11:57] [modloading-worker-11/DEBUG] [ne.mi.ve.fo.ForgeVersion/CORE]: Forge Version package package net.minecraftforge.versions.forge, Forge, version 36.1 from cpw.mods.modlauncher.TransformingClassLoader@3eed0f5
2021-03-21T18:11:57.957+0100 [QUIET] [system.out] [18:11:57] [modloading-worker-11/DEBUG] [ne.mi.ve.fo.ForgeVersion/CORE]: Found Forge version 36.1.0
2021-03-21T18:11:57.957+0100 [QUIET] [system.out] [18:11:57] [modloading-worker-11/DEBUG] [ne.mi.ve.fo.ForgeVersion/CORE]: Found Forge spec 36.1
2021-03-21T18:11:57.957+0100 [QUIET] [system.out] [18:11:57] [modloading-worker-11/DEBUG] [ne.mi.ve.fo.ForgeVersion/CORE]: Found Forge group net.minecraftforge
2021-03-21T18:11:58.011+0100 [QUIET] [system.out] [18:11:58] [modloading-worker-11/DEBUG] [ne.mi.ve.mc.MCPVersion/CORE]: Found MC version information 1.16.5
2021-03-21T18:11:58.011+0100 [QUIET] [system.out] [18:11:58] [modloading-worker-11/DEBUG] [ne.mi.ve.mc.MCPVersion/CORE]: Found MCP version information 20210115.111550
2021-03-21T18:11:58.011+0100 [QUIET] [system.out] [18:11:58] [modloading-worker-11/INFO] [ne.mi.co.ForgeMod/FORGEMOD]: Forge mod loading, version 36.1.0, for MC 1.16.5 with MCP 20210115.111550
2021-03-21T18:11:58.011+0100 [QUIET] [system.out] [18:11:58] [modloading-worker-11/INFO] [ne.mi.co.MinecraftForge/FORGE]: MinecraftForge v36.1.0 Initialized
2021-03-21T18:11:58.206+0100 [QUIET] [system.out] [18:11:58] [modloading-worker-11/DEBUG] [ne.mi.fm.co.ConfigTracker/CONFIG]: Config file forge-client.toml for forge tracking
2021-03-21T18:11:58.217+0100 [QUIET] [system.out] [18:11:58] [modloading-worker-11/DEBUG] [ne.mi.fm.co.ConfigTracker/CONFIG]: Config file forge-server.toml for forge tracking
2021-03-21T18:11:58.218+0100 [QUIET] [system.out] [18:11:58] [modloading-worker-11/DEBUG] [ne.mi.fm.co.ConfigTracker/CONFIG]: Config file forge-common.toml for forge tracking
2021-03-21T18:11:58.261+0100 [QUIET] [system.out] [18:11:58] [modloading-worker-2/DEBUG] [ne.mi.fm.AutomaticEventSubscriber/LOADING]: Attempting to inject @EventBusSubscriber classes into the eventbus for testmod
2021-03-21T18:11:58.285+0100 [QUIET] [system.out] [18:11:58] [modloading-worker-11/DEBUG] [ne.mi.fm.AutomaticEventSubscriber/LOADING]: Attempting to inject @EventBusSubscriber classes into the eventbus for forge
2021-03-21T18:11:58.292+0100 [QUIET] [system.out] [18:11:58] [modloading-worker-11/DEBUG] [ne.mi.fm.AutomaticEventSubscriber/LOADING]: Auto-subscribing net.minecraftforge.client.model.ModelDataManager to FORGE
2021-03-21T18:11:58.300+0100 [QUIET] [system.out] [18:11:58] [modloading-worker-2/DEBUG] [ne.mi.fm.AutomaticEventSubscriber/LOADING]: Auto-subscribing tk.tvshome.testmod.data.DataGenerators to MOD
2021-03-21T18:11:58.303+0100 [QUIET] [system.out] [18:11:58] [modloading-worker-2/DEBUG] [ne.mi.fm.AutomaticEventSubscriber/LOADING]: Auto-subscribing tk.tvshome.testmod.testmod$RegistryEvents to MOD
2021-03-21T18:11:58.384+0100 [QUIET] [system.out] [18:11:58] [main/DEBUG] [ne.mi.re.ObjectHolderRegistry/REGISTRIES]: Processing ObjectHolder annotations
2021-03-21T18:11:58.451+0100 [QUIET] [system.out] [18:11:58] [main/DEBUG] [ne.mi.re.ObjectHolderRegistry/REGISTRIES]: Found 2881 ObjectHolder annotations
2021-03-21T18:11:58.471+0100 [QUIET] [system.out] [18:11:58] [main/DEBUG] [ne.mi.re.GameData/REGISTRIES]: Registering custom tag type for: minecraft:potion
2021-03-21T18:11:58.471+0100 [QUIET] [system.out] [18:11:58] [main/DEBUG] [ne.mi.re.GameData/REGISTRIES]: Registering custom tag type for: minecraft:enchantment
2021-03-21T18:11:58.471+0100 [QUIET] [system.out] [18:11:58] [main/DEBUG] [ne.mi.re.GameData/REGISTRIES]: Registering custom tag type for: minecraft:block_entity_type
2021-03-21T18:11:58.657+0100 [QUIET] [system.out] [18:11:58] [main/INFO] [tk.tv.te.testmod/]: HELLO from Register Block
2021-03-21T18:11:58.659+0100 [QUIET] [system.out] [18:11:58] [main/DEBUG] [ne.mi.re.GameData/REGISTRIES]: Applying holder lookups: minecraft:block
2021-03-21T18:11:58.664+0100 [QUIET] [system.out] [18:11:58] [main/DEBUG] [ne.mi.re.GameData/REGISTRIES]: Holder lookups applied: minecraft:block
2021-03-21T18:11:58.666+0100 [QUIET] [system.out] [18:11:58] [main/DEBUG] [ne.mi.re.GameData/REGISTRIES]: Applying holder lookups: minecraft:item
2021-03-21T18:11:58.682+0100 [QUIET] [system.out] [18:11:58] [main/DEBUG] [ne.mi.re.GameData/REGISTRIES]: Holder lookups applied: minecraft:item
2021-03-21T18:11:58.686+0100 [QUIET] [system.out] [18:11:58] [main/DEBUG] [ne.mi.re.GameData/REGISTRIES]: Applying holder lookups: forge:loot_modifier_serializers
2021-03-21T18:11:58.697+0100 [QUIET] [system.out] [18:11:58] [main/DEBUG] [ne.mi.re.GameData/REGISTRIES]: Holder lookups applied: forge:loot_modifier_serializers
2021-03-21T18:11:58.697+0100 [QUIET] [system.out] [18:11:58] [main/DEBUG] [ne.mi.re.GameData/REGISTRIES]: Applying holder lookups: forge:world_types
2021-03-21T18:11:58.699+0100 [QUIET] [system.out] [18:11:58] [main/DEBUG] [ne.mi.re.GameData/REGISTRIES]: Holder lookups applied: forge:world_types
2021-03-21T18:11:58.700+0100 [QUIET] [system.out] [18:11:58] [main/DEBUG] [ne.mi.re.GameData/REGISTRIES]: Applying holder lookups: minecraft:activity
2021-03-21T18:11:58.701+0100 [QUIET] [system.out] [18:11:58] [main/DEBUG] [ne.mi.re.GameData/REGISTRIES]: Holder lookups applied: minecraft:activity
2021-03-21T18:11:58.704+0100 [QUIET] [system.out] [18:11:58] [main/DEBUG] [ne.mi.re.GameData/REGISTRIES]: Applying holder lookups: minecraft:attribute
2021-03-21T18:11:58.706+0100 [QUIET] [system.out] [18:11:58] [main/DEBUG] [ne.mi.re.GameData/REGISTRIES]: Holder lookups applied: minecraft:attribute
2021-03-21T18:11:58.707+0100 [QUIET] [system.out] [18:11:58] [main/DEBUG] [ne.mi.re.GameData/REGISTRIES]: Applying holder lookups: minecraft:block_entity_type
2021-03-21T18:11:58.708+0100 [QUIET] [system.out] [18:11:58] [main/DEBUG] [ne.mi.re.GameData/REGISTRIES]: Holder lookups applied: minecraft:block_entity_type
2021-03-21T18:11:58.708+0100 [QUIET] [system.out] [18:11:58] [main/DEBUG] [ne.mi.re.GameData/REGISTRIES]: Applying holder lookups: minecraft:chunk_status
2021-03-21T18:11:58.709+0100 [QUIET] [system.out] [18:11:58] [main/DEBUG] [ne.mi.re.GameData/REGISTRIES]: Holder lookups applied: minecraft:chunk_status
2021-03-21T18:11:58.709+0100 [QUIET] [system.out] [18:11:58] [main/DEBUG] [ne.mi.re.GameData/REGISTRIES]: Applying holder lookups: minecraft:data_serializers
2021-03-21T18:11:58.710+0100 [QUIET] [system.out] [18:11:58] [main/DEBUG] [ne.mi.re.GameData/REGISTRIES]: Holder lookups applied: minecraft:data_serializers
2021-03-21T18:11:58.710+0100 [QUIET] [system.out] [18:11:58] [main/DEBUG] [ne.mi.re.GameData/REGISTRIES]: Applying holder lookups: minecraft:enchantment
2021-03-21T18:11:58.712+0100 [QUIET] [system.out] [18:11:58] [main/DEBUG] [ne.mi.re.GameData/REGISTRIES]: Holder lookups applied: minecraft:enchantment
2021-03-21T18:11:58.712+0100 [QUIET] [system.out] [18:11:58] [main/DEBUG] [ne.mi.re.GameData/REGISTRIES]: Applying holder lookups: minecraft:entity_type
2021-03-21T18:11:58.713+0100 [QUIET] [system.out] [18:11:58] [main/DEBUG] [ne.mi.re.GameData/REGISTRIES]: Holder lookups applied: minecraft:entity_type
2021-03-21T18:11:58.713+0100 [QUIET] [system.out] [18:11:58] [main/DEBUG] [ne.mi.re.GameData/REGISTRIES]: Applying holder lookups: minecraft:fluid
2021-03-21T18:11:58.714+0100 [QUIET] [system.out] [18:11:58] [main/DEBUG] [ne.mi.re.GameData/REGISTRIES]: Holder lookups applied: minecraft:fluid
2021-03-21T18:11:58.715+0100 [QUIET] [system.out] [18:11:58] [main/DEBUG] [ne.mi.re.GameData/REGISTRIES]: Applying holder lookups: minecraft:memory_module_type
2021-03-21T18:11:58.715+0100 [QUIET] [system.out] [18:11:58] [main/DEBUG] [ne.mi.re.GameData/REGISTRIES]: Holder lookups applied: minecraft:memory_module_type
2021-03-21T18:11:58.716+0100 [QUIET] [system.out] [18:11:58] [main/DEBUG] [ne.mi.re.GameData/REGISTRIES]: Applying holder lookups: minecraft:menu
2021-03-21T18:11:58.717+0100 [QUIET] [system.out] [18:11:58] [main/DEBUG] [ne.mi.re.GameData/REGISTRIES]: Holder lookups applied: minecraft:menu
2021-03-21T18:11:58.717+0100 [QUIET] [system.out] [18:11:58] [main/DEBUG] [ne.mi.re.GameData/REGISTRIES]: Applying holder lookups: minecraft:mob_effect
2021-03-21T18:11:58.883+0100 [QUIET] [system.out] [18:11:58] [main/DEBUG] [ne.mi.re.GameData/REGISTRIES]: Holder lookups applied: minecraft:mob_effect
2021-03-21T18:11:58.885+0100 [QUIET] [system.out] [18:11:58] [main/DEBUG] [ne.mi.re.GameData/REGISTRIES]: Applying holder lookups: minecraft:motive
2021-03-21T18:11:58.886+0100 [QUIET] [system.out] [18:11:58] [main/DEBUG] [ne.mi.re.GameData/REGISTRIES]: Holder lookups applied: minecraft:motive
2021-03-21T18:11:58.887+0100 [QUIET] [system.out] [18:11:58] [main/DEBUG] [ne.mi.re.GameData/REGISTRIES]: Applying holder lookups: minecraft:particle_type
2021-03-21T18:11:58.890+0100 [QUIET] [system.out] [18:11:58] [main/DEBUG] [ne.mi.re.GameData/REGISTRIES]: Holder lookups applied: minecraft:particle_type
2021-03-21T18:11:58.891+0100 [QUIET] [system.out] [18:11:58] [main/DEBUG] [ne.mi.re.GameData/REGISTRIES]: Applying holder lookups: minecraft:point_of_interest_type
2021-03-21T18:11:58.893+0100 [QUIET] [system.out] [18:11:58] [main/DEBUG] [ne.mi.re.GameData/REGISTRIES]: Holder lookups applied: minecraft:point_of_interest_type
2021-03-21T18:11:58.894+0100 [QUIET] [system.out] [18:11:58] [main/DEBUG] [ne.mi.re.GameData/REGISTRIES]: Applying holder lookups: minecraft:potion
2021-03-21T18:11:58.896+0100 [QUIET] [system.out] [18:11:58] [main/DEBUG] [ne.mi.re.GameData/REGISTRIES]: Holder lookups applied: minecraft:potion
2021-03-21T18:11:58.925+0100 [QUIET] [system.out] [18:11:58] [main/DEBUG] [ne.mi.re.GameData/REGISTRIES]: Applying holder lookups: minecraft:recipe_serializer
2021-03-21T18:11:58.926+0100 [QUIET] [system.out] [18:11:58] [main/DEBUG] [ne.mi.re.GameData/REGISTRIES]: Holder lookups applied: minecraft:recipe_serializer
2021-03-21T18:11:58.926+0100 [QUIET] [system.out] [18:11:58] [main/DEBUG] [ne.mi.re.GameData/REGISTRIES]: Applying holder lookups: minecraft:schedule
2021-03-21T18:11:58.927+0100 [QUIET] [system.out] [18:11:58] [main/DEBUG] [ne.mi.re.GameData/REGISTRIES]: Holder lookups applied: minecraft:schedule
2021-03-21T18:11:58.928+0100 [QUIET] [system.out] [18:11:58] [main/DEBUG] [ne.mi.re.GameData/REGISTRIES]: Applying holder lookups: minecraft:sensor_type
2021-03-21T18:11:58.929+0100 [QUIET] [system.out] [18:11:58] [main/DEBUG] [ne.mi.re.GameData/REGISTRIES]: Holder lookups applied: minecraft:sensor_type
2021-03-21T18:11:58.929+0100 [QUIET] [system.out] [18:11:58] [main/DEBUG] [ne.mi.re.GameData/REGISTRIES]: Applying holder lookups: minecraft:sound_event
2021-03-21T18:11:58.937+0100 [QUIET] [system.out] [18:11:58] [main/DEBUG] [ne.mi.re.GameData/REGISTRIES]: Holder lookups applied: minecraft:sound_event
2021-03-21T18:11:58.937+0100 [QUIET] [system.out] [18:11:58] [main/DEBUG] [ne.mi.re.GameData/REGISTRIES]: Applying holder lookups: minecraft:stat_type
2021-03-21T18:11:58.938+0100 [QUIET] [system.out] [18:11:58] [main/DEBUG] [ne.mi.re.GameData/REGISTRIES]: Holder lookups applied: minecraft:stat_type
2021-03-21T18:11:59.021+0100 [QUIET] [system.out] [18:11:59] [main/DEBUG] [ne.mi.re.GameData/REGISTRIES]: Applying holder lookups: minecraft:villager_profession
2021-03-21T18:11:59.023+0100 [QUIET] [system.out] [18:11:59] [main/DEBUG] [ne.mi.re.GameData/REGISTRIES]: Holder lookups applied: minecraft:villager_profession
2021-03-21T18:11:59.024+0100 [QUIET] [system.out] [18:11:59] [main/DEBUG] [ne.mi.re.GameData/REGISTRIES]: Applying holder lookups: minecraft:worldgen/biome
2021-03-21T18:11:59.025+0100 [QUIET] [system.out] [18:11:59] [main/DEBUG] [ne.mi.re.GameData/REGISTRIES]: Holder lookups applied: minecraft:worldgen/biome
2021-03-21T18:11:59.025+0100 [QUIET] [system.out] [18:11:59] [main/DEBUG] [ne.mi.re.GameData/REGISTRIES]: Applying holder lookups: minecraft:worldgen/block_placer_type
2021-03-21T18:11:59.026+0100 [QUIET] [system.out] [18:11:59] [main/DEBUG] [ne.mi.re.GameData/REGISTRIES]: Holder lookups applied: minecraft:worldgen/block_placer_type
2021-03-21T18:11:59.026+0100 [QUIET] [system.out] [18:11:59] [main/DEBUG] [ne.mi.re.GameData/REGISTRIES]: Applying holder lookups: minecraft:worldgen/block_state_provider_type
2021-03-21T18:11:59.026+0100 [QUIET] [system.out] [18:11:59] [main/DEBUG] [ne.mi.re.GameData/REGISTRIES]: Holder lookups applied: minecraft:worldgen/block_state_provider_type
2021-03-21T18:11:59.026+0100 [QUIET] [system.out] [18:11:59] [main/DEBUG] [ne.mi.re.GameData/REGISTRIES]: Applying holder lookups: minecraft:worldgen/carver
2021-03-21T18:11:59.026+0100 [QUIET] [system.out] [18:11:59] [main/DEBUG] [ne.mi.re.GameData/REGISTRIES]: Holder lookups applied: minecraft:worldgen/carver
2021-03-21T18:11:59.027+0100 [QUIET] [system.out] [18:11:59] [main/DEBUG] [ne.mi.re.GameData/REGISTRIES]: Applying holder lookups: minecraft:worldgen/decorator
2021-03-21T18:11:59.027+0100 [QUIET] [system.out] [18:11:59] [main/DEBUG] [ne.mi.re.GameData/REGISTRIES]: Holder lookups applied: minecraft:worldgen/decorator
2021-03-21T18:11:59.027+0100 [QUIET] [system.out] [18:11:59] [main/DEBUG] [ne.mi.re.GameData/REGISTRIES]: Applying holder lookups: minecraft:worldgen/feature
2021-03-21T18:11:59.027+0100 [QUIET] [system.out] [18:11:59] [main/DEBUG] [ne.mi.re.GameData/REGISTRIES]: Holder lookups applied: minecraft:worldgen/feature
2021-03-21T18:11:59.027+0100 [QUIET] [system.out] [18:11:59] [main/DEBUG] [ne.mi.re.GameData/REGISTRIES]: Applying holder lookups: minecraft:worldgen/foliage_placer_type
2021-03-21T18:11:59.027+0100 [QUIET] [system.out] [18:11:59] [main/DEBUG] [ne.mi.re.GameData/REGISTRIES]: Holder lookups applied: minecraft:worldgen/foliage_placer_type
2021-03-21T18:11:59.027+0100 [QUIET] [system.out] [18:11:59] [main/DEBUG] [ne.mi.re.GameData/REGISTRIES]: Applying holder lookups: minecraft:worldgen/structure_feature
2021-03-21T18:11:59.037+0100 [QUIET] [system.out] [18:11:59] [main/DEBUG] [ne.mi.re.GameData/REGISTRIES]: Holder lookups applied: minecraft:worldgen/structure_feature
2021-03-21T18:11:59.038+0100 [QUIET] [system.out] [18:11:59] [main/DEBUG] [ne.mi.re.GameData/REGISTRIES]: Applying holder lookups: minecraft:worldgen/surface_builder
2021-03-21T18:11:59.040+0100 [QUIET] [system.out] [18:11:59] [main/DEBUG] [ne.mi.re.GameData/REGISTRIES]: Holder lookups applied: minecraft:worldgen/surface_builder
2021-03-21T18:11:59.041+0100 [QUIET] [system.out] [18:11:59] [main/DEBUG] [ne.mi.re.GameData/REGISTRIES]: Applying holder lookups: minecraft:worldgen/tree_decorator_type
2021-03-21T18:11:59.041+0100 [QUIET] [system.out] [18:11:59] [main/DEBUG] [ne.mi.re.GameData/REGISTRIES]: Holder lookups applied: minecraft:worldgen/tree_decorator_type
2021-03-21T18:11:59.490+0100 [QUIET] [system.out] [18:11:59] [main/INFO] [minecraft/DataGenerator]: All providers took: 0 ms
2021-03-21T18:12:04.037+0100 [LIFECYCLE] [org.gradle.cache.internal.DefaultFileLockManager] 
2021-03-21T18:12:04.037+0100 [DEBUG] [org.gradle.cache.internal.DefaultFileLockManager] Waiting to acquire shared lock on daemon addresses registry.
2021-03-21T18:12:04.038+0100 [DEBUG] [org.gradle.cache.internal.DefaultFileLockManager] Lock acquired on daemon addresses registry.
2021-03-21T18:12:04.038+0100 [DEBUG] [org.gradle.cache.internal.DefaultFileLockManager] Releasing lock on daemon addresses registry.
2021-03-21T18:12:04.040+0100 [DEBUG] [org.gradle.cache.internal.DefaultFileLockManager] Waiting to acquire shared lock on daemon addresses registry.
2021-03-21T18:12:04.040+0100 [DEBUG] [org.gradle.cache.internal.DefaultFileLockManager] Lock acquired on daemon addresses registry.
2021-03-21T18:12:04.041+0100 [DEBUG] [org.gradle.cache.internal.DefaultFileLockManager] Releasing lock on daemon addresses registry.
2021-03-21T18:12:10.097+0100 [DEBUG] [org.gradle.internal.operations.DefaultBuildOperationRunner] Completing Build operation 'Execute exec for :runData'
2021-03-21T18:12:10.097+0100 [DEBUG] [org.gradle.internal.operations.DefaultBuildOperationRunner] Build operation 'Execute doLast {} action for :runData' started
2021-03-21T18:12:10.098+0100 [DEBUG] [org.gradle.launcher.daemon.registry.PersistentDaemonRegistry] Removing daemon address: [f9c31922-d98c-4665-9d2e-b3d6e69f611f port:60411, addresses:[localhost/127.0.0.1]]
2021-03-21T18:12:10.099+0100 [DEBUG] [org.gradle.cache.internal.DefaultFileLockManager] Waiting to acquire exclusive lock on daemon addresses registry.
2021-03-21T18:12:10.100+0100 [DEBUG] [org.gradle.cache.internal.DefaultFileLockManager] Lock acquired on daemon addresses registry.
2021-03-21T18:12:10.101+0100 [DEBUG] [org.gradle.cache.internal.DefaultFileLockManager] Releasing lock on daemon addresses registry.
2021-03-21T18:11:59.404+0100 [LIFECYCLE] [class org.gradle.internal.buildevents.TaskExecutionLogger] 
2021-03-21T18:11:59.404+0100 [LIFECYCLE] [class org.gradle.internal.buildevents.TaskExecutionLogger] > Task :runData
2021-03-21T18:12:10.096+0100 [DEBUG] [org.gradle.process.internal.DefaultExecHandle] Changing state to: SUCCEEDED
2021-03-21T18:12:10.096+0100 [DEBUG] [org.gradle.process.internal.DefaultExecHandle] Process 'command 'C:\Program Files\Java\jdk1.8.0_281\bin\java.exe'' finished with exit value 0 (state: SUCCEEDED)
2021-03-21T18:12:10.097+0100 [DEBUG] [org.gradle.internal.operations.DefaultBuildOperationRunner] Build operation 'Execute exec for :runData' completed
2021-03-21T18:12:10.439+0100 [LIFECYCLE] [org.gradle.internal.remote.internal.inet.SocketConnection] 
2021-03-21T18:12:10.439+0100 [DEBUG] [org.gradle.internal.remote.internal.inet.SocketConnection] Discarding EOFException: java.io.EOFException
2021-03-21T18:12:10.474+0100 [DEBUG] [org.gradle.launcher.daemon.client.DaemonClientInputForwarder] Dispatching close input message: org.gradle.launcher.daemon.protocol.CloseInput@3e98447d
2021-03-21T18:12:10.474+0100 [DEBUG] [org.gradle.launcher.daemon.client.DaemonClientConnection] thread 19: dispatching class org.gradle.launcher.daemon.protocol.CloseInput
2021-03-21T18:12:10.475+0100 [DEBUG] [org.gradle.launcher.daemon.client.DaemonClientConnection] Problem dispatching message to the daemon. Performing 'on failure' operation...
2021-03-21T18:12:10.475+0100 [LIFECYCLE] [org.gradle.launcher.cli.DebugLoggerWarningAction] 
#############################################################################
   WARNING WARNING WARNING WARNING WARNING WARNING WARNING WARNING WARNING

   Debug level logging will leak security sensitive information!

   https://docs.gradle.org/6.8.1/userguide/logging.html#sec:debug_security
#############################################################################
2021-03-21T18:12:10.439+0100 [ERROR] [org.gradle.launcher.daemon.client.DaemonClient] The message received from the daemon indicates that the daemon h
as disappeared.
Build request sent: Build{id=84021f30-551e-4f0b-8267-d6b7b4368f3c, currentDir=D:\troy\Downloads\forge-1.16.5-36.1.0-mdk}
Attempting to read last messages from the daemon log...
2021-03-21T18:12:10.466+0100 [ERROR] [org.gradle.launcher.daemon.client.DaemonClient] Daemon pid: 10300
  log file: C:\Users\troyvs\.gradle\daemon\6.8.1\daemon-10300.out.log
----- Last  20 lines from daemon log file - daemon-10300.out.log -----
2021-03-21T18:11:59.040+0100 [QUIET] [system.out] [18:11:59] [main/DEBUG] [ne.mi.re.GameData/REGISTRIES]: Holder lookups applied: minecraft:worldgen/s
urface_builder
2021-03-21T18:11:59.041+0100 [QUIET] [system.out] [18:11:59] [main/DEBUG] [ne.mi.re.GameData/REGISTRIES]: Applying holder lookups: minecraft:worldgen/
tree_decorator_type
2021-03-21T18:11:59.041+0100 [QUIET] [system.out] [18:11:59] [main/DEBUG] [ne.mi.re.GameData/REGISTRIES]: Holder lookups applied: minecraft:worldgen/t
ree_decorator_type
2021-03-21T18:11:59.490+0100 [QUIET] [system.out] [18:11:59] [main/INFO] [minecraft/DataGenerator]: All providers took: 0 ms
2021-03-21T18:12:04.037+0100 [DEBUG] [org.gradle.cache.internal.DefaultFileLockManager] Waiting to acquire shared lock on daemon addresses registry.
2021-03-21T18:12:04.038+0100 [DEBUG] [org.gradle.cache.internal.DefaultFileLockManager] Lock acquired on daemon addresses registry.
2021-03-21T18:12:04.038+0100 [DEBUG] [org.gradle.cache.internal.DefaultFileLockManager] Releasing lock on daemon addresses registry.
2021-03-21T18:12:04.040+0100 [DEBUG] [org.gradle.cache.internal.DefaultFileLockManager] Waiting to acquire shared lock on daemon addresses registry.
2021-03-21T18:12:04.040+0100 [DEBUG] [org.gradle.cache.internal.DefaultFileLockManager] Lock acquired on daemon addresses registry.
2021-03-21T18:12:04.041+0100 [DEBUG] [org.gradle.cache.internal.DefaultFileLockManager] Releasing lock on daemon addresses registry.
2021-03-21T18:12:10.096+0100 [DEBUG] [org.gradle.process.internal.DefaultExecHandle] Changing state to: SUCCEEDED
2021-03-21T18:12:10.096+0100 [DEBUG] [org.gradle.process.internal.DefaultExecHandle] Process 'command 'C:\Program Files\Java\jdk1.8.0_281\bin\java.exe
'' finished with exit value 0 (state: SUCCEEDED)
2021-03-21T18:12:10.097+0100 [DEBUG] [org.gradle.internal.operations.DefaultBuildOperationRunner] Completing Build operation 'Execute exec for :runDat
a'
2021-03-21T18:12:10.097+0100 [DEBUG] [org.gradle.internal.operations.DefaultBuildOperationRunner] Build operation 'Execute exec for :runData' complete
d
2021-03-21T18:12:10.097+0100 [DEBUG] [org.gradle.internal.operations.DefaultBuildOperationRunner] Build operation 'Execute doLast {} action for :runDa
ta' started
2021-03-21T18:12:10.098+0100 [DEBUG] [org.gradle.launcher.daemon.registry.PersistentDaemonRegistry] Removing daemon address: [f9c31922-d98c-4665-9d2e-
b3d6e69f611f port:60411, addresses:[localhost/127.0.0.1]]
Daemon vm is shutting down... The daemon has exited normally or was terminated in response to a user interrupt.
2021-03-21T18:12:10.099+0100 [DEBUG] [org.gradle.cache.internal.DefaultFileLockManager] Waiting to acquire exclusive lock on daemon addresses registry
.
2021-03-21T18:12:10.100+0100 [DEBUG] [org.gradle.cache.internal.DefaultFileLockManager] Lock acquired on daemon addresses registry.
2021-03-21T18:12:10.101+0100 [DEBUG] [org.gradle.cache.internal.DefaultFileLockManager] Releasing lock on daemon addresses registry.
----- End of the daemon log -----

2021-03-21T18:12:10.492+0100 [ERROR] [org.gradle.internal.buildevents.BuildExceptionReporter]
2021-03-21T18:12:10.493+0100 [ERROR] [org.gradle.internal.buildevents.BuildExceptionReporter] FAILURE: Build failed with an exception.
2021-03-21T18:12:10.493+0100 [ERROR] [org.gradle.internal.buildevents.BuildExceptionReporter]
2021-03-21T18:12:10.493+0100 [ERROR] [org.gradle.internal.buildevents.BuildExceptionReporter] * What went wrong:
2021-03-21T18:12:10.493+0100 [ERROR] [org.gradle.internal.buildevents.BuildExceptionReporter] Could not dispatch a message to the daemon.
2021-03-21T18:12:10.493+0100 [ERROR] [org.gradle.internal.buildevents.BuildExceptionReporter]
2021-03-21T18:12:10.493+0100 [ERROR] [org.gradle.internal.buildevents.BuildExceptionReporter] * Try:
2021-03-21T18:12:10.493+0100 [ERROR] [org.gradle.internal.buildevents.BuildExceptionReporter]  Run with --scan to get full insights.
2021-03-21T18:12:10.493+0100 [ERROR] [org.gradle.internal.buildevents.BuildExceptionReporter]
2021-03-21T18:12:10.493+0100 [ERROR] [org.gradle.internal.buildevents.BuildExceptionReporter] * Exception is:
2021-03-21T18:12:10.494+0100 [ERROR] [org.gradle.internal.buildevents.BuildExceptionReporter] org.gradle.launcher.daemon.client.DaemonConnectionExcept
ion: Could not dispatch a message to the daemon.
2021-03-21T18:12:10.494+0100 [ERROR] [org.gradle.internal.buildevents.BuildExceptionReporter]   at org.gradle.launcher.daemon.client.DaemonClientConne
ction.dispatch(DaemonClientConnection.java:69)
2021-03-21T18:12:10.494+0100 [ERROR] [org.gradle.internal.buildevents.BuildExceptionReporter]   at org.gradle.launcher.daemon.client.DaemonClientConne
ction.dispatch(DaemonClientConnection.java:35)
2021-03-21T18:12:10.494+0100 [ERROR] [org.gradle.internal.buildevents.BuildExceptionReporter]   at org.gradle.launcher.daemon.client.DaemonClientInput
Forwarder$ForwardTextStreamToConnection.endOfStream(DaemonClientInputForwarder.java:81)
2021-03-21T18:12:10.494+0100 [ERROR] [org.gradle.internal.buildevents.BuildExceptionReporter]   at org.gradle.launcher.daemon.client.InputForwarder$1.
run(InputForwarder.java:96)
2021-03-21T18:12:10.494+0100 [ERROR] [org.gradle.internal.buildevents.BuildExceptionReporter]   at org.gradle.internal.concurrent.ExecutorPolicy$Catch
AndRecordFailures.onExecute(ExecutorPolicy.java:64)
2021-03-21T18:12:10.494+0100 [ERROR] [org.gradle.internal.buildevents.BuildExceptionReporter]   at org.gradle.internal.concurrent.ManagedExecutorImpl$
1.run(ManagedExecutorImpl.java:48)
2021-03-21T18:12:10.494+0100 [ERROR] [org.gradle.internal.buildevents.BuildExceptionReporter]   at java.util.concurrent.ThreadPoolExecutor.runWorker(T
hreadPoolExecutor.java:1149)
2021-03-21T18:12:10.494+0100 [ERROR] [org.gradle.internal.buildevents.BuildExceptionReporter]   at java.util.concurrent.ThreadPoolExecutor$Worker.run(
ThreadPoolExecutor.java:624)
2021-03-21T18:12:10.494+0100 [ERROR] [org.gradle.internal.buildevents.BuildExceptionReporter]   at org.gradle.internal.concurrent.ThreadFactoryImpl$Ma
nagedThreadRunnable.run(ThreadFactoryImpl.java:56)
2021-03-21T18:12:10.494+0100 [ERROR] [org.gradle.internal.buildevents.BuildExceptionReporter]   at java.lang.Thread.run(Thread.java:748)
2021-03-21T18:12:10.494+0100 [ERROR] [org.gradle.internal.buildevents.BuildExceptionReporter] Caused by: org.gradle.internal.remote.internal.MessageIO
Exception: Could not write '/127.0.0.1:60411'.
2021-03-21T18:12:10.494+0100 [ERROR] [org.gradle.internal.buildevents.BuildExceptionReporter]   at org.gradle.internal.remote.internal.inet.SocketConn
ection.flush(SocketConnection.java:140)
2021-03-21T18:12:10.494+0100 [ERROR] [org.gradle.internal.buildevents.BuildExceptionReporter]   at org.gradle.launcher.daemon.client.DaemonClientConne
ction.dispatch(DaemonClientConnection.java:60)
2021-03-21T18:12:10.494+0100 [ERROR] [org.gradle.internal.buildevents.BuildExceptionReporter]   ... 9 more
2021-03-21T18:12:10.494+0100 [ERROR] [org.gradle.internal.buildevents.BuildExceptionReporter] Caused by: java.io.IOException: An existing connection w
as forcibly closed by the remote host
2021-03-21T18:12:10.494+0100 [ERROR] [org.gradle.internal.buildevents.BuildExceptionReporter]   at sun.nio.ch.SocketDispatcher.write0(Native Method)
2021-03-21T18:12:10.494+0100 [ERROR] [org.gradle.internal.buildevents.BuildExceptionReporter]   at sun.nio.ch.SocketDispatcher.write(SocketDispatcher.
java:51)
2021-03-21T18:12:10.494+0100 [ERROR] [org.gradle.internal.buildevents.BuildExceptionReporter]   at sun.nio.ch.IOUtil.writeFromNativeBuffer(IOUtil.java
:93)
2021-03-21T18:12:10.494+0100 [ERROR] [org.gradle.internal.buildevents.BuildExceptionReporter]   at sun.nio.ch.IOUtil.write(IOUtil.java:51)
2021-03-21T18:12:10.494+0100 [ERROR] [org.gradle.internal.buildevents.BuildExceptionReporter]   at sun.nio.ch.SocketChannelImpl.write(SocketChannelImp
l.java:469)
2021-03-21T18:12:10.494+0100 [ERROR] [org.gradle.internal.buildevents.BuildExceptionReporter]   at org.gradle.internal.remote.internal.inet.SocketConn
ection$SocketOutputStream.writeWithNonBlockingRetry(SocketConnection.java:279)
2021-03-21T18:12:10.494+0100 [ERROR] [org.gradle.internal.buildevents.BuildExceptionReporter]   at org.gradle.internal.remote.internal.inet.SocketConn
ection$SocketOutputStream.writeBufferToChannel(SocketConnection.java:267)
2021-03-21T18:12:10.494+0100 [ERROR] [org.gradle.internal.buildevents.BuildExceptionReporter]   at org.gradle.internal.remote.internal.inet.SocketConn
ection$SocketOutputStream.flush(SocketConnection.java:261)
2021-03-21T18:12:10.494+0100 [ERROR] [org.gradle.internal.buildevents.BuildExceptionReporter]   at org.gradle.internal.remote.internal.inet.SocketConn
ection.flush(SocketConnection.java:138)
2021-03-21T18:12:10.494+0100 [ERROR] [org.gradle.internal.buildevents.BuildExceptionReporter]   ... 10 more
2021-03-21T18:12:10.494+0100 [ERROR] [org.gradle.internal.buildevents.BuildExceptionReporter]
2021-03-21T18:12:10.494+0100 [ERROR] [org.gradle.internal.buildevents.BuildExceptionReporter]
2021-03-21T18:12:10.494+0100 [ERROR] [org.gradle.internal.buildevents.BuildExceptionReporter] * Get more help at https://help.gradle.org



